
> my-v0-project@0.1.0 build
> next build && npm run copy-htaccess

  Γû▓ Next.js 14.2.16
  - Environments: .env.local
  - Experiments (use with caution):
    ┬╖ missingSuspenseWithCSRBailout

   Creating an optimized production build ...
node.exe :  ΓÜá 
Compiled with warnings
At C:\Program Files\no
dejs\npm.ps1:29 char:3
+   & $NODE_EXE 
$NPM_CLI_JS $args
+   ~~~~~~~~~~~~~~~~~~
~~~~~~~~~~~
    + CategoryInfo    
          : NotSpeci  
  fied: ( ΓÜá Compi   
 led with warnings    
:String) [], Remo    
teException
    + FullyQualifiedE 
   rrorId : NativeCo  
  mmandError
 

./node_modules/next/di
st/build/deployment-id
.js
There are multiple 
modules with names 
that only differ in 
casing.
This can lead to 
unexpected behavior 
when compiling on a 
filesystem with other 
case-semantic.
Use equal casing. 
Compare these module 
identifiers:
* C:\Users\pnp\Desktop
\depliying rapidnextec
h\WarpRapid\node_modul
es\next\dist\build\dep
loyment-id.js
    Used by 1 
module(s), i. e.
    C:\Users\pnp\Deskt
op\depliying rapidnext
ech\WarpRapid\node_mod
ules\next\dist\build\w
ebpack\loaders\next-sw
c-loader.js??ruleSet[1
].rules[16].oneOf[7].u
se[0]!C:\Users\pnp\Des
ktop\depliying rapidne
xtech\WarpRapid\node_m
odules\next\dist\clien
t\route-loader.js
* C:\Users\pnp\desktop
\depliying rapidnextec
h\WarpRapid\node_modul
es\next\dist\build\dep
loyment-id.js
    Used by 2 
module(s), i. e.
    C:\Users\pnp\Deskt
op\depliying rapidnext
ech\WarpRapid\node_mod
ules\next\dist\build\w
ebpack\loaders\next-sw
c-loader.js??ruleSet[1
].rules[16].oneOf[7].u
se[0]!C:\Users\pnp\des
ktop\depliying rapidne
xtech\WarpRapid\node_m
odules\next\dist\clien
t\webpack.js

Import trace for 
requested module:
./node_modules/next/di
st/build/deployment-id
.js
./node_modules/next/di
st/client/route-loader
.js
./node_modules/next/di
st/shared/lib/router/r
outer.js

./node_modules/next/di
st/client/add-base-pat
h.js
There are multiple 
modules with names 
that only differ in 
casing.
This can lead to 
unexpected behavior 
when compiling on a 
filesystem with other 
case-semantic.
Use equal casing. 
Compare these module 
identifiers:
* C:\Users\pnp\Desktop
\depliying rapidnextec
h\WarpRapid\node_modul
es\next\dist\build\web
pack\loaders\next-swc-
loader.js??ruleSet[1].
rules[16].oneOf[7].use
[0]!C:\Users\pnp\Deskt
op\depliying rapidnext
ech\WarpRapid\node_mod
ules\next\dist\client\
add-base-path.js
    Used by 2 
module(s), i. e.
    C:\Users\pnp\Deskt
op\depliying rapidnext
ech\WarpRapid\node_mod
ules\next\dist\build\w
ebpack\loaders\next-sw
c-loader.js??ruleSet[1
].rules[16].oneOf[7].u
se[0]!C:\Users\pnp\Des
ktop\depliying rapidne
xtech\WarpRapid\node_m
odules\next\dist\share
d\lib\router\router.js
* C:\Users\pnp\Desktop
\depliying rapidnextec
h\WarpRapid\node_modul
es\next\dist\build\web
pack\loaders\next-swc-
loader.js??ruleSet[1].
rules[16].oneOf[7].use
[0]!C:\Users\pnp\deskt
op\depliying rapidnext
ech\WarpRapid\node_mod
ules\next\dist\client\
add-base-path.js
    Used by 3 
module(s), i. e.
    C:\Users\pnp\Deskt
op\depliying rapidnext
ech\WarpRapid\node_mod
ules\next\dist\build\w
ebpack\loaders\next-sw
c-loader.js??ruleSet[1
].rules[16].oneOf[7].u
se[0]!C:\Users\pnp\des
ktop\depliying rapidne
xtech\WarpRapid\node_m
odules\next\dist\clien
t\page-loader.js

Import trace for 
requested module:
./node_modules/next/di
st/client/add-base-pat
h.js
./node_modules/next/di
st/shared/lib/router/r
outer.js

./node_modules/next/di
st/client/add-locale.j
s
There are multiple 
modules with names 
that only differ in 
casing.
This can lead to 
unexpected behavior 
when compiling on a 
filesystem with other 
case-semantic.
Use equal casing. 
Compare these module 
identifiers:
* C:\Users\pnp\Desktop
\depliying rapidnextec
h\WarpRapid\node_modul
es\next\dist\build\web
pack\loaders\next-swc-
loader.js??ruleSet[1].
rules[16].oneOf[7].use
[0]!C:\Users\pnp\Deskt
op\depliying rapidnext
ech\WarpRapid\node_mod
ules\next\dist\client\
add-locale.js
    Used by 2 
module(s), i. e.
    C:\Users\pnp\Deskt
op\depliying rapidnext
ech\WarpRapid\node_mod
ules\next\dist\build\w
ebpack\loaders\next-sw
c-loader.js??ruleSet[1
].rules[16].oneOf[7].u
se[0]!C:\Users\pnp\Des
ktop\depliying rapidne
xtech\WarpRapid\node_m
odules\next\dist\share
d\lib\router\router.js
* C:\Users\pnp\Desktop
\depliying rapidnextec
h\WarpRapid\node_modul
es\next\dist\build\web
pack\loaders\next-swc-
loader.js??ruleSet[1].
rules[16].oneOf[7].use
[0]!C:\Users\pnp\deskt
op\depliying rapidnext
ech\WarpRapid\node_mod
ules\next\dist\client\
add-locale.js
    Used by 3 
module(s), i. e.
    C:\Users\pnp\Deskt
op\depliying rapidnext
ech\WarpRapid\node_mod
ules\next\dist\build\w
ebpack\loaders\next-sw
c-loader.js??ruleSet[1
].rules[16].oneOf[7].u
se[0]!C:\Users\pnp\des
ktop\depliying rapidne
xtech\WarpRapid\node_m
odules\next\dist\clien
t\page-loader.js

Import trace for 
requested module:
./node_modules/next/di
st/client/add-locale.j
s
./node_modules/next/di
st/shared/lib/router/r
outer.js

./node_modules/next/di
st/client/detect-domai
n-locale.js
There are multiple 
modules with names 
that only differ in 
casing.
This can lead to 
unexpected behavior 
when compiling on a 
filesystem with other 
case-semantic.
Use equal casing. 
Compare these module 
identifiers:
* C:\Users\pnp\Desktop
\depliying rapidnextec
h\WarpRapid\node_modul
es\next\dist\build\web
pack\loaders\next-swc-
loader.js??ruleSet[1].
rules[16].oneOf[7].use
[0]!C:\Users\pnp\Deskt
op\depliying rapidnext
ech\WarpRapid\node_mod
ules\next\dist\client\
detect-domain-locale.j
s
    Used by 2 
module(s), i. e.
    C:\Users\pnp\Deskt
op\depliying rapidnext
ech\WarpRapid\node_mod
ules\next\dist\build\w
ebpack\loaders\next-sw
c-loader.js??ruleSet[1
].rules[16].oneOf[7].u
se[0]!C:\Users\pnp\Des
ktop\depliying rapidne
xtech\WarpRapid\node_m
odules\next\dist\share
d\lib\router\router.js
* C:\Users\pnp\Desktop
\depliying rapidnextec
h\WarpRapid\node_modul
es\next\dist\build\web
pack\loaders\next-swc-
loader.js??ruleSet[1].
rules[16].oneOf[7].use
[0]!C:\Users\pnp\deskt
op\depliying rapidnext
ech\WarpRapid\node_mod
ules\next\dist\client\
detect-domain-locale.j
s
    Used by 2 
module(s), i. e.
    C:\Users\pnp\Deskt
op\depliying rapidnext
ech\WarpRapid\node_mod
ules\next\dist\build\w
ebpack\loaders\next-sw
c-loader.js??ruleSet[1
].rules[16].oneOf[7].u
se[0]!C:\Users\pnp\des
ktop\depliying rapidne
xtech\WarpRapid\node_m
odules\next\dist\share
d\lib\router\router.js

Import trace for 
requested module:
./node_modules/next/di
st/client/detect-domai
n-locale.js
./node_modules/next/di
st/shared/lib/router/r
outer.js

./node_modules/next/di
st/client/has-base-pat
h.js
There are multiple 
modules with names 
that only differ in 
casing.
This can lead to 
unexpected behavior 
when compiling on a 
filesystem with other 
case-semantic.
Use equal casing. 
Compare these module 
identifiers:
* C:\Users\pnp\Desktop
\depliying rapidnextec
h\WarpRapid\node_modul
es\next\dist\build\web
pack\loaders\next-swc-
loader.js??ruleSet[1].
rules[16].oneOf[7].use
[0]!C:\Users\pnp\Deskt
op\depliying rapidnext
ech\WarpRapid\node_mod
ules\next\dist\client\
has-base-path.js
    Used by 4 
module(s), i. e.
    C:\Users\pnp\Deskt
op\depliying rapidnext
ech\WarpRapid\node_mod
ules\next\dist\build\w
ebpack\loaders\next-sw
c-loader.js??ruleSet[1
].rules[16].oneOf[7].u
se[0]!C:\Users\pnp\Des
ktop\depliying rapidne
xtech\WarpRapid\node_m
odules\next\dist\share
d\lib\router\router.js
* C:\Users\pnp\Desktop
\depliying rapidnextec
h\WarpRapid\node_modul
es\next\dist\build\web
pack\loaders\next-swc-
loader.js??ruleSet[1].
rules[16].oneOf[7].use
[0]!C:\Users\pnp\deskt
op\depliying rapidnext
ech\WarpRapid\node_mod
ules\next\dist\client\
has-base-path.js
    Used by 5 
module(s), i. e.
    C:\Users\pnp\Deskt
op\depliying rapidnext
ech\WarpRapid\node_mod
ules\next\dist\build\w
ebpack\loaders\next-sw
c-loader.js??ruleSet[1
].rules[16].oneOf[7].u
se[0]!C:\Users\pnp\des
ktop\depliying rapidne
xtech\WarpRapid\node_m
odules\next\dist\clien
t\index.js

Import trace for 
requested module:
./node_modules/next/di
st/client/has-base-pat
h.js
./node_modules/next/di
st/shared/lib/router/r
outer.js

./node_modules/next/di
st/client/head-manager
.js
There are multiple 
modules with names 
that only differ in 
casing.
This can lead to 
unexpected behavior 
when compiling on a 
filesystem with other 
case-semantic.
Use equal casing. 
Compare these module 
identifiers:
* C:\Users\pnp\Desktop
\depliying rapidnextec
h\WarpRapid\node_modul
es\next\dist\build\web
pack\loaders\next-swc-
loader.js??ruleSet[1].
rules[16].oneOf[7].use
[0]!C:\Users\pnp\Deskt
op\depliying rapidnext
ech\WarpRapid\node_mod
ules\next\dist\client\
head-manager.js
    Used by 2 
module(s), i. e.
    C:\Users\pnp\Deskt
op\depliying rapidnext
ech\WarpRapid\node_mod
ules\next\dist\build\w
ebpack\loaders\next-sw
c-loader.js??ruleSet[1
].rules[16].oneOf[7].u
se[0]!C:\Users\pnp\Des
ktop\depliying rapidne
xtech\WarpRapid\node_m
odules\next\dist\clien
t\script.js
* C:\Users\pnp\Desktop
\depliying rapidnextec
h\WarpRapid\node_modul
es\next\dist\build\web
pack\loaders\next-swc-
loader.js??ruleSet[1].
rules[16].oneOf[7].use
[0]!C:\Users\pnp\deskt
op\depliying rapidnext
ech\WarpRapid\node_mod
ules\next\dist\client\
head-manager.js
    Used by 3 
module(s), i. e.
    C:\Users\pnp\Deskt
op\depliying rapidnext
ech\WarpRapid\node_mod
ules\next\dist\build\w
ebpack\loaders\next-sw
c-loader.js??ruleSet[1
].rules[16].oneOf[7].u
se[0]!C:\Users\pnp\des
ktop\depliying rapidne
xtech\WarpRapid\node_m
odules\next\dist\clien
t\index.js

Import trace for 
requested module:
./node_modules/next/di
st/client/head-manager
.js
./node_modules/next/di
st/client/script.js
./node_modules/next/di
st/shared/lib/router/r
outer.js

./node_modules/next/di
st/client/normalize-tr
ailing-slash.js
There are multiple 
modules with names 
that only differ in 
casing.
This can lead to 
unexpected behavior 
when compiling on a 
filesystem with other 
case-semantic.
Use equal casing. 
Compare these module 
identifiers:
* C:\Users\pnp\Desktop
\depliying rapidnextec
h\WarpRapid\node_modul
es\next\dist\build\web
pack\loaders\next-swc-
loader.js??ruleSet[1].
rules[16].oneOf[7].use
[0]!C:\Users\pnp\Deskt
op\depliying rapidnext
ech\WarpRapid\node_mod
ules\next\dist\client\
normalize-trailing-sla
sh.js
    Used by 4 
module(s), i. e.
    C:\Users\pnp\Deskt
op\depliying rapidnext
ech\WarpRapid\node_mod
ules\next\dist\build\w
ebpack\loaders\next-sw
c-loader.js??ruleSet[1
].rules[16].oneOf[7].u
se[0]!C:\Users\pnp\Des
ktop\depliying rapidne
xtech\WarpRapid\node_m
odules\next\dist\clien
t\add-locale.js
* C:\Users\pnp\Desktop
\depliying rapidnextec
h\WarpRapid\node_modul
es\next\dist\build\web
pack\loaders\next-swc-
loader.js??ruleSet[1].
rules[16].oneOf[7].use
[0]!C:\Users\pnp\deskt
op\depliying rapidnext
ech\WarpRapid\node_mod
ules\next\dist\client\
normalize-trailing-sla
sh.js
    Used by 4 
module(s), i. e.
    C:\Users\pnp\Deskt
op\depliying rapidnext
ech\WarpRapid\node_mod
ules\next\dist\build\w
ebpack\loaders\next-sw
c-loader.js??ruleSet[1
].rules[16].oneOf[7].u
se[0]!C:\Users\pnp\des
ktop\depliying rapidne
xtech\WarpRapid\node_m
odules\next\dist\clien
t\add-base-path.js

Import trace for 
requested module:
./node_modules/next/di
st/client/normalize-tr
ailing-slash.js
./node_modules/next/di
st/client/add-locale.j
s
./node_modules/next/di
st/shared/lib/router/r
outer.js

./node_modules/next/di
st/client/remove-base-
path.js
There are multiple 
modules with names 
that only differ in 
casing.
This can lead to 
unexpected behavior 
when compiling on a 
filesystem with other 
case-semantic.
Use equal casing. 
Compare these module 
identifiers:
* C:\Users\pnp\Desktop
\depliying rapidnextec
h\WarpRapid\node_modul
es\next\dist\build\web
pack\loaders\next-swc-
loader.js??ruleSet[1].
rules[16].oneOf[7].use
[0]!C:\Users\pnp\Deskt
op\depliying rapidnext
ech\WarpRapid\node_mod
ules\next\dist\client\
remove-base-path.js
    Used by 2 
module(s), i. e.
    C:\Users\pnp\Deskt
op\depliying rapidnext
ech\WarpRapid\node_mod
ules\next\dist\build\w
ebpack\loaders\next-sw
c-loader.js??ruleSet[1
].rules[16].oneOf[7].u
se[0]!C:\Users\pnp\Des
ktop\depliying rapidne
xtech\WarpRapid\node_m
odules\next\dist\share
d\lib\router\router.js
* C:\Users\pnp\Desktop
\depliying rapidnextec
h\WarpRapid\node_modul
es\next\dist\build\web
pack\loaders\next-swc-
loader.js??ruleSet[1].
rules[16].oneOf[7].use
[0]!C:\Users\pnp\deskt
op\depliying rapidnext
ech\WarpRapid\node_mod
ules\next\dist\client\
remove-base-path.js
    Used by 4 
module(s), i. e.
    C:\Users\pnp\Deskt
op\depliying rapidnext
ech\WarpRapid\node_mod
ules\next\dist\build\w
ebpack\loaders\next-sw
c-loader.js??ruleSet[1
].rules[16].oneOf[7].u
se[0]!C:\Users\pnp\des
ktop\depliying rapidne
xtech\WarpRapid\node_m
odules\next\dist\clien
t\index.js

Import trace for 
requested module:
./node_modules/next/di
st/client/remove-base-
path.js
./node_modules/next/di
st/shared/lib/router/r
outer.js

./node_modules/next/di
st/client/remove-local
e.js
There are multiple 
modules with names 
that only differ in 
casing.
This can lead to 
unexpected behavior 
when compiling on a 
filesystem with other 
case-semantic.
Use equal casing. 
Compare these module 
identifiers:
* C:\Users\pnp\Desktop
\depliying rapidnextec
h\WarpRapid\node_modul
es\next\dist\build\web
pack\loaders\next-swc-
loader.js??ruleSet[1].
rules[16].oneOf[7].use
[0]!C:\Users\pnp\Deskt
op\depliying rapidnext
ech\WarpRapid\node_mod
ules\next\dist\client\
remove-locale.js
    Used by 2 
module(s), i. e.
    C:\Users\pnp\Deskt
op\depliying rapidnext
ech\WarpRapid\node_mod
ules\next\dist\build\w
ebpack\loaders\next-sw
c-loader.js??ruleSet[1
].rules[16].oneOf[7].u
se[0]!C:\Users\pnp\Des
ktop\depliying rapidne
xtech\WarpRapid\node_m
odules\next\dist\share
d\lib\router\router.js
* C:\Users\pnp\Desktop
\depliying rapidnextec
h\WarpRapid\node_modul
es\next\dist\build\web
pack\loaders\next-swc-
loader.js??ruleSet[1].
rules[16].oneOf[7].use
[0]!C:\Users\pnp\deskt
op\depliying rapidnext
ech\WarpRapid\node_mod
ules\next\dist\client\
remove-locale.js
    Used by 2 
module(s), i. e.
    C:\Users\pnp\Deskt
op\depliying rapidnext
ech\WarpRapid\node_mod
ules\next\dist\build\w
ebpack\loaders\next-sw
c-loader.js??ruleSet[1
].rules[16].oneOf[7].u
se[0]!C:\Users\pnp\des
ktop\depliying rapidne
xtech\WarpRapid\node_m
odules\next\dist\share
d\lib\router\router.js

Import trace for 
requested module:
./node_modules/next/di
st/client/remove-local
e.js
./node_modules/next/di
st/shared/lib/router/r
outer.js

./node_modules/next/di
st/client/request-idle
-callback.js
There are multiple 
modules with names 
that only differ in 
casing.
This can lead to 
unexpected behavior 
when compiling on a 
filesystem with other 
case-semantic.
Use equal casing. 
Compare these module 
identifiers:
* C:\Users\pnp\Desktop
\depliying rapidnextec
h\WarpRapid\node_modul
es\next\dist\build\web
pack\loaders\next-swc-
loader.js??ruleSet[1].
rules[16].oneOf[7].use
[0]!C:\Users\pnp\Deskt
op\depliying rapidnext
ech\WarpRapid\node_mod
ules\next\dist\client\
request-idle-callback.
js
    Used by 3 
module(s), i. e.
    C:\Users\pnp\Deskt
op\depliying rapidnext
ech\WarpRapid\node_mod
ules\next\dist\build\w
ebpack\loaders\next-sw
c-loader.js??ruleSet[1
].rules[16].oneOf[7].u
se[0]!C:\Users\pnp\Des
ktop\depliying rapidne
xtech\WarpRapid\node_m
odules\next\dist\clien
t\route-loader.js
* C:\Users\pnp\Desktop
\depliying rapidnextec
h\WarpRapid\node_modul
es\next\dist\build\web
pack\loaders\next-swc-
loader.js??ruleSet[1].
rules[16].oneOf[7].use
[0]!C:\Users\pnp\deskt
op\depliying rapidnext
ech\WarpRapid\node_mod
ules\next\dist\client\
request-idle-callback.
js
    Used by 3 
module(s), i. e.
    C:\Users\pnp\Deskt
op\depliying rapidnext
ech\WarpRapid\node_mod
ules\next\dist\build\w
ebpack\loaders\next-sw
c-loader.js??ruleSet[1
].rules[16].oneOf[7].u
se[0]!C:\Users\pnp\des
ktop\depliying rapidne
xtech\WarpRapid\node_m
odules\next\dist\clien
t\script.js

Import trace for 
requested module:
./node_modules/next/di
st/client/request-idle
-callback.js
./node_modules/next/di
st/client/route-loader
.js
./node_modules/next/di
st/shared/lib/router/r
outer.js

./node_modules/next/di
st/client/resolve-href
.js
There are multiple 
modules with names 
that only differ in 
casing.
This can lead to 
unexpected behavior 
when compiling on a 
filesystem with other 
case-semantic.
Use equal casing. 
Compare these module 
identifiers:
* C:\Users\pnp\Desktop
\depliying rapidnextec
h\WarpRapid\node_modul
es\next\dist\build\web
pack\loaders\next-swc-
loader.js??ruleSet[1].
rules[16].oneOf[7].use
[0]!C:\Users\pnp\Deskt
op\depliying rapidnext
ech\WarpRapid\node_mod
ules\next\dist\client\
resolve-href.js
    Used by 2 
module(s), i. e.
    C:\Users\pnp\Deskt
op\depliying rapidnext
ech\WarpRapid\node_mod
ules\next\dist\build\w
ebpack\loaders\next-sw
c-loader.js??ruleSet[1
].rules[16].oneOf[7].u
se[0]!C:\Users\pnp\Des
ktop\depliying rapidne
xtech\WarpRapid\node_m
odules\next\dist\share
d\lib\router\router.js
* C:\Users\pnp\Desktop
\depliying rapidnextec
h\WarpRapid\node_modul
es\next\dist\build\web
pack\loaders\next-swc-
loader.js??ruleSet[1].
rules[16].oneOf[7].use
[0]!C:\Users\pnp\deskt
op\depliying rapidnext
ech\WarpRapid\node_mod
ules\next\dist\client\
resolve-href.js
    Used by 2 
module(s), i. e.
    C:\Users\pnp\Deskt
op\depliying rapidnext
ech\WarpRapid\node_mod
ules\next\dist\build\w
ebpack\loaders\next-sw
c-loader.js??ruleSet[1
].rules[16].oneOf[7].u
se[0]!C:\Users\pnp\des
ktop\depliying rapidne
xtech\WarpRapid\node_m
odules\next\dist\share
d\lib\router\router.js

Import trace for 
requested module:
./node_modules/next/di
st/client/resolve-href
.js
./node_modules/next/di
st/shared/lib/router/r
outer.js

./node_modules/next/di
st/client/route-loader
.js
There are multiple 
modules with names 
that only differ in 
casing.
This can lead to 
unexpected behavior 
when compiling on a 
filesystem with other 
case-semantic.
Use equal casing. 
Compare these module 
identifiers:
* C:\Users\pnp\Desktop
\depliying rapidnextec
h\WarpRapid\node_modul
es\next\dist\build\web
pack\loaders\next-swc-
loader.js??ruleSet[1].
rules[16].oneOf[7].use
[0]!C:\Users\pnp\Deskt
op\depliying rapidnext
ech\WarpRapid\node_mod
ules\next\dist\client\
route-loader.js
    Used by 2 
module(s), i. e.
    C:\Users\pnp\Deskt
op\depliying rapidnext
ech\WarpRapid\node_mod
ules\next\dist\build\w
ebpack\loaders\next-sw
c-loader.js??ruleSet[1
].rules[16].oneOf[7].u
se[0]!C:\Users\pnp\Des
ktop\depliying rapidne
xtech\WarpRapid\node_m
odules\next\dist\share
d\lib\router\router.js
* C:\Users\pnp\Desktop
\depliying rapidnextec
h\WarpRapid\node_modul
es\next\dist\build\web
pack\loaders\next-swc-
loader.js??ruleSet[1].
rules[16].oneOf[7].use
[0]!C:\Users\pnp\deskt
op\depliying rapidnext
ech\WarpRapid\node_mod
ules\next\dist\client\
route-loader.js
    Used by 3 
module(s), i. e.
    C:\Users\pnp\Deskt
op\depliying rapidnext
ech\WarpRapid\node_mod
ules\next\dist\build\w
ebpack\loaders\next-sw
c-loader.js??ruleSet[1
].rules[16].oneOf[7].u
se[0]!C:\Users\pnp\des
ktop\depliying rapidne
xtech\WarpRapid\node_m
odules\next\dist\clien
t\page-loader.js

Import trace for 
requested module:
./node_modules/next/di
st/client/route-loader
.js
./node_modules/next/di
st/shared/lib/router/r
outer.js

./node_modules/next/di
st/client/router.js
There are multiple 
modules with names 
that only differ in 
casing.
This can lead to 
unexpected behavior 
when compiling on a 
filesystem with other 
case-semantic.
Use equal casing. 
Compare these module 
identifiers:
* C:\Users\pnp\Desktop
\depliying rapidnextec
h\WarpRapid\node_modul
es\next\dist\build\web
pack\loaders\next-swc-
loader.js??ruleSet[1].
rules[16].oneOf[7].use
[0]!C:\Users\pnp\Deskt
op\depliying rapidnext
ech\WarpRapid\node_mod
ules\next\dist\client\
router.js
    Used by 2 
module(s), i. e.
    C:\Users\pnp\Deskt
op\depliying rapidnext
ech\WarpRapid\node_mod
ules\next\dist\build\w
ebpack\loaders\next-sw
c-loader.js??ruleSet[1
].rules[16].oneOf[7].u
se[0]!C:\Users\pnp\Des
ktop\depliying rapidne
xtech\WarpRapid\node_m
odules\next\dist\clien
t\router.js
* C:\Users\pnp\Desktop
\depliying rapidnextec
h\WarpRapid\node_modul
es\next\dist\build\web
pack\loaders\next-swc-
loader.js??ruleSet[1].
rules[16].oneOf[7].use
[0]!C:\Users\pnp\deskt
op\depliying rapidnext
ech\WarpRapid\node_mod
ules\next\dist\client\
router.js
    Used by 4 
module(s), i. e.
    C:\Users\pnp\Deskt
op\depliying rapidnext
ech\WarpRapid\node_mod
ules\next\dist\build\w
ebpack\loaders\next-sw
c-loader.js??ruleSet[1
].rules[16].oneOf[7].u
se[0]!C:\Users\pnp\des
ktop\depliying rapidne
xtech\WarpRapid\node_m
odules\next\dist\clien
t\index.js

./node_modules/next/di
st/client/script.js
There are multiple 
modules with names 
that only differ in 
casing.
This can lead to 
unexpected behavior 
when compiling on a 
filesystem with other 
case-semantic.
Use equal casing. 
Compare these module 
identifiers:
* C:\Users\pnp\Desktop
\depliying rapidnextec
h\WarpRapid\node_modul
es\next\dist\build\web
pack\loaders\next-swc-
loader.js??ruleSet[1].
rules[16].oneOf[7].use
[0]!C:\Users\pnp\Deskt
op\depliying rapidnext
ech\WarpRapid\node_mod
ules\next\dist\client\
script.js
    Used by 2 
module(s), i. e.
    C:\Users\pnp\Deskt
op\depliying rapidnext
ech\WarpRapid\node_mod
ules\next\dist\build\w
ebpack\loaders\next-sw
c-loader.js??ruleSet[1
].rules[16].oneOf[7].u
se[0]!C:\Users\pnp\Des
ktop\depliying rapidne
xtech\WarpRapid\node_m
odules\next\dist\share
d\lib\router\router.js
* C:\Users\pnp\Desktop
\depliying rapidnextec
h\WarpRapid\node_modul
es\next\dist\build\web
pack\loaders\next-swc-
loader.js??ruleSet[1].
rules[16].oneOf[7].use
[0]!C:\Users\pnp\deskt
op\depliying rapidnext
ech\WarpRapid\node_mod
ules\next\dist\client\
script.js
    Used by 3 
module(s), i. e.
    C:\Users\pnp\Deskt
op\depliying rapidnext
ech\WarpRapid\node_mod
ules\next\dist\build\w
ebpack\loaders\next-sw
c-loader.js??ruleSet[1
].rules[16].oneOf[7].u
se[0]!C:\Users\pnp\des
ktop\depliying rapidne
xtech\WarpRapid\node_m
odules\next\dist\clien
t\index.js

Import trace for 
requested module:
./node_modules/next/di
st/client/script.js
./node_modules/next/di
st/shared/lib/router/r
outer.js

./node_modules/next/di
st/client/trusted-type
s.js
There are multiple 
modules with names 
that only differ in 
casing.
This can lead to 
unexpected behavior 
when compiling on a 
filesystem with other 
case-semantic.
Use equal casing. 
Compare these module 
identifiers:
* C:\Users\pnp\Desktop
\depliying rapidnextec
h\WarpRapid\node_modul
es\next\dist\build\web
pack\loaders\next-swc-
loader.js??ruleSet[1].
rules[16].oneOf[7].use
[0]!C:\Users\pnp\Deskt
op\depliying rapidnext
ech\WarpRapid\node_mod
ules\next\dist\client\
trusted-types.js
    Used by 2 
module(s), i. e.
    C:\Users\pnp\Deskt
op\depliying rapidnext
ech\WarpRapid\node_mod
ules\next\dist\build\w
ebpack\loaders\next-sw
c-loader.js??ruleSet[1
].rules[16].oneOf[7].u
se[0]!C:\Users\pnp\Des
ktop\depliying rapidne
xtech\WarpRapid\node_m
odules\next\dist\clien
t\route-loader.js
* C:\Users\pnp\Desktop
\depliying rapidnextec
h\WarpRapid\node_modul
es\next\dist\build\web
pack\loaders\next-swc-
loader.js??ruleSet[1].
rules[16].oneOf[7].use
[0]!C:\Users\pnp\deskt
op\depliying rapidnext
ech\WarpRapid\node_mod
ules\next\dist\client\
trusted-types.js
    Used by 2 
module(s), i. e.
    C:\Users\pnp\Deskt
op\depliying rapidnext
ech\WarpRapid\node_mod
ules\next\dist\build\w
ebpack\loaders\next-sw
c-loader.js??ruleSet[1
].rules[16].oneOf[7].u
se[0]!C:\Users\pnp\des
ktop\depliying rapidne
xtech\WarpRapid\node_m
odules\next\dist\clien
t\route-loader.js

Import trace for 
requested module:
./node_modules/next/di
st/client/trusted-type
s.js
./node_modules/next/di
st/client/route-loader
.js
./node_modules/next/di
st/shared/lib/router/r
outer.js

./node_modules/next/di
st/client/with-router.
js
There are multiple 
modules with names 
that only differ in 
casing.
This can lead to 
unexpected behavior 
when compiling on a 
filesystem with other 
case-semantic.
Use equal casing. 
Compare these module 
identifiers:
* C:\Users\pnp\Desktop
\depliying rapidnextec
h\WarpRapid\node_modul
es\next\dist\build\web
pack\loaders\next-swc-
loader.js??ruleSet[1].
rules[16].oneOf[7].use
[0]!C:\Users\pnp\Deskt
op\depliying rapidnext
ech\WarpRapid\node_mod
ules\next\dist\client\
with-router.js
    Used by 2 
module(s), i. e.
    C:\Users\pnp\Deskt
op\depliying rapidnext
ech\WarpRapid\node_mod
ules\next\dist\build\w
ebpack\loaders\next-sw
c-loader.js??ruleSet[1
].rules[16].oneOf[7].u
se[0]!C:\Users\pnp\Des
ktop\depliying rapidne
xtech\WarpRapid\node_m
odules\next\dist\clien
t\router.js
* C:\Users\pnp\Desktop
\depliying rapidnextec
h\WarpRapid\node_modul
es\next\dist\build\web
pack\loaders\next-swc-
loader.js??ruleSet[1].
rules[16].oneOf[7].use
[0]!C:\Users\pnp\deskt
op\depliying rapidnext
ech\WarpRapid\node_mod
ules\next\dist\client\
with-router.js
    Used by 2 
module(s), i. e.
    C:\Users\pnp\Deskt
op\depliying rapidnext
ech\WarpRapid\node_mod
ules\next\dist\build\w
ebpack\loaders\next-sw
c-loader.js??ruleSet[1
].rules[16].oneOf[7].u
se[0]!C:\Users\pnp\des
ktop\depliying rapidne
xtech\WarpRapid\node_m
odules\next\dist\clien
t\router.js

Import trace for 
requested module:
./node_modules/next/di
st/client/with-router.
js

./node_modules/next/di
st/pages/_app.js
There are multiple 
modules with names 
that only differ in 
casing.
This can lead to 
unexpected behavior 
when compiling on a 
filesystem with other 
case-semantic.
Use equal casing. 
Compare these module 
identifiers:
* C:\Users\pnp\Desktop
\depliying rapidnextec
h\WarpRapid\node_modul
es\next\dist\build\web
pack\loaders\next-swc-
loader.js??ruleSet[1].
rules[16].oneOf[7].use
[0]!C:\Users\pnp\Deskt
op\depliying rapidnext
ech\WarpRapid\node_mod
ules\next\dist\pages\_
app.js
    Used by 2 
module(s), i. e.
    C:\Users\pnp\Deskt
op\depliying rapidnext
ech\WarpRapid\node_mod
ules\next\dist\build\w
ebpack\loaders\next-cl
ient-pages-loader.js?a
bsolutePagePath=next%2
Fdist%2Fpages%2F_app&p
age=%2F_app!
* C:\Users\pnp\Desktop
\depliying rapidnextec
h\WarpRapid\node_modul
es\next\dist\build\web
pack\loaders\next-swc-
loader.js??ruleSet[1].
rules[16].oneOf[7].use
[0]!C:\Users\pnp\deskt
op\depliying rapidnext
ech\WarpRapid\node_mod
ules\next\dist\pages\_
app.js
    Used by 2 
module(s), i. e.
    C:\Users\pnp\Deskt
op\depliying rapidnext
ech\WarpRapid\node_mod
ules\next\dist\build\w
ebpack\loaders\next-sw
c-loader.js??ruleSet[1
].rules[16].oneOf[7].u
se[0]!C:\Users\pnp\des
ktop\depliying rapidne
xtech\WarpRapid\node_m
odules\next\dist\clien
t\index.js

./node_modules/next/di
st/pages/_error.js
There are multiple 
modules with names 
that only differ in 
casing.
This can lead to 
unexpected behavior 
when compiling on a 
filesystem with other 
case-semantic.
Use equal casing. 
Compare these module 
identifiers:
* C:\Users\pnp\Desktop
\depliying rapidnextec
h\WarpRapid\node_modul
es\next\dist\build\web
pack\loaders\next-swc-
loader.js??ruleSet[1].
rules[16].oneOf[7].use
[0]!C:\Users\pnp\Deskt
op\depliying rapidnext
ech\WarpRapid\node_mod
ules\next\dist\pages\_
error.js
    Used by 2 
module(s), i. e.
    C:\Users\pnp\Deskt
op\depliying rapidnext
ech\WarpRapid\node_mod
ules\next\dist\build\w
ebpack\loaders\next-cl
ient-pages-loader.js?a
bsolutePagePath=next%2
Fdist%2Fpages%2F_error
&page=%2F_error!
* C:\Users\pnp\Desktop
\depliying rapidnextec
h\WarpRapid\node_modul
es\next\dist\build\web
pack\loaders\next-swc-
loader.js??ruleSet[1].
rules[16].oneOf[7].use
[0]!C:\Users\pnp\deskt
op\depliying rapidnext
ech\WarpRapid\node_mod
ules\next\dist\pages\_
error.js
    Used by 2 
module(s), i. e.
    C:\Users\pnp\Deskt
op\depliying rapidnext
ech\WarpRapid\node_mod
ules\next\dist\build\w
ebpack\loaders\next-sw
c-loader.js??ruleSet[1
].rules[16].oneOf[7].u
se[0]!C:\Users\pnp\des
ktop\depliying rapidne
xtech\WarpRapid\node_m
odules\next\dist\clien
t\index.js

./node_modules/next/di
st/shared/lib/amp-cont
ext.shared-runtime.js
There are multiple 
modules with names 
that only differ in 
casing.
This can lead to 
unexpected behavior 
when compiling on a 
filesystem with other 
case-semantic.
Use equal casing. 
Compare these module 
identifiers:
* C:\Users\pnp\Desktop
\depliying rapidnextec
h\WarpRapid\node_modul
es\next\dist\build\web
pack\loaders\next-swc-
loader.js??ruleSet[1].
rules[16].oneOf[7].use
[0]!C:\Users\pnp\Deskt
op\depliying rapidnext
ech\WarpRapid\node_mod
ules\next\dist\shared\
lib\amp-context.shared
-runtime.js
    Used by 1 
module(s), i. e.
    C:\Users\pnp\Deskt
op\depliying rapidnext
ech\WarpRapid\node_mod
ules\next\dist\build\w
ebpack\loaders\next-sw
c-loader.js??ruleSet[1
].rules[16].oneOf[7].u
se[0]!C:\Users\pnp\Des
ktop\depliying rapidne
xtech\WarpRapid\node_m
odules\next\dist\share
d\lib\head.js
* C:\Users\pnp\Desktop
\depliying rapidnextec
h\WarpRapid\node_modul
es\next\dist\build\web
pack\loaders\next-swc-
loader.js??ruleSet[1].
rules[16].oneOf[7].use
[0]!C:\Users\pnp\deskt
op\depliying rapidnext
ech\WarpRapid\node_mod
ules\next\dist\shared\
lib\amp-context.shared
-runtime.js
    Used by 1 
module(s), i. e.
    C:\Users\pnp\Deskt
op\depliying rapidnext
ech\WarpRapid\node_mod
ules\next\dist\build\w
ebpack\loaders\next-sw
c-loader.js??ruleSet[1
].rules[16].oneOf[7].u
se[0]!C:\Users\pnp\des
ktop\depliying rapidne
xtech\WarpRapid\node_m
odules\next\dist\share
d\lib\head.js

Import trace for 
requested module:
./node_modules/next/di
st/shared/lib/amp-cont
ext.shared-runtime.js
./node_modules/next/di
st/shared/lib/head.js

./node_modules/next/di
st/shared/lib/amp-mode
.js
There are multiple 
modules with names 
that only differ in 
casing.
This can lead to 
unexpected behavior 
when compiling on a 
filesystem with other 
case-semantic.
Use equal casing. 
Compare these module 
identifiers:
* C:\Users\pnp\Desktop
\depliying rapidnextec
h\WarpRapid\node_modul
es\next\dist\build\web
pack\loaders\next-swc-
loader.js??ruleSet[1].
rules[16].oneOf[7].use
[0]!C:\Users\pnp\Deskt
op\depliying rapidnext
ech\WarpRapid\node_mod
ules\next\dist\shared\
lib\amp-mode.js
    Used by 1 
module(s), i. e.
    C:\Users\pnp\Deskt
op\depliying rapidnext
ech\WarpRapid\node_mod
ules\next\dist\build\w
ebpack\loaders\next-sw
c-loader.js??ruleSet[1
].rules[16].oneOf[7].u
se[0]!C:\Users\pnp\Des
ktop\depliying rapidne
xtech\WarpRapid\node_m
odules\next\dist\share
d\lib\head.js
* C:\Users\pnp\Desktop
\depliying rapidnextec
h\WarpRapid\node_modul
es\next\dist\build\web
pack\loaders\next-swc-
loader.js??ruleSet[1].
rules[16].oneOf[7].use
[0]!C:\Users\pnp\deskt
op\depliying rapidnext
ech\WarpRapid\node_mod
ules\next\dist\shared\
lib\amp-mode.js
    Used by 1 
module(s), i. e.
    C:\Users\pnp\Deskt
op\depliying rapidnext
ech\WarpRapid\node_mod
ules\next\dist\build\w
ebpack\loaders\next-sw
c-loader.js??ruleSet[1
].rules[16].oneOf[7].u
se[0]!C:\Users\pnp\des
ktop\depliying rapidne
xtech\WarpRapid\node_m
odules\next\dist\share
d\lib\head.js

Import trace for 
requested module:
./node_modules/next/di
st/shared/lib/amp-mode
.js
./node_modules/next/di
st/shared/lib/head.js

./node_modules/next/di
st/shared/lib/bloom-fi
lter.js
There are multiple 
modules with names 
that only differ in 
casing.
This can lead to 
unexpected behavior 
when compiling on a 
filesystem with other 
case-semantic.
Use equal casing. 
Compare these module 
identifiers:
* C:\Users\pnp\Desktop
\depliying rapidnextec
h\WarpRapid\node_modul
es\next\dist\build\web
pack\loaders\next-swc-
loader.js??ruleSet[1].
rules[16].oneOf[7].use
[0]!C:\Users\pnp\Deskt
op\depliying rapidnext
ech\WarpRapid\node_mod
ules\next\dist\shared\
lib\bloom-filter.js
    Used by 1 
module(s), i. e.
    C:\Users\pnp\Deskt
op\depliying rapidnext
ech\WarpRapid\node_mod
ules\next\dist\build\w
ebpack\loaders\next-sw
c-loader.js??ruleSet[1
].rules[16].oneOf[7].u
se[0]!C:\Users\pnp\Des
ktop\depliying rapidne
xtech\WarpRapid\node_m
odules\next\dist\share
d\lib\router\router.js
* C:\Users\pnp\Desktop
\depliying rapidnextec
h\WarpRapid\node_modul
es\next\dist\build\web
pack\loaders\next-swc-
loader.js??ruleSet[1].
rules[16].oneOf[7].use
[0]!C:\Users\pnp\deskt
op\depliying rapidnext
ech\WarpRapid\node_mod
ules\next\dist\shared\
lib\bloom-filter.js
    Used by 1 
module(s), i. e.
    C:\Users\pnp\Deskt
op\depliying rapidnext
ech\WarpRapid\node_mod
ules\next\dist\build\w
ebpack\loaders\next-sw
c-loader.js??ruleSet[1
].rules[16].oneOf[7].u
se[0]!C:\Users\pnp\des
ktop\depliying rapidne
xtech\WarpRapid\node_m
odules\next\dist\share
d\lib\router\router.js

Import trace for 
requested module:
./node_modules/next/di
st/shared/lib/bloom-fi
lter.js
./node_modules/next/di
st/shared/lib/router/r
outer.js

./node_modules/next/di
st/shared/lib/escape-r
egexp.js
There are multiple 
modules with names 
that only differ in 
casing.
This can lead to 
unexpected behavior 
when compiling on a 
filesystem with other 
case-semantic.
Use equal casing. 
Compare these module 
identifiers:
* C:\Users\pnp\Desktop
\depliying rapidnextec
h\WarpRapid\node_modul
es\next\dist\build\web
pack\loaders\next-swc-
loader.js??ruleSet[1].
rules[16].oneOf[7].use
[0]!C:\Users\pnp\Deskt
op\depliying rapidnext
ech\WarpRapid\node_mod
ules\next\dist\shared\
lib\escape-regexp.js
    Used by 1 
module(s), i. e.
    C:\Users\pnp\Deskt
op\depliying rapidnext
ech\WarpRapid\node_mod
ules\next\dist\build\w
ebpack\loaders\next-sw
c-loader.js??ruleSet[1
].rules[16].oneOf[7].u
se[0]!C:\Users\pnp\Des
ktop\depliying rapidne
xtech\WarpRapid\node_m
odules\next\dist\share
d\lib\router\utils\rou
te-regex.js
* C:\Users\pnp\Desktop
\depliying rapidnextec
h\WarpRapid\node_modul
es\next\dist\build\web
pack\loaders\next-swc-
loader.js??ruleSet[1].
rules[16].oneOf[7].use
[0]!C:\Users\pnp\deskt
op\depliying rapidnext
ech\WarpRapid\node_mod
ules\next\dist\shared\
lib\escape-regexp.js
    Used by 2 
module(s), i. e.
    C:\Users\pnp\Deskt
op\depliying rapidnext
ech\WarpRapid\node_mod
ules\next\dist\build\w
ebpack\loaders\next-sw
c-loader.js??ruleSet[1
].rules[16].oneOf[7].u
se[0]!C:\Users\pnp\des
ktop\depliying rapidne
xtech\WarpRapid\node_m
odules\next\dist\share
d\lib\router\utils\rou
te-regex.js

Import trace for 
requested module:
./node_modules/next/di
st/shared/lib/escape-r
egexp.js
./node_modules/next/di
st/shared/lib/router/u
tils/route-regex.js
./node_modules/next/di
st/shared/lib/router/r
outer.js

./node_modules/next/di
st/shared/lib/head-man
ager-context.shared-ru
ntime.js
There are multiple 
modules with names 
that only differ in 
casing.
This can lead to 
unexpected behavior 
when compiling on a 
filesystem with other 
case-semantic.
Use equal casing. 
Compare these module 
identifiers:
* C:\Users\pnp\Desktop
\depliying rapidnextec
h\WarpRapid\node_modul
es\next\dist\build\web
pack\loaders\next-swc-
loader.js??ruleSet[1].
rules[16].oneOf[7].use
[0]!C:\Users\pnp\Deskt
op\depliying rapidnext
ech\WarpRapid\node_mod
ules\next\dist\shared\
lib\head-manager-conte
xt.shared-runtime.js
    Used by 2 
module(s), i. e.
    C:\Users\pnp\Deskt
op\depliying rapidnext
ech\WarpRapid\node_mod
ules\next\dist\build\w
ebpack\loaders\next-sw
c-loader.js??ruleSet[1
].rules[16].oneOf[7].u
se[0]!C:\Users\pnp\Des
ktop\depliying rapidne
xtech\WarpRapid\node_m
odules\next\dist\share
d\lib\head.js
* C:\Users\pnp\Desktop
\depliying rapidnextec
h\WarpRapid\node_modul
es\next\dist\build\web
pack\loaders\next-swc-
loader.js??ruleSet[1].
rules[16].oneOf[7].use
[0]!C:\Users\pnp\deskt
op\depliying rapidnext
ech\WarpRapid\node_mod
ules\next\dist\shared\
lib\head-manager-conte
xt.shared-runtime.js
    Used by 3 
module(s), i. e.
    C:\Users\pnp\Deskt
op\depliying rapidnext
ech\WarpRapid\node_mod
ules\next\dist\build\w
ebpack\loaders\next-sw
c-loader.js??ruleSet[1
].rules[16].oneOf[7].u
se[0]!C:\Users\pnp\des
ktop\depliying rapidne
xtech\WarpRapid\node_m
odules\next\dist\clien
t\index.js

Import trace for 
requested module:
./node_modules/next/di
st/shared/lib/head-man
ager-context.shared-ru
ntime.js
./node_modules/next/di
st/shared/lib/head.js

./node_modules/next/di
st/shared/lib/head.js
There are multiple 
modules with names 
that only differ in 
casing.
This can lead to 
unexpected behavior 
when compiling on a 
filesystem with other 
case-semantic.
Use equal casing. 
Compare these module 
identifiers:
* C:\Users\pnp\Desktop
\depliying rapidnextec
h\WarpRapid\node_modul
es\next\dist\build\web
pack\loaders\next-swc-
loader.js??ruleSet[1].
rules[16].oneOf[7].use
[0]!C:\Users\pnp\Deskt
op\depliying rapidnext
ech\WarpRapid\node_mod
ules\next\dist\shared\
lib\head.js
    Used by 2 
module(s), i. e.
    C:\Users\pnp\Deskt
op\depliying rapidnext
ech\WarpRapid\node_mod
ules\next\dist\build\w
ebpack\loaders\next-sw
c-loader.js??ruleSet[1
].rules[16].oneOf[7].u
se[0]!C:\Users\pnp\Des
ktop\depliying rapidne
xtech\WarpRapid\node_m
odules\next\dist\pages
\_error.js
* C:\Users\pnp\Desktop
\depliying rapidnextec
h\WarpRapid\node_modul
es\next\dist\build\web
pack\loaders\next-swc-
loader.js??ruleSet[1].
rules[16].oneOf[7].use
[0]!C:\Users\pnp\deskt
op\depliying rapidnext
ech\WarpRapid\node_mod
ules\next\dist\shared\
lib\head.js
    Used by 2 
module(s), i. e.
    C:\Users\pnp\Deskt
op\depliying rapidnext
ech\WarpRapid\node_mod
ules\next\dist\build\w
ebpack\loaders\next-sw
c-loader.js??ruleSet[1
].rules[16].oneOf[7].u
se[0]!C:\Users\pnp\des
ktop\depliying rapidne
xtech\WarpRapid\node_m
odules\next\dist\pages
\_error.js

Import trace for 
requested module:
./node_modules/next/di
st/shared/lib/head.js

./node_modules/next/di
st/shared/lib/is-plain
-object.js
There are multiple 
modules with names 
that only differ in 
casing.
This can lead to 
unexpected behavior 
when compiling on a 
filesystem with other 
case-semantic.
Use equal casing. 
Compare these module 
identifiers:
* C:\Users\pnp\Desktop
\depliying rapidnextec
h\WarpRapid\node_modul
es\next\dist\build\web
pack\loaders\next-swc-
loader.js??ruleSet[1].
rules[16].oneOf[7].use
[0]!C:\Users\pnp\Deskt
op\depliying rapidnext
ech\WarpRapid\node_mod
ules\next\dist\shared\
lib\is-plain-object.js
    Used by 2 
module(s), i. e.
    C:\Users\pnp\Deskt
op\depliying rapidnext
ech\WarpRapid\node_mod
ules\next\dist\lib\is-
error.js
* C:\Users\pnp\Desktop
\depliying rapidnextec
h\WarpRapid\node_modul
es\next\dist\build\web
pack\loaders\next-swc-
loader.js??ruleSet[1].
rules[16].oneOf[7].use
[0]!C:\Users\pnp\deskt
op\depliying rapidnext
ech\WarpRapid\node_mod
ules\next\dist\shared\
lib\is-plain-object.js
    Used by 2 
module(s), i. e.
    C:\Users\pnp\deskt
op\depliying rapidnext
ech\WarpRapid\node_mod
ules\next\dist\lib\is-
error.js

Import trace for 
requested module:
./node_modules/next/di
st/shared/lib/is-plain
-object.js
./node_modules/next/di
st/lib/is-error.js

./node_modules/next/di
st/shared/lib/i18n/nor
malize-locale-path.js
There are multiple 
modules with names 
that only differ in 
casing.
This can lead to 
unexpected behavior 
when compiling on a 
filesystem with other 
case-semantic.
Use equal casing. 
Compare these module 
identifiers:
* C:\Users\pnp\Desktop
\depliying rapidnextec
h\WarpRapid\node_modul
es\next\dist\build\web
pack\loaders\next-swc-
loader.js??ruleSet[1].
rules[16].oneOf[7].use
[0]!C:\Users\pnp\Deskt
op\depliying rapidnext
ech\WarpRapid\node_mod
ules\next\dist\shared\
lib\i18n\normalize-loc
ale-path.js
    Used by 2 
module(s), i. e.
    C:\Users\pnp\Deskt
op\depliying rapidnext
ech\WarpRapid\node_mod
ules\next\dist\build\w
ebpack\loaders\next-sw
c-loader.js??ruleSet[1
].rules[16].oneOf[7].u
se[0]!C:\Users\pnp\Des
ktop\depliying rapidne
xtech\WarpRapid\node_m
odules\next\dist\share
d\lib\router\router.js
* C:\Users\pnp\Desktop
\depliying rapidnextec
h\WarpRapid\node_modul
es\next\dist\build\web
pack\loaders\next-swc-
loader.js??ruleSet[1].
rules[16].oneOf[7].use
[0]!C:\Users\pnp\deskt
op\depliying rapidnext
ech\WarpRapid\node_mod
ules\next\dist\shared\
lib\i18n\normalize-loc
ale-path.js
    Used by 3 
module(s), i. e.
    C:\Users\pnp\Deskt
op\depliying rapidnext
ech\WarpRapid\node_mod
ules\next\dist\build\w
ebpack\loaders\next-sw
c-loader.js??ruleSet[1
].rules[16].oneOf[7].u
se[0]!C:\Users\pnp\des
ktop\depliying rapidne
xtech\WarpRapid\node_m
odules\next\dist\share
d\lib\router\router.js

Import trace for 
requested module:
./node_modules/next/di
st/shared/lib/i18n/nor
malize-locale-path.js
./node_modules/next/di
st/shared/lib/router/r
outer.js

./node_modules/next/di
st/shared/lib/mitt.js
There are multiple 
modules with names 
that only differ in 
casing.
This can lead to 
unexpected behavior 
when compiling on a 
filesystem with other 
case-semantic.
Use equal casing. 
Compare these module 
identifiers:
* C:\Users\pnp\Desktop
\depliying rapidnextec
h\WarpRapid\node_modul
es\next\dist\build\web
pack\loaders\next-swc-
loader.js??ruleSet[1].
rules[16].oneOf[7].use
[0]!C:\Users\pnp\Deskt
op\depliying rapidnext
ech\WarpRapid\node_mod
ules\next\dist\shared\
lib\mitt.js
    Used by 1 
module(s), i. e.
    C:\Users\pnp\Deskt
op\depliying rapidnext
ech\WarpRapid\node_mod
ules\next\dist\build\w
ebpack\loaders\next-sw
c-loader.js??ruleSet[1
].rules[16].oneOf[7].u
se[0]!C:\Users\pnp\Des
ktop\depliying rapidne
xtech\WarpRapid\node_m
odules\next\dist\share
d\lib\router\router.js
* C:\Users\pnp\Desktop
\depliying rapidnextec
h\WarpRapid\node_modul
es\next\dist\build\web
pack\loaders\next-swc-
loader.js??ruleSet[1].
rules[16].oneOf[7].use
[0]!C:\Users\pnp\deskt
op\depliying rapidnext
ech\WarpRapid\node_mod
ules\next\dist\shared\
lib\mitt.js
    Used by 3 
module(s), i. e.
    C:\Users\pnp\Deskt
op\depliying rapidnext
ech\WarpRapid\node_mod
ules\next\dist\build\w
ebpack\loaders\next-sw
c-loader.js??ruleSet[1
].rules[16].oneOf[7].u
se[0]!C:\Users\pnp\des
ktop\depliying rapidne
xtech\WarpRapid\node_m
odules\next\dist\clien
t\index.js

Import trace for 
requested module:
./node_modules/next/di
st/shared/lib/mitt.js
./node_modules/next/di
st/shared/lib/router/r
outer.js

./node_modules/next/di
st/shared/lib/page-pat
h/denormalize-page-pat
h.js
There are multiple 
modules with names 
that only differ in 
casing.
This can lead to 
unexpected behavior 
when compiling on a 
filesystem with other 
case-semantic.
Use equal casing. 
Compare these module 
identifiers:
* C:\Users\pnp\Desktop
\depliying rapidnextec
h\WarpRapid\node_modul
es\next\dist\build\web
pack\loaders\next-swc-
loader.js??ruleSet[1].
rules[16].oneOf[7].use
[0]!C:\Users\pnp\Deskt
op\depliying rapidnext
ech\WarpRapid\node_mod
ules\next\dist\shared\
lib\page-path\denormal
ize-page-path.js
    Used by 1 
module(s), i. e.
    C:\Users\pnp\Deskt
op\depliying rapidnext
ech\WarpRapid\node_mod
ules\next\dist\build\w
ebpack\loaders\next-sw
c-loader.js??ruleSet[1
].rules[16].oneOf[7].u
se[0]!C:\Users\pnp\Des
ktop\depliying rapidne
xtech\WarpRapid\node_m
odules\next\dist\share
d\lib\router\router.js
* C:\Users\pnp\Desktop
\depliying rapidnextec
h\WarpRapid\node_modul
es\next\dist\build\web
pack\loaders\next-swc-
loader.js??ruleSet[1].
rules[16].oneOf[7].use
[0]!C:\Users\pnp\deskt
op\depliying rapidnext
ech\WarpRapid\node_mod
ules\next\dist\shared\
lib\page-path\denormal
ize-page-path.js
    Used by 1 
module(s), i. e.
    C:\Users\pnp\Deskt
op\depliying rapidnext
ech\WarpRapid\node_mod
ules\next\dist\build\w
ebpack\loaders\next-sw
c-loader.js??ruleSet[1
].rules[16].oneOf[7].u
se[0]!C:\Users\pnp\des
ktop\depliying rapidne
xtech\WarpRapid\node_m
odules\next\dist\share
d\lib\router\router.js

Import trace for 
requested module:
./node_modules/next/di
st/shared/lib/page-pat
h/denormalize-page-pat
h.js
./node_modules/next/di
st/shared/lib/router/r
outer.js

./node_modules/next/di
st/shared/lib/page-pat
h/ensure-leading-slash
.js
There are multiple 
modules with names 
that only differ in 
casing.
This can lead to 
unexpected behavior 
when compiling on a 
filesystem with other 
case-semantic.
Use equal casing. 
Compare these module 
identifiers:
* C:\Users\pnp\Desktop
\depliying rapidnextec
h\WarpRapid\node_modul
es\next\dist\build\web
pack\loaders\next-swc-
loader.js??ruleSet[1].
rules[16].oneOf[7].use
[0]!C:\Users\pnp\Deskt
op\depliying rapidnext
ech\WarpRapid\node_mod
ules\next\dist\shared\
lib\page-path\ensure-l
eading-slash.js
    Used by 1 
module(s), i. e.
    C:\Users\pnp\Deskt
op\depliying rapidnext
ech\WarpRapid\node_mod
ules\next\dist\build\w
ebpack\loaders\next-sw
c-loader.js??ruleSet[1
].rules[16].oneOf[7].u
se[0]!C:\Users\pnp\Des
ktop\depliying rapidne
xtech\WarpRapid\node_m
odules\next\dist\share
d\lib\router\utils\app
-paths.js
* C:\Users\pnp\Desktop
\depliying rapidnextec
h\WarpRapid\node_modul
es\next\dist\build\web
pack\loaders\next-swc-
loader.js??ruleSet[1].
rules[16].oneOf[7].use
[0]!C:\Users\pnp\deskt
op\depliying rapidnext
ech\WarpRapid\node_mod
ules\next\dist\shared\
lib\page-path\ensure-l
eading-slash.js
    Used by 1 
module(s), i. e.
    C:\Users\pnp\Deskt
op\depliying rapidnext
ech\WarpRapid\node_mod
ules\next\dist\build\w
ebpack\loaders\next-sw
c-loader.js??ruleSet[1
].rules[16].oneOf[7].u
se[0]!C:\Users\pnp\des
ktop\depliying rapidne
xtech\WarpRapid\node_m
odules\next\dist\share
d\lib\router\utils\app
-paths.js

Import trace for 
requested module:
./node_modules/next/di
st/shared/lib/page-pat
h/ensure-leading-slash
.js
./node_modules/next/di
st/shared/lib/router/u
tils/app-paths.js
./node_modules/next/di
st/server/future/helpe
rs/interception-routes
.js
./node_modules/next/di
st/shared/lib/router/u
tils/is-dynamic.js
./node_modules/next/di
st/shared/lib/router/r
outer.js

./node_modules/next/di
st/shared/lib/page-pat
h/normalize-path-sep.j
s
There are multiple 
modules with names 
that only differ in 
casing.
This can lead to 
unexpected behavior 
when compiling on a 
filesystem with other 
case-semantic.
Use equal casing. 
Compare these module 
identifiers:
* C:\Users\pnp\Desktop
\depliying rapidnextec
h\WarpRapid\node_modul
es\next\dist\build\web
pack\loaders\next-swc-
loader.js??ruleSet[1].
rules[16].oneOf[7].use
[0]!C:\Users\pnp\Deskt
op\depliying rapidnext
ech\WarpRapid\node_mod
ules\next\dist\shared\
lib\page-path\normaliz
e-path-sep.js
    Used by 1 
module(s), i. e.
    C:\Users\pnp\Deskt
op\depliying rapidnext
ech\WarpRapid\node_mod
ules\next\dist\build\w
ebpack\loaders\next-sw
c-loader.js??ruleSet[1
].rules[16].oneOf[7].u
se[0]!C:\Users\pnp\Des
ktop\depliying rapidne
xtech\WarpRapid\node_m
odules\next\dist\share
d\lib\page-path\denorm
alize-page-path.js
* C:\Users\pnp\Desktop
\depliying rapidnextec
h\WarpRapid\node_modul
es\next\dist\build\web
pack\loaders\next-swc-
loader.js??ruleSet[1].
rules[16].oneOf[7].use
[0]!C:\Users\pnp\deskt
op\depliying rapidnext
ech\WarpRapid\node_mod
ules\next\dist\shared\
lib\page-path\normaliz
e-path-sep.js
    Used by 1 
module(s), i. e.
    C:\Users\pnp\Deskt
op\depliying rapidnext
ech\WarpRapid\node_mod
ules\next\dist\build\w
ebpack\loaders\next-sw
c-loader.js??ruleSet[1
].rules[16].oneOf[7].u
se[0]!C:\Users\pnp\des
ktop\depliying rapidne
xtech\WarpRapid\node_m
odules\next\dist\share
d\lib\page-path\denorm
alize-page-path.js

Import trace for 
requested module:
./node_modules/next/di
st/shared/lib/page-pat
h/normalize-path-sep.j
s
./node_modules/next/di
st/shared/lib/page-pat
h/denormalize-page-pat
h.js
./node_modules/next/di
st/shared/lib/router/r
outer.js

./node_modules/next/di
st/shared/lib/router-c
ontext.shared-runtime.
js
There are multiple 
modules with names 
that only differ in 
casing.
This can lead to 
unexpected behavior 
when compiling on a 
filesystem with other 
case-semantic.
Use equal casing. 
Compare these module 
identifiers:
* C:\Users\pnp\Desktop
\depliying rapidnextec
h\WarpRapid\node_modul
es\next\dist\build\web
pack\loaders\next-swc-
loader.js??ruleSet[1].
rules[16].oneOf[7].use
[0]!C:\Users\pnp\Deskt
op\depliying rapidnext
ech\WarpRapid\node_mod
ules\next\dist\shared\
lib\router-context.sha
red-runtime.js
    Used by 1 
module(s), i. e.
    C:\Users\pnp\Deskt
op\depliying rapidnext
ech\WarpRapid\node_mod
ules\next\dist\build\w
ebpack\loaders\next-sw
c-loader.js??ruleSet[1
].rules[16].oneOf[7].u
se[0]!C:\Users\pnp\Des
ktop\depliying rapidne
xtech\WarpRapid\node_m
odules\next\dist\clien
t\router.js
* C:\Users\pnp\Desktop
\depliying rapidnextec
h\WarpRapid\node_modul
es\next\dist\build\web
pack\loaders\next-swc-
loader.js??ruleSet[1].
rules[16].oneOf[7].use
[0]!C:\Users\pnp\deskt
op\depliying rapidnext
ech\WarpRapid\node_mod
ules\next\dist\shared\
lib\router-context.sha
red-runtime.js
    Used by 2 
module(s), i. e.
    C:\Users\pnp\Deskt
op\depliying rapidnext
ech\WarpRapid\node_mod
ules\next\dist\build\w
ebpack\loaders\next-sw
c-loader.js??ruleSet[1
].rules[16].oneOf[7].u
se[0]!C:\Users\pnp\des
ktop\depliying rapidne
xtech\WarpRapid\node_m
odules\next\dist\clien
t\index.js

Import trace for 
requested module:
./node_modules/next/di
st/shared/lib/router-c
ontext.shared-runtime.
js

./node_modules/next/di
st/shared/lib/router/r
outer.js
There are multiple 
modules with names 
that only differ in 
casing.
This can lead to 
unexpected behavior 
when compiling on a 
filesystem with other 
case-semantic.
Use equal casing. 
Compare these module 
identifiers:
* C:\Users\pnp\Desktop
\depliying rapidnextec
h\WarpRapid\node_modul
es\next\dist\build\web
pack\loaders\next-swc-
loader.js??ruleSet[1].
rules[16].oneOf[7].use
[0]!C:\Users\pnp\Deskt
op\depliying rapidnext
ech\WarpRapid\node_mod
ules\next\dist\shared\
lib\router\router.js
    Used by 2 
module(s), i. e.
    C:\Users\pnp\Deskt
op\depliying rapidnext
ech\WarpRapid\node_mod
ules\next\dist\build\w
ebpack\loaders\next-sw
c-loader.js??ruleSet[1
].rules[16].oneOf[7].u
se[0]!C:\Users\pnp\Des
ktop\depliying rapidne
xtech\WarpRapid\node_m
odules\next\dist\clien
t\router.js
* C:\Users\pnp\Desktop
\depliying rapidnextec
h\WarpRapid\node_modul
es\next\dist\build\web
pack\loaders\next-swc-
loader.js??ruleSet[1].
rules[16].oneOf[7].use
[0]!C:\Users\pnp\deskt
op\depliying rapidnext
ech\WarpRapid\node_mod
ules\next\dist\shared\
lib\router\router.js
    Used by 2 
module(s), i. e.
    C:\Users\pnp\Deskt
op\depliying rapidnext
ech\WarpRapid\node_mod
ules\next\dist\build\w
ebpack\loaders\next-sw
c-loader.js??ruleSet[1
].rules[16].oneOf[7].u
se[0]!C:\Users\pnp\des
ktop\depliying rapidne
xtech\WarpRapid\node_m
odules\next\dist\clien
t\router.js

Import trace for 
requested module:
./node_modules/next/di
st/shared/lib/router/r
outer.js

./node_modules/next/di
st/shared/lib/router/u
tils/add-locale.js
There are multiple 
modules with names 
that only differ in 
casing.
This can lead to 
unexpected behavior 
when compiling on a 
filesystem with other 
case-semantic.
Use equal casing. 
Compare these module 
identifiers:
* C:\Users\pnp\Desktop
\depliying rapidnextec
h\WarpRapid\node_modul
es\next\dist\build\web
pack\loaders\next-swc-
loader.js??ruleSet[1].
rules[16].oneOf[7].use
[0]!C:\Users\pnp\Deskt
op\depliying rapidnext
ech\WarpRapid\node_mod
ules\next\dist\shared\
lib\router\utils\add-l
ocale.js
    Used by 1 
module(s), i. e.
    C:\Users\pnp\Deskt
op\depliying rapidnext
ech\WarpRapid\node_mod
ules\next\dist\build\w
ebpack\loaders\next-sw
c-loader.js??ruleSet[1
].rules[16].oneOf[7].u
se[0]!C:\Users\pnp\Des
ktop\depliying rapidne
xtech\WarpRapid\node_m
odules\next\dist\share
d\lib\router\utils\for
mat-next-pathname-info
.js
* C:\Users\pnp\Desktop
\depliying rapidnextec
h\WarpRapid\node_modul
es\next\dist\build\web
pack\loaders\next-swc-
loader.js??ruleSet[1].
rules[16].oneOf[7].use
[0]!C:\Users\pnp\deskt
op\depliying rapidnext
ech\WarpRapid\node_mod
ules\next\dist\shared\
lib\router\utils\add-l
ocale.js
    Used by 1 
module(s), i. e.
    C:\Users\pnp\Deskt
op\depliying rapidnext
ech\WarpRapid\node_mod
ules\next\dist\build\w
ebpack\loaders\next-sw
c-loader.js??ruleSet[1
].rules[16].oneOf[7].u
se[0]!C:\Users\pnp\des
ktop\depliying rapidne
xtech\WarpRapid\node_m
odules\next\dist\share
d\lib\router\utils\for
mat-next-pathname-info
.js

Import trace for 
requested module:
./node_modules/next/di
st/shared/lib/router/u
tils/add-locale.js
./node_modules/next/di
st/shared/lib/router/u
tils/format-next-pathn
ame-info.js
./node_modules/next/di
st/shared/lib/router/r
outer.js

./node_modules/next/di
st/shared/lib/router/u
tils/add-path-prefix.j
s
There are multiple 
modules with names 
that only differ in 
casing.
This can lead to 
unexpected behavior 
when compiling on a 
filesystem with other 
case-semantic.
Use equal casing. 
Compare these module 
identifiers:
* C:\Users\pnp\Desktop
\depliying rapidnextec
h\WarpRapid\node_modul
es\next\dist\build\web
pack\loaders\next-swc-
loader.js??ruleSet[1].
rules[16].oneOf[7].use
[0]!C:\Users\pnp\Deskt
op\depliying rapidnext
ech\WarpRapid\node_mod
ules\next\dist\shared\
lib\router\utils\add-p
ath-prefix.js
    Used by 3 
module(s), i. e.
    C:\Users\pnp\Deskt
op\depliying rapidnext
ech\WarpRapid\node_mod
ules\next\dist\build\w
ebpack\loaders\next-sw
c-loader.js??ruleSet[1
].rules[16].oneOf[7].u
se[0]!C:\Users\pnp\Des
ktop\depliying rapidne
xtech\WarpRapid\node_m
odules\next\dist\clien
t\add-base-path.js
* C:\Users\pnp\Desktop
\depliying rapidnextec
h\WarpRapid\node_modul
es\next\dist\build\web
pack\loaders\next-swc-
loader.js??ruleSet[1].
rules[16].oneOf[7].use
[0]!C:\Users\pnp\deskt
op\depliying rapidnext
ech\WarpRapid\node_mod
ules\next\dist\shared\
lib\router\utils\add-p
ath-prefix.js
    Used by 3 
module(s), i. e.
    C:\Users\pnp\Deskt
op\depliying rapidnext
ech\WarpRapid\node_mod
ules\next\dist\build\w
ebpack\loaders\next-sw
c-loader.js??ruleSet[1
].rules[16].oneOf[7].u
se[0]!C:\Users\pnp\des
ktop\depliying rapidne
xtech\WarpRapid\node_m
odules\next\dist\clien
t\add-base-path.js

Import trace for 
requested module:
./node_modules/next/di
st/shared/lib/router/u
tils/add-path-prefix.j
s
./node_modules/next/di
st/client/add-base-pat
h.js
./node_modules/next/di
st/shared/lib/router/r
outer.js

./node_modules/next/di
st/shared/lib/router/u
tils/add-path-suffix.j
s
There are multiple 
modules with names 
that only differ in 
casing.
This can lead to 
unexpected behavior 
when compiling on a 
filesystem with other 
case-semantic.
Use equal casing. 
Compare these module 
identifiers:
* C:\Users\pnp\Desktop
\depliying rapidnextec
h\WarpRapid\node_modul
es\next\dist\build\web
pack\loaders\next-swc-
loader.js??ruleSet[1].
rules[16].oneOf[7].use
[0]!C:\Users\pnp\Deskt
op\depliying rapidnext
ech\WarpRapid\node_mod
ules\next\dist\shared\
lib\router\utils\add-p
ath-suffix.js
    Used by 1 
module(s), i. e.
    C:\Users\pnp\Deskt
op\depliying rapidnext
ech\WarpRapid\node_mod
ules\next\dist\build\w
ebpack\loaders\next-sw
c-loader.js??ruleSet[1
].rules[16].oneOf[7].u
se[0]!C:\Users\pnp\Des
ktop\depliying rapidne
xtech\WarpRapid\node_m
odules\next\dist\share
d\lib\router\utils\for
mat-next-pathname-info
.js
* C:\Users\pnp\Desktop
\depliying rapidnextec
h\WarpRapid\node_modul
es\next\dist\build\web
pack\loaders\next-swc-
loader.js??ruleSet[1].
rules[16].oneOf[7].use
[0]!C:\Users\pnp\deskt
op\depliying rapidnext
ech\WarpRapid\node_mod
ules\next\dist\shared\
lib\router\utils\add-p
ath-suffix.js
    Used by 1 
module(s), i. e.
    C:\Users\pnp\Deskt
op\depliying rapidnext
ech\WarpRapid\node_mod
ules\next\dist\build\w
ebpack\loaders\next-sw
c-loader.js??ruleSet[1
].rules[16].oneOf[7].u
se[0]!C:\Users\pnp\des
ktop\depliying rapidne
xtech\WarpRapid\node_m
odules\next\dist\share
d\lib\router\utils\for
mat-next-pathname-info
.js

Import trace for 
requested module:
./node_modules/next/di
st/shared/lib/router/u
tils/add-path-suffix.j
s
./node_modules/next/di
st/shared/lib/router/u
tils/format-next-pathn
ame-info.js
./node_modules/next/di
st/shared/lib/router/r
outer.js

./node_modules/next/di
st/shared/lib/router/u
tils/app-paths.js
There are multiple 
modules with names 
that only differ in 
casing.
This can lead to 
unexpected behavior 
when compiling on a 
filesystem with other 
case-semantic.
Use equal casing. 
Compare these module 
identifiers:
* C:\Users\pnp\Desktop
\depliying rapidnextec
h\WarpRapid\node_modul
es\next\dist\build\web
pack\loaders\next-swc-
loader.js??ruleSet[1].
rules[16].oneOf[7].use
[0]!C:\Users\pnp\Deskt
op\depliying rapidnext
ech\WarpRapid\node_mod
ules\next\dist\shared\
lib\router\utils\app-p
aths.js
    Used by 2 
module(s), i. e.
    C:\Users\pnp\Deskt
op\depliying rapidnext
ech\WarpRapid\node_mod
ules\next\dist\server\
future\helpers\interce
ption-routes.js
* C:\Users\pnp\Desktop
\depliying rapidnextec
h\WarpRapid\node_modul
es\next\dist\build\web
pack\loaders\next-swc-
loader.js??ruleSet[1].
rules[16].oneOf[7].use
[0]!C:\Users\pnp\deskt
op\depliying rapidnext
ech\WarpRapid\node_mod
ules\next\dist\shared\
lib\router\utils\app-p
aths.js
    Used by 2 
module(s), i. e.
    C:\Users\pnp\deskt
op\depliying rapidnext
ech\WarpRapid\node_mod
ules\next\dist\server\
future\helpers\interce
ption-routes.js

Import trace for 
requested module:
./node_modules/next/di
st/shared/lib/router/u
tils/app-paths.js
./node_modules/next/di
st/server/future/helpe
rs/interception-routes
.js
./node_modules/next/di
st/shared/lib/router/u
tils/is-dynamic.js
./node_modules/next/di
st/shared/lib/router/r
outer.js

./node_modules/next/di
st/shared/lib/router/u
tils/compare-states.js
There are multiple 
modules with names 
that only differ in 
casing.
This can lead to 
unexpected behavior 
when compiling on a 
filesystem with other 
case-semantic.
Use equal casing. 
Compare these module 
identifiers:
* C:\Users\pnp\Desktop
\depliying rapidnextec
h\WarpRapid\node_modul
es\next\dist\build\web
pack\loaders\next-swc-
loader.js??ruleSet[1].
rules[16].oneOf[7].use
[0]!C:\Users\pnp\Deskt
op\depliying rapidnext
ech\WarpRapid\node_mod
ules\next\dist\shared\
lib\router\utils\compa
re-states.js
    Used by 1 
module(s), i. e.
    C:\Users\pnp\Deskt
op\depliying rapidnext
ech\WarpRapid\node_mod
ules\next\dist\build\w
ebpack\loaders\next-sw
c-loader.js??ruleSet[1
].rules[16].oneOf[7].u
se[0]!C:\Users\pnp\Des
ktop\depliying rapidne
xtech\WarpRapid\node_m
odules\next\dist\share
d\lib\router\router.js
* C:\Users\pnp\Desktop
\depliying rapidnextec
h\WarpRapid\node_modul
es\next\dist\build\web
pack\loaders\next-swc-
loader.js??ruleSet[1].
rules[16].oneOf[7].use
[0]!C:\Users\pnp\deskt
op\depliying rapidnext
ech\WarpRapid\node_mod
ules\next\dist\shared\
lib\router\utils\compa
re-states.js
    Used by 1 
module(s), i. e.
    C:\Users\pnp\Deskt
op\depliying rapidnext
ech\WarpRapid\node_mod
ules\next\dist\build\w
ebpack\loaders\next-sw
c-loader.js??ruleSet[1
].rules[16].oneOf[7].u
se[0]!C:\Users\pnp\des
ktop\depliying rapidne
xtech\WarpRapid\node_m
odules\next\dist\share
d\lib\router\router.js

Import trace for 
requested module:
./node_modules/next/di
st/shared/lib/router/u
tils/compare-states.js
./node_modules/next/di
st/shared/lib/router/r
outer.js

./node_modules/next/di
st/shared/lib/router/u
tils/format-next-pathn
ame-info.js
There are multiple 
modules with names 
that only differ in 
casing.
This can lead to 
unexpected behavior 
when compiling on a 
filesystem with other 
case-semantic.
Use equal casing. 
Compare these module 
identifiers:
* C:\Users\pnp\Desktop
\depliying rapidnextec
h\WarpRapid\node_modul
es\next\dist\build\web
pack\loaders\next-swc-
loader.js??ruleSet[1].
rules[16].oneOf[7].use
[0]!C:\Users\pnp\Deskt
op\depliying rapidnext
ech\WarpRapid\node_mod
ules\next\dist\shared\
lib\router\utils\forma
t-next-pathname-info.j
s
    Used by 1 
module(s), i. e.
    C:\Users\pnp\Deskt
op\depliying rapidnext
ech\WarpRapid\node_mod
ules\next\dist\build\w
ebpack\loaders\next-sw
c-loader.js??ruleSet[1
].rules[16].oneOf[7].u
se[0]!C:\Users\pnp\Des
ktop\depliying rapidne
xtech\WarpRapid\node_m
odules\next\dist\share
d\lib\router\router.js
* C:\Users\pnp\Desktop
\depliying rapidnextec
h\WarpRapid\node_modul
es\next\dist\build\web
pack\loaders\next-swc-
loader.js??ruleSet[1].
rules[16].oneOf[7].use
[0]!C:\Users\pnp\deskt
op\depliying rapidnext
ech\WarpRapid\node_mod
ules\next\dist\shared\
lib\router\utils\forma
t-next-pathname-info.j
s
    Used by 1 
module(s), i. e.
    C:\Users\pnp\Deskt
op\depliying rapidnext
ech\WarpRapid\node_mod
ules\next\dist\build\w
ebpack\loaders\next-sw
c-loader.js??ruleSet[1
].rules[16].oneOf[7].u
se[0]!C:\Users\pnp\des
ktop\depliying rapidne
xtech\WarpRapid\node_m
odules\next\dist\share
d\lib\router\router.js

Import trace for 
requested module:
./node_modules/next/di
st/shared/lib/router/u
tils/format-next-pathn
ame-info.js
./node_modules/next/di
st/shared/lib/router/r
outer.js

./node_modules/next/di
st/shared/lib/router/u
tils/format-url.js
There are multiple 
modules with names 
that only differ in 
casing.
This can lead to 
unexpected behavior 
when compiling on a 
filesystem with other 
case-semantic.
Use equal casing. 
Compare these module 
identifiers:
* C:\Users\pnp\Desktop
\depliying rapidnextec
h\WarpRapid\node_modul
es\next\dist\build\web
pack\loaders\next-swc-
loader.js??ruleSet[1].
rules[16].oneOf[7].use
[0]!C:\Users\pnp\Deskt
op\depliying rapidnext
ech\WarpRapid\node_mod
ules\next\dist\shared\
lib\router\utils\forma
t-url.js
    Used by 3 
module(s), i. e.
    C:\Users\pnp\Deskt
op\depliying rapidnext
ech\WarpRapid\node_mod
ules\next\dist\build\w
ebpack\loaders\next-sw
c-loader.js??ruleSet[1
].rules[16].oneOf[7].u
se[0]!C:\Users\pnp\Des
ktop\depliying rapidne
xtech\WarpRapid\node_m
odules\next\dist\share
d\lib\router\router.js
* C:\Users\pnp\Desktop
\depliying rapidnextec
h\WarpRapid\node_modul
es\next\dist\build\web
pack\loaders\next-swc-
loader.js??ruleSet[1].
rules[16].oneOf[7].use
[0]!C:\Users\pnp\deskt
op\depliying rapidnext
ech\WarpRapid\node_mod
ules\next\dist\shared\
lib\router\utils\forma
t-url.js
    Used by 3 
module(s), i. e.
    C:\Users\pnp\Deskt
op\depliying rapidnext
ech\WarpRapid\node_mod
ules\next\dist\build\w
ebpack\loaders\next-sw
c-loader.js??ruleSet[1
].rules[16].oneOf[7].u
se[0]!C:\Users\pnp\des
ktop\depliying rapidne
xtech\WarpRapid\node_m
odules\next\dist\share
d\lib\router\router.js

Import trace for 
requested module:
./node_modules/next/di
st/shared/lib/router/u
tils/format-url.js
./node_modules/next/di
st/shared/lib/router/r
outer.js

./node_modules/next/di
st/shared/lib/router/u
tils/get-asset-path-fr
om-route.js
There are multiple 
modules with names 
that only differ in 
casing.
This can lead to 
unexpected behavior 
when compiling on a 
filesystem with other 
case-semantic.
Use equal casing. 
Compare these module 
identifiers:
* C:\Users\pnp\Desktop
\depliying rapidnextec
h\WarpRapid\node_modul
es\next\dist\build\web
pack\loaders\next-swc-
loader.js??ruleSet[1].
rules[16].oneOf[7].use
[0]!C:\Users\pnp\Deskt
op\depliying rapidnext
ech\WarpRapid\node_mod
ules\next\dist\shared\
lib\router\utils\get-a
sset-path-from-route.j
s
    Used by 1 
module(s), i. e.
    C:\Users\pnp\Deskt
op\depliying rapidnext
ech\WarpRapid\node_mod
ules\next\dist\build\w
ebpack\loaders\next-sw
c-loader.js??ruleSet[1
].rules[16].oneOf[7].u
se[0]!C:\Users\pnp\Des
ktop\depliying rapidne
xtech\WarpRapid\node_m
odules\next\dist\clien
t\route-loader.js
* C:\Users\pnp\Desktop
\depliying rapidnextec
h\WarpRapid\node_modul
es\next\dist\build\web
pack\loaders\next-swc-
loader.js??ruleSet[1].
rules[16].oneOf[7].use
[0]!C:\Users\pnp\deskt
op\depliying rapidnext
ech\WarpRapid\node_mod
ules\next\dist\shared\
lib\router\utils\get-a
sset-path-from-route.j
s
    Used by 2 
module(s), i. e.
    C:\Users\pnp\Deskt
op\depliying rapidnext
ech\WarpRapid\node_mod
ules\next\dist\build\w
ebpack\loaders\next-sw
c-loader.js??ruleSet[1
].rules[16].oneOf[7].u
se[0]!C:\Users\pnp\des
ktop\depliying rapidne
xtech\WarpRapid\node_m
odules\next\dist\clien
t\page-loader.js

Import trace for 
requested module:
./node_modules/next/di
st/shared/lib/router/u
tils/get-asset-path-fr
om-route.js
./node_modules/next/di
st/client/route-loader
.js
./node_modules/next/di
st/shared/lib/router/r
outer.js

./node_modules/next/di
st/shared/lib/router/u
tils/get-next-pathname
-info.js
There are multiple 
modules with names 
that only differ in 
casing.
This can lead to 
unexpected behavior 
when compiling on a 
filesystem with other 
case-semantic.
Use equal casing. 
Compare these module 
identifiers:
* C:\Users\pnp\Desktop
\depliying rapidnextec
h\WarpRapid\node_modul
es\next\dist\build\web
pack\loaders\next-swc-
loader.js??ruleSet[1].
rules[16].oneOf[7].use
[0]!C:\Users\pnp\Deskt
op\depliying rapidnext
ech\WarpRapid\node_mod
ules\next\dist\shared\
lib\router\utils\get-n
ext-pathname-info.js
    Used by 1 
module(s), i. e.
    C:\Users\pnp\Deskt
op\depliying rapidnext
ech\WarpRapid\node_mod
ules\next\dist\build\w
ebpack\loaders\next-sw
c-loader.js??ruleSet[1
].rules[16].oneOf[7].u
se[0]!C:\Users\pnp\Des
ktop\depliying rapidne
xtech\WarpRapid\node_m
odules\next\dist\share
d\lib\router\router.js
* C:\Users\pnp\Desktop
\depliying rapidnextec
h\WarpRapid\node_modul
es\next\dist\build\web
pack\loaders\next-swc-
loader.js??ruleSet[1].
rules[16].oneOf[7].use
[0]!C:\Users\pnp\deskt
op\depliying rapidnext
ech\WarpRapid\node_mod
ules\next\dist\shared\
lib\router\utils\get-n
ext-pathname-info.js
    Used by 1 
module(s), i. e.
    C:\Users\pnp\Deskt
op\depliying rapidnext
ech\WarpRapid\node_mod
ules\next\dist\build\w
ebpack\loaders\next-sw
c-loader.js??ruleSet[1
].rules[16].oneOf[7].u
se[0]!C:\Users\pnp\des
ktop\depliying rapidne
xtech\WarpRapid\node_m
odules\next\dist\share
d\lib\router\router.js

Import trace for 
requested module:
./node_modules/next/di
st/shared/lib/router/u
tils/get-next-pathname
-info.js
./node_modules/next/di
st/shared/lib/router/r
outer.js

./node_modules/next/di
st/shared/lib/router/u
tils/handle-smooth-scr
oll.js
There are multiple 
modules with names 
that only differ in 
casing.
This can lead to 
unexpected behavior 
when compiling on a 
filesystem with other 
case-semantic.
Use equal casing. 
Compare these module 
identifiers:
* C:\Users\pnp\Desktop
\depliying rapidnextec
h\WarpRapid\node_modul
es\next\dist\build\web
pack\loaders\next-swc-
loader.js??ruleSet[1].
rules[16].oneOf[7].use
[0]!C:\Users\pnp\Deskt
op\depliying rapidnext
ech\WarpRapid\node_mod
ules\next\dist\shared\
lib\router\utils\handl
e-smooth-scroll.js
    Used by 1 
module(s), i. e.
    C:\Users\pnp\Deskt
op\depliying rapidnext
ech\WarpRapid\node_mod
ules\next\dist\build\w
ebpack\loaders\next-sw
c-loader.js??ruleSet[1
].rules[16].oneOf[7].u
se[0]!C:\Users\pnp\Des
ktop\depliying rapidne
xtech\WarpRapid\node_m
odules\next\dist\share
d\lib\router\router.js
* C:\Users\pnp\Desktop
\depliying rapidnextec
h\WarpRapid\node_modul
es\next\dist\build\web
pack\loaders\next-swc-
loader.js??ruleSet[1].
rules[16].oneOf[7].use
[0]!C:\Users\pnp\deskt
op\depliying rapidnext
ech\WarpRapid\node_mod
ules\next\dist\shared\
lib\router\utils\handl
e-smooth-scroll.js
    Used by 2 
module(s), i. e.
    C:\Users\pnp\Deskt
op\depliying rapidnext
ech\WarpRapid\node_mod
ules\next\dist\build\w
ebpack\loaders\next-sw
c-loader.js??ruleSet[1
].rules[16].oneOf[7].u
se[0]!C:\Users\pnp\des
ktop\depliying rapidne
xtech\WarpRapid\node_m
odules\next\dist\clien
t\index.js

Import trace for 
requested module:
./node_modules/next/di
st/shared/lib/router/u
tils/handle-smooth-scr
oll.js
./node_modules/next/di
st/shared/lib/router/r
outer.js

./node_modules/next/di
st/shared/lib/router/u
tils/index.js
There are multiple 
modules with names 
that only differ in 
casing.
This can lead to 
unexpected behavior 
when compiling on a 
filesystem with other 
case-semantic.
Use equal casing. 
Compare these module 
identifiers:
* C:\Users\pnp\Desktop
\depliying rapidnextec
h\WarpRapid\node_modul
es\next\dist\build\web
pack\loaders\next-swc-
loader.js??ruleSet[1].
rules[16].oneOf[7].use
[0]!C:\Users\pnp\Deskt
op\depliying rapidnext
ech\WarpRapid\node_mod
ules\next\dist\shared\
lib\router\utils\index
.js
    Used by 3 
module(s), i. e.
    C:\Users\pnp\Deskt
op\depliying rapidnext
ech\WarpRapid\node_mod
ules\next\dist\build\w
ebpack\loaders\next-sw
c-loader.js??ruleSet[1
].rules[16].oneOf[7].u
se[0]!C:\Users\pnp\Des
ktop\depliying rapidne
xtech\WarpRapid\node_m
odules\next\dist\share
d\lib\page-path\denorm
alize-page-path.js
* C:\Users\pnp\Desktop
\depliying rapidnextec
h\WarpRapid\node_modul
es\next\dist\build\web
pack\loaders\next-swc-
loader.js??ruleSet[1].
rules[16].oneOf[7].use
[0]!C:\Users\pnp\deskt
op\depliying rapidnext
ech\WarpRapid\node_mod
ules\next\dist\shared\
lib\router\utils\index
.js
    Used by 4 
module(s), i. e.
    C:\Users\pnp\Deskt
op\depliying rapidnext
ech\WarpRapid\node_mod
ules\next\dist\build\w
ebpack\loaders\next-sw
c-loader.js??ruleSet[1
].rules[16].oneOf[7].u
se[0]!C:\Users\pnp\des
ktop\depliying rapidne
xtech\WarpRapid\node_m
odules\next\dist\share
d\lib\router\adapters.
js

Import trace for 
requested module:
./node_modules/next/di
st/shared/lib/router/u
tils/index.js
./node_modules/next/di
st/shared/lib/page-pat
h/denormalize-page-pat
h.js
./node_modules/next/di
st/shared/lib/router/r
outer.js

./node_modules/next/di
st/shared/lib/router/u
tils/interpolate-as.js
There are multiple 
modules with names 
that only differ in 
casing.
This can lead to 
unexpected behavior 
when compiling on a 
filesystem with other 
case-semantic.
Use equal casing. 
Compare these module 
identifiers:
* C:\Users\pnp\Desktop
\depliying rapidnextec
h\WarpRapid\node_modul
es\next\dist\build\web
pack\loaders\next-swc-
loader.js??ruleSet[1].
rules[16].oneOf[7].use
[0]!C:\Users\pnp\Deskt
op\depliying rapidnext
ech\WarpRapid\node_mod
ules\next\dist\shared\
lib\router\utils\inter
polate-as.js
    Used by 2 
module(s), i. e.
    C:\Users\pnp\Deskt
op\depliying rapidnext
ech\WarpRapid\node_mod
ules\next\dist\build\w
ebpack\loaders\next-sw
c-loader.js??ruleSet[1
].rules[16].oneOf[7].u
se[0]!C:\Users\pnp\Des
ktop\depliying rapidne
xtech\WarpRapid\node_m
odules\next\dist\share
d\lib\router\router.js
* C:\Users\pnp\Desktop
\depliying rapidnextec
h\WarpRapid\node_modul
es\next\dist\build\web
pack\loaders\next-swc-
loader.js??ruleSet[1].
rules[16].oneOf[7].use
[0]!C:\Users\pnp\deskt
op\depliying rapidnext
ech\WarpRapid\node_mod
ules\next\dist\shared\
lib\router\utils\inter
polate-as.js
    Used by 3 
module(s), i. e.
    C:\Users\pnp\Deskt
op\depliying rapidnext
ech\WarpRapid\node_mod
ules\next\dist\build\w
ebpack\loaders\next-sw
c-loader.js??ruleSet[1
].rules[16].oneOf[7].u
se[0]!C:\Users\pnp\des
ktop\depliying rapidne
xtech\WarpRapid\node_m
odules\next\dist\clien
t\page-loader.js

Import trace for 
requested module:
./node_modules/next/di
st/shared/lib/router/u
tils/interpolate-as.js
./node_modules/next/di
st/shared/lib/router/r
outer.js

./node_modules/next/di
st/shared/lib/router/u
tils/is-bot.js
There are multiple 
modules with names 
that only differ in 
casing.
This can lead to 
unexpected behavior 
when compiling on a 
filesystem with other 
case-semantic.
Use equal casing. 
Compare these module 
identifiers:
* C:\Users\pnp\Desktop
\depliying rapidnextec
h\WarpRapid\node_modul
es\next\dist\build\web
pack\loaders\next-swc-
loader.js??ruleSet[1].
rules[16].oneOf[7].use
[0]!C:\Users\pnp\Deskt
op\depliying rapidnext
ech\WarpRapid\node_mod
ules\next\dist\shared\
lib\router\utils\is-bo
t.js
    Used by 1 
module(s), i. e.
    C:\Users\pnp\Deskt
op\depliying rapidnext
ech\WarpRapid\node_mod
ules\next\dist\build\w
ebpack\loaders\next-sw
c-loader.js??ruleSet[1
].rules[16].oneOf[7].u
se[0]!C:\Users\pnp\Des
ktop\depliying rapidne
xtech\WarpRapid\node_m
odules\next\dist\share
d\lib\router\router.js
* C:\Users\pnp\Desktop
\depliying rapidnextec
h\WarpRapid\node_modul
es\next\dist\build\web
pack\loaders\next-swc-
loader.js??ruleSet[1].
rules[16].oneOf[7].use
[0]!C:\Users\pnp\deskt
op\depliying rapidnext
ech\WarpRapid\node_mod
ules\next\dist\shared\
lib\router\utils\is-bo
t.js
    Used by 1 
module(s), i. e.
    C:\Users\pnp\Deskt
op\depliying rapidnext
ech\WarpRapid\node_mod
ules\next\dist\build\w
ebpack\loaders\next-sw
c-loader.js??ruleSet[1
].rules[16].oneOf[7].u
se[0]!C:\Users\pnp\des
ktop\depliying rapidne
xtech\WarpRapid\node_m
odules\next\dist\share
d\lib\router\router.js

Import trace for 
requested module:
./node_modules/next/di
st/shared/lib/router/u
tils/is-bot.js
./node_modules/next/di
st/shared/lib/router/r
outer.js

./node_modules/next/di
st/shared/lib/router/u
tils/is-dynamic.js
There are multiple 
modules with names 
that only differ in 
casing.
This can lead to 
unexpected behavior 
when compiling on a 
filesystem with other 
case-semantic.
Use equal casing. 
Compare these module 
identifiers:
* C:\Users\pnp\Desktop
\depliying rapidnextec
h\WarpRapid\node_modul
es\next\dist\build\web
pack\loaders\next-swc-
loader.js??ruleSet[1].
rules[16].oneOf[7].use
[0]!C:\Users\pnp\Deskt
op\depliying rapidnext
ech\WarpRapid\node_mod
ules\next\dist\shared\
lib\router\utils\is-dy
namic.js
    Used by 2 
module(s), i. e.
    C:\Users\pnp\Deskt
op\depliying rapidnext
ech\WarpRapid\node_mod
ules\next\dist\build\w
ebpack\loaders\next-sw
c-loader.js??ruleSet[1
].rules[16].oneOf[7].u
se[0]!C:\Users\pnp\Des
ktop\depliying rapidne
xtech\WarpRapid\node_m
odules\next\dist\share
d\lib\router\router.js
* C:\Users\pnp\Desktop
\depliying rapidnextec
h\WarpRapid\node_modul
es\next\dist\build\web
pack\loaders\next-swc-
loader.js??ruleSet[1].
rules[16].oneOf[7].use
[0]!C:\Users\pnp\deskt
op\depliying rapidnext
ech\WarpRapid\node_mod
ules\next\dist\shared\
lib\router\utils\is-dy
namic.js
    Used by 4 
module(s), i. e.
    C:\Users\pnp\Deskt
op\depliying rapidnext
ech\WarpRapid\node_mod
ules\next\dist\build\w
ebpack\loaders\next-sw
c-loader.js??ruleSet[1
].rules[16].oneOf[7].u
se[0]!C:\Users\pnp\des
ktop\depliying rapidne
xtech\WarpRapid\node_m
odules\next\dist\clien
t\index.js

Import trace for 
requested module:
./node_modules/next/di
st/shared/lib/router/u
tils/is-dynamic.js
./node_modules/next/di
st/shared/lib/router/r
outer.js

./node_modules/next/di
st/shared/lib/router/u
tils/is-local-url.js
There are multiple 
modules with names 
that only differ in 
casing.
This can lead to 
unexpected behavior 
when compiling on a 
filesystem with other 
case-semantic.
Use equal casing. 
Compare these module 
identifiers:
* C:\Users\pnp\Desktop
\depliying rapidnextec
h\WarpRapid\node_modul
es\next\dist\build\web
pack\loaders\next-swc-
loader.js??ruleSet[1].
rules[16].oneOf[7].use
[0]!C:\Users\pnp\Deskt
op\depliying rapidnext
ech\WarpRapid\node_mod
ules\next\dist\shared\
lib\router\utils\is-lo
cal-url.js
    Used by 2 
module(s), i. e.
    C:\Users\pnp\Deskt
op\depliying rapidnext
ech\WarpRapid\node_mod
ules\next\dist\build\w
ebpack\loaders\next-sw
c-loader.js??ruleSet[1
].rules[16].oneOf[7].u
se[0]!C:\Users\pnp\Des
ktop\depliying rapidne
xtech\WarpRapid\node_m
odules\next\dist\share
d\lib\router\router.js
* C:\Users\pnp\Desktop
\depliying rapidnextec
h\WarpRapid\node_modul
es\next\dist\build\web
pack\loaders\next-swc-
loader.js??ruleSet[1].
rules[16].oneOf[7].use
[0]!C:\Users\pnp\deskt
op\depliying rapidnext
ech\WarpRapid\node_mod
ules\next\dist\shared\
lib\router\utils\is-lo
cal-url.js
    Used by 2 
module(s), i. e.
    C:\Users\pnp\Deskt
op\depliying rapidnext
ech\WarpRapid\node_mod
ules\next\dist\build\w
ebpack\loaders\next-sw
c-loader.js??ruleSet[1
].rules[16].oneOf[7].u
se[0]!C:\Users\pnp\des
ktop\depliying rapidne
xtech\WarpRapid\node_m
odules\next\dist\share
d\lib\router\router.js

Import trace for 
requested module:
./node_modules/next/di
st/shared/lib/router/u
tils/is-local-url.js
./node_modules/next/di
st/shared/lib/router/r
outer.js

./node_modules/next/di
st/shared/lib/router/u
tils/omit.js
There are multiple 
modules with names 
that only differ in 
casing.
This can lead to 
unexpected behavior 
when compiling on a 
filesystem with other 
case-semantic.
Use equal casing. 
Compare these module 
identifiers:
* C:\Users\pnp\Desktop
\depliying rapidnextec
h\WarpRapid\node_modul
es\next\dist\build\web
pack\loaders\next-swc-
loader.js??ruleSet[1].
rules[16].oneOf[7].use
[0]!C:\Users\pnp\Deskt
op\depliying rapidnext
ech\WarpRapid\node_mod
ules\next\dist\shared\
lib\router\utils\omit.
js
    Used by 2 
module(s), i. e.
    C:\Users\pnp\Deskt
op\depliying rapidnext
ech\WarpRapid\node_mod
ules\next\dist\build\w
ebpack\loaders\next-sw
c-loader.js??ruleSet[1
].rules[16].oneOf[7].u
se[0]!C:\Users\pnp\Des
ktop\depliying rapidne
xtech\WarpRapid\node_m
odules\next\dist\share
d\lib\router\router.js
* C:\Users\pnp\Desktop
\depliying rapidnextec
h\WarpRapid\node_modul
es\next\dist\build\web
pack\loaders\next-swc-
loader.js??ruleSet[1].
rules[16].oneOf[7].use
[0]!C:\Users\pnp\deskt
op\depliying rapidnext
ech\WarpRapid\node_mod
ules\next\dist\shared\
lib\router\utils\omit.
js
    Used by 2 
module(s), i. e.
    C:\Users\pnp\Deskt
op\depliying rapidnext
ech\WarpRapid\node_mod
ules\next\dist\build\w
ebpack\loaders\next-sw
c-loader.js??ruleSet[1
].rules[16].oneOf[7].u
se[0]!C:\Users\pnp\des
ktop\depliying rapidne
xtech\WarpRapid\node_m
odules\next\dist\share
d\lib\router\router.js

Import trace for 
requested module:
./node_modules/next/di
st/shared/lib/router/u
tils/omit.js
./node_modules/next/di
st/shared/lib/router/r
outer.js

./node_modules/next/di
st/shared/lib/router/u
tils/parse-path.js
There are multiple 
modules with names 
that only differ in 
casing.
This can lead to 
unexpected behavior 
when compiling on a 
filesystem with other 
case-semantic.
Use equal casing. 
Compare these module 
identifiers:
* C:\Users\pnp\Desktop
\depliying rapidnextec
h\WarpRapid\node_modul
es\next\dist\build\web
pack\loaders\next-swc-
loader.js??ruleSet[1].
rules[16].oneOf[7].use
[0]!C:\Users\pnp\Deskt
op\depliying rapidnext
ech\WarpRapid\node_mod
ules\next\dist\shared\
lib\router\utils\parse
-path.js
    Used by 6 
module(s), i. e.
    C:\Users\pnp\Deskt
op\depliying rapidnext
ech\WarpRapid\node_mod
ules\next\dist\build\w
ebpack\loaders\next-sw
c-loader.js??ruleSet[1
].rules[16].oneOf[7].u
se[0]!C:\Users\pnp\Des
ktop\depliying rapidne
xtech\WarpRapid\node_m
odules\next\dist\share
d\lib\router\router.js
* C:\Users\pnp\Desktop
\depliying rapidnextec
h\WarpRapid\node_modul
es\next\dist\build\web
pack\loaders\next-swc-
loader.js??ruleSet[1].
rules[16].oneOf[7].use
[0]!C:\Users\pnp\deskt
op\depliying rapidnext
ech\WarpRapid\node_mod
ules\next\dist\shared\
lib\router\utils\parse
-path.js
    Used by 6 
module(s), i. e.
    C:\Users\pnp\Deskt
op\depliying rapidnext
ech\WarpRapid\node_mod
ules\next\dist\build\w
ebpack\loaders\next-sw
c-loader.js??ruleSet[1
].rules[16].oneOf[7].u
se[0]!C:\Users\pnp\des
ktop\depliying rapidne
xtech\WarpRapid\node_m
odules\next\dist\share
d\lib\router\router.js

Import trace for 
requested module:
./node_modules/next/di
st/shared/lib/router/u
tils/parse-path.js
./node_modules/next/di
st/shared/lib/router/r
outer.js

./node_modules/next/di
st/shared/lib/router/u
tils/parse-relative-ur
l.js
There are multiple 
modules with names 
that only differ in 
casing.
This can lead to 
unexpected behavior 
when compiling on a 
filesystem with other 
case-semantic.
Use equal casing. 
Compare these module 
identifiers:
* C:\Users\pnp\Desktop
\depliying rapidnextec
h\WarpRapid\node_modul
es\next\dist\build\web
pack\loaders\next-swc-
loader.js??ruleSet[1].
rules[16].oneOf[7].use
[0]!C:\Users\pnp\Deskt
op\depliying rapidnext
ech\WarpRapid\node_mod
ules\next\dist\shared\
lib\router\utils\parse
-relative-url.js
    Used by 1 
module(s), i. e.
    C:\Users\pnp\Deskt
op\depliying rapidnext
ech\WarpRapid\node_mod
ules\next\dist\build\w
ebpack\loaders\next-sw
c-loader.js??ruleSet[1
].rules[16].oneOf[7].u
se[0]!C:\Users\pnp\Des
ktop\depliying rapidne
xtech\WarpRapid\node_m
odules\next\dist\share
d\lib\router\router.js
* C:\Users\pnp\Desktop
\depliying rapidnextec
h\WarpRapid\node_modul
es\next\dist\build\web
pack\loaders\next-swc-
loader.js??ruleSet[1].
rules[16].oneOf[7].use
[0]!C:\Users\pnp\deskt
op\depliying rapidnext
ech\WarpRapid\node_mod
ules\next\dist\shared\
lib\router\utils\parse
-relative-url.js
    Used by 4 
module(s), i. e.
    C:\Users\pnp\Deskt
op\depliying rapidnext
ech\WarpRapid\node_mod
ules\next\dist\build\w
ebpack\loaders\next-sw
c-loader.js??ruleSet[1
].rules[16].oneOf[7].u
se[0]!C:\Users\pnp\des
ktop\depliying rapidne
xtech\WarpRapid\node_m
odules\next\dist\clien
t\page-loader.js

Import trace for 
requested module:
./node_modules/next/di
st/shared/lib/router/u
tils/parse-relative-ur
l.js
./node_modules/next/di
st/shared/lib/router/r
outer.js

./node_modules/next/di
st/shared/lib/router/u
tils/path-has-prefix.j
s
There are multiple 
modules with names 
that only differ in 
casing.
This can lead to 
unexpected behavior 
when compiling on a 
filesystem with other 
case-semantic.
Use equal casing. 
Compare these module 
identifiers:
* C:\Users\pnp\Desktop
\depliying rapidnextec
h\WarpRapid\node_modul
es\next\dist\build\web
pack\loaders\next-swc-
loader.js??ruleSet[1].
rules[16].oneOf[7].use
[0]!C:\Users\pnp\Deskt
op\depliying rapidnext
ech\WarpRapid\node_mod
ules\next\dist\shared\
lib\router\utils\path-
has-prefix.js
    Used by 4 
module(s), i. e.
    C:\Users\pnp\Deskt
op\depliying rapidnext
ech\WarpRapid\node_mod
ules\next\dist\build\w
ebpack\loaders\next-sw
c-loader.js??ruleSet[1
].rules[16].oneOf[7].u
se[0]!C:\Users\pnp\Des
ktop\depliying rapidne
xtech\WarpRapid\node_m
odules\next\dist\clien
t\has-base-path.js
* C:\Users\pnp\Desktop
\depliying rapidnextec
h\WarpRapid\node_modul
es\next\dist\build\web
pack\loaders\next-swc-
loader.js??ruleSet[1].
rules[16].oneOf[7].use
[0]!C:\Users\pnp\deskt
op\depliying rapidnext
ech\WarpRapid\node_mod
ules\next\dist\shared\
lib\router\utils\path-
has-prefix.js
    Used by 4 
module(s), i. e.
    C:\Users\pnp\Deskt
op\depliying rapidnext
ech\WarpRapid\node_mod
ules\next\dist\build\w
ebpack\loaders\next-sw
c-loader.js??ruleSet[1
].rules[16].oneOf[7].u
se[0]!C:\Users\pnp\des
ktop\depliying rapidne
xtech\WarpRapid\node_m
odules\next\dist\clien
t\has-base-path.js

Import trace for 
requested module:
./node_modules/next/di
st/shared/lib/router/u
tils/path-has-prefix.j
s
./node_modules/next/di
st/client/has-base-pat
h.js
./node_modules/next/di
st/shared/lib/router/r
outer.js

./node_modules/next/di
st/shared/lib/router/u
tils/querystring.js
There are multiple 
modules with names 
that only differ in 
casing.
This can lead to 
unexpected behavior 
when compiling on a 
filesystem with other 
case-semantic.
Use equal casing. 
Compare these module 
identifiers:
* C:\Users\pnp\Desktop
\depliying rapidnextec
h\WarpRapid\node_modul
es\next\dist\build\web
pack\loaders\next-swc-
loader.js??ruleSet[1].
rules[16].oneOf[7].use
[0]!C:\Users\pnp\Deskt
op\depliying rapidnext
ech\WarpRapid\node_mod
ules\next\dist\shared\
lib\router\utils\query
string.js
    Used by 4 
module(s), i. e.
    C:\Users\pnp\Deskt
op\depliying rapidnext
ech\WarpRapid\node_mod
ules\next\dist\build\w
ebpack\loaders\next-sw
c-loader.js??ruleSet[1
].rules[16].oneOf[7].u
se[0]!C:\Users\pnp\Des
ktop\depliying rapidne
xtech\WarpRapid\node_m
odules\next\dist\share
d\lib\router\utils\par
se-relative-url.js
* C:\Users\pnp\Desktop
\depliying rapidnextec
h\WarpRapid\node_modul
es\next\dist\build\web
pack\loaders\next-swc-
loader.js??ruleSet[1].
rules[16].oneOf[7].use
[0]!C:\Users\pnp\deskt
op\depliying rapidnext
ech\WarpRapid\node_mod
ules\next\dist\shared\
lib\router\utils\query
string.js
    Used by 6 
module(s), i. e.
    C:\Users\pnp\Deskt
op\depliying rapidnext
ech\WarpRapid\node_mod
ules\next\dist\build\w
ebpack\loaders\next-sw
c-loader.js??ruleSet[1
].rules[16].oneOf[7].u
se[0]!C:\Users\pnp\des
ktop\depliying rapidne
xtech\WarpRapid\node_m
odules\next\dist\clien
t\index.js

Import trace for 
requested module:
./node_modules/next/di
st/shared/lib/router/u
tils/querystring.js
./node_modules/next/di
st/shared/lib/router/u
tils/parse-relative-ur
l.js
./node_modules/next/di
st/shared/lib/router/r
outer.js

./node_modules/next/di
st/shared/lib/router/u
tils/remove-path-prefi
x.js
There are multiple 
modules with names 
that only differ in 
casing.
This can lead to 
unexpected behavior 
when compiling on a 
filesystem with other 
case-semantic.
Use equal casing. 
Compare these module 
identifiers:
* C:\Users\pnp\Desktop
\depliying rapidnextec
h\WarpRapid\node_modul
es\next\dist\build\web
pack\loaders\next-swc-
loader.js??ruleSet[1].
rules[16].oneOf[7].use
[0]!C:\Users\pnp\Deskt
op\depliying rapidnext
ech\WarpRapid\node_mod
ules\next\dist\shared\
lib\router\utils\remov
e-path-prefix.js
    Used by 1 
module(s), i. e.
    C:\Users\pnp\Deskt
op\depliying rapidnext
ech\WarpRapid\node_mod
ules\next\dist\build\w
ebpack\loaders\next-sw
c-loader.js??ruleSet[1
].rules[16].oneOf[7].u
se[0]!C:\Users\pnp\Des
ktop\depliying rapidne
xtech\WarpRapid\node_m
odules\next\dist\share
d\lib\router\utils\get
-next-pathname-info.js
* C:\Users\pnp\Desktop
\depliying rapidnextec
h\WarpRapid\node_modul
es\next\dist\build\web
pack\loaders\next-swc-
loader.js??ruleSet[1].
rules[16].oneOf[7].use
[0]!C:\Users\pnp\deskt
op\depliying rapidnext
ech\WarpRapid\node_mod
ules\next\dist\shared\
lib\router\utils\remov
e-path-prefix.js
    Used by 1 
module(s), i. e.
    C:\Users\pnp\Deskt
op\depliying rapidnext
ech\WarpRapid\node_mod
ules\next\dist\build\w
ebpack\loaders\next-sw
c-loader.js??ruleSet[1
].rules[16].oneOf[7].u
se[0]!C:\Users\pnp\des
ktop\depliying rapidne
xtech\WarpRapid\node_m
odules\next\dist\share
d\lib\router\utils\get
-next-pathname-info.js

Import trace for 
requested module:
./node_modules/next/di
st/shared/lib/router/u
tils/remove-path-prefi
x.js
./node_modules/next/di
st/shared/lib/router/u
tils/get-next-pathname
-info.js
./node_modules/next/di
st/shared/lib/router/r
outer.js

./node_modules/next/di
st/shared/lib/router/u
tils/remove-trailing-s
lash.js
There are multiple 
modules with names 
that only differ in 
casing.
This can lead to 
unexpected behavior 
when compiling on a 
filesystem with other 
case-semantic.
Use equal casing. 
Compare these module 
identifiers:
* C:\Users\pnp\Desktop
\depliying rapidnextec
h\WarpRapid\node_modul
es\next\dist\build\web
pack\loaders\next-swc-
loader.js??ruleSet[1].
rules[16].oneOf[7].use
[0]!C:\Users\pnp\Deskt
op\depliying rapidnext
ech\WarpRapid\node_mod
ules\next\dist\shared\
lib\router\utils\remov
e-trailing-slash.js
    Used by 4 
module(s), i. e.
    C:\Users\pnp\Deskt
op\depliying rapidnext
ech\WarpRapid\node_mod
ules\next\dist\build\w
ebpack\loaders\next-sw
c-loader.js??ruleSet[1
].rules[16].oneOf[7].u
se[0]!C:\Users\pnp\Des
ktop\depliying rapidne
xtech\WarpRapid\node_m
odules\next\dist\share
d\lib\router\router.js
* C:\Users\pnp\Desktop
\depliying rapidnextec
h\WarpRapid\node_modul
es\next\dist\build\web
pack\loaders\next-swc-
loader.js??ruleSet[1].
rules[16].oneOf[7].use
[0]!C:\Users\pnp\deskt
op\depliying rapidnext
ech\WarpRapid\node_mod
ules\next\dist\shared\
lib\router\utils\remov
e-trailing-slash.js
    Used by 6 
module(s), i. e.
    C:\Users\pnp\Deskt
op\depliying rapidnext
ech\WarpRapid\node_mod
ules\next\dist\build\w
ebpack\loaders\next-sw
c-loader.js??ruleSet[1
].rules[16].oneOf[7].u
se[0]!C:\Users\pnp\des
ktop\depliying rapidne
xtech\WarpRapid\node_m
odules\next\dist\clien
t\page-loader.js

Import trace for 
requested module:
./node_modules/next/di
st/shared/lib/router/u
tils/remove-trailing-s
lash.js
./node_modules/next/di
st/shared/lib/router/r
outer.js

./node_modules/next/di
st/shared/lib/router/u
tils/route-matcher.js
There are multiple 
modules with names 
that only differ in 
casing.
This can lead to 
unexpected behavior 
when compiling on a 
filesystem with other 
case-semantic.
Use equal casing. 
Compare these module 
identifiers:
* C:\Users\pnp\Desktop
\depliying rapidnextec
h\WarpRapid\node_modul
es\next\dist\build\web
pack\loaders\next-swc-
loader.js??ruleSet[1].
rules[16].oneOf[7].use
[0]!C:\Users\pnp\Deskt
op\depliying rapidnext
ech\WarpRapid\node_mod
ules\next\dist\shared\
lib\router\utils\route
-matcher.js
    Used by 2 
module(s), i. e.
    C:\Users\pnp\Deskt
op\depliying rapidnext
ech\WarpRapid\node_mod
ules\next\dist\build\w
ebpack\loaders\next-sw
c-loader.js??ruleSet[1
].rules[16].oneOf[7].u
se[0]!C:\Users\pnp\Des
ktop\depliying rapidne
xtech\WarpRapid\node_m
odules\next\dist\share
d\lib\router\router.js
* C:\Users\pnp\Desktop
\depliying rapidnextec
h\WarpRapid\node_modul
es\next\dist\build\web
pack\loaders\next-swc-
loader.js??ruleSet[1].
rules[16].oneOf[7].use
[0]!C:\Users\pnp\deskt
op\depliying rapidnext
ech\WarpRapid\node_mod
ules\next\dist\shared\
lib\router\utils\route
-matcher.js
    Used by 2 
module(s), i. e.
    C:\Users\pnp\Deskt
op\depliying rapidnext
ech\WarpRapid\node_mod
ules\next\dist\build\w
ebpack\loaders\next-sw
c-loader.js??ruleSet[1
].rules[16].oneOf[7].u
se[0]!C:\Users\pnp\des
ktop\depliying rapidne
xtech\WarpRapid\node_m
odules\next\dist\share
d\lib\router\utils\int
erpolate-as.js

Import trace for 
requested module:
./node_modules/next/di
st/shared/lib/router/u
tils/route-matcher.js
./node_modules/next/di
st/shared/lib/router/r
outer.js

./node_modules/next/di
st/shared/lib/router/u
tils/route-regex.js
There are multiple 
modules with names 
that only differ in 
casing.
This can lead to 
unexpected behavior 
when compiling on a 
filesystem with other 
case-semantic.
Use equal casing. 
Compare these module 
identifiers:
* C:\Users\pnp\Desktop
\depliying rapidnextec
h\WarpRapid\node_modul
es\next\dist\build\web
pack\loaders\next-swc-
loader.js??ruleSet[1].
rules[16].oneOf[7].use
[0]!C:\Users\pnp\Deskt
op\depliying rapidnext
ech\WarpRapid\node_mod
ules\next\dist\shared\
lib\router\utils\route
-regex.js
    Used by 3 
module(s), i. e.
    C:\Users\pnp\Deskt
op\depliying rapidnext
ech\WarpRapid\node_mod
ules\next\dist\build\w
ebpack\loaders\next-sw
c-loader.js??ruleSet[1
].rules[16].oneOf[7].u
se[0]!C:\Users\pnp\Des
ktop\depliying rapidne
xtech\WarpRapid\node_m
odules\next\dist\share
d\lib\router\router.js
* C:\Users\pnp\Desktop
\depliying rapidnextec
h\WarpRapid\node_modul
es\next\dist\build\web
pack\loaders\next-swc-
loader.js??ruleSet[1].
rules[16].oneOf[7].use
[0]!C:\Users\pnp\deskt
op\depliying rapidnext
ech\WarpRapid\node_mod
ules\next\dist\shared\
lib\router\utils\route
-regex.js
    Used by 4 
module(s), i. e.
    C:\Users\pnp\Deskt
op\depliying rapidnext
ech\WarpRapid\node_mod
ules\next\dist\build\w
ebpack\loaders\next-sw
c-loader.js??ruleSet[1
].rules[16].oneOf[7].u
se[0]!C:\Users\pnp\des
ktop\depliying rapidne
xtech\WarpRapid\node_m
odules\next\dist\share
d\lib\router\adapters.
js

Import trace for 
requested module:
./node_modules/next/di
st/shared/lib/router/u
tils/route-regex.js
./node_modules/next/di
st/shared/lib/router/r
outer.js

./node_modules/next/di
st/shared/lib/router/u
tils/sorted-routes.js
There are multiple 
modules with names 
that only differ in 
casing.
This can lead to 
unexpected behavior 
when compiling on a 
filesystem with other 
case-semantic.
Use equal casing. 
Compare these module 
identifiers:
* C:\Users\pnp\Desktop
\depliying rapidnextec
h\WarpRapid\node_modul
es\next\dist\build\web
pack\loaders\next-swc-
loader.js??ruleSet[1].
rules[16].oneOf[7].use
[0]!C:\Users\pnp\Deskt
op\depliying rapidnext
ech\WarpRapid\node_mod
ules\next\dist\shared\
lib\router\utils\sorte
d-routes.js
    Used by 1 
module(s), i. e.
    C:\Users\pnp\Deskt
op\depliying rapidnext
ech\WarpRapid\node_mod
ules\next\dist\build\w
ebpack\loaders\next-sw
c-loader.js??ruleSet[1
].rules[16].oneOf[7].u
se[0]!C:\Users\pnp\Des
ktop\depliying rapidne
xtech\WarpRapid\node_m
odules\next\dist\share
d\lib\router\utils\ind
ex.js
* C:\Users\pnp\Desktop
\depliying rapidnextec
h\WarpRapid\node_modul
es\next\dist\build\web
pack\loaders\next-swc-
loader.js??ruleSet[1].
rules[16].oneOf[7].use
[0]!C:\Users\pnp\deskt
op\depliying rapidnext
ech\WarpRapid\node_mod
ules\next\dist\shared\
lib\router\utils\sorte
d-routes.js
    Used by 1 
module(s), i. e.
    C:\Users\pnp\Deskt
op\depliying rapidnext
ech\WarpRapid\node_mod
ules\next\dist\build\w
ebpack\loaders\next-sw
c-loader.js??ruleSet[1
].rules[16].oneOf[7].u
se[0]!C:\Users\pnp\des
ktop\depliying rapidne
xtech\WarpRapid\node_m
odules\next\dist\share
d\lib\router\utils\ind
ex.js

Import trace for 
requested module:
./node_modules/next/di
st/shared/lib/router/u
tils/sorted-routes.js
./node_modules/next/di
st/shared/lib/router/u
tils/index.js
./node_modules/next/di
st/shared/lib/page-pat
h/denormalize-page-pat
h.js
./node_modules/next/di
st/shared/lib/router/r
outer.js

./node_modules/next/di
st/shared/lib/segment.
js
There are multiple 
modules with names 
that only differ in 
casing.
This can lead to 
unexpected behavior 
when compiling on a 
filesystem with other 
case-semantic.
Use equal casing. 
Compare these module 
identifiers:
* C:\Users\pnp\Desktop
\depliying rapidnextec
h\WarpRapid\node_modul
es\next\dist\build\web
pack\loaders\next-swc-
loader.js??ruleSet[1].
rules[16].oneOf[7].use
[0]!C:\Users\pnp\Deskt
op\depliying rapidnext
ech\WarpRapid\node_mod
ules\next\dist\shared\
lib\segment.js
    Used by 2 
module(s), i. e.
    C:\Users\pnp\Deskt
op\depliying rapidnext
ech\WarpRapid\node_mod
ules\next\dist\build\w
ebpack\loaders\next-sw
c-loader.js??ruleSet[1
].rules[16].oneOf[7].u
se[0]!C:\Users\pnp\Des
ktop\depliying rapidne
xtech\WarpRapid\node_m
odules\next\dist\share
d\lib\router\utils\app
-paths.js
* C:\Users\pnp\Desktop
\depliying rapidnextec
h\WarpRapid\node_modul
es\next\dist\build\web
pack\loaders\next-swc-
loader.js??ruleSet[1].
rules[16].oneOf[7].use
[0]!C:\Users\pnp\deskt
op\depliying rapidnext
ech\WarpRapid\node_mod
ules\next\dist\shared\
lib\segment.js
    Used by 2 
module(s), i. e.
    C:\Users\pnp\Deskt
op\depliying rapidnext
ech\WarpRapid\node_mod
ules\next\dist\build\w
ebpack\loaders\next-sw
c-loader.js??ruleSet[1
].rules[16].oneOf[7].u
se[0]!C:\Users\pnp\des
ktop\depliying rapidne
xtech\WarpRapid\node_m
odules\next\dist\share
d\lib\router\utils\app
-paths.js

Import trace for 
requested module:
./node_modules/next/di
st/shared/lib/segment.
js
./node_modules/next/di
st/shared/lib/router/u
tils/app-paths.js
./node_modules/next/di
st/server/future/helpe
rs/interception-routes
.js
./node_modules/next/di
st/shared/lib/router/u
tils/is-dynamic.js
./node_modules/next/di
st/shared/lib/router/r
outer.js

./node_modules/next/di
st/shared/lib/side-eff
ect.js
There are multiple 
modules with names 
that only differ in 
casing.
This can lead to 
unexpected behavior 
when compiling on a 
filesystem with other 
case-semantic.
Use equal casing. 
Compare these module 
identifiers:
* C:\Users\pnp\Desktop
\depliying rapidnextec
h\WarpRapid\node_modul
es\next\dist\build\web
pack\loaders\next-swc-
loader.js??ruleSet[1].
rules[16].oneOf[7].use
[0]!C:\Users\pnp\Deskt
op\depliying rapidnext
ech\WarpRapid\node_mod
ules\next\dist\shared\
lib\side-effect.js
    Used by 1 
module(s), i. e.
    C:\Users\pnp\Deskt
op\depliying rapidnext
ech\WarpRapid\node_mod
ules\next\dist\build\w
ebpack\loaders\next-sw
c-loader.js??ruleSet[1
].rules[16].oneOf[7].u
se[0]!C:\Users\pnp\Des
ktop\depliying rapidne
xtech\WarpRapid\node_m
odules\next\dist\share
d\lib\head.js
* C:\Users\pnp\Desktop
\depliying rapidnextec
h\WarpRapid\node_modul
es\next\dist\build\web
pack\loaders\next-swc-
loader.js??ruleSet[1].
rules[16].oneOf[7].use
[0]!C:\Users\pnp\deskt
op\depliying rapidnext
ech\WarpRapid\node_mod
ules\next\dist\shared\
lib\side-effect.js
    Used by 1 
module(s), i. e.
    C:\Users\pnp\Deskt
op\depliying rapidnext
ech\WarpRapid\node_mod
ules\next\dist\build\w
ebpack\loaders\next-sw
c-loader.js??ruleSet[1
].rules[16].oneOf[7].u
se[0]!C:\Users\pnp\des
ktop\depliying rapidne
xtech\WarpRapid\node_m
odules\next\dist\share
d\lib\head.js

Import trace for 
requested module:
./node_modules/next/di
st/shared/lib/side-eff
ect.js
./node_modules/next/di
st/shared/lib/head.js

./node_modules/next/di
st/shared/lib/utils.js
There are multiple 
modules with names 
that only differ in 
casing.
This can lead to 
unexpected behavior 
when compiling on a 
filesystem with other 
case-semantic.
Use equal casing. 
Compare these module 
identifiers:
* C:\Users\pnp\Desktop
\depliying rapidnextec
h\WarpRapid\node_modul
es\next\dist\build\web
pack\loaders\next-swc-
loader.js??ruleSet[1].
rules[16].oneOf[7].use
[0]!C:\Users\pnp\Deskt
op\depliying rapidnext
ech\WarpRapid\node_mod
ules\next\dist\shared\
lib\utils.js
    Used by 7 
module(s), i. e.
    C:\Users\pnp\Deskt
op\depliying rapidnext
ech\WarpRapid\node_mod
ules\next\dist\build\w
ebpack\loaders\next-sw
c-loader.js??ruleSet[1
].rules[16].oneOf[7].u
se[0]!C:\Users\pnp\Des
ktop\depliying rapidne
xtech\WarpRapid\node_m
odules\next\dist\pages
\_app.js
* C:\Users\pnp\Desktop
\depliying rapidnextec
h\WarpRapid\node_modul
es\next\dist\build\web
pack\loaders\next-swc-
loader.js??ruleSet[1].
rules[16].oneOf[7].use
[0]!C:\Users\pnp\deskt
op\depliying rapidnext
ech\WarpRapid\node_mod
ules\next\dist\shared\
lib\utils.js
    Used by 8 
module(s), i. e.
    C:\Users\pnp\Deskt
op\depliying rapidnext
ech\WarpRapid\node_mod
ules\next\dist\build\w
ebpack\loaders\next-sw
c-loader.js??ruleSet[1
].rules[16].oneOf[7].u
se[0]!C:\Users\pnp\des
ktop\depliying rapidne
xtech\WarpRapid\node_m
odules\next\dist\clien
t\index.js

Import trace for 
requested module:
./node_modules/next/di
st/shared/lib/utils.js

./node_modules/next/di
st/shared/lib/utils/wa
rn-once.js
There are multiple 
modules with names 
that only differ in 
casing.
This can lead to 
unexpected behavior 
when compiling on a 
filesystem with other 
case-semantic.
Use equal casing. 
Compare these module 
identifiers:
* C:\Users\pnp\Desktop
\depliying rapidnextec
h\WarpRapid\node_modul
es\next\dist\build\web
pack\loaders\next-swc-
loader.js??ruleSet[1].
rules[16].oneOf[7].use
[0]!C:\Users\pnp\Deskt
op\depliying rapidnext
ech\WarpRapid\node_mod
ules\next\dist\shared\
lib\utils\warn-once.js
    Used by 1 
module(s), i. e.
    C:\Users\pnp\Deskt
op\depliying rapidnext
ech\WarpRapid\node_mod
ules\next\dist\build\w
ebpack\loaders\next-sw
c-loader.js??ruleSet[1
].rules[16].oneOf[7].u
se[0]!C:\Users\pnp\Des
ktop\depliying rapidne
xtech\WarpRapid\node_m
odules\next\dist\share
d\lib\head.js
* C:\Users\pnp\Desktop
\depliying rapidnextec
h\WarpRapid\node_modul
es\next\dist\build\web
pack\loaders\next-swc-
loader.js??ruleSet[1].
rules[16].oneOf[7].use
[0]!C:\Users\pnp\deskt
op\depliying rapidnext
ech\WarpRapid\node_mod
ules\next\dist\shared\
lib\utils\warn-once.js
    Used by 1 
module(s), i. e.
    C:\Users\pnp\Deskt
op\depliying rapidnext
ech\WarpRapid\node_mod
ules\next\dist\build\w
ebpack\loaders\next-sw
c-loader.js??ruleSet[1
].rules[16].oneOf[7].u
se[0]!C:\Users\pnp\des
ktop\depliying rapidne
xtech\WarpRapid\node_m
odules\next\dist\share
d\lib\head.js

Import trace for 
requested module:
./node_modules/next/di
st/shared/lib/utils/wa
rn-once.js
./node_modules/next/di
st/shared/lib/head.js

./node_modules/next/di
st/lib/is-api-route.js
There are multiple 
modules with names 
that only differ in 
casing.
This can lead to 
unexpected behavior 
when compiling on a 
filesystem with other 
case-semantic.
Use equal casing. 
Compare these module 
identifiers:
* C:\Users\pnp\Desktop
\depliying rapidnextec
h\WarpRapid\node_modul
es\next\dist\lib\is-ap
i-route.js
    Used by 1 
module(s), i. e.
    C:\Users\pnp\Deskt
op\depliying rapidnext
ech\WarpRapid\node_mod
ules\next\dist\build\w
ebpack\loaders\next-sw
c-loader.js??ruleSet[1
].rules[16].oneOf[7].u
se[0]!C:\Users\pnp\Des
ktop\depliying rapidne
xtech\WarpRapid\node_m
odules\next\dist\share
d\lib\router\router.js
* C:\Users\pnp\desktop
\depliying rapidnextec
h\WarpRapid\node_modul
es\next\dist\lib\is-ap
i-route.js
    Used by 1 
module(s), i. e.
    C:\Users\pnp\Deskt
op\depliying rapidnext
ech\WarpRapid\node_mod
ules\next\dist\build\w
ebpack\loaders\next-sw
c-loader.js??ruleSet[1
].rules[16].oneOf[7].u
se[0]!C:\Users\pnp\des
ktop\depliying rapidne
xtech\WarpRapid\node_m
odules\next\dist\share
d\lib\router\router.js

Import trace for 
requested module:
./node_modules/next/di
st/lib/is-api-route.js
./node_modules/next/di
st/shared/lib/router/r
outer.js

./node_modules/next/di
st/lib/is-error.js
There are multiple 
modules with names 
that only differ in 
casing.
This can lead to 
unexpected behavior 
when compiling on a 
filesystem with other 
case-semantic.
Use equal casing. 
Compare these module 
identifiers:
* C:\Users\pnp\Desktop
\depliying rapidnextec
h\WarpRapid\node_modul
es\next\dist\lib\is-er
ror.js
    Used by 3 
module(s), i. e.
    C:\Users\pnp\Deskt
op\depliying rapidnext
ech\WarpRapid\node_mod
ules\next\dist\build\w
ebpack\loaders\next-sw
c-loader.js??ruleSet[1
].rules[16].oneOf[7].u
se[0]!C:\Users\pnp\Des
ktop\depliying rapidne
xtech\WarpRapid\node_m
odules\next\dist\clien
t\router.js
* C:\Users\pnp\desktop
\depliying rapidnextec
h\WarpRapid\node_modul
es\next\dist\lib\is-er
ror.js
    Used by 4 
module(s), i. e.
    C:\Users\pnp\Deskt
op\depliying rapidnext
ech\WarpRapid\node_mod
ules\next\dist\build\w
ebpack\loaders\next-sw
c-loader.js??ruleSet[1
].rules[16].oneOf[7].u
se[0]!C:\Users\pnp\des
ktop\depliying rapidne
xtech\WarpRapid\node_m
odules\next\dist\clien
t\index.js

Import trace for 
requested module:
./node_modules/next/di
st/lib/is-error.js

./node_modules/next/di
st/server/future/helpe
rs/interception-routes
.js
There are multiple 
modules with names 
that only differ in 
casing.
This can lead to 
unexpected behavior 
when compiling on a 
filesystem with other 
case-semantic.
Use equal casing. 
Compare these module 
identifiers:
* C:\Users\pnp\Desktop
\depliying rapidnextec
h\WarpRapid\node_modul
es\next\dist\server\fu
ture\helpers\intercept
ion-routes.js
    Used by 3 
module(s), i. e.
    C:\Users\pnp\Deskt
op\depliying rapidnext
ech\WarpRapid\node_mod
ules\next\dist\build\w
ebpack\loaders\next-sw
c-loader.js??ruleSet[1
].rules[16].oneOf[7].u
se[0]!C:\Users\pnp\Des
ktop\depliying rapidne
xtech\WarpRapid\node_m
odules\next\dist\share
d\lib\router\utils\is-
dynamic.js
* C:\Users\pnp\desktop
\depliying rapidnextec
h\WarpRapid\node_modul
es\next\dist\server\fu
ture\helpers\intercept
ion-routes.js
    Used by 4 
module(s), i. e.
    C:\Users\pnp\Deskt
op\depliying rapidnext
ech\WarpRapid\node_mod
ules\next\dist\build\w
ebpack\loaders\next-sw
c-loader.js??ruleSet[1
].rules[16].oneOf[7].u
se[0]!C:\Users\pnp\des
ktop\depliying rapidne
xtech\WarpRapid\node_m
odules\next\dist\share
d\lib\router\utils\is-
dynamic.js

Import trace for 
requested module:
./node_modules/next/di
st/server/future/helpe
rs/interception-routes
.js
./node_modules/next/di
st/shared/lib/router/u
tils/is-dynamic.js
./node_modules/next/di
st/shared/lib/router/r
outer.js

./node_modules/react-d
om/cjs/react-dom.produ
ction.min.js
There are multiple 
modules with names 
that only differ in 
casing.
This can lead to 
unexpected behavior 
when compiling on a 
filesystem with other 
case-semantic.
Use equal casing. 
Compare these module 
identifiers:
* C:\Users\pnp\Desktop
\depliying rapidnextec
h\WarpRapid\node_modul
es\react-dom\cjs\react
-dom.production.min.js
    Used by 1 
module(s), i. e.
    C:\Users\pnp\Deskt
op\depliying rapidnext
ech\WarpRapid\node_mod
ules\react-dom\index.j
s
* C:\Users\pnp\desktop
\depliying rapidnextec
h\WarpRapid\node_modul
es\react-dom\cjs\react
-dom.production.min.js
    Used by 1 
module(s), i. e.
    C:\Users\pnp\deskt
op\depliying rapidnext
ech\WarpRapid\node_mod
ules\react-dom\index.j
s

Import trace for 
requested module:
./node_modules/react-d
om/cjs/react-dom.produ
ction.min.js
./node_modules/react-d
om/index.js
./node_modules/next/di
st/client/script.js
./node_modules/next/di
st/shared/lib/router/r
outer.js

./node_modules/react-d
om/index.js
There are multiple 
modules with names 
that only differ in 
casing.
This can lead to 
unexpected behavior 
when compiling on a 
filesystem with other 
case-semantic.
Use equal casing. 
Compare these module 
identifiers:
* C:\Users\pnp\Desktop
\depliying rapidnextec
h\WarpRapid\node_modul
es\react-dom\index.js
    Used by 1 
module(s), i. e.
    C:\Users\pnp\Deskt
op\depliying rapidnext
ech\WarpRapid\node_mod
ules\next\dist\build\w
ebpack\loaders\next-sw
c-loader.js??ruleSet[1
].rules[16].oneOf[7].u
se[0]!C:\Users\pnp\Des
ktop\depliying rapidne
xtech\WarpRapid\node_m
odules\next\dist\clien
t\script.js
* C:\Users\pnp\desktop
\depliying rapidnextec
h\WarpRapid\node_modul
es\react-dom\index.js
    Used by 3 
module(s), i. e.
    C:\Users\pnp\Deskt
op\depliying rapidnext
ech\WarpRapid\node_mod
ules\next\dist\build\w
ebpack\loaders\next-sw
c-loader.js??ruleSet[1
].rules[16].oneOf[7].u
se[0]!C:\Users\pnp\des
ktop\depliying rapidne
xtech\WarpRapid\node_m
odules\next\dist\clien
t\portal\index.js

Import trace for 
requested module:
./node_modules/react-d
om/index.js
./node_modules/next/di
st/client/script.js
./node_modules/next/di
st/shared/lib/router/r
outer.js

./node_modules/react/c
js/react-jsx-runtime.p
roduction.min.js
There are multiple 
modules with names 
that only differ in 
casing.
This can lead to 
unexpected behavior 
when compiling on a 
filesystem with other 
case-semantic.
Use equal casing. 
Compare these module 
identifiers:
* C:\Users\pnp\Desktop
\depliying rapidnextec
h\WarpRapid\node_modul
es\react\cjs\react-jsx
-runtime.production.mi
n.js
    Used by 1 
module(s), i. e.
    C:\Users\pnp\Deskt
op\depliying rapidnext
ech\WarpRapid\node_mod
ules\react\jsx-runtime
.js
* C:\Users\pnp\desktop
\depliying rapidnextec
h\WarpRapid\node_modul
es\react\cjs\react-jsx
-runtime.production.mi
n.js
    Used by 1 
module(s), i. e.
    C:\Users\pnp\deskt
op\depliying rapidnext
ech\WarpRapid\node_mod
ules\react\jsx-runtime
.js

Import trace for 
requested module:
./node_modules/react/c
js/react-jsx-runtime.p
roduction.min.js
./node_modules/react/j
sx-runtime.js

./node_modules/react/c
js/react.production.mi
n.js
There are multiple 
modules with names 
that only differ in 
casing.
This can lead to 
unexpected behavior 
when compiling on a 
filesystem with other 
case-semantic.
Use equal casing. 
Compare these module 
identifiers:
* C:\Users\pnp\Desktop
\depliying rapidnextec
h\WarpRapid\node_modul
es\react\cjs\react.pro
duction.min.js
    Used by 1 
module(s), i. e.
    C:\Users\pnp\Deskt
op\depliying rapidnext
ech\WarpRapid\node_mod
ules\react\index.js
* C:\Users\pnp\desktop
\depliying rapidnextec
h\WarpRapid\node_modul
es\react\cjs\react.pro
duction.min.js
    Used by 1 
module(s), i. e.
    C:\Users\pnp\deskt
op\depliying rapidnext
ech\WarpRapid\node_mod
ules\react\index.js

Import trace for 
requested module:
./node_modules/react/c
js/react.production.mi
n.js
./node_modules/react/i
ndex.js

./node_modules/react/i
ndex.js
There are multiple 
modules with names 
that only differ in 
casing.
This can lead to 
unexpected behavior 
when compiling on a 
filesystem with other 
case-semantic.
Use equal casing. 
Compare these module 
identifiers:
* C:\Users\pnp\Desktop
\depliying rapidnextec
h\WarpRapid\node_modul
es\react\index.js
    Used by 12 
module(s), i. e.
    C:\Users\pnp\Deskt
op\depliying rapidnext
ech\WarpRapid\node_mod
ules\next\dist\build\w
ebpack\loaders\next-sw
c-loader.js??ruleSet[1
].rules[16].oneOf[7].u
se[0]!C:\Users\pnp\Des
ktop\depliying rapidne
xtech\WarpRapid\node_m
odules\next\dist\clien
t\router.js
* C:\Users\pnp\desktop
\depliying rapidnextec
h\WarpRapid\node_modul
es\react\index.js
    Used by 19 
module(s), i. e.
    C:\Users\pnp\Deskt
op\depliying rapidnext
ech\WarpRapid\node_mod
ules\next\dist\build\w
ebpack\loaders\next-sw
c-loader.js??ruleSet[1
].rules[16].oneOf[7].u
se[0]!C:\Users\pnp\des
ktop\depliying rapidne
xtech\WarpRapid\node_m
odules\next\dist\clien
t\index.js

Import trace for 
requested module:
./node_modules/react/i
ndex.js

./node_modules/react/j
sx-runtime.js
There are multiple 
modules with names 
that only differ in 
casing.
This can lead to 
unexpected behavior 
when compiling on a 
filesystem with other 
case-semantic.
Use equal casing. 
Compare these module 
identifiers:
* C:\Users\pnp\Desktop
\depliying rapidnextec
h\WarpRapid\node_modul
es\react\jsx-runtime.j
s
    Used by 5 
module(s), i. e.
    C:\Users\pnp\Deskt
op\depliying rapidnext
ech\WarpRapid\node_mod
ules\next\dist\build\w
ebpack\loaders\next-sw
c-loader.js??ruleSet[1
].rules[16].oneOf[7].u
se[0]!C:\Users\pnp\Des
ktop\depliying rapidne
xtech\WarpRapid\node_m
odules\next\dist\pages
\_app.js
* C:\Users\pnp\desktop
\depliying rapidnextec
h\WarpRapid\node_modul
es\react\jsx-runtime.j
s
    Used by 8 
module(s), i. e.
    C:\Users\pnp\Deskt
op\depliying rapidnext
ech\WarpRapid\node_mod
ules\next\dist\build\w
ebpack\loaders\next-sw
c-loader.js??ruleSet[1
].rules[16].oneOf[7].u
se[0]!C:\Users\pnp\des
ktop\depliying rapidne
xtech\WarpRapid\node_m
odules\next\dist\clien
t\index.js

Import trace for 
requested module:
./node_modules/react/j
sx-runtime.js

./node_modules/schedul
er/cjs/scheduler.produ
ction.min.js
There are multiple 
modules with names 
that only differ in 
casing.
This can lead to 
unexpected behavior 
when compiling on a 
filesystem with other 
case-semantic.
Use equal casing. 
Compare these module 
identifiers:
* C:\Users\pnp\Desktop
\depliying rapidnextec
h\WarpRapid\node_modul
es\scheduler\cjs\sched
uler.production.min.js
    Used by 2 
module(s), i. e.
    C:\Users\pnp\Deskt
op\depliying rapidnext
ech\WarpRapid\node_mod
ules\scheduler\index.j
s
* C:\Users\pnp\desktop
\depliying rapidnextec
h\WarpRapid\node_modul
es\scheduler\cjs\sched
uler.production.min.js
    Used by 2 
module(s), i. e.
    C:\Users\pnp\deskt
op\depliying rapidnext
ech\WarpRapid\node_mod
ules\scheduler\index.j
s

Import trace for 
requested module:
./node_modules/schedul
er/cjs/scheduler.produ
ction.min.js
./node_modules/schedul
er/index.js
./node_modules/react-d
om/cjs/react-dom.produ
ction.min.js
./node_modules/react-d
om/index.js
./node_modules/next/di
st/client/script.js
./node_modules/next/di
st/shared/lib/router/r
outer.js

./node_modules/schedul
er/index.js
There are multiple 
modules with names 
that only differ in 
casing.
This can lead to 
unexpected behavior 
when compiling on a 
filesystem with other 
case-semantic.
Use equal casing. 
Compare these module 
identifiers:
* C:\Users\pnp\Desktop
\depliying rapidnextec
h\WarpRapid\node_modul
es\scheduler\index.js
    Used by 1 
module(s), i. e.
    C:\Users\pnp\Deskt
op\depliying rapidnext
ech\WarpRapid\node_mod
ules\react-dom\cjs\rea
ct-dom.production.min.
js
* C:\Users\pnp\desktop
\depliying rapidnextec
h\WarpRapid\node_modul
es\scheduler\index.js
    Used by 1 
module(s), i. e.
    C:\Users\pnp\deskt
op\depliying rapidnext
ech\WarpRapid\node_mod
ules\react-dom\cjs\rea
ct-dom.production.min.
js

Import trace for 
requested module:
./node_modules/schedul
er/index.js
./node_modules/react-d
om/cjs/react-dom.produ
ction.min.js
./node_modules/react-d
om/index.js
./node_modules/next/di
st/client/script.js
./node_modules/next/di
st/shared/lib/router/r
outer.js

./node_modules/next/di
st/client/add-base-pat
h.js
There are multiple 
modules with names 
that only differ in 
casing.
This can lead to 
unexpected behavior 
when compiling on a 
filesystem with other 
case-semantic.
Use equal casing. 
Compare these module 
identifiers:
* javascript/auto|C:\U
sers\pnp\Desktop\depli
ying rapidnextech\Warp
Rapid\node_modules\nex
t\dist\build\webpack\l
oaders\next-flight-cli
ent-module-loader.js!C
:\Users\pnp\Desktop\de
pliying rapidnextech\W
arpRapid\node_modules\
next\dist\build\webpac
k\loaders\next-swc-loa
der.js??ruleSet[1].rul
es[16].oneOf[5].use[1]
!C:\Users\pnp\Desktop\
depliying rapidnextech
\WarpRapid\node_module
s\next\dist\client\add
-base-path.js|app-page
s-browser
    Used by 4 
module(s), i. e.
    javascript/auto|C:
\Users\pnp\Desktop\dep
liying rapidnextech\Wa
rpRapid\node_modules\n
ext\dist\build\webpack
\loaders\next-flight-c
lient-module-loader.js
!C:\Users\pnp\Desktop\
depliying rapidnextech
\WarpRapid\node_module
s\next\dist\build\webp
ack\loaders\next-swc-l
oader.js??ruleSet[1].r
ules[16].oneOf[5].use[
1]!C:\Users\pnp\Deskto
p\depliying rapidnexte
ch\WarpRapid\node_modu
les\next\dist\client\c
omponents\app-router.j
s|app-pages-browser
* javascript/auto|C:\U
sers\pnp\Desktop\depli
ying rapidnextech\Warp
Rapid\node_modules\nex
t\dist\build\webpack\l
oaders\next-flight-cli
ent-module-loader.js!C
:\Users\pnp\Desktop\de
pliying rapidnextech\W
arpRapid\node_modules\
next\dist\build\webpac
k\loaders\next-swc-loa
der.js??ruleSet[1].rul
es[16].oneOf[5].use[1]
!C:\Users\pnp\desktop\
depliying rapidnextech
\WarpRapid\node_module
s\next\dist\client\add
-base-path.js|app-page
s-browser
    Used by 3 
module(s), i. e.
    javascript/auto|C:
\Users\pnp\Desktop\dep
liying rapidnextech\Wa
rpRapid\node_modules\n
ext\dist\build\webpack
\loaders\next-flight-c
lient-module-loader.js
!C:\Users\pnp\Desktop\
depliying rapidnextech
\WarpRapid\node_module
s\next\dist\build\webp
ack\loaders\next-swc-l
oader.js??ruleSet[1].r
ules[16].oneOf[5].use[
1]!C:\Users\pnp\deskto
p\depliying rapidnexte
ch\WarpRapid\node_modu
les\next\dist\client\c
omponents\app-router.j
s|app-pages-browser

Import trace for 
requested module:
./node_modules/next/di
st/client/add-base-pat
h.js
./node_modules/next/di
st/client/components/a
pp-router.js

./node_modules/next/di
st/client/app-call-ser
ver.js
There are multiple 
modules with names 
that only differ in 
casing.
This can lead to 
unexpected behavior 
when compiling on a 
filesystem with other 
case-semantic.
Use equal casing. 
Compare these module 
identifiers:
* javascript/auto|C:\U
sers\pnp\Desktop\depli
ying rapidnextech\Warp
Rapid\node_modules\nex
t\dist\build\webpack\l
oaders\next-flight-cli
ent-module-loader.js!C
:\Users\pnp\Desktop\de
pliying rapidnextech\W
arpRapid\node_modules\
next\dist\build\webpac
k\loaders\next-swc-loa
der.js??ruleSet[1].rul
es[16].oneOf[5].use[1]
!C:\Users\pnp\Desktop\
depliying rapidnextech
\WarpRapid\node_module
s\next\dist\client\app
-call-server.js|app-pa
ges-browser
    Used by 3 
module(s), i. e.
    javascript/auto|C:
\Users\pnp\Desktop\dep
liying rapidnextech\Wa
rpRapid\node_modules\n
ext\dist\build\webpack
\loaders\next-flight-c
lient-module-loader.js
!C:\Users\pnp\Desktop\
depliying rapidnextech
\WarpRapid\node_module
s\next\dist\build\webp
ack\loaders\next-swc-l
oader.js??ruleSet[1].r
ules[16].oneOf[5].use[
1]!C:\Users\pnp\Deskto
p\depliying rapidnexte
ch\WarpRapid\node_modu
les\next\dist\client\c
omponents\router-reduc
er\fetch-server-respon
se.js|app-pages-browse
r
* javascript/auto|C:\U
sers\pnp\Desktop\depli
ying rapidnextech\Warp
Rapid\node_modules\nex
t\dist\build\webpack\l
oaders\next-flight-cli
ent-module-loader.js!C
:\Users\pnp\Desktop\de
pliying rapidnextech\W
arpRapid\node_modules\
next\dist\build\webpac
k\loaders\next-swc-loa
der.js??ruleSet[1].rul
es[16].oneOf[5].use[1]
!C:\Users\pnp\desktop\
depliying rapidnextech
\WarpRapid\node_module
s\next\dist\client\app
-call-server.js|app-pa
ges-browser
    Used by 4 
module(s), i. e.
    javascript/auto|C:
\Users\pnp\Desktop\dep
liying rapidnextech\Wa
rpRapid\node_modules\n
ext\dist\build\webpack
\loaders\next-flight-c
lient-module-loader.js
!C:\Users\pnp\Desktop\
depliying rapidnextech
\WarpRapid\node_module
s\next\dist\build\webp
ack\loaders\next-swc-l
oader.js??ruleSet[1].r
ules[16].oneOf[5].use[
1]!C:\Users\pnp\deskto
p\depliying rapidnexte
ch\WarpRapid\node_modu
les\next\dist\client\a
pp-index.js|app-pages-
browser

Import trace for 
requested module:
./node_modules/next/di
st/client/app-call-ser
ver.js
./node_modules/next/di
st/client/components/r
outer-reducer/fetch-se
rver-response.js
./node_modules/next/di
st/client/components/l
ayout-router.js

./node_modules/next/di
st/client/components/a
ction-async-storage.ex
ternal.js
There are multiple 
modules with names 
that only differ in 
casing.
This can lead to 
unexpected behavior 
when compiling on a 
filesystem with other 
case-semantic.
Use equal casing. 
Compare these module 
identifiers:
* javascript/auto|C:\U
sers\pnp\Desktop\depli
ying rapidnextech\Warp
Rapid\node_modules\nex
t\dist\build\webpack\l
oaders\next-flight-cli
ent-module-loader.js!C
:\Users\pnp\Desktop\de
pliying rapidnextech\W
arpRapid\node_modules\
next\dist\build\webpac
k\loaders\next-swc-loa
der.js??ruleSet[1].rul
es[16].oneOf[5].use[1]
!C:\Users\pnp\Desktop\
depliying rapidnextech
\WarpRapid\node_module
s\next\dist\client\com
ponents\action-async-s
torage.external.js|sha
red
    Used by 2 
module(s), i. e.
    javascript/auto|C:
\Users\pnp\Desktop\dep
liying rapidnextech\Wa
rpRapid\node_modules\n
ext\dist\build\webpack
\loaders\next-flight-c
lient-module-loader.js
!C:\Users\pnp\Desktop\
depliying rapidnextech
\WarpRapid\node_module
s\next\dist\build\webp
ack\loaders\next-swc-l
oader.js??ruleSet[1].r
ules[16].oneOf[5].use[
1]!C:\Users\pnp\Deskto
p\depliying rapidnexte
ch\WarpRapid\node_modu
les\next\dist\client\c
omponents\redirect.js|
app-pages-browser
* javascript/auto|C:\U
sers\pnp\Desktop\depli
ying rapidnextech\Warp
Rapid\node_modules\nex
t\dist\build\webpack\l
oaders\next-flight-cli
ent-module-loader.js!C
:\Users\pnp\Desktop\de
pliying rapidnextech\W
arpRapid\node_modules\
next\dist\build\webpac
k\loaders\next-swc-loa
der.js??ruleSet[1].rul
es[16].oneOf[5].use[1]
!C:\Users\pnp\desktop\
depliying rapidnextech
\WarpRapid\node_module
s\next\dist\client\com
ponents\action-async-s
torage.external.js|sha
red
    Used by 2 
module(s), i. e.
    javascript/auto|C:
\Users\pnp\Desktop\dep
liying rapidnextech\Wa
rpRapid\node_modules\n
ext\dist\build\webpack
\loaders\next-flight-c
lient-module-loader.js
!C:\Users\pnp\Desktop\
depliying rapidnextech
\WarpRapid\node_module
s\next\dist\build\webp
ack\loaders\next-swc-l
oader.js??ruleSet[1].r
ules[16].oneOf[5].use[
1]!C:\Users\pnp\deskto
p\depliying rapidnexte
ch\WarpRapid\node_modu
les\next\dist\client\c
omponents\redirect.js|
app-pages-browser

Import trace for 
requested module:
./node_modules/next/di
st/client/components/a
ction-async-storage.ex
ternal.js
./node_modules/next/di
st/client/components/r
edirect.js
./node_modules/next/di
st/client/components/r
edirect-boundary.js
./node_modules/next/di
st/client/components/a
pp-router.js

./node_modules/next/di
st/client/components/a
pp-router-announcer.js
There are multiple 
modules with names 
that only differ in 
casing.
This can lead to 
unexpected behavior 
when compiling on a 
filesystem with other 
case-semantic.
Use equal casing. 
Compare these module 
identifiers:
* javascript/auto|C:\U
sers\pnp\Desktop\depli
ying rapidnextech\Warp
Rapid\node_modules\nex
t\dist\build\webpack\l
oaders\next-flight-cli
ent-module-loader.js!C
:\Users\pnp\Desktop\de
pliying rapidnextech\W
arpRapid\node_modules\
next\dist\build\webpac
k\loaders\next-swc-loa
der.js??ruleSet[1].rul
es[16].oneOf[5].use[1]
!C:\Users\pnp\Desktop\
depliying rapidnextech
\WarpRapid\node_module
s\next\dist\client\com
ponents\app-router-ann
ouncer.js|app-pages-br
owser
    Used by 2 
module(s), i. e.
    javascript/auto|C:
\Users\pnp\Desktop\dep
liying rapidnextech\Wa
rpRapid\node_modules\n
ext\dist\build\webpack
\loaders\next-flight-c
lient-module-loader.js
!C:\Users\pnp\Desktop\
depliying rapidnextech
\WarpRapid\node_module
s\next\dist\build\webp
ack\loaders\next-swc-l
oader.js??ruleSet[1].r
ules[16].oneOf[5].use[
1]!C:\Users\pnp\Deskto
p\depliying rapidnexte
ch\WarpRapid\node_modu
les\next\dist\client\c
omponents\app-router.j
s|app-pages-browser
* javascript/auto|C:\U
sers\pnp\Desktop\depli
ying rapidnextech\Warp
Rapid\node_modules\nex
t\dist\build\webpack\l
oaders\next-flight-cli
ent-module-loader.js!C
:\Users\pnp\Desktop\de
pliying rapidnextech\W
arpRapid\node_modules\
next\dist\build\webpac
k\loaders\next-swc-loa
der.js??ruleSet[1].rul
es[16].oneOf[5].use[1]
!C:\Users\pnp\desktop\
depliying rapidnextech
\WarpRapid\node_module
s\next\dist\client\com
ponents\app-router-ann
ouncer.js|app-pages-br
owser
    Used by 2 
module(s), i. e.
    javascript/auto|C:
\Users\pnp\Desktop\dep
liying rapidnextech\Wa
rpRapid\node_modules\n
ext\dist\build\webpack
\loaders\next-flight-c
lient-module-loader.js
!C:\Users\pnp\Desktop\
depliying rapidnextech
\WarpRapid\node_module
s\next\dist\build\webp
ack\loaders\next-swc-l
oader.js??ruleSet[1].r
ules[16].oneOf[5].use[
1]!C:\Users\pnp\deskto
p\depliying rapidnexte
ch\WarpRapid\node_modu
les\next\dist\client\c
omponents\app-router.j
s|app-pages-browser

Import trace for 
requested module:
./node_modules/next/di
st/client/components/a
pp-router-announcer.js
./node_modules/next/di
st/client/components/a
pp-router.js

./node_modules/next/di
st/client/components/a
pp-router-headers.js
There are multiple 
modules with names 
that only differ in 
casing.
This can lead to 
unexpected behavior 
when compiling on a 
filesystem with other 
case-semantic.
Use equal casing. 
Compare these module 
identifiers:
* javascript/auto|C:\U
sers\pnp\Desktop\depli
ying rapidnextech\Warp
Rapid\node_modules\nex
t\dist\build\webpack\l
oaders\next-flight-cli
ent-module-loader.js!C
:\Users\pnp\Desktop\de
pliying rapidnextech\W
arpRapid\node_modules\
next\dist\build\webpac
k\loaders\next-swc-loa
der.js??ruleSet[1].rul
es[16].oneOf[5].use[1]
!C:\Users\pnp\Desktop\
depliying rapidnextech
\WarpRapid\node_module
s\next\dist\client\com
ponents\app-router-hea
ders.js|app-pages-brow
ser
    Used by 5 
module(s), i. e.
    javascript/auto|C:
\Users\pnp\Desktop\dep
liying rapidnextech\Wa
rpRapid\node_modules\n
ext\dist\build\webpack
\loaders\next-flight-c
lient-module-loader.js
!C:\Users\pnp\Desktop\
depliying rapidnextech
\WarpRapid\node_module
s\next\dist\build\webp
ack\loaders\next-swc-l
oader.js??ruleSet[1].r
ules[16].oneOf[5].use[
1]!C:\Users\pnp\Deskto
p\depliying rapidnexte
ch\WarpRapid\node_modu
les\next\dist\client\c
omponents\app-router.j
s|app-pages-browser
* javascript/auto|C:\U
sers\pnp\Desktop\depli
ying rapidnextech\Warp
Rapid\node_modules\nex
t\dist\build\webpack\l
oaders\next-flight-cli
ent-module-loader.js!C
:\Users\pnp\Desktop\de
pliying rapidnextech\W
arpRapid\node_modules\
next\dist\build\webpac
k\loaders\next-swc-loa
der.js??ruleSet[1].rul
es[16].oneOf[5].use[1]
!C:\Users\pnp\desktop\
depliying rapidnextech
\WarpRapid\node_module
s\next\dist\client\com
ponents\app-router-hea
ders.js|app-pages-brow
ser
    Used by 5 
module(s), i. e.
    javascript/auto|C:
\Users\pnp\Desktop\dep
liying rapidnextech\Wa
rpRapid\node_modules\n
ext\dist\build\webpack
\loaders\next-flight-c
lient-module-loader.js
!C:\Users\pnp\Desktop\
depliying rapidnextech
\WarpRapid\node_module
s\next\dist\build\webp
ack\loaders\next-swc-l
oader.js??ruleSet[1].r
ules[16].oneOf[5].use[
1]!C:\Users\pnp\deskto
p\depliying rapidnexte
ch\WarpRapid\node_modu
les\next\dist\client\c
omponents\app-router.j
s|app-pages-browser

Import trace for 
requested module:
./node_modules/next/di
st/client/components/a
pp-router-headers.js
./node_modules/next/di
st/client/components/a
pp-router.js

./node_modules/next/di
st/client/components/a
pp-router.js
There are multiple 
modules with names 
that only differ in 
casing.
This can lead to 
unexpected behavior 
when compiling on a 
filesystem with other 
case-semantic.
Use equal casing. 
Compare these module 
identifiers:
* javascript/auto|C:\U
sers\pnp\Desktop\depli
ying rapidnextech\Warp
Rapid\node_modules\nex
t\dist\build\webpack\l
oaders\next-flight-cli
ent-module-loader.js!C
:\Users\pnp\Desktop\de
pliying rapidnextech\W
arpRapid\node_modules\
next\dist\build\webpac
k\loaders\next-swc-loa
der.js??ruleSet[1].rul
es[16].oneOf[5].use[1]
!C:\Users\pnp\Desktop\
depliying rapidnextech
\WarpRapid\node_module
s\next\dist\client\com
ponents\app-router.js|
app-pages-browser
    Used by 10 
module(s), i. e.
    javascript/auto|C:
\Users\pnp\Desktop\dep
liying rapidnextech\Wa
rpRapid\node_modules\n
ext\dist\build\webpack
\loaders\next-flight-c
lient-entry-loader.js?
modules=%7B%22request%
22%3A%22C%3A%5C%5CUser
s%5C%5Cpnp%5C%5CDeskto
p%5C%5Cdepliying%20rap
idnextech%5C%5CWarpRap
id%5C%5Cnode_modules%5
C%5Cnext%5C%5Cdist%5C%
5Cclient%5C%5Ccomponen
ts%5C%5Capp-router.js%
22%2C%22ids%22%3A%5B%5
D%7D&modules=%7B%22req
uest%22%3A%22C%3A%5C%5
CUsers%5C%5Cpnp%5C%5CD
esktop%5C%5Cdepliying%
20rapidnextech%5C%5CWa
rpRapid%5C%5Cnode_modu
les%5C%5Cnext%5C%5Cdis
t%5C%5Cclient%5C%5Ccom
ponents%5C%5Cclient-pa
ge.js%22%2C%22ids%22%3
A%5B%5D%7D&modules=%7B
%22request%22%3A%22C%3
A%5C%5CUsers%5C%5Cpnp%
5C%5CDesktop%5C%5Cdepl
iying%20rapidnextech%5
C%5CWarpRapid%5C%5Cnod
e_modules%5C%5Cnext%5C
%5Cdist%5C%5Cclient%5C
%5Ccomponents%5C%5Cerr
or-boundary.js%22%2C%2
2ids%22%3A%5B%5D%7D&mo
dules=%7B%22request%22
%3A%22C%3A%5C%5CUsers%
5C%5Cpnp%5C%5CDesktop%
5C%5Cdepliying%20rapid
nextech%5C%5CWarpRapid
%5C%5Cnode_modules%5C%
5Cnext%5C%5Cdist%5C%5C
client%5C%5Ccomponents
%5C%5Clayout-router.js
%22%2C%22ids%22%3A%5B%
5D%7D&modules=%7B%22re
quest%22%3A%22C%3A%5C%
5CUsers%5C%5Cpnp%5C%5C
Desktop%5C%5Cdepliying
%20rapidnextech%5C%5CW
arpRapid%5C%5Cnode_mod
ules%5C%5Cnext%5C%5Cdi
st%5C%5Cclient%5C%5Cco
mponents%5C%5Cnot-foun
d-boundary.js%22%2C%22
ids%22%3A%5B%5D%7D&mod
ules=%7B%22request%22%
3A%22C%3A%5C%5CUsers%5
C%5Cpnp%5C%5CDesktop%5
C%5Cdepliying%20rapidn
extech%5C%5CWarpRapid%
5C%5Cnode_modules%5C%5
Cnext%5C%5Cdist%5C%5Cc
lient%5C%5Ccomponents%
5C%5Crender-from-templ
ate-context.js%22%2C%2
2ids%22%3A%5B%5D%7D&se
rver=false!|app-pages-
browser
* javascript/auto|C:\U
sers\pnp\Desktop\depli
ying rapidnextech\Warp
Rapid\node_modules\nex
t\dist\build\webpack\l
oaders\next-flight-cli
ent-module-loader.js!C
:\Users\pnp\Desktop\de
pliying rapidnextech\W
arpRapid\node_modules\
next\dist\build\webpac
k\loaders\next-swc-loa
der.js??ruleSet[1].rul
es[16].oneOf[5].use[1]
!C:\Users\pnp\desktop\
depliying rapidnextech
\WarpRapid\node_module
s\next\dist\client\com
ponents\app-router.js|
app-pages-browser
    Used by 8 
module(s), i. e.
    javascript/auto|C:
\Users\pnp\Desktop\dep
liying rapidnextech\Wa
rpRapid\node_modules\n
ext\dist\build\webpack
\loaders\next-flight-c
lient-module-loader.js
!C:\Users\pnp\Desktop\
depliying rapidnextech
\WarpRapid\node_module
s\next\dist\build\webp
ack\loaders\next-swc-l
oader.js??ruleSet[1].r
ules[16].oneOf[5].use[
1]!C:\Users\pnp\deskto
p\depliying rapidnexte
ch\WarpRapid\node_modu
les\next\dist\client\a
pp-call-server.js|app-
pages-browser

Import trace for 
requested module:
./node_modules/next/di
st/client/components/a
pp-router.js

./node_modules/next/di
st/client/components/b
ailout-to-client-rende
ring.js
There are multiple 
modules with names 
that only differ in 
casing.
This can lead to 
unexpected behavior 
when compiling on a 
filesystem with other 
case-semantic.
Use equal casing. 
Compare these module 
identifiers:
* javascript/auto|C:\U
sers\pnp\Desktop\depli
ying rapidnextech\Warp
Rapid\node_modules\nex
t\dist\build\webpack\l
oaders\next-flight-cli
ent-module-loader.js!C
:\Users\pnp\Desktop\de
pliying rapidnextech\W
arpRapid\node_modules\
next\dist\build\webpac
k\loaders\next-swc-loa
der.js??ruleSet[1].rul
es[16].oneOf[5].use[1]
!C:\Users\pnp\Desktop\
depliying rapidnextech
\WarpRapid\node_module
s\next\dist\client\com
ponents\bailout-to-cli
ent-rendering.js|app-p
ages-browser
    Used by 2 
module(s), i. e.
    javascript/auto|C:
\Users\pnp\Desktop\dep
liying rapidnextech\Wa
rpRapid\node_modules\n
ext\dist\build\webpack
\loaders\next-flight-c
lient-module-loader.js
!C:\Users\pnp\Desktop\
depliying rapidnextech
\WarpRapid\node_module
s\next\dist\build\webp
ack\loaders\next-swc-l
oader.js??ruleSet[1].r
ules[16].oneOf[5].use[
1]!C:\Users\pnp\Deskto
p\depliying rapidnexte
ch\WarpRapid\node_modu
les\next\dist\client\c
omponents\navigation.j
s|app-pages-browser
* javascript/auto|C:\U
sers\pnp\Desktop\depli
ying rapidnextech\Warp
Rapid\node_modules\nex
t\dist\build\webpack\l
oaders\next-flight-cli
ent-module-loader.js!C
:\Users\pnp\Desktop\de
pliying rapidnextech\W
arpRapid\node_modules\
next\dist\build\webpac
k\loaders\next-swc-loa
der.js??ruleSet[1].rul
es[16].oneOf[5].use[1]
!C:\Users\pnp\desktop\
depliying rapidnextech
\WarpRapid\node_module
s\next\dist\client\com
ponents\bailout-to-cli
ent-rendering.js|app-p
ages-browser
    Used by 2 
module(s), i. e.
    javascript/auto|C:
\Users\pnp\Desktop\dep
liying rapidnextech\Wa
rpRapid\node_modules\n
ext\dist\build\webpack
\loaders\next-flight-c
lient-module-loader.js
!C:\Users\pnp\Desktop\
depliying rapidnextech
\WarpRapid\node_module
s\next\dist\build\webp
ack\loaders\next-swc-l
oader.js??ruleSet[1].r
ules[16].oneOf[5].use[
1]!C:\Users\pnp\deskto
p\depliying rapidnexte
ch\WarpRapid\node_modu
les\next\dist\client\c
omponents\navigation.j
s|app-pages-browser

Import trace for 
requested module:
./node_modules/next/di
st/client/components/b
ailout-to-client-rende
ring.js
./node_modules/next/di
st/client/components/n
avigation.js
./node_modules/next/di
st/client/components/e
rror-boundary.js

./node_modules/next/di
st/client/components/e
rror-boundary.js
There are multiple 
modules with names 
that only differ in 
casing.
This can lead to 
unexpected behavior 
when compiling on a 
filesystem with other 
case-semantic.
Use equal casing. 
Compare these module 
identifiers:
* javascript/auto|C:\U
sers\pnp\Desktop\depli
ying rapidnextech\Warp
Rapid\node_modules\nex
t\dist\build\webpack\l
oaders\next-flight-cli
ent-module-loader.js!C
:\Users\pnp\Desktop\de
pliying rapidnextech\W
arpRapid\node_modules\
next\dist\build\webpac
k\loaders\next-swc-loa
der.js??ruleSet[1].rul
es[16].oneOf[5].use[1]
!C:\Users\pnp\Desktop\
depliying rapidnextech
\WarpRapid\node_module
s\next\dist\client\com
ponents\error-boundary
.js|app-pages-browser
    Used by 4 
module(s), i. e.
    javascript/auto|C:
\Users\pnp\Desktop\dep
liying rapidnextech\Wa
rpRapid\node_modules\n
ext\dist\build\webpack
\loaders\next-flight-c
lient-entry-loader.js?
modules=%7B%22request%
22%3A%22C%3A%5C%5CUser
s%5C%5Cpnp%5C%5CDeskto
p%5C%5Cdepliying%20rap
idnextech%5C%5CWarpRap
id%5C%5Cnode_modules%5
C%5Cnext%5C%5Cdist%5C%
5Cclient%5C%5Ccomponen
ts%5C%5Capp-router.js%
22%2C%22ids%22%3A%5B%5
D%7D&modules=%7B%22req
uest%22%3A%22C%3A%5C%5
CUsers%5C%5Cpnp%5C%5CD
esktop%5C%5Cdepliying%
20rapidnextech%5C%5CWa
rpRapid%5C%5Cnode_modu
les%5C%5Cnext%5C%5Cdis
t%5C%5Cclient%5C%5Ccom
ponents%5C%5Cclient-pa
ge.js%22%2C%22ids%22%3
A%5B%5D%7D&modules=%7B
%22request%22%3A%22C%3
A%5C%5CUsers%5C%5Cpnp%
5C%5CDesktop%5C%5Cdepl
iying%20rapidnextech%5
C%5CWarpRapid%5C%5Cnod
e_modules%5C%5Cnext%5C
%5Cdist%5C%5Cclient%5C
%5Ccomponents%5C%5Cerr
or-boundary.js%22%2C%2
2ids%22%3A%5B%5D%7D&mo
dules=%7B%22request%22
%3A%22C%3A%5C%5CUsers%
5C%5Cpnp%5C%5CDesktop%
5C%5Cdepliying%20rapid
nextech%5C%5CWarpRapid
%5C%5Cnode_modules%5C%
5Cnext%5C%5Cdist%5C%5C
client%5C%5Ccomponents
%5C%5Clayout-router.js
%22%2C%22ids%22%3A%5B%
5D%7D&modules=%7B%22re
quest%22%3A%22C%3A%5C%
5CUsers%5C%5Cpnp%5C%5C
Desktop%5C%5Cdepliying
%20rapidnextech%5C%5CW
arpRapid%5C%5Cnode_mod
ules%5C%5Cnext%5C%5Cdi
st%5C%5Cclient%5C%5Cco
mponents%5C%5Cnot-foun
d-boundary.js%22%2C%22
ids%22%3A%5B%5D%7D&mod
ules=%7B%22request%22%
3A%22C%3A%5C%5CUsers%5
C%5Cpnp%5C%5CDesktop%5
C%5Cdepliying%20rapidn
extech%5C%5CWarpRapid%
5C%5Cnode_modules%5C%5
Cnext%5C%5Cdist%5C%5Cc
lient%5C%5Ccomponents%
5C%5Crender-from-templ
ate-context.js%22%2C%2
2ids%22%3A%5B%5D%7D&se
rver=false!|app-pages-
browser
* javascript/auto|C:\U
sers\pnp\Desktop\depli
ying rapidnextech\Warp
Rapid\node_modules\nex
t\dist\build\webpack\l
oaders\next-flight-cli
ent-module-loader.js!C
:\Users\pnp\Desktop\de
pliying rapidnextech\W
arpRapid\node_modules\
next\dist\build\webpac
k\loaders\next-swc-loa
der.js??ruleSet[1].rul
es[16].oneOf[5].use[1]
!C:\Users\pnp\desktop\
depliying rapidnextech
\WarpRapid\node_module
s\next\dist\client\com
ponents\error-boundary
.js|app-pages-browser
    Used by 2 
module(s), i. e.
    javascript/auto|C:
\Users\pnp\Desktop\dep
liying rapidnextech\Wa
rpRapid\node_modules\n
ext\dist\build\webpack
\loaders\next-flight-c
lient-module-loader.js
!C:\Users\pnp\Desktop\
depliying rapidnextech
\WarpRapid\node_module
s\next\dist\build\webp
ack\loaders\next-swc-l
oader.js??ruleSet[1].r
ules[16].oneOf[5].use[
1]!C:\Users\pnp\deskto
p\depliying rapidnexte
ch\WarpRapid\node_modu
les\next\dist\client\c
omponents\app-router.j
s|app-pages-browser

Import trace for 
requested module:
./node_modules/next/di
st/client/components/e
rror-boundary.js

./node_modules/next/di
st/client/components/i
s-next-router-error.js
There are multiple 
modules with names 
that only differ in 
casing.
This can lead to 
unexpected behavior 
when compiling on a 
filesystem with other 
case-semantic.
Use equal casing. 
Compare these module 
identifiers:
* javascript/auto|C:\U
sers\pnp\Desktop\depli
ying rapidnextech\Warp
Rapid\node_modules\nex
t\dist\build\webpack\l
oaders\next-flight-cli
ent-module-loader.js!C
:\Users\pnp\Desktop\de
pliying rapidnextech\W
arpRapid\node_modules\
next\dist\build\webpac
k\loaders\next-swc-loa
der.js??ruleSet[1].rul
es[16].oneOf[5].use[1]
!C:\Users\pnp\Desktop\
depliying rapidnextech
\WarpRapid\node_module
s\next\dist\client\com
ponents\is-next-router
-error.js|app-pages-br
owser
    Used by 2 
module(s), i. e.
    javascript/auto|C:
\Users\pnp\Desktop\dep
liying rapidnextech\Wa
rpRapid\node_modules\n
ext\dist\build\webpack
\loaders\next-flight-c
lient-module-loader.js
!C:\Users\pnp\Desktop\
depliying rapidnextech
\WarpRapid\node_module
s\next\dist\build\webp
ack\loaders\next-swc-l
oader.js??ruleSet[1].r
ules[16].oneOf[5].use[
1]!C:\Users\pnp\Deskto
p\depliying rapidnexte
ch\WarpRapid\node_modu
les\next\dist\client\c
omponents\error-bounda
ry.js|app-pages-browse
r
* javascript/auto|C:\U
sers\pnp\Desktop\depli
ying rapidnextech\Warp
Rapid\node_modules\nex
t\dist\build\webpack\l
oaders\next-flight-cli
ent-module-loader.js!C
:\Users\pnp\Desktop\de
pliying rapidnextech\W
arpRapid\node_modules\
next\dist\build\webpac
k\loaders\next-swc-loa
der.js??ruleSet[1].rul
es[16].oneOf[5].use[1]
!C:\Users\pnp\desktop\
depliying rapidnextech
\WarpRapid\node_module
s\next\dist\client\com
ponents\is-next-router
-error.js|app-pages-br
owser
    Used by 3 
module(s), i. e.
    javascript/auto|C:
\Users\pnp\Desktop\dep
liying rapidnextech\Wa
rpRapid\node_modules\n
ext\dist\build\webpack
\loaders\next-flight-c
lient-module-loader.js
!C:\Users\pnp\Desktop\
depliying rapidnextech
\WarpRapid\node_module
s\next\dist\build\webp
ack\loaders\next-swc-l
oader.js??ruleSet[1].r
ules[16].oneOf[5].use[
1]!C:\Users\pnp\deskto
p\depliying rapidnexte
ch\WarpRapid\node_modu
les\next\dist\client\a
pp-index.js|app-pages-
browser

Import trace for 
requested module:
./node_modules/next/di
st/client/components/i
s-next-router-error.js
./node_modules/next/di
st/client/components/e
rror-boundary.js

./node_modules/next/di
st/client/components/m
atch-segments.js
There are multiple 
modules with names 
that only differ in 
casing.
This can lead to 
unexpected behavior 
when compiling on a 
filesystem with other 
case-semantic.
Use equal casing. 
Compare these module 
identifiers:
* javascript/auto|C:\U
sers\pnp\Desktop\depli
ying rapidnextech\Warp
Rapid\node_modules\nex
t\dist\build\webpack\l
oaders\next-flight-cli
ent-module-loader.js!C
:\Users\pnp\Desktop\de
pliying rapidnextech\W
arpRapid\node_modules\
next\dist\build\webpac
k\loaders\next-swc-loa
der.js??ruleSet[1].rul
es[16].oneOf[5].use[1]
!C:\Users\pnp\Desktop\
depliying rapidnextech
\WarpRapid\node_module
s\next\dist\client\com
ponents\match-segments
.js|app-pages-browser
    Used by 6 
module(s), i. e.
    javascript/auto|C:
\Users\pnp\Desktop\dep
liying rapidnextech\Wa
rpRapid\node_modules\n
ext\dist\build\webpack
\loaders\next-flight-c
lient-module-loader.js
!C:\Users\pnp\Desktop\
depliying rapidnextech
\WarpRapid\node_module
s\next\dist\build\webp
ack\loaders\next-swc-l
oader.js??ruleSet[1].r
ules[16].oneOf[5].use[
1]!C:\Users\pnp\Deskto
p\depliying rapidnexte
ch\WarpRapid\node_modu
les\next\dist\client\c
omponents\layout-route
r.js|app-pages-browser
* javascript/auto|C:\U
sers\pnp\Desktop\depli
ying rapidnextech\Warp
Rapid\node_modules\nex
t\dist\build\webpack\l
oaders\next-flight-cli
ent-module-loader.js!C
:\Users\pnp\Desktop\de
pliying rapidnextech\W
arpRapid\node_modules\
next\dist\build\webpac
k\loaders\next-swc-loa
der.js??ruleSet[1].rul
es[16].oneOf[5].use[1]
!C:\Users\pnp\desktop\
depliying rapidnextech
\WarpRapid\node_module
s\next\dist\client\com
ponents\match-segments
.js|app-pages-browser
    Used by 5 
module(s), i. e.
    javascript/auto|C:
\Users\pnp\Desktop\dep
liying rapidnextech\Wa
rpRapid\node_modules\n
ext\dist\build\webpack
\loaders\next-flight-c
lient-module-loader.js
!C:\Users\pnp\Desktop\
depliying rapidnextech
\WarpRapid\node_module
s\next\dist\build\webp
ack\loaders\next-swc-l
oader.js??ruleSet[1].r
ules[16].oneOf[5].use[
1]!C:\Users\pnp\deskto
p\depliying rapidnexte
ch\WarpRapid\node_modu
les\next\dist\client\c
omponents\router-reduc
er\compute-changed-pat
h.js|app-pages-browser

Import trace for 
requested module:
./node_modules/next/di
st/client/components/m
atch-segments.js
./node_modules/next/di
st/client/components/l
ayout-router.js

./node_modules/next/di
st/client/components/n
avigation.js
There are multiple 
modules with names 
that only differ in 
casing.
This can lead to 
unexpected behavior 
when compiling on a 
filesystem with other 
case-semantic.
Use equal casing. 
Compare these module 
identifiers:
* javascript/auto|C:\U
sers\pnp\Desktop\depli
ying rapidnextech\Warp
Rapid\node_modules\nex
t\dist\build\webpack\l
oaders\next-flight-cli
ent-module-loader.js!C
:\Users\pnp\Desktop\de
pliying rapidnextech\W
arpRapid\node_modules\
next\dist\build\webpac
k\loaders\next-swc-loa
der.js??ruleSet[1].rul
es[16].oneOf[5].use[1]
!C:\Users\pnp\Desktop\
depliying rapidnextech
\WarpRapid\node_module
s\next\dist\client\com
ponents\navigation.js|
app-pages-browser
    Used by 5 
module(s), i. e.
    javascript/auto|C:
\Users\pnp\Desktop\dep
liying rapidnextech\Wa
rpRapid\node_modules\n
ext\dist\build\webpack
\loaders\next-flight-c
lient-module-loader.js
!C:\Users\pnp\Desktop\
depliying rapidnextech
\WarpRapid\node_module
s\next\dist\build\webp
ack\loaders\next-swc-l
oader.js??ruleSet[1].r
ules[16].oneOf[5].use[
1]!C:\Users\pnp\Deskto
p\depliying rapidnexte
ch\WarpRapid\node_modu
les\next\dist\client\c
omponents\error-bounda
ry.js|app-pages-browse
r
* javascript/auto|C:\U
sers\pnp\Desktop\depli
ying rapidnextech\Warp
Rapid\node_modules\nex
t\dist\build\webpack\l
oaders\next-flight-cli
ent-module-loader.js!C
:\Users\pnp\Desktop\de
pliying rapidnextech\W
arpRapid\node_modules\
next\dist\build\webpac
k\loaders\next-swc-loa
der.js??ruleSet[1].rul
es[16].oneOf[5].use[1]
!C:\Users\pnp\desktop\
depliying rapidnextech
\WarpRapid\node_module
s\next\dist\client\com
ponents\navigation.js|
app-pages-browser
    Used by 3 
module(s), i. e.
    javascript/auto|C:
\Users\pnp\Desktop\dep
liying rapidnextech\Wa
rpRapid\node_modules\n
ext\dist\build\webpack
\loaders\next-flight-c
lient-module-loader.js
!C:\Users\pnp\Desktop\
depliying rapidnextech
\WarpRapid\node_module
s\next\dist\build\webp
ack\loaders\next-swc-l
oader.js??ruleSet[1].r
ules[16].oneOf[5].use[
1]!C:\Users\pnp\deskto
p\depliying rapidnexte
ch\WarpRapid\node_modu
les\next\dist\client\c
omponents\error-bounda
ry.js|app-pages-browse
r

Import trace for 
requested module:
./node_modules/next/di
st/client/components/n
avigation.js
./node_modules/next/di
st/client/components/e
rror-boundary.js

./node_modules/next/di
st/client/components/n
avigation.react-server
.js
There are multiple 
modules with names 
that only differ in 
casing.
This can lead to 
unexpected behavior 
when compiling on a 
filesystem with other 
case-semantic.
Use equal casing. 
Compare these module 
identifiers:
* javascript/auto|C:\U
sers\pnp\Desktop\depli
ying rapidnextech\Warp
Rapid\node_modules\nex
t\dist\build\webpack\l
oaders\next-flight-cli
ent-module-loader.js!C
:\Users\pnp\Desktop\de
pliying rapidnextech\W
arpRapid\node_modules\
next\dist\build\webpac
k\loaders\next-swc-loa
der.js??ruleSet[1].rul
es[16].oneOf[5].use[1]
!C:\Users\pnp\Desktop\
depliying rapidnextech
\WarpRapid\node_module
s\next\dist\client\com
ponents\navigation.rea
ct-server.js|app-pages
-browser
    Used by 2 
module(s), i. e.
    javascript/auto|C:
\Users\pnp\Desktop\dep
liying rapidnextech\Wa
rpRapid\node_modules\n
ext\dist\build\webpack
\loaders\next-flight-c
lient-module-loader.js
!C:\Users\pnp\Desktop\
depliying rapidnextech
\WarpRapid\node_module
s\next\dist\build\webp
ack\loaders\next-swc-l
oader.js??ruleSet[1].r
ules[16].oneOf[5].use[
1]!C:\Users\pnp\Deskto
p\depliying rapidnexte
ch\WarpRapid\node_modu
les\next\dist\client\c
omponents\navigation.j
s|app-pages-browser
* javascript/auto|C:\U
sers\pnp\Desktop\depli
ying rapidnextech\Warp
Rapid\node_modules\nex
t\dist\build\webpack\l
oaders\next-flight-cli
ent-module-loader.js!C
:\Users\pnp\Desktop\de
pliying rapidnextech\W
arpRapid\node_modules\
next\dist\build\webpac
k\loaders\next-swc-loa
der.js??ruleSet[1].rul
es[16].oneOf[5].use[1]
!C:\Users\pnp\desktop\
depliying rapidnextech
\WarpRapid\node_module
s\next\dist\client\com
ponents\navigation.rea
ct-server.js|app-pages
-browser
    Used by 2 
module(s), i. e.
    javascript/auto|C:
\Users\pnp\Desktop\dep
liying rapidnextech\Wa
rpRapid\node_modules\n
ext\dist\build\webpack
\loaders\next-flight-c
lient-module-loader.js
!C:\Users\pnp\Desktop\
depliying rapidnextech
\WarpRapid\node_module
s\next\dist\build\webp
ack\loaders\next-swc-l
oader.js??ruleSet[1].r
ules[16].oneOf[5].use[
1]!C:\Users\pnp\deskto
p\depliying rapidnexte
ch\WarpRapid\node_modu
les\next\dist\client\c
omponents\navigation.j
s|app-pages-browser

Import trace for 
requested module:
./node_modules/next/di
st/client/components/n
avigation.react-server
.js
./node_modules/next/di
st/client/components/n
avigation.js
./node_modules/next/di
st/client/components/e
rror-boundary.js

./node_modules/next/di
st/client/components/n
ot-found.js
There are multiple 
modules with names 
that only differ in 
casing.
This can lead to 
unexpected behavior 
when compiling on a 
filesystem with other 
case-semantic.
Use equal casing. 
Compare these module 
identifiers:
* javascript/auto|C:\U
sers\pnp\Desktop\depli
ying rapidnextech\Warp
Rapid\node_modules\nex
t\dist\build\webpack\l
oaders\next-flight-cli
ent-module-loader.js!C
:\Users\pnp\Desktop\de
pliying rapidnextech\W
arpRapid\node_modules\
next\dist\build\webpac
k\loaders\next-swc-loa
der.js??ruleSet[1].rul
es[16].oneOf[5].use[1]
!C:\Users\pnp\Desktop\
depliying rapidnextech
\WarpRapid\node_module
s\next\dist\client\com
ponents\not-found.js|a
pp-pages-browser
    Used by 4 
module(s), i. e.
    javascript/auto|C:
\Users\pnp\Desktop\dep
liying rapidnextech\Wa
rpRapid\node_modules\n
ext\dist\build\webpack
\loaders\next-flight-c
lient-module-loader.js
!C:\Users\pnp\Desktop\
depliying rapidnextech
\WarpRapid\node_module
s\next\dist\build\webp
ack\loaders\next-swc-l
oader.js??ruleSet[1].r
ules[16].oneOf[5].use[
1]!C:\Users\pnp\Deskto
p\depliying rapidnexte
ch\WarpRapid\node_modu
les\next\dist\client\c
omponents\not-found-bo
undary.js|app-pages-br
owser
* javascript/auto|C:\U
sers\pnp\Desktop\depli
ying rapidnextech\Warp
Rapid\node_modules\nex
t\dist\build\webpack\l
oaders\next-flight-cli
ent-module-loader.js!C
:\Users\pnp\Desktop\de
pliying rapidnextech\W
arpRapid\node_modules\
next\dist\build\webpac
k\loaders\next-swc-loa
der.js??ruleSet[1].rul
es[16].oneOf[5].use[1]
!C:\Users\pnp\desktop\
depliying rapidnextech
\WarpRapid\node_module
s\next\dist\client\com
ponents\not-found.js|a
pp-pages-browser
    Used by 3 
module(s), i. e.
    javascript/auto|C:
\Users\pnp\Desktop\dep
liying rapidnextech\Wa
rpRapid\node_modules\n
ext\dist\build\webpack
\loaders\next-flight-c
lient-module-loader.js
!C:\Users\pnp\Desktop\
depliying rapidnextech
\WarpRapid\node_module
s\next\dist\build\webp
ack\loaders\next-swc-l
oader.js??ruleSet[1].r
ules[16].oneOf[5].use[
1]!C:\Users\pnp\deskto
p\depliying rapidnexte
ch\WarpRapid\node_modu
les\next\dist\client\c
omponents\is-next-rout
er-error.js|app-pages-
browser

Import trace for 
requested module:
./node_modules/next/di
st/client/components/n
ot-found.js
./node_modules/next/di
st/client/components/n
ot-found-boundary.js

./node_modules/next/di
st/client/components/p
romise-queue.js
There are multiple 
modules with names 
that only differ in 
casing.
This can lead to 
unexpected behavior 
when compiling on a 
filesystem with other 
case-semantic.
Use equal casing. 
Compare these module 
identifiers:
* javascript/auto|C:\U
sers\pnp\Desktop\depli
ying rapidnextech\Warp
Rapid\node_modules\nex
t\dist\build\webpack\l
oaders\next-flight-cli
ent-module-loader.js!C
:\Users\pnp\Desktop\de
pliying rapidnextech\W
arpRapid\node_modules\
next\dist\build\webpac
k\loaders\next-swc-loa
der.js??ruleSet[1].rul
es[16].oneOf[5].use[1]
!C:\Users\pnp\Desktop\
depliying rapidnextech
\WarpRapid\node_module
s\next\dist\client\com
ponents\promise-queue.
js|app-pages-browser
    Used by 2 
module(s), i. e.
    javascript/auto|C:
\Users\pnp\Desktop\dep
liying rapidnextech\Wa
rpRapid\node_modules\n
ext\dist\build\webpack
\loaders\next-flight-c
lient-module-loader.js
!C:\Users\pnp\Desktop\
depliying rapidnextech
\WarpRapid\node_module
s\next\dist\build\webp
ack\loaders\next-swc-l
oader.js??ruleSet[1].r
ules[16].oneOf[5].use[
1]!C:\Users\pnp\Deskto
p\depliying rapidnexte
ch\WarpRapid\node_modu
les\next\dist\client\c
omponents\router-reduc
er\reducers\prefetch-r
educer.js|app-pages-br
owser
* javascript/auto|C:\U
sers\pnp\Desktop\depli
ying rapidnextech\Warp
Rapid\node_modules\nex
t\dist\build\webpack\l
oaders\next-flight-cli
ent-module-loader.js!C
:\Users\pnp\Desktop\de
pliying rapidnextech\W
arpRapid\node_modules\
next\dist\build\webpac
k\loaders\next-swc-loa
der.js??ruleSet[1].rul
es[16].oneOf[5].use[1]
!C:\Users\pnp\desktop\
depliying rapidnextech
\WarpRapid\node_module
s\next\dist\client\com
ponents\promise-queue.
js|app-pages-browser
    Used by 2 
module(s), i. e.
    javascript/auto|C:
\Users\pnp\Desktop\dep
liying rapidnextech\Wa
rpRapid\node_modules\n
ext\dist\build\webpack
\loaders\next-flight-c
lient-module-loader.js
!C:\Users\pnp\Desktop\
depliying rapidnextech
\WarpRapid\node_module
s\next\dist\build\webp
ack\loaders\next-swc-l
oader.js??ruleSet[1].r
ules[16].oneOf[5].use[
1]!C:\Users\pnp\deskto
p\depliying rapidnexte
ch\WarpRapid\node_modu
les\next\dist\client\c
omponents\router-reduc
er\reducers\prefetch-r
educer.js|app-pages-br
owser

Import trace for 
requested module:
./node_modules/next/di
st/client/components/p
romise-queue.js
./node_modules/next/di
st/client/components/r
outer-reducer/reducers
/prefetch-reducer.js
./node_modules/next/di
st/client/components/r
outer-reducer/prefetch
-cache-utils.js
./node_modules/next/di
st/client/components/r
outer-reducer/create-i
nitial-router-state.js
./node_modules/next/di
st/client/components/a
pp-router.js

./node_modules/next/di
st/client/components/r
edirect-boundary.js
There are multiple 
modules with names 
that only differ in 
casing.
This can lead to 
unexpected behavior 
when compiling on a 
filesystem with other 
case-semantic.
Use equal casing. 
Compare these module 
identifiers:
* javascript/auto|C:\U
sers\pnp\Desktop\depli
ying rapidnextech\Warp
Rapid\node_modules\nex
t\dist\build\webpack\l
oaders\next-flight-cli
ent-module-loader.js!C
:\Users\pnp\Desktop\de
pliying rapidnextech\W
arpRapid\node_modules\
next\dist\build\webpac
k\loaders\next-swc-loa
der.js??ruleSet[1].rul
es[16].oneOf[5].use[1]
!C:\Users\pnp\Desktop\
depliying rapidnextech
\WarpRapid\node_module
s\next\dist\client\com
ponents\redirect-bound
ary.js|app-pages-brows
er
    Used by 3 
module(s), i. e.
    javascript/auto|C:
\Users\pnp\Desktop\dep
liying rapidnextech\Wa
rpRapid\node_modules\n
ext\dist\build\webpack
\loaders\next-flight-c
lient-module-loader.js
!C:\Users\pnp\Desktop\
depliying rapidnextech
\WarpRapid\node_module
s\next\dist\build\webp
ack\loaders\next-swc-l
oader.js??ruleSet[1].r
ules[16].oneOf[5].use[
1]!C:\Users\pnp\Deskto
p\depliying rapidnexte
ch\WarpRapid\node_modu
les\next\dist\client\c
omponents\app-router.j
s|app-pages-browser
* javascript/auto|C:\U
sers\pnp\Desktop\depli
ying rapidnextech\Warp
Rapid\node_modules\nex
t\dist\build\webpack\l
oaders\next-flight-cli
ent-module-loader.js!C
:\Users\pnp\Desktop\de
pliying rapidnextech\W
arpRapid\node_modules\
next\dist\build\webpac
k\loaders\next-swc-loa
der.js??ruleSet[1].rul
es[16].oneOf[5].use[1]
!C:\Users\pnp\desktop\
depliying rapidnextech
\WarpRapid\node_module
s\next\dist\client\com
ponents\redirect-bound
ary.js|app-pages-brows
er
    Used by 2 
module(s), i. e.
    javascript/auto|C:
\Users\pnp\Desktop\dep
liying rapidnextech\Wa
rpRapid\node_modules\n
ext\dist\build\webpack
\loaders\next-flight-c
lient-module-loader.js
!C:\Users\pnp\Desktop\
depliying rapidnextech
\WarpRapid\node_module
s\next\dist\build\webp
ack\loaders\next-swc-l
oader.js??ruleSet[1].r
ules[16].oneOf[5].use[
1]!C:\Users\pnp\deskto
p\depliying rapidnexte
ch\WarpRapid\node_modu
les\next\dist\client\c
omponents\app-router.j
s|app-pages-browser

Import trace for 
requested module:
./node_modules/next/di
st/client/components/r
edirect-boundary.js
./node_modules/next/di
st/client/components/a
pp-router.js

./node_modules/next/di
st/client/components/r
edirect-status-code.js
There are multiple 
modules with names 
that only differ in 
casing.
This can lead to 
unexpected behavior 
when compiling on a 
filesystem with other 
case-semantic.
Use equal casing. 
Compare these module 
identifiers:
* javascript/auto|C:\U
sers\pnp\Desktop\depli
ying rapidnextech\Warp
Rapid\node_modules\nex
t\dist\build\webpack\l
oaders\next-flight-cli
ent-module-loader.js!C
:\Users\pnp\Desktop\de
pliying rapidnextech\W
arpRapid\node_modules\
next\dist\build\webpac
k\loaders\next-swc-loa
der.js??ruleSet[1].rul
es[16].oneOf[5].use[1]
!C:\Users\pnp\Desktop\
depliying rapidnextech
\WarpRapid\node_module
s\next\dist\client\com
ponents\redirect-statu
s-code.js|app-pages-br
owser
    Used by 2 
module(s), i. e.
    javascript/auto|C:
\Users\pnp\Desktop\dep
liying rapidnextech\Wa
rpRapid\node_modules\n
ext\dist\build\webpack
\loaders\next-flight-c
lient-module-loader.js
!C:\Users\pnp\Desktop\
depliying rapidnextech
\WarpRapid\node_module
s\next\dist\build\webp
ack\loaders\next-swc-l
oader.js??ruleSet[1].r
ules[16].oneOf[5].use[
1]!C:\Users\pnp\Deskto
p\depliying rapidnexte
ch\WarpRapid\node_modu
les\next\dist\client\c
omponents\redirect.js|
app-pages-browser
* javascript/auto|C:\U
sers\pnp\Desktop\depli
ying rapidnextech\Warp
Rapid\node_modules\nex
t\dist\build\webpack\l
oaders\next-flight-cli
ent-module-loader.js!C
:\Users\pnp\Desktop\de
pliying rapidnextech\W
arpRapid\node_modules\
next\dist\build\webpac
k\loaders\next-swc-loa
der.js??ruleSet[1].rul
es[16].oneOf[5].use[1]
!C:\Users\pnp\desktop\
depliying rapidnextech
\WarpRapid\node_module
s\next\dist\client\com
ponents\redirect-statu
s-code.js|app-pages-br
owser
    Used by 2 
module(s), i. e.
    javascript/auto|C:
\Users\pnp\Desktop\dep
liying rapidnextech\Wa
rpRapid\node_modules\n
ext\dist\build\webpack
\loaders\next-flight-c
lient-module-loader.js
!C:\Users\pnp\Desktop\
depliying rapidnextech
\WarpRapid\node_module
s\next\dist\build\webp
ack\loaders\next-swc-l
oader.js??ruleSet[1].r
ules[16].oneOf[5].use[
1]!C:\Users\pnp\deskto
p\depliying rapidnexte
ch\WarpRapid\node_modu
les\next\dist\client\c
omponents\redirect.js|
app-pages-browser

Import trace for 
requested module:
./node_modules/next/di
st/client/components/r
edirect-status-code.js
./node_modules/next/di
st/client/components/r
edirect.js
./node_modules/next/di
st/client/components/r
edirect-boundary.js
./node_modules/next/di
st/client/components/a
pp-router.js

./node_modules/next/di
st/client/components/r
edirect.js
There are multiple 
modules with names 
that only differ in 
casing.
This can lead to 
unexpected behavior 
when compiling on a 
filesystem with other 
case-semantic.
Use equal casing. 
Compare these module 
identifiers:
* javascript/auto|C:\U
sers\pnp\Desktop\depli
ying rapidnextech\Warp
Rapid\node_modules\nex
t\dist\build\webpack\l
oaders\next-flight-cli
ent-module-loader.js!C
:\Users\pnp\Desktop\de
pliying rapidnextech\W
arpRapid\node_modules\
next\dist\build\webpac
k\loaders\next-swc-loa
der.js??ruleSet[1].rul
es[16].oneOf[5].use[1]
!C:\Users\pnp\Desktop\
depliying rapidnextech
\WarpRapid\node_module
s\next\dist\client\com
ponents\redirect.js|ap
p-pages-browser
    Used by 4 
module(s), i. e.
    javascript/auto|C:
\Users\pnp\Desktop\dep
liying rapidnextech\Wa
rpRapid\node_modules\n
ext\dist\build\webpack
\loaders\next-flight-c
lient-module-loader.js
!C:\Users\pnp\Desktop\
depliying rapidnextech
\WarpRapid\node_module
s\next\dist\build\webp
ack\loaders\next-swc-l
oader.js??ruleSet[1].r
ules[16].oneOf[5].use[
1]!C:\Users\pnp\Deskto
p\depliying rapidnexte
ch\WarpRapid\node_modu
les\next\dist\client\c
omponents\redirect-bou
ndary.js|app-pages-bro
wser
* javascript/auto|C:\U
sers\pnp\Desktop\depli
ying rapidnextech\Warp
Rapid\node_modules\nex
t\dist\build\webpack\l
oaders\next-flight-cli
ent-module-loader.js!C
:\Users\pnp\Desktop\de
pliying rapidnextech\W
arpRapid\node_modules\
next\dist\build\webpac
k\loaders\next-swc-loa
der.js??ruleSet[1].rul
es[16].oneOf[5].use[1]
!C:\Users\pnp\desktop\
depliying rapidnextech
\WarpRapid\node_module
s\next\dist\client\com
ponents\redirect.js|ap
p-pages-browser
    Used by 4 
module(s), i. e.
    javascript/auto|C:
\Users\pnp\Desktop\dep
liying rapidnextech\Wa
rpRapid\node_modules\n
ext\dist\build\webpack
\loaders\next-flight-c
lient-module-loader.js
!C:\Users\pnp\Desktop\
depliying rapidnextech
\WarpRapid\node_module
s\next\dist\build\webp
ack\loaders\next-swc-l
oader.js??ruleSet[1].r
ules[16].oneOf[5].use[
1]!C:\Users\pnp\deskto
p\depliying rapidnexte
ch\WarpRapid\node_modu
les\next\dist\client\c
omponents\is-next-rout
er-error.js|app-pages-
browser

Import trace for 
requested module:
./node_modules/next/di
st/client/components/r
edirect.js
./node_modules/next/di
st/client/components/r
edirect-boundary.js
./node_modules/next/di
st/client/components/a
pp-router.js

./node_modules/next/di
st/client/components/r
equest-async-storage.e
xternal.js
There are multiple 
modules with names 
that only differ in 
casing.
This can lead to 
unexpected behavior 
when compiling on a 
filesystem with other 
case-semantic.
Use equal casing. 
Compare these module 
identifiers:
* javascript/auto|C:\U
sers\pnp\Desktop\depli
ying rapidnextech\Warp
Rapid\node_modules\nex
t\dist\build\webpack\l
oaders\next-flight-cli
ent-module-loader.js!C
:\Users\pnp\Desktop\de
pliying rapidnextech\W
arpRapid\node_modules\
next\dist\build\webpac
k\loaders\next-swc-loa
der.js??ruleSet[1].rul
es[16].oneOf[5].use[1]
!C:\Users\pnp\Desktop\
depliying rapidnextech
\WarpRapid\node_module
s\next\dist\client\com
ponents\request-async-
storage.external.js|sh
ared
    Used by 3 
module(s), i. e.
    javascript/auto|C:
\Users\pnp\Desktop\dep
liying rapidnextech\Wa
rpRapid\node_modules\n
ext\dist\build\webpack
\loaders\next-flight-c
lient-module-loader.js
!C:\Users\pnp\Desktop\
depliying rapidnextech
\WarpRapid\node_module
s\next\dist\build\webp
ack\loaders\next-swc-l
oader.js??ruleSet[1].r
ules[16].oneOf[5].use[
1]!C:\Users\pnp\Deskto
p\depliying rapidnexte
ch\WarpRapid\node_modu
les\next\dist\client\c
omponents\redirect.js|
app-pages-browser
* javascript/auto|C:\U
sers\pnp\Desktop\depli
ying rapidnextech\Warp
Rapid\node_modules\nex
t\dist\build\webpack\l
oaders\next-flight-cli
ent-module-loader.js!C
:\Users\pnp\Desktop\de
pliying rapidnextech\W
arpRapid\node_modules\
next\dist\build\webpac
k\loaders\next-swc-loa
der.js??ruleSet[1].rul
es[16].oneOf[5].use[1]
!C:\Users\pnp\desktop\
depliying rapidnextech
\WarpRapid\node_module
s\next\dist\client\com
ponents\request-async-
storage.external.js|sh
ared
    Used by 2 
module(s), i. e.
    javascript/auto|C:
\Users\pnp\Desktop\dep
liying rapidnextech\Wa
rpRapid\node_modules\n
ext\dist\build\webpack
\loaders\next-flight-c
lient-module-loader.js
!C:\Users\pnp\Desktop\
depliying rapidnextech
\WarpRapid\node_module
s\next\dist\build\webp
ack\loaders\next-swc-l
oader.js??ruleSet[1].r
ules[16].oneOf[5].use[
1]!C:\Users\pnp\deskto
p\depliying rapidnexte
ch\WarpRapid\node_modu
les\next\dist\client\c
omponents\redirect.js|
app-pages-browser

Import trace for 
requested module:
./node_modules/next/di
st/client/components/r
equest-async-storage.e
xternal.js
./node_modules/next/di
st/client/components/r
edirect.js
./node_modules/next/di
st/client/components/r
edirect-boundary.js
./node_modules/next/di
st/client/components/a
pp-router.js

./node_modules/next/di
st/client/components/r
outer-reducer/apply-fl
ight-data.js
There are multiple 
modules with names 
that only differ in 
casing.
This can lead to 
unexpected behavior 
when compiling on a 
filesystem with other 
case-semantic.
Use equal casing. 
Compare these module 
identifiers:
* javascript/auto|C:\U
sers\pnp\Desktop\depli
ying rapidnextech\Warp
Rapid\node_modules\nex
t\dist\build\webpack\l
oaders\next-flight-cli
ent-module-loader.js!C
:\Users\pnp\Desktop\de
pliying rapidnextech\W
arpRapid\node_modules\
next\dist\build\webpac
k\loaders\next-swc-loa
der.js??ruleSet[1].rul
es[16].oneOf[5].use[1]
!C:\Users\pnp\Desktop\
depliying rapidnextech
\WarpRapid\node_module
s\next\dist\client\com
ponents\router-reducer
\apply-flight-data.js|
app-pages-browser
    Used by 5 
module(s), i. e.
    javascript/auto|C:
\Users\pnp\Desktop\dep
liying rapidnextech\Wa
rpRapid\node_modules\n
ext\dist\build\webpack
\loaders\next-flight-c
lient-module-loader.js
!C:\Users\pnp\Desktop\
depliying rapidnextech
\WarpRapid\node_module
s\next\dist\build\webp
ack\loaders\next-swc-l
oader.js??ruleSet[1].r
ules[16].oneOf[5].use[
1]!C:\Users\pnp\Deskto
p\depliying rapidnexte
ch\WarpRapid\node_modu
les\next\dist\client\c
omponents\router-reduc
er\refetch-inactive-pa
rallel-segments.js|app
-pages-browser
* javascript/auto|C:\U
sers\pnp\Desktop\depli
ying rapidnextech\Warp
Rapid\node_modules\nex
t\dist\build\webpack\l
oaders\next-flight-cli
ent-module-loader.js!C
:\Users\pnp\Desktop\de
pliying rapidnextech\W
arpRapid\node_modules\
next\dist\build\webpac
k\loaders\next-swc-loa
der.js??ruleSet[1].rul
es[16].oneOf[5].use[1]
!C:\Users\pnp\desktop\
depliying rapidnextech
\WarpRapid\node_module
s\next\dist\client\com
ponents\router-reducer
\apply-flight-data.js|
app-pages-browser
    Used by 5 
module(s), i. e.
    javascript/auto|C:
\Users\pnp\Desktop\dep
liying rapidnextech\Wa
rpRapid\node_modules\n
ext\dist\build\webpack
\loaders\next-flight-c
lient-module-loader.js
!C:\Users\pnp\Desktop\
depliying rapidnextech
\WarpRapid\node_module
s\next\dist\build\webp
ack\loaders\next-swc-l
oader.js??ruleSet[1].r
ules[16].oneOf[5].use[
1]!C:\Users\pnp\deskto
p\depliying rapidnexte
ch\WarpRapid\node_modu
les\next\dist\client\c
omponents\router-reduc
er\reducers\navigate-r
educer.js|app-pages-br
owser

Import trace for 
requested module:
./node_modules/next/di
st/client/components/r
outer-reducer/apply-fl
ight-data.js
./node_modules/next/di
st/client/components/r
outer-reducer/refetch-
inactive-parallel-segm
ents.js
./node_modules/next/di
st/client/components/r
outer-reducer/create-i
nitial-router-state.js
./node_modules/next/di
st/client/components/a
pp-router.js

./node_modules/next/di
st/client/components/r
outer-reducer/apply-ro
uter-state-patch-to-tr
ee.js
There are multiple 
modules with names 
that only differ in 
casing.
This can lead to 
unexpected behavior 
when compiling on a 
filesystem with other 
case-semantic.
Use equal casing. 
Compare these module 
identifiers:
* javascript/auto|C:\U
sers\pnp\Desktop\depli
ying rapidnextech\Warp
Rapid\node_modules\nex
t\dist\build\webpack\l
oaders\next-flight-cli
ent-module-loader.js!C
:\Users\pnp\Desktop\de
pliying rapidnextech\W
arpRapid\node_modules\
next\dist\build\webpac
k\loaders\next-swc-loa
der.js??ruleSet[1].rul
es[16].oneOf[5].use[1]
!C:\Users\pnp\Desktop\
depliying rapidnextech
\WarpRapid\node_module
s\next\dist\client\com
ponents\router-reducer
\apply-router-state-pa
tch-to-tree.js|app-pag
es-browser
    Used by 6 
module(s), i. e.
    javascript/auto|C:
\Users\pnp\Desktop\dep
liying rapidnextech\Wa
rpRapid\node_modules\n
ext\dist\build\webpack
\loaders\next-flight-c
lient-module-loader.js
!C:\Users\pnp\Desktop\
depliying rapidnextech
\WarpRapid\node_module
s\next\dist\build\webp
ack\loaders\next-swc-l
oader.js??ruleSet[1].r
ules[16].oneOf[5].use[
1]!C:\Users\pnp\Deskto
p\depliying rapidnexte
ch\WarpRapid\node_modu
les\next\dist\client\c
omponents\router-reduc
er\reducers\navigate-r
educer.js|app-pages-br
owser
* javascript/auto|C:\U
sers\pnp\Desktop\depli
ying rapidnextech\Warp
Rapid\node_modules\nex
t\dist\build\webpack\l
oaders\next-flight-cli
ent-module-loader.js!C
:\Users\pnp\Desktop\de
pliying rapidnextech\W
arpRapid\node_modules\
next\dist\build\webpac
k\loaders\next-swc-loa
der.js??ruleSet[1].rul
es[16].oneOf[5].use[1]
!C:\Users\pnp\desktop\
depliying rapidnextech
\WarpRapid\node_module
s\next\dist\client\com
ponents\router-reducer
\apply-router-state-pa
tch-to-tree.js|app-pag
es-browser
    Used by 6 
module(s), i. e.
    javascript/auto|C:
\Users\pnp\Desktop\dep
liying rapidnextech\Wa
rpRapid\node_modules\n
ext\dist\build\webpack
\loaders\next-flight-c
lient-module-loader.js
!C:\Users\pnp\Desktop\
depliying rapidnextech
\WarpRapid\node_module
s\next\dist\build\webp
ack\loaders\next-swc-l
oader.js??ruleSet[1].r
ules[16].oneOf[5].use[
1]!C:\Users\pnp\deskto
p\depliying rapidnexte
ch\WarpRapid\node_modu
les\next\dist\client\c
omponents\router-reduc
er\reducers\navigate-r
educer.js|app-pages-br
owser

Import trace for 
requested module:
./node_modules/next/di
st/client/components/r
outer-reducer/apply-ro
uter-state-patch-to-tr
ee.js
./node_modules/next/di
st/client/components/r
outer-reducer/reducers
/navigate-reducer.js
./node_modules/next/di
st/client/components/r
outer-reducer/router-r
educer.js
./node_modules/next/di
st/shared/lib/router/a
ction-queue.js
./node_modules/next/di
st/client/components/u
se-reducer-with-devtoo
ls.js
./node_modules/next/di
st/client/components/a
pp-router.js

./node_modules/next/di
st/client/components/r
outer-reducer/clear-ca
che-node-data-for-segm
ent-path.js
There are multiple 
modules with names 
that only differ in 
casing.
This can lead to 
unexpected behavior 
when compiling on a 
filesystem with other 
case-semantic.
Use equal casing. 
Compare these module 
identifiers:
* javascript/auto|C:\U
sers\pnp\Desktop\depli
ying rapidnextech\Warp
Rapid\node_modules\nex
t\dist\build\webpack\l
oaders\next-flight-cli
ent-module-loader.js!C
:\Users\pnp\Desktop\de
pliying rapidnextech\W
arpRapid\node_modules\
next\dist\build\webpac
k\loaders\next-swc-loa
der.js??ruleSet[1].rul
es[16].oneOf[5].use[1]
!C:\Users\pnp\Desktop\
depliying rapidnextech
\WarpRapid\node_module
s\next\dist\client\com
ponents\router-reducer
\clear-cache-node-data
-for-segment-path.js|a
pp-pages-browser
    Used by 2 
module(s), i. e.
    javascript/auto|C:
\Users\pnp\Desktop\dep
liying rapidnextech\Wa
rpRapid\node_modules\n
ext\dist\build\webpack
\loaders\next-flight-c
lient-module-loader.js
!C:\Users\pnp\Desktop\
depliying rapidnextech
\WarpRapid\node_module
s\next\dist\build\webp
ack\loaders\next-swc-l
oader.js??ruleSet[1].r
ules[16].oneOf[5].use[
1]!C:\Users\pnp\Deskto
p\depliying rapidnexte
ch\WarpRapid\node_modu
les\next\dist\client\c
omponents\router-reduc
er\reducers\navigate-r
educer.js|app-pages-br
owser
* javascript/auto|C:\U
sers\pnp\Desktop\depli
ying rapidnextech\Warp
Rapid\node_modules\nex
t\dist\build\webpack\l
oaders\next-flight-cli
ent-module-loader.js!C
:\Users\pnp\Desktop\de
pliying rapidnextech\W
arpRapid\node_modules\
next\dist\build\webpac
k\loaders\next-swc-loa
der.js??ruleSet[1].rul
es[16].oneOf[5].use[1]
!C:\Users\pnp\desktop\
depliying rapidnextech
\WarpRapid\node_module
s\next\dist\client\com
ponents\router-reducer
\clear-cache-node-data
-for-segment-path.js|a
pp-pages-browser
    Used by 2 
module(s), i. e.
    javascript/auto|C:
\Users\pnp\Desktop\dep
liying rapidnextech\Wa
rpRapid\node_modules\n
ext\dist\build\webpack
\loaders\next-flight-c
lient-module-loader.js
!C:\Users\pnp\Desktop\
depliying rapidnextech
\WarpRapid\node_module
s\next\dist\build\webp
ack\loaders\next-swc-l
oader.js??ruleSet[1].r
ules[16].oneOf[5].use[
1]!C:\Users\pnp\deskto
p\depliying rapidnexte
ch\WarpRapid\node_modu
les\next\dist\client\c
omponents\router-reduc
er\reducers\navigate-r
educer.js|app-pages-br
owser

Import trace for 
requested module:
./node_modules/next/di
st/client/components/r
outer-reducer/clear-ca
che-node-data-for-segm
ent-path.js
./node_modules/next/di
st/client/components/r
outer-reducer/reducers
/navigate-reducer.js
./node_modules/next/di
st/client/components/r
outer-reducer/router-r
educer.js
./node_modules/next/di
st/shared/lib/router/a
ction-queue.js
./node_modules/next/di
st/client/components/u
se-reducer-with-devtoo
ls.js
./node_modules/next/di
st/client/components/a
pp-router.js

./node_modules/next/di
st/client/components/r
outer-reducer/compute-
changed-path.js
There are multiple 
modules with names 
that only differ in 
casing.
This can lead to 
unexpected behavior 
when compiling on a 
filesystem with other 
case-semantic.
Use equal casing. 
Compare these module 
identifiers:
* javascript/auto|C:\U
sers\pnp\Desktop\depli
ying rapidnextech\Warp
Rapid\node_modules\nex
t\dist\build\webpack\l
oaders\next-flight-cli
ent-module-loader.js!C
:\Users\pnp\Desktop\de
pliying rapidnextech\W
arpRapid\node_modules\
next\dist\build\webpac
k\loaders\next-swc-loa
der.js??ruleSet[1].rul
es[16].oneOf[5].use[1]
!C:\Users\pnp\Desktop\
depliying rapidnextech
\WarpRapid\node_module
s\next\dist\client\com
ponents\router-reducer
\compute-changed-path.
js|app-pages-browser
    Used by 4 
module(s), i. e.
    javascript/auto|C:
\Users\pnp\Desktop\dep
liying rapidnextech\Wa
rpRapid\node_modules\n
ext\dist\build\webpack
\loaders\next-flight-c
lient-module-loader.js
!C:\Users\pnp\Desktop\
depliying rapidnextech
\WarpRapid\node_module
s\next\dist\build\webp
ack\loaders\next-swc-l
oader.js??ruleSet[1].r
ules[16].oneOf[5].use[
1]!C:\Users\pnp\Deskto
p\depliying rapidnexte
ch\WarpRapid\node_modu
les\next\dist\client\c
omponents\router-reduc
er\create-initial-rout
er-state.js|app-pages-
browser
* javascript/auto|C:\U
sers\pnp\Desktop\depli
ying rapidnextech\Warp
Rapid\node_modules\nex
t\dist\build\webpack\l
oaders\next-flight-cli
ent-module-loader.js!C
:\Users\pnp\Desktop\de
pliying rapidnextech\W
arpRapid\node_modules\
next\dist\build\webpac
k\loaders\next-swc-loa
der.js??ruleSet[1].rul
es[16].oneOf[5].use[1]
!C:\Users\pnp\desktop\
depliying rapidnextech
\WarpRapid\node_module
s\next\dist\client\com
ponents\router-reducer
\compute-changed-path.
js|app-pages-browser
    Used by 4 
module(s), i. e.
    javascript/auto|C:
\Users\pnp\Desktop\dep
liying rapidnextech\Wa
rpRapid\node_modules\n
ext\dist\build\webpack
\loaders\next-flight-c
lient-module-loader.js
!C:\Users\pnp\Desktop\
depliying rapidnextech
\WarpRapid\node_module
s\next\dist\build\webp
ack\loaders\next-swc-l
oader.js??ruleSet[1].r
ules[16].oneOf[5].use[
1]!C:\Users\pnp\deskto
p\depliying rapidnexte
ch\WarpRapid\node_modu
les\next\dist\client\c
omponents\router-reduc
er\create-initial-rout
er-state.js|app-pages-
browser

Import trace for 
requested module:
./node_modules/next/di
st/client/components/r
outer-reducer/compute-
changed-path.js
./node_modules/next/di
st/client/components/r
outer-reducer/create-i
nitial-router-state.js
./node_modules/next/di
st/client/components/a
pp-router.js

./node_modules/next/di
st/client/components/r
outer-reducer/create-h
ref-from-url.js
There are multiple 
modules with names 
that only differ in 
casing.
This can lead to 
unexpected behavior 
when compiling on a 
filesystem with other 
case-semantic.
Use equal casing. 
Compare these module 
identifiers:
* javascript/auto|C:\U
sers\pnp\Desktop\depli
ying rapidnextech\Warp
Rapid\node_modules\nex
t\dist\build\webpack\l
oaders\next-flight-cli
ent-module-loader.js!C
:\Users\pnp\Desktop\de
pliying rapidnextech\W
arpRapid\node_modules\
next\dist\build\webpac
k\loaders\next-swc-loa
der.js??ruleSet[1].rul
es[16].oneOf[5].use[1]
!C:\Users\pnp\Desktop\
depliying rapidnextech
\WarpRapid\node_module
s\next\dist\client\com
ponents\router-reducer
\create-href-from-url.
js|app-pages-browser
    Used by 10 
module(s), i. e.
    javascript/auto|C:
\Users\pnp\Desktop\dep
liying rapidnextech\Wa
rpRapid\node_modules\n
ext\dist\build\webpack
\loaders\next-flight-c
lient-module-loader.js
!C:\Users\pnp\Desktop\
depliying rapidnextech
\WarpRapid\node_module
s\next\dist\build\webp
ack\loaders\next-swc-l
oader.js??ruleSet[1].r
ules[16].oneOf[5].use[
1]!C:\Users\pnp\Deskto
p\depliying rapidnexte
ch\WarpRapid\node_modu
les\next\dist\client\c
omponents\app-router.j
s|app-pages-browser
* javascript/auto|C:\U
sers\pnp\Desktop\depli
ying rapidnextech\Warp
Rapid\node_modules\nex
t\dist\build\webpack\l
oaders\next-flight-cli
ent-module-loader.js!C
:\Users\pnp\Desktop\de
pliying rapidnextech\W
arpRapid\node_modules\
next\dist\build\webpac
k\loaders\next-swc-loa
der.js??ruleSet[1].rul
es[16].oneOf[5].use[1]
!C:\Users\pnp\desktop\
depliying rapidnextech
\WarpRapid\node_module
s\next\dist\client\com
ponents\router-reducer
\create-href-from-url.
js|app-pages-browser
    Used by 10 
module(s), i. e.
    javascript/auto|C:
\Users\pnp\Desktop\dep
liying rapidnextech\Wa
rpRapid\node_modules\n
ext\dist\build\webpack
\loaders\next-flight-c
lient-module-loader.js
!C:\Users\pnp\Desktop\
depliying rapidnextech
\WarpRapid\node_module
s\next\dist\build\webp
ack\loaders\next-swc-l
oader.js??ruleSet[1].r
ules[16].oneOf[5].use[
1]!C:\Users\pnp\deskto
p\depliying rapidnexte
ch\WarpRapid\node_modu
les\next\dist\client\c
omponents\app-router.j
s|app-pages-browser

Import trace for 
requested module:
./node_modules/next/di
st/client/components/r
outer-reducer/create-h
ref-from-url.js
./node_modules/next/di
st/client/components/a
pp-router.js

./node_modules/next/di
st/client/components/r
outer-reducer/create-i
nitial-router-state.js
There are multiple 
modules with names 
that only differ in 
casing.
This can lead to 
unexpected behavior 
when compiling on a 
filesystem with other 
case-semantic.
Use equal casing. 
Compare these module 
identifiers:
* javascript/auto|C:\U
sers\pnp\Desktop\depli
ying rapidnextech\Warp
Rapid\node_modules\nex
t\dist\build\webpack\l
oaders\next-flight-cli
ent-module-loader.js!C
:\Users\pnp\Desktop\de
pliying rapidnextech\W
arpRapid\node_modules\
next\dist\build\webpac
k\loaders\next-swc-loa
der.js??ruleSet[1].rul
es[16].oneOf[5].use[1]
!C:\Users\pnp\Desktop\
depliying rapidnextech
\WarpRapid\node_module
s\next\dist\client\com
ponents\router-reducer
\create-initial-router
-state.js|app-pages-br
owser
    Used by 2 
module(s), i. e.
    javascript/auto|C:
\Users\pnp\Desktop\dep
liying rapidnextech\Wa
rpRapid\node_modules\n
ext\dist\build\webpack
\loaders\next-flight-c
lient-module-loader.js
!C:\Users\pnp\Desktop\
depliying rapidnextech
\WarpRapid\node_module
s\next\dist\build\webp
ack\loaders\next-swc-l
oader.js??ruleSet[1].r
ules[16].oneOf[5].use[
1]!C:\Users\pnp\Deskto
p\depliying rapidnexte
ch\WarpRapid\node_modu
les\next\dist\client\c
omponents\app-router.j
s|app-pages-browser
* javascript/auto|C:\U
sers\pnp\Desktop\depli
ying rapidnextech\Warp
Rapid\node_modules\nex
t\dist\build\webpack\l
oaders\next-flight-cli
ent-module-loader.js!C
:\Users\pnp\Desktop\de
pliying rapidnextech\W
arpRapid\node_modules\
next\dist\build\webpac
k\loaders\next-swc-loa
der.js??ruleSet[1].rul
es[16].oneOf[5].use[1]
!C:\Users\pnp\desktop\
depliying rapidnextech
\WarpRapid\node_module
s\next\dist\client\com
ponents\router-reducer
\create-initial-router
-state.js|app-pages-br
owser
    Used by 2 
module(s), i. e.
    javascript/auto|C:
\Users\pnp\Desktop\dep
liying rapidnextech\Wa
rpRapid\node_modules\n
ext\dist\build\webpack
\loaders\next-flight-c
lient-module-loader.js
!C:\Users\pnp\Desktop\
depliying rapidnextech
\WarpRapid\node_module
s\next\dist\build\webp
ack\loaders\next-swc-l
oader.js??ruleSet[1].r
ules[16].oneOf[5].use[
1]!C:\Users\pnp\deskto
p\depliying rapidnexte
ch\WarpRapid\node_modu
les\next\dist\client\c
omponents\app-router.j
s|app-pages-browser

Import trace for 
requested module:
./node_modules/next/di
st/client/components/r
outer-reducer/create-i
nitial-router-state.js
./node_modules/next/di
st/client/components/a
pp-router.js

./node_modules/next/di
st/client/components/r
outer-reducer/create-r
outer-cache-key.js
There are multiple 
modules with names 
that only differ in 
casing.
This can lead to 
unexpected behavior 
when compiling on a 
filesystem with other 
case-semantic.
Use equal casing. 
Compare these module 
identifiers:
* javascript/auto|C:\U
sers\pnp\Desktop\depli
ying rapidnextech\Warp
Rapid\node_modules\nex
t\dist\build\webpack\l
oaders\next-flight-cli
ent-module-loader.js!C
:\Users\pnp\Desktop\de
pliying rapidnextech\W
arpRapid\node_modules\
next\dist\build\webpac
k\loaders\next-swc-loa
der.js??ruleSet[1].rul
es[16].oneOf[5].use[1]
!C:\Users\pnp\Desktop\
depliying rapidnextech
\WarpRapid\node_module
s\next\dist\client\com
ponents\router-reducer
\create-router-cache-k
ey.js|app-pages-browse
r
    Used by 9 
module(s), i. e.
    javascript/auto|C:
\Users\pnp\Desktop\dep
liying rapidnextech\Wa
rpRapid\node_modules\n
ext\dist\build\webpack
\loaders\next-flight-c
lient-module-loader.js
!C:\Users\pnp\Desktop\
depliying rapidnextech
\WarpRapid\node_module
s\next\dist\build\webp
ack\loaders\next-swc-l
oader.js??ruleSet[1].r
ules[16].oneOf[5].use[
1]!C:\Users\pnp\Deskto
p\depliying rapidnexte
ch\WarpRapid\node_modu
les\next\dist\client\c
omponents\layout-route
r.js|app-pages-browser
* javascript/auto|C:\U
sers\pnp\Desktop\depli
ying rapidnextech\Warp
Rapid\node_modules\nex
t\dist\build\webpack\l
oaders\next-flight-cli
ent-module-loader.js!C
:\Users\pnp\Desktop\de
pliying rapidnextech\W
arpRapid\node_modules\
next\dist\build\webpac
k\loaders\next-swc-loa
der.js??ruleSet[1].rul
es[16].oneOf[5].use[1]
!C:\Users\pnp\desktop\
depliying rapidnextech
\WarpRapid\node_module
s\next\dist\client\com
ponents\router-reducer
\create-router-cache-k
ey.js|app-pages-browse
r
    Used by 8 
module(s), i. e.
    javascript/auto|C:
\Users\pnp\Desktop\dep
liying rapidnextech\Wa
rpRapid\node_modules\n
ext\dist\build\webpack
\loaders\next-flight-c
lient-module-loader.js
!C:\Users\pnp\Desktop\
depliying rapidnextech
\WarpRapid\node_module
s\next\dist\build\webp
ack\loaders\next-swc-l
oader.js??ruleSet[1].r
ules[16].oneOf[5].use[
1]!C:\Users\pnp\deskto
p\depliying rapidnexte
ch\WarpRapid\node_modu
les\next\dist\client\c
omponents\router-reduc
er\reducers\find-head-
in-cache.js|app-pages-
browser

Import trace for 
requested module:
./node_modules/next/di
st/client/components/r
outer-reducer/create-r
outer-cache-key.js
./node_modules/next/di
st/client/components/l
ayout-router.js

./node_modules/next/di
st/client/components/r
outer-reducer/fetch-se
rver-response.js
There are multiple 
modules with names 
that only differ in 
casing.
This can lead to 
unexpected behavior 
when compiling on a 
filesystem with other 
case-semantic.
Use equal casing. 
Compare these module 
identifiers:
* javascript/auto|C:\U
sers\pnp\Desktop\depli
ying rapidnextech\Warp
Rapid\node_modules\nex
t\dist\build\webpack\l
oaders\next-flight-cli
ent-module-loader.js!C
:\Users\pnp\Desktop\de
pliying rapidnextech\W
arpRapid\node_modules\
next\dist\build\webpac
k\loaders\next-swc-loa
der.js??ruleSet[1].rul
es[16].oneOf[5].use[1]
!C:\Users\pnp\Desktop\
depliying rapidnextech
\WarpRapid\node_module
s\next\dist\client\com
ponents\router-reducer
\fetch-server-response
.js|app-pages-browser
    Used by 7 
module(s), i. e.
    javascript/auto|C:
\Users\pnp\Desktop\dep
liying rapidnextech\Wa
rpRapid\node_modules\n
ext\dist\build\webpack
\loaders\next-flight-c
lient-module-loader.js
!C:\Users\pnp\Desktop\
depliying rapidnextech
\WarpRapid\node_module
s\next\dist\build\webp
ack\loaders\next-swc-l
oader.js??ruleSet[1].r
ules[16].oneOf[5].use[
1]!C:\Users\pnp\Deskto
p\depliying rapidnexte
ch\WarpRapid\node_modu
les\next\dist\client\c
omponents\layout-route
r.js|app-pages-browser
* javascript/auto|C:\U
sers\pnp\Desktop\depli
ying rapidnextech\Warp
Rapid\node_modules\nex
t\dist\build\webpack\l
oaders\next-flight-cli
ent-module-loader.js!C
:\Users\pnp\Desktop\de
pliying rapidnextech\W
arpRapid\node_modules\
next\dist\build\webpac
k\loaders\next-swc-loa
der.js??ruleSet[1].rul
es[16].oneOf[5].use[1]
!C:\Users\pnp\desktop\
depliying rapidnextech
\WarpRapid\node_module
s\next\dist\client\com
ponents\router-reducer
\fetch-server-response
.js|app-pages-browser
    Used by 6 
module(s), i. e.
    javascript/auto|C:
\Users\pnp\Desktop\dep
liying rapidnextech\Wa
rpRapid\node_modules\n
ext\dist\build\webpack
\loaders\next-flight-c
lient-module-loader.js
!C:\Users\pnp\Desktop\
depliying rapidnextech
\WarpRapid\node_module
s\next\dist\build\webp
ack\loaders\next-swc-l
oader.js??ruleSet[1].r
ules[16].oneOf[5].use[
1]!C:\Users\pnp\deskto
p\depliying rapidnexte
ch\WarpRapid\node_modu
les\next\dist\client\c
omponents\router-reduc
er\reducers\navigate-r
educer.js|app-pages-br
owser

Import trace for 
requested module:
./node_modules/next/di
st/client/components/r
outer-reducer/fetch-se
rver-response.js
./node_modules/next/di
st/client/components/l
ayout-router.js

./node_modules/next/di
st/client/components/r
outer-reducer/fill-cac
he-with-new-subtree-da
ta.js
There are multiple 
modules with names 
that only differ in 
casing.
This can lead to 
unexpected behavior 
when compiling on a 
filesystem with other 
case-semantic.
Use equal casing. 
Compare these module 
identifiers:
* javascript/auto|C:\U
sers\pnp\Desktop\depli
ying rapidnextech\Warp
Rapid\node_modules\nex
t\dist\build\webpack\l
oaders\next-flight-cli
ent-module-loader.js!C
:\Users\pnp\Desktop\de
pliying rapidnextech\W
arpRapid\node_modules\
next\dist\build\webpac
k\loaders\next-swc-loa
der.js??ruleSet[1].rul
es[16].oneOf[5].use[1]
!C:\Users\pnp\Desktop\
depliying rapidnextech
\WarpRapid\node_module
s\next\dist\client\com
ponents\router-reducer
\fill-cache-with-new-s
ubtree-data.js|app-pag
es-browser
    Used by 2 
module(s), i. e.
    javascript/auto|C:
\Users\pnp\Desktop\dep
liying rapidnextech\Wa
rpRapid\node_modules\n
ext\dist\build\webpack
\loaders\next-flight-c
lient-module-loader.js
!C:\Users\pnp\Desktop\
depliying rapidnextech
\WarpRapid\node_module
s\next\dist\build\webp
ack\loaders\next-swc-l
oader.js??ruleSet[1].r
ules[16].oneOf[5].use[
1]!C:\Users\pnp\Deskto
p\depliying rapidnexte
ch\WarpRapid\node_modu
les\next\dist\client\c
omponents\router-reduc
er\apply-flight-data.j
s|app-pages-browser
* javascript/auto|C:\U
sers\pnp\Desktop\depli
ying rapidnextech\Warp
Rapid\node_modules\nex
t\dist\build\webpack\l
oaders\next-flight-cli
ent-module-loader.js!C
:\Users\pnp\Desktop\de
pliying rapidnextech\W
arpRapid\node_modules\
next\dist\build\webpac
k\loaders\next-swc-loa
der.js??ruleSet[1].rul
es[16].oneOf[5].use[1]
!C:\Users\pnp\desktop\
depliying rapidnextech
\WarpRapid\node_module
s\next\dist\client\com
ponents\router-reducer
\fill-cache-with-new-s
ubtree-data.js|app-pag
es-browser
    Used by 2 
module(s), i. e.
    javascript/auto|C:
\Users\pnp\Desktop\dep
liying rapidnextech\Wa
rpRapid\node_modules\n
ext\dist\build\webpack
\loaders\next-flight-c
lient-module-loader.js
!C:\Users\pnp\Desktop\
depliying rapidnextech
\WarpRapid\node_module
s\next\dist\build\webp
ack\loaders\next-swc-l
oader.js??ruleSet[1].r
ules[16].oneOf[5].use[
1]!C:\Users\pnp\deskto
p\depliying rapidnexte
ch\WarpRapid\node_modu
les\next\dist\client\c
omponents\router-reduc
er\apply-flight-data.j
s|app-pages-browser

Import trace for 
requested module:
./node_modules/next/di
st/client/components/r
outer-reducer/fill-cac
he-with-new-subtree-da
ta.js
./node_modules/next/di
st/client/components/r
outer-reducer/apply-fl
ight-data.js
./node_modules/next/di
st/client/components/r
outer-reducer/refetch-
inactive-parallel-segm
ents.js
./node_modules/next/di
st/client/components/r
outer-reducer/create-i
nitial-router-state.js
./node_modules/next/di
st/client/components/a
pp-router.js

./node_modules/next/di
st/client/components/r
outer-reducer/fill-laz
y-items-till-leaf-with
-head.js
There are multiple 
modules with names 
that only differ in 
casing.
This can lead to 
unexpected behavior 
when compiling on a 
filesystem with other 
case-semantic.
Use equal casing. 
Compare these module 
identifiers:
* javascript/auto|C:\U
sers\pnp\Desktop\depli
ying rapidnextech\Warp
Rapid\node_modules\nex
t\dist\build\webpack\l
oaders\next-flight-cli
ent-module-loader.js!C
:\Users\pnp\Desktop\de
pliying rapidnextech\W
arpRapid\node_modules\
next\dist\build\webpac
k\loaders\next-swc-loa
der.js??ruleSet[1].rul
es[16].oneOf[5].use[1]
!C:\Users\pnp\Desktop\
depliying rapidnextech
\WarpRapid\node_module
s\next\dist\client\com
ponents\router-reducer
\fill-lazy-items-till-
leaf-with-head.js|app-
pages-browser
    Used by 6 
module(s), i. e.
    javascript/auto|C:
\Users\pnp\Desktop\dep
liying rapidnextech\Wa
rpRapid\node_modules\n
ext\dist\build\webpack
\loaders\next-flight-c
lient-module-loader.js
!C:\Users\pnp\Desktop\
depliying rapidnextech
\WarpRapid\node_module
s\next\dist\build\webp
ack\loaders\next-swc-l
oader.js??ruleSet[1].r
ules[16].oneOf[5].use[
1]!C:\Users\pnp\Deskto
p\depliying rapidnexte
ch\WarpRapid\node_modu
les\next\dist\client\c
omponents\router-reduc
er\create-initial-rout
er-state.js|app-pages-
browser
* javascript/auto|C:\U
sers\pnp\Desktop\depli
ying rapidnextech\Warp
Rapid\node_modules\nex
t\dist\build\webpack\l
oaders\next-flight-cli
ent-module-loader.js!C
:\Users\pnp\Desktop\de
pliying rapidnextech\W
arpRapid\node_modules\
next\dist\build\webpac
k\loaders\next-swc-loa
der.js??ruleSet[1].rul
es[16].oneOf[5].use[1]
!C:\Users\pnp\desktop\
depliying rapidnextech
\WarpRapid\node_module
s\next\dist\client\com
ponents\router-reducer
\fill-lazy-items-till-
leaf-with-head.js|app-
pages-browser
    Used by 6 
module(s), i. e.
    javascript/auto|C:
\Users\pnp\Desktop\dep
liying rapidnextech\Wa
rpRapid\node_modules\n
ext\dist\build\webpack
\loaders\next-flight-c
lient-module-loader.js
!C:\Users\pnp\Desktop\
depliying rapidnextech
\WarpRapid\node_module
s\next\dist\build\webp
ack\loaders\next-swc-l
oader.js??ruleSet[1].r
ules[16].oneOf[5].use[
1]!C:\Users\pnp\deskto
p\depliying rapidnexte
ch\WarpRapid\node_modu
les\next\dist\client\c
omponents\router-reduc
er\create-initial-rout
er-state.js|app-pages-
browser

Import trace for 
requested module:
./node_modules/next/di
st/client/components/r
outer-reducer/fill-laz
y-items-till-leaf-with
-head.js
./node_modules/next/di
st/client/components/r
outer-reducer/create-i
nitial-router-state.js
./node_modules/next/di
st/client/components/a
pp-router.js

./node_modules/next/di
st/client/components/r
outer-reducer/handle-m
utable.js
There are multiple 
modules with names 
that only differ in 
casing.
This can lead to 
unexpected behavior 
when compiling on a 
filesystem with other 
case-semantic.
Use equal casing. 
Compare these module 
identifiers:
* javascript/auto|C:\U
sers\pnp\Desktop\depli
ying rapidnextech\Warp
Rapid\node_modules\nex
t\dist\build\webpack\l
oaders\next-flight-cli
ent-module-loader.js!C
:\Users\pnp\Desktop\de
pliying rapidnextech\W
arpRapid\node_modules\
next\dist\build\webpac
k\loaders\next-swc-loa
der.js??ruleSet[1].rul
es[16].oneOf[5].use[1]
!C:\Users\pnp\Desktop\
depliying rapidnextech
\WarpRapid\node_module
s\next\dist\client\com
ponents\router-reducer
\handle-mutable.js|app
-pages-browser
    Used by 6 
module(s), i. e.
    javascript/auto|C:
\Users\pnp\Desktop\dep
liying rapidnextech\Wa
rpRapid\node_modules\n
ext\dist\build\webpack
\loaders\next-flight-c
lient-module-loader.js
!C:\Users\pnp\Desktop\
depliying rapidnextech
\WarpRapid\node_module
s\next\dist\build\webp
ack\loaders\next-swc-l
oader.js??ruleSet[1].r
ules[16].oneOf[5].use[
1]!C:\Users\pnp\Deskto
p\depliying rapidnexte
ch\WarpRapid\node_modu
les\next\dist\client\c
omponents\router-reduc
er\reducers\navigate-r
educer.js|app-pages-br
owser
* javascript/auto|C:\U
sers\pnp\Desktop\depli
ying rapidnextech\Warp
Rapid\node_modules\nex
t\dist\build\webpack\l
oaders\next-flight-cli
ent-module-loader.js!C
:\Users\pnp\Desktop\de
pliying rapidnextech\W
arpRapid\node_modules\
next\dist\build\webpac
k\loaders\next-swc-loa
der.js??ruleSet[1].rul
es[16].oneOf[5].use[1]
!C:\Users\pnp\desktop\
depliying rapidnextech
\WarpRapid\node_module
s\next\dist\client\com
ponents\router-reducer
\handle-mutable.js|app
-pages-browser
    Used by 6 
module(s), i. e.
    javascript/auto|C:
\Users\pnp\Desktop\dep
liying rapidnextech\Wa
rpRapid\node_modules\n
ext\dist\build\webpack
\loaders\next-flight-c
lient-module-loader.js
!C:\Users\pnp\Desktop\
depliying rapidnextech
\WarpRapid\node_module
s\next\dist\build\webp
ack\loaders\next-swc-l
oader.js??ruleSet[1].r
ules[16].oneOf[5].use[
1]!C:\Users\pnp\deskto
p\depliying rapidnexte
ch\WarpRapid\node_modu
les\next\dist\client\c
omponents\router-reduc
er\reducers\navigate-r
educer.js|app-pages-br
owser

Import trace for 
requested module:
./node_modules/next/di
st/client/components/r
outer-reducer/handle-m
utable.js
./node_modules/next/di
st/client/components/r
outer-reducer/reducers
/navigate-reducer.js
./node_modules/next/di
st/client/components/r
outer-reducer/router-r
educer.js
./node_modules/next/di
st/shared/lib/router/a
ction-queue.js
./node_modules/next/di
st/client/components/u
se-reducer-with-devtoo
ls.js
./node_modules/next/di
st/client/components/a
pp-router.js

./node_modules/next/di
st/client/components/r
outer-reducer/handle-s
egment-mismatch.js
There are multiple 
modules with names 
that only differ in 
casing.
This can lead to 
unexpected behavior 
when compiling on a 
filesystem with other 
case-semantic.
Use equal casing. 
Compare these module 
identifiers:
* javascript/auto|C:\U
sers\pnp\Desktop\depli
ying rapidnextech\Warp
Rapid\node_modules\nex
t\dist\build\webpack\l
oaders\next-flight-cli
ent-module-loader.js!C
:\Users\pnp\Desktop\de
pliying rapidnextech\W
arpRapid\node_modules\
next\dist\build\webpac
k\loaders\next-swc-loa
der.js??ruleSet[1].rul
es[16].oneOf[5].use[1]
!C:\Users\pnp\Desktop\
depliying rapidnextech
\WarpRapid\node_module
s\next\dist\client\com
ponents\router-reducer
\handle-segment-mismat
ch.js|app-pages-browse
r
    Used by 5 
module(s), i. e.
    javascript/auto|C:
\Users\pnp\Desktop\dep
liying rapidnextech\Wa
rpRapid\node_modules\n
ext\dist\build\webpack
\loaders\next-flight-c
lient-module-loader.js
!C:\Users\pnp\Desktop\
depliying rapidnextech
\WarpRapid\node_module
s\next\dist\build\webp
ack\loaders\next-swc-l
oader.js??ruleSet[1].r
ules[16].oneOf[5].use[
1]!C:\Users\pnp\Deskto
p\depliying rapidnexte
ch\WarpRapid\node_modu
les\next\dist\client\c
omponents\router-reduc
er\reducers\server-pat
ch-reducer.js|app-page
s-browser
* javascript/auto|C:\U
sers\pnp\Desktop\depli
ying rapidnextech\Warp
Rapid\node_modules\nex
t\dist\build\webpack\l
oaders\next-flight-cli
ent-module-loader.js!C
:\Users\pnp\Desktop\de
pliying rapidnextech\W
arpRapid\node_modules\
next\dist\build\webpac
k\loaders\next-swc-loa
der.js??ruleSet[1].rul
es[16].oneOf[5].use[1]
!C:\Users\pnp\desktop\
depliying rapidnextech
\WarpRapid\node_module
s\next\dist\client\com
ponents\router-reducer
\handle-segment-mismat
ch.js|app-pages-browse
r
    Used by 5 
module(s), i. e.
    javascript/auto|C:
\Users\pnp\Desktop\dep
liying rapidnextech\Wa
rpRapid\node_modules\n
ext\dist\build\webpack
\loaders\next-flight-c
lient-module-loader.js
!C:\Users\pnp\Desktop\
depliying rapidnextech
\WarpRapid\node_module
s\next\dist\build\webp
ack\loaders\next-swc-l
oader.js??ruleSet[1].r
ules[16].oneOf[5].use[
1]!C:\Users\pnp\deskto
p\depliying rapidnexte
ch\WarpRapid\node_modu
les\next\dist\client\c
omponents\router-reduc
er\reducers\server-pat
ch-reducer.js|app-page
s-browser

Import trace for 
requested module:
./node_modules/next/di
st/client/components/r
outer-reducer/handle-s
egment-mismatch.js
./node_modules/next/di
st/client/components/r
outer-reducer/reducers
/server-patch-reducer.
js
./node_modules/next/di
st/client/components/r
outer-reducer/router-r
educer.js
./node_modules/next/di
st/shared/lib/router/a
ction-queue.js
./node_modules/next/di
st/client/components/u
se-reducer-with-devtoo
ls.js
./node_modules/next/di
st/client/components/a
pp-router.js

./node_modules/next/di
st/client/components/r
outer-reducer/invalida
te-cache-below-flight-
segmentpath.js
There are multiple 
modules with names 
that only differ in 
casing.
This can lead to 
unexpected behavior 
when compiling on a 
filesystem with other 
case-semantic.
Use equal casing. 
Compare these module 
identifiers:
* javascript/auto|C:\U
sers\pnp\Desktop\depli
ying rapidnextech\Warp
Rapid\node_modules\nex
t\dist\build\webpack\l
oaders\next-flight-cli
ent-module-loader.js!C
:\Users\pnp\Desktop\de
pliying rapidnextech\W
arpRapid\node_modules\
next\dist\build\webpac
k\loaders\next-swc-loa
der.js??ruleSet[1].rul
es[16].oneOf[5].use[1]
!C:\Users\pnp\Desktop\
depliying rapidnextech
\WarpRapid\node_module
s\next\dist\client\com
ponents\router-reducer
\invalidate-cache-belo
w-flight-segmentpath.j
s|app-pages-browser
    Used by 2 
module(s), i. e.
    javascript/auto|C:
\Users\pnp\Desktop\dep
liying rapidnextech\Wa
rpRapid\node_modules\n
ext\dist\build\webpack
\loaders\next-flight-c
lient-module-loader.js
!C:\Users\pnp\Desktop\
depliying rapidnextech
\WarpRapid\node_module
s\next\dist\build\webp
ack\loaders\next-swc-l
oader.js??ruleSet[1].r
ules[16].oneOf[5].use[
1]!C:\Users\pnp\Deskto
p\depliying rapidnexte
ch\WarpRapid\node_modu
les\next\dist\client\c
omponents\router-reduc
er\reducers\navigate-r
educer.js|app-pages-br
owser
* javascript/auto|C:\U
sers\pnp\Desktop\depli
ying rapidnextech\Warp
Rapid\node_modules\nex
t\dist\build\webpack\l
oaders\next-flight-cli
ent-module-loader.js!C
:\Users\pnp\Desktop\de
pliying rapidnextech\W
arpRapid\node_modules\
next\dist\build\webpac
k\loaders\next-swc-loa
der.js??ruleSet[1].rul
es[16].oneOf[5].use[1]
!C:\Users\pnp\desktop\
depliying rapidnextech
\WarpRapid\node_module
s\next\dist\client\com
ponents\router-reducer
\invalidate-cache-belo
w-flight-segmentpath.j
s|app-pages-browser
    Used by 2 
module(s), i. e.
    javascript/auto|C:
\Users\pnp\Desktop\dep
liying rapidnextech\Wa
rpRapid\node_modules\n
ext\dist\build\webpack
\loaders\next-flight-c
lient-module-loader.js
!C:\Users\pnp\Desktop\
depliying rapidnextech
\WarpRapid\node_module
s\next\dist\build\webp
ack\loaders\next-swc-l
oader.js??ruleSet[1].r
ules[16].oneOf[5].use[
1]!C:\Users\pnp\deskto
p\depliying rapidnexte
ch\WarpRapid\node_modu
les\next\dist\client\c
omponents\router-reduc
er\reducers\navigate-r
educer.js|app-pages-br
owser

Import trace for 
requested module:
./node_modules/next/di
st/client/components/r
outer-reducer/invalida
te-cache-below-flight-
segmentpath.js
./node_modules/next/di
st/client/components/r
outer-reducer/reducers
/navigate-reducer.js
./node_modules/next/di
st/client/components/r
outer-reducer/router-r
educer.js
./node_modules/next/di
st/shared/lib/router/a
ction-queue.js
./node_modules/next/di
st/client/components/u
se-reducer-with-devtoo
ls.js
./node_modules/next/di
st/client/components/a
pp-router.js

./node_modules/next/di
st/client/components/r
outer-reducer/invalida
te-cache-by-router-sta
te.js
There are multiple 
modules with names 
that only differ in 
casing.
This can lead to 
unexpected behavior 
when compiling on a 
filesystem with other 
case-semantic.
Use equal casing. 
Compare these module 
identifiers:
* javascript/auto|C:\U
sers\pnp\Desktop\depli
ying rapidnextech\Warp
Rapid\node_modules\nex
t\dist\build\webpack\l
oaders\next-flight-cli
ent-module-loader.js!C
:\Users\pnp\Desktop\de
pliying rapidnextech\W
arpRapid\node_modules\
next\dist\build\webpac
k\loaders\next-swc-loa
der.js??ruleSet[1].rul
es[16].oneOf[5].use[1]
!C:\Users\pnp\Desktop\
depliying rapidnextech
\WarpRapid\node_module
s\next\dist\client\com
ponents\router-reducer
\invalidate-cache-by-r
outer-state.js|app-pag
es-browser
    Used by 2 
module(s), i. e.
    javascript/auto|C:
\Users\pnp\Desktop\dep
liying rapidnextech\Wa
rpRapid\node_modules\n
ext\dist\build\webpack
\loaders\next-flight-c
lient-module-loader.js
!C:\Users\pnp\Desktop\
depliying rapidnextech
\WarpRapid\node_module
s\next\dist\build\webp
ack\loaders\next-swc-l
oader.js??ruleSet[1].r
ules[16].oneOf[5].use[
1]!C:\Users\pnp\Deskto
p\depliying rapidnexte
ch\WarpRapid\node_modu
les\next\dist\client\c
omponents\router-reduc
er\fill-cache-with-new
-subtree-data.js|app-p
ages-browser
* javascript/auto|C:\U
sers\pnp\Desktop\depli
ying rapidnextech\Warp
Rapid\node_modules\nex
t\dist\build\webpack\l
oaders\next-flight-cli
ent-module-loader.js!C
:\Users\pnp\Desktop\de
pliying rapidnextech\W
arpRapid\node_modules\
next\dist\build\webpac
k\loaders\next-swc-loa
der.js??ruleSet[1].rul
es[16].oneOf[5].use[1]
!C:\Users\pnp\desktop\
depliying rapidnextech
\WarpRapid\node_module
s\next\dist\client\com
ponents\router-reducer
\invalidate-cache-by-r
outer-state.js|app-pag
es-browser
    Used by 2 
module(s), i. e.
    javascript/auto|C:
\Users\pnp\Desktop\dep
liying rapidnextech\Wa
rpRapid\node_modules\n
ext\dist\build\webpack
\loaders\next-flight-c
lient-module-loader.js
!C:\Users\pnp\Desktop\
depliying rapidnextech
\WarpRapid\node_module
s\next\dist\build\webp
ack\loaders\next-swc-l
oader.js??ruleSet[1].r
ules[16].oneOf[5].use[
1]!C:\Users\pnp\deskto
p\depliying rapidnexte
ch\WarpRapid\node_modu
les\next\dist\client\c
omponents\router-reduc
er\fill-cache-with-new
-subtree-data.js|app-p
ages-browser

Import trace for 
requested module:
./node_modules/next/di
st/client/components/r
outer-reducer/invalida
te-cache-by-router-sta
te.js
./node_modules/next/di
st/client/components/r
outer-reducer/fill-cac
he-with-new-subtree-da
ta.js
./node_modules/next/di
st/client/components/r
outer-reducer/apply-fl
ight-data.js
./node_modules/next/di
st/client/components/r
outer-reducer/refetch-
inactive-parallel-segm
ents.js
./node_modules/next/di
st/client/components/r
outer-reducer/create-i
nitial-router-state.js
./node_modules/next/di
st/client/components/a
pp-router.js

./node_modules/next/di
st/client/components/r
outer-reducer/is-navig
ating-to-new-root-layo
ut.js
There are multiple 
modules with names 
that only differ in 
casing.
This can lead to 
unexpected behavior 
when compiling on a 
filesystem with other 
case-semantic.
Use equal casing. 
Compare these module 
identifiers:
* javascript/auto|C:\U
sers\pnp\Desktop\depli
ying rapidnextech\Warp
Rapid\node_modules\nex
t\dist\build\webpack\l
oaders\next-flight-cli
ent-module-loader.js!C
:\Users\pnp\Desktop\de
pliying rapidnextech\W
arpRapid\node_modules\
next\dist\build\webpac
k\loaders\next-swc-loa
der.js??ruleSet[1].rul
es[16].oneOf[5].use[1]
!C:\Users\pnp\Desktop\
depliying rapidnextech
\WarpRapid\node_module
s\next\dist\client\com
ponents\router-reducer
\is-navigating-to-new-
root-layout.js|app-pag
es-browser
    Used by 6 
module(s), i. e.
    javascript/auto|C:
\Users\pnp\Desktop\dep
liying rapidnextech\Wa
rpRapid\node_modules\n
ext\dist\build\webpack
\loaders\next-flight-c
lient-module-loader.js
!C:\Users\pnp\Desktop\
depliying rapidnextech
\WarpRapid\node_module
s\next\dist\build\webp
ack\loaders\next-swc-l
oader.js??ruleSet[1].r
ules[16].oneOf[5].use[
1]!C:\Users\pnp\Deskto
p\depliying rapidnexte
ch\WarpRapid\node_modu
les\next\dist\client\c
omponents\router-reduc
er\reducers\navigate-r
educer.js|app-pages-br
owser
* javascript/auto|C:\U
sers\pnp\Desktop\depli
ying rapidnextech\Warp
Rapid\node_modules\nex
t\dist\build\webpack\l
oaders\next-flight-cli
ent-module-loader.js!C
:\Users\pnp\Desktop\de
pliying rapidnextech\W
arpRapid\node_modules\
next\dist\build\webpac
k\loaders\next-swc-loa
der.js??ruleSet[1].rul
es[16].oneOf[5].use[1]
!C:\Users\pnp\desktop\
depliying rapidnextech
\WarpRapid\node_module
s\next\dist\client\com
ponents\router-reducer
\is-navigating-to-new-
root-layout.js|app-pag
es-browser
    Used by 6 
module(s), i. e.
    javascript/auto|C:
\Users\pnp\Desktop\dep
liying rapidnextech\Wa
rpRapid\node_modules\n
ext\dist\build\webpack
\loaders\next-flight-c
lient-module-loader.js
!C:\Users\pnp\Desktop\
depliying rapidnextech
\WarpRapid\node_module
s\next\dist\build\webp
ack\loaders\next-swc-l
oader.js??ruleSet[1].r
ules[16].oneOf[5].use[
1]!C:\Users\pnp\deskto
p\depliying rapidnexte
ch\WarpRapid\node_modu
les\next\dist\client\c
omponents\router-reduc
er\reducers\navigate-r
educer.js|app-pages-br
owser

Import trace for 
requested module:
./node_modules/next/di
st/client/components/r
outer-reducer/is-navig
ating-to-new-root-layo
ut.js
./node_modules/next/di
st/client/components/r
outer-reducer/reducers
/navigate-reducer.js
./node_modules/next/di
st/client/components/r
outer-reducer/router-r
educer.js
./node_modules/next/di
st/shared/lib/router/a
ction-queue.js
./node_modules/next/di
st/client/components/u
se-reducer-with-devtoo
ls.js
./node_modules/next/di
st/client/components/a
pp-router.js

./node_modules/next/di
st/client/components/r
outer-reducer/ppr-navi
gations.js
There are multiple 
modules with names 
that only differ in 
casing.
This can lead to 
unexpected behavior 
when compiling on a 
filesystem with other 
case-semantic.
Use equal casing. 
Compare these module 
identifiers:
* javascript/auto|C:\U
sers\pnp\Desktop\depli
ying rapidnextech\Warp
Rapid\node_modules\nex
t\dist\build\webpack\l
oaders\next-flight-cli
ent-module-loader.js!C
:\Users\pnp\Desktop\de
pliying rapidnextech\W
arpRapid\node_modules\
next\dist\build\webpac
k\loaders\next-swc-loa
der.js??ruleSet[1].rul
es[16].oneOf[5].use[1]
!C:\Users\pnp\Desktop\
depliying rapidnextech
\WarpRapid\node_module
s\next\dist\client\com
ponents\router-reducer
\ppr-navigations.js|ap
p-pages-browser
    Used by 3 
module(s), i. e.
    javascript/auto|C:
\Users\pnp\Desktop\dep
liying rapidnextech\Wa
rpRapid\node_modules\n
ext\dist\build\webpack
\loaders\next-flight-c
lient-module-loader.js
!C:\Users\pnp\Desktop\
depliying rapidnextech
\WarpRapid\node_module
s\next\dist\build\webp
ack\loaders\next-swc-l
oader.js??ruleSet[1].r
ules[16].oneOf[5].use[
1]!C:\Users\pnp\Deskto
p\depliying rapidnexte
ch\WarpRapid\node_modu
les\next\dist\client\c
omponents\router-reduc
er\reducers\navigate-r
educer.js|app-pages-br
owser
* javascript/auto|C:\U
sers\pnp\Desktop\depli
ying rapidnextech\Warp
Rapid\node_modules\nex
t\dist\build\webpack\l
oaders\next-flight-cli
ent-module-loader.js!C
:\Users\pnp\Desktop\de
pliying rapidnextech\W
arpRapid\node_modules\
next\dist\build\webpac
k\loaders\next-swc-loa
der.js??ruleSet[1].rul
es[16].oneOf[5].use[1]
!C:\Users\pnp\desktop\
depliying rapidnextech
\WarpRapid\node_module
s\next\dist\client\com
ponents\router-reducer
\ppr-navigations.js|ap
p-pages-browser
    Used by 3 
module(s), i. e.
    javascript/auto|C:
\Users\pnp\Desktop\dep
liying rapidnextech\Wa
rpRapid\node_modules\n
ext\dist\build\webpack
\loaders\next-flight-c
lient-module-loader.js
!C:\Users\pnp\Desktop\
depliying rapidnextech
\WarpRapid\node_module
s\next\dist\build\webp
ack\loaders\next-swc-l
oader.js??ruleSet[1].r
ules[16].oneOf[5].use[
1]!C:\Users\pnp\deskto
p\depliying rapidnexte
ch\WarpRapid\node_modu
les\next\dist\client\c
omponents\router-reduc
er\reducers\navigate-r
educer.js|app-pages-br
owser

Import trace for 
requested module:
./node_modules/next/di
st/client/components/r
outer-reducer/ppr-navi
gations.js
./node_modules/next/di
st/client/components/r
outer-reducer/reducers
/navigate-reducer.js
./node_modules/next/di
st/client/components/r
outer-reducer/router-r
educer.js
./node_modules/next/di
st/shared/lib/router/a
ction-queue.js
./node_modules/next/di
st/client/components/u
se-reducer-with-devtoo
ls.js
./node_modules/next/di
st/client/components/a
pp-router.js

./node_modules/next/di
st/client/components/r
outer-reducer/prefetch
-cache-utils.js
There are multiple 
modules with names 
that only differ in 
casing.
This can lead to 
unexpected behavior 
when compiling on a 
filesystem with other 
case-semantic.
Use equal casing. 
Compare these module 
identifiers:
* javascript/auto|C:\U
sers\pnp\Desktop\depli
ying rapidnextech\Warp
Rapid\node_modules\nex
t\dist\build\webpack\l
oaders\next-flight-cli
ent-module-loader.js!C
:\Users\pnp\Desktop\de
pliying rapidnextech\W
arpRapid\node_modules\
next\dist\build\webpac
k\loaders\next-swc-loa
der.js??ruleSet[1].rul
es[16].oneOf[5].use[1]
!C:\Users\pnp\Desktop\
depliying rapidnextech
\WarpRapid\node_module
s\next\dist\client\com
ponents\router-reducer
\prefetch-cache-utils.
js|app-pages-browser
    Used by 4 
module(s), i. e.
    javascript/auto|C:
\Users\pnp\Desktop\dep
liying rapidnextech\Wa
rpRapid\node_modules\n
ext\dist\build\webpack
\loaders\next-flight-c
lient-module-loader.js
!C:\Users\pnp\Desktop\
depliying rapidnextech
\WarpRapid\node_module
s\next\dist\build\webp
ack\loaders\next-swc-l
oader.js??ruleSet[1].r
ules[16].oneOf[5].use[
1]!C:\Users\pnp\Deskto
p\depliying rapidnexte
ch\WarpRapid\node_modu
les\next\dist\client\c
omponents\router-reduc
er\create-initial-rout
er-state.js|app-pages-
browser
* javascript/auto|C:\U
sers\pnp\Desktop\depli
ying rapidnextech\Warp
Rapid\node_modules\nex
t\dist\build\webpack\l
oaders\next-flight-cli
ent-module-loader.js!C
:\Users\pnp\Desktop\de
pliying rapidnextech\W
arpRapid\node_modules\
next\dist\build\webpac
k\loaders\next-swc-loa
der.js??ruleSet[1].rul
es[16].oneOf[5].use[1]
!C:\Users\pnp\desktop\
depliying rapidnextech
\WarpRapid\node_module
s\next\dist\client\com
ponents\router-reducer
\prefetch-cache-utils.
js|app-pages-browser
    Used by 4 
module(s), i. e.
    javascript/auto|C:
\Users\pnp\Desktop\dep
liying rapidnextech\Wa
rpRapid\node_modules\n
ext\dist\build\webpack
\loaders\next-flight-c
lient-module-loader.js
!C:\Users\pnp\Desktop\
depliying rapidnextech
\WarpRapid\node_module
s\next\dist\build\webp
ack\loaders\next-swc-l
oader.js??ruleSet[1].r
ules[16].oneOf[5].use[
1]!C:\Users\pnp\deskto
p\depliying rapidnexte
ch\WarpRapid\node_modu
les\next\dist\client\c
omponents\router-reduc
er\create-initial-rout
er-state.js|app-pages-
browser

Import trace for 
requested module:
./node_modules/next/di
st/client/components/r
outer-reducer/prefetch
-cache-utils.js
./node_modules/next/di
st/client/components/r
outer-reducer/create-i
nitial-router-state.js
./node_modules/next/di
st/client/components/a
pp-router.js

./node_modules/next/di
st/client/components/r
outer-reducer/reducers
/fast-refresh-reducer.
js
There are multiple 
modules with names 
that only differ in 
casing.
This can lead to 
unexpected behavior 
when compiling on a 
filesystem with other 
case-semantic.
Use equal casing. 
Compare these module 
identifiers:
* javascript/auto|C:\U
sers\pnp\Desktop\depli
ying rapidnextech\Warp
Rapid\node_modules\nex
t\dist\build\webpack\l
oaders\next-flight-cli
ent-module-loader.js!C
:\Users\pnp\Desktop\de
pliying rapidnextech\W
arpRapid\node_modules\
next\dist\build\webpac
k\loaders\next-swc-loa
der.js??ruleSet[1].rul
es[16].oneOf[5].use[1]
!C:\Users\pnp\Desktop\
depliying rapidnextech
\WarpRapid\node_module
s\next\dist\client\com
ponents\router-reducer
\reducers\fast-refresh
-reducer.js|app-pages-
browser
    Used by 2 
module(s), i. e.
    javascript/auto|C:
\Users\pnp\Desktop\dep
liying rapidnextech\Wa
rpRapid\node_modules\n
ext\dist\build\webpack
\loaders\next-flight-c
lient-module-loader.js
!C:\Users\pnp\Desktop\
depliying rapidnextech
\WarpRapid\node_module
s\next\dist\build\webp
ack\loaders\next-swc-l
oader.js??ruleSet[1].r
ules[16].oneOf[5].use[
1]!C:\Users\pnp\Deskto
p\depliying rapidnexte
ch\WarpRapid\node_modu
les\next\dist\client\c
omponents\router-reduc
er\router-reducer.js|a
pp-pages-browser
* javascript/auto|C:\U
sers\pnp\Desktop\depli
ying rapidnextech\Warp
Rapid\node_modules\nex
t\dist\build\webpack\l
oaders\next-flight-cli
ent-module-loader.js!C
:\Users\pnp\Desktop\de
pliying rapidnextech\W
arpRapid\node_modules\
next\dist\build\webpac
k\loaders\next-swc-loa
der.js??ruleSet[1].rul
es[16].oneOf[5].use[1]
!C:\Users\pnp\desktop\
depliying rapidnextech
\WarpRapid\node_module
s\next\dist\client\com
ponents\router-reducer
\reducers\fast-refresh
-reducer.js|app-pages-
browser
    Used by 2 
module(s), i. e.
    javascript/auto|C:
\Users\pnp\Desktop\dep
liying rapidnextech\Wa
rpRapid\node_modules\n
ext\dist\build\webpack
\loaders\next-flight-c
lient-module-loader.js
!C:\Users\pnp\Desktop\
depliying rapidnextech
\WarpRapid\node_module
s\next\dist\build\webp
ack\loaders\next-swc-l
oader.js??ruleSet[1].r
ules[16].oneOf[5].use[
1]!C:\Users\pnp\deskto
p\depliying rapidnexte
ch\WarpRapid\node_modu
les\next\dist\client\c
omponents\router-reduc
er\router-reducer.js|a
pp-pages-browser

Import trace for 
requested module:
./node_modules/next/di
st/client/components/r
outer-reducer/reducers
/fast-refresh-reducer.
js
./node_modules/next/di
st/client/components/r
outer-reducer/router-r
educer.js
./node_modules/next/di
st/shared/lib/router/a
ction-queue.js
./node_modules/next/di
st/client/components/u
se-reducer-with-devtoo
ls.js
./node_modules/next/di
st/client/components/a
pp-router.js

./node_modules/next/di
st/client/components/r
outer-reducer/reducers
/find-head-in-cache.js
There are multiple 
modules with names 
that only differ in 
casing.
This can lead to 
unexpected behavior 
when compiling on a 
filesystem with other 
case-semantic.
Use equal casing. 
Compare these module 
identifiers:
* javascript/auto|C:\U
sers\pnp\Desktop\depli
ying rapidnextech\Warp
Rapid\node_modules\nex
t\dist\build\webpack\l
oaders\next-flight-cli
ent-module-loader.js!C
:\Users\pnp\Desktop\de
pliying rapidnextech\W
arpRapid\node_modules\
next\dist\build\webpac
k\loaders\next-swc-loa
der.js??ruleSet[1].rul
es[16].oneOf[5].use[1]
!C:\Users\pnp\Desktop\
depliying rapidnextech
\WarpRapid\node_module
s\next\dist\client\com
ponents\router-reducer
\reducers\find-head-in
-cache.js|app-pages-br
owser
    Used by 2 
module(s), i. e.
    javascript/auto|C:
\Users\pnp\Desktop\dep
liying rapidnextech\Wa
rpRapid\node_modules\n
ext\dist\build\webpack
\loaders\next-flight-c
lient-module-loader.js
!C:\Users\pnp\Desktop\
depliying rapidnextech
\WarpRapid\node_module
s\next\dist\build\webp
ack\loaders\next-swc-l
oader.js??ruleSet[1].r
ules[16].oneOf[5].use[
1]!C:\Users\pnp\Deskto
p\depliying rapidnexte
ch\WarpRapid\node_modu
les\next\dist\client\c
omponents\app-router.j
s|app-pages-browser
* javascript/auto|C:\U
sers\pnp\Desktop\depli
ying rapidnextech\Warp
Rapid\node_modules\nex
t\dist\build\webpack\l
oaders\next-flight-cli
ent-module-loader.js!C
:\Users\pnp\Desktop\de
pliying rapidnextech\W
arpRapid\node_modules\
next\dist\build\webpac
k\loaders\next-swc-loa
der.js??ruleSet[1].rul
es[16].oneOf[5].use[1]
!C:\Users\pnp\desktop\
depliying rapidnextech
\WarpRapid\node_module
s\next\dist\client\com
ponents\router-reducer
\reducers\find-head-in
-cache.js|app-pages-br
owser
    Used by 2 
module(s), i. e.
    javascript/auto|C:
\Users\pnp\Desktop\dep
liying rapidnextech\Wa
rpRapid\node_modules\n
ext\dist\build\webpack
\loaders\next-flight-c
lient-module-loader.js
!C:\Users\pnp\Desktop\
depliying rapidnextech
\WarpRapid\node_module
s\next\dist\build\webp
ack\loaders\next-swc-l
oader.js??ruleSet[1].r
ules[16].oneOf[5].use[
1]!C:\Users\pnp\deskto
p\depliying rapidnexte
ch\WarpRapid\node_modu
les\next\dist\client\c
omponents\app-router.j
s|app-pages-browser

Import trace for 
requested module:
./node_modules/next/di
st/client/components/r
outer-reducer/reducers
/find-head-in-cache.js
./node_modules/next/di
st/client/components/a
pp-router.js

./node_modules/next/di
st/client/components/r
outer-reducer/reducers
/get-segment-value.js
There are multiple 
modules with names 
that only differ in 
casing.
This can lead to 
unexpected behavior 
when compiling on a 
filesystem with other 
case-semantic.
Use equal casing. 
Compare these module 
identifiers:
* javascript/auto|C:\U
sers\pnp\Desktop\depli
ying rapidnextech\Warp
Rapid\node_modules\nex
t\dist\build\webpack\l
oaders\next-flight-cli
ent-module-loader.js!C
:\Users\pnp\Desktop\de
pliying rapidnextech\W
arpRapid\node_modules\
next\dist\build\webpac
k\loaders\next-swc-loa
der.js??ruleSet[1].rul
es[16].oneOf[5].use[1]
!C:\Users\pnp\Desktop\
depliying rapidnextech
\WarpRapid\node_module
s\next\dist\client\com
ponents\router-reducer
\reducers\get-segment-
value.js|app-pages-bro
wser
    Used by 3 
module(s), i. e.
    javascript/auto|C:
\Users\pnp\Desktop\dep
liying rapidnextech\Wa
rpRapid\node_modules\n
ext\dist\build\webpack
\loaders\next-flight-c
lient-module-loader.js
!C:\Users\pnp\Desktop\
depliying rapidnextech
\WarpRapid\node_module
s\next\dist\build\webp
ack\loaders\next-swc-l
oader.js??ruleSet[1].r
ules[16].oneOf[5].use[
1]!C:\Users\pnp\Deskto
p\depliying rapidnexte
ch\WarpRapid\node_modu
les\next\dist\client\c
omponents\layout-route
r.js|app-pages-browser
* javascript/auto|C:\U
sers\pnp\Desktop\depli
ying rapidnextech\Warp
Rapid\node_modules\nex
t\dist\build\webpack\l
oaders\next-flight-cli
ent-module-loader.js!C
:\Users\pnp\Desktop\de
pliying rapidnextech\W
arpRapid\node_modules\
next\dist\build\webpac
k\loaders\next-swc-loa
der.js??ruleSet[1].rul
es[16].oneOf[5].use[1]
!C:\Users\pnp\desktop\
depliying rapidnextech
\WarpRapid\node_module
s\next\dist\client\com
ponents\router-reducer
\reducers\get-segment-
value.js|app-pages-bro
wser
    Used by 2 
module(s), i. e.
    javascript/auto|C:
\Users\pnp\Desktop\dep
liying rapidnextech\Wa
rpRapid\node_modules\n
ext\dist\build\webpack
\loaders\next-flight-c
lient-module-loader.js
!C:\Users\pnp\Desktop\
depliying rapidnextech
\WarpRapid\node_module
s\next\dist\build\webp
ack\loaders\next-swc-l
oader.js??ruleSet[1].r
ules[16].oneOf[5].use[
1]!C:\Users\pnp\deskto
p\depliying rapidnexte
ch\WarpRapid\node_modu
les\next\dist\client\c
omponents\navigation.j
s|app-pages-browser

Import trace for 
requested module:
./node_modules/next/di
st/client/components/r
outer-reducer/reducers
/get-segment-value.js
./node_modules/next/di
st/client/components/l
ayout-router.js

./node_modules/next/di
st/client/components/r
outer-reducer/reducers
/has-interception-rout
e-in-current-tree.js
There are multiple 
modules with names 
that only differ in 
casing.
This can lead to 
unexpected behavior 
when compiling on a 
filesystem with other 
case-semantic.
Use equal casing. 
Compare these module 
identifiers:
* javascript/auto|C:\U
sers\pnp\Desktop\depli
ying rapidnextech\Warp
Rapid\node_modules\nex
t\dist\build\webpack\l
oaders\next-flight-cli
ent-module-loader.js!C
:\Users\pnp\Desktop\de
pliying rapidnextech\W
arpRapid\node_modules\
next\dist\build\webpac
k\loaders\next-swc-loa
der.js??ruleSet[1].rul
es[16].oneOf[5].use[1]
!C:\Users\pnp\Desktop\
depliying rapidnextech
\WarpRapid\node_module
s\next\dist\client\com
ponents\router-reducer
\reducers\has-intercep
tion-route-in-current-
tree.js|app-pages-brow
ser
    Used by 5 
module(s), i. e.
    javascript/auto|C:
\Users\pnp\Desktop\dep
liying rapidnextech\Wa
rpRapid\node_modules\n
ext\dist\build\webpack
\loaders\next-flight-c
lient-module-loader.js
!C:\Users\pnp\Desktop\
depliying rapidnextech
\WarpRapid\node_module
s\next\dist\build\webp
ack\loaders\next-swc-l
oader.js??ruleSet[1].r
ules[16].oneOf[5].use[
1]!C:\Users\pnp\Deskto
p\depliying rapidnexte
ch\WarpRapid\node_modu
les\next\dist\client\c
omponents\layout-route
r.js|app-pages-browser
* javascript/auto|C:\U
sers\pnp\Desktop\depli
ying rapidnextech\Warp
Rapid\node_modules\nex
t\dist\build\webpack\l
oaders\next-flight-cli
ent-module-loader.js!C
:\Users\pnp\Desktop\de
pliying rapidnextech\W
arpRapid\node_modules\
next\dist\build\webpac
k\loaders\next-swc-loa
der.js??ruleSet[1].rul
es[16].oneOf[5].use[1]
!C:\Users\pnp\desktop\
depliying rapidnextech
\WarpRapid\node_module
s\next\dist\client\com
ponents\router-reducer
\reducers\has-intercep
tion-route-in-current-
tree.js|app-pages-brow
ser
    Used by 4 
module(s), i. e.
    javascript/auto|C:
\Users\pnp\Desktop\dep
liying rapidnextech\Wa
rpRapid\node_modules\n
ext\dist\build\webpack
\loaders\next-flight-c
lient-module-loader.js
!C:\Users\pnp\Desktop\
depliying rapidnextech
\WarpRapid\node_module
s\next\dist\build\webp
ack\loaders\next-swc-l
oader.js??ruleSet[1].r
ules[16].oneOf[5].use[
1]!C:\Users\pnp\deskto
p\depliying rapidnexte
ch\WarpRapid\node_modu
les\next\dist\client\c
omponents\router-reduc
er\reducers\refresh-re
ducer.js|app-pages-bro
wser

Import trace for 
requested module:
./node_modules/next/di
st/client/components/r
outer-reducer/reducers
/has-interception-rout
e-in-current-tree.js
./node_modules/next/di
st/client/components/l
ayout-router.js

./node_modules/next/di
st/client/components/r
outer-reducer/reducers
/navigate-reducer.js
There are multiple 
modules with names 
that only differ in 
casing.
This can lead to 
unexpected behavior 
when compiling on a 
filesystem with other 
case-semantic.
Use equal casing. 
Compare these module 
identifiers:
* javascript/auto|C:\U
sers\pnp\Desktop\depli
ying rapidnextech\Warp
Rapid\node_modules\nex
t\dist\build\webpack\l
oaders\next-flight-cli
ent-module-loader.js!C
:\Users\pnp\Desktop\de
pliying rapidnextech\W
arpRapid\node_modules\
next\dist\build\webpac
k\loaders\next-swc-loa
der.js??ruleSet[1].rul
es[16].oneOf[5].use[1]
!C:\Users\pnp\Desktop\
depliying rapidnextech
\WarpRapid\node_module
s\next\dist\client\com
ponents\router-reducer
\reducers\navigate-red
ucer.js|app-pages-brow
ser
    Used by 7 
module(s), i. e.
    javascript/auto|C:
\Users\pnp\Desktop\dep
liying rapidnextech\Wa
rpRapid\node_modules\n
ext\dist\build\webpack
\loaders\next-flight-c
lient-module-loader.js
!C:\Users\pnp\Desktop\
depliying rapidnextech
\WarpRapid\node_module
s\next\dist\build\webp
ack\loaders\next-swc-l
oader.js??ruleSet[1].r
ules[16].oneOf[5].use[
1]!C:\Users\pnp\Deskto
p\depliying rapidnexte
ch\WarpRapid\node_modu
les\next\dist\client\c
omponents\router-reduc
er\router-reducer.js|a
pp-pages-browser
* javascript/auto|C:\U
sers\pnp\Desktop\depli
ying rapidnextech\Warp
Rapid\node_modules\nex
t\dist\build\webpack\l
oaders\next-flight-cli
ent-module-loader.js!C
:\Users\pnp\Desktop\de
pliying rapidnextech\W
arpRapid\node_modules\
next\dist\build\webpac
k\loaders\next-swc-loa
der.js??ruleSet[1].rul
es[16].oneOf[5].use[1]
!C:\Users\pnp\desktop\
depliying rapidnextech
\WarpRapid\node_module
s\next\dist\client\com
ponents\router-reducer
\reducers\navigate-red
ucer.js|app-pages-brow
ser
    Used by 7 
module(s), i. e.
    javascript/auto|C:
\Users\pnp\Desktop\dep
liying rapidnextech\Wa
rpRapid\node_modules\n
ext\dist\build\webpack
\loaders\next-flight-c
lient-module-loader.js
!C:\Users\pnp\Desktop\
depliying rapidnextech
\WarpRapid\node_module
s\next\dist\build\webp
ack\loaders\next-swc-l
oader.js??ruleSet[1].r
ules[16].oneOf[5].use[
1]!C:\Users\pnp\deskto
p\depliying rapidnexte
ch\WarpRapid\node_modu
les\next\dist\client\c
omponents\router-reduc
er\router-reducer.js|a
pp-pages-browser

Import trace for 
requested module:
./node_modules/next/di
st/client/components/r
outer-reducer/reducers
/navigate-reducer.js
./node_modules/next/di
st/client/components/r
outer-reducer/router-r
educer.js
./node_modules/next/di
st/shared/lib/router/a
ction-queue.js
./node_modules/next/di
st/client/components/u
se-reducer-with-devtoo
ls.js
./node_modules/next/di
st/client/components/a
pp-router.js

./node_modules/next/di
st/client/components/r
outer-reducer/reducers
/prefetch-reducer.js
There are multiple 
modules with names 
that only differ in 
casing.
This can lead to 
unexpected behavior 
when compiling on a 
filesystem with other 
case-semantic.
Use equal casing. 
Compare these module 
identifiers:
* javascript/auto|C:\U
sers\pnp\Desktop\depli
ying rapidnextech\Warp
Rapid\node_modules\nex
t\dist\build\webpack\l
oaders\next-flight-cli
ent-module-loader.js!C
:\Users\pnp\Desktop\de
pliying rapidnextech\W
arpRapid\node_modules\
next\dist\build\webpac
k\loaders\next-swc-loa
der.js??ruleSet[1].rul
es[16].oneOf[5].use[1]
!C:\Users\pnp\Desktop\
depliying rapidnextech
\WarpRapid\node_module
s\next\dist\client\com
ponents\router-reducer
\reducers\prefetch-red
ucer.js|app-pages-brow
ser
    Used by 4 
module(s), i. e.
    javascript/auto|C:
\Users\pnp\Desktop\dep
liying rapidnextech\Wa
rpRapid\node_modules\n
ext\dist\build\webpack
\loaders\next-flight-c
lient-module-loader.js
!C:\Users\pnp\Desktop\
depliying rapidnextech
\WarpRapid\node_module
s\next\dist\build\webp
ack\loaders\next-swc-l
oader.js??ruleSet[1].r
ules[16].oneOf[5].use[
1]!C:\Users\pnp\Deskto
p\depliying rapidnexte
ch\WarpRapid\node_modu
les\next\dist\client\c
omponents\router-reduc
er\prefetch-cache-util
s.js|app-pages-browser
* javascript/auto|C:\U
sers\pnp\Desktop\depli
ying rapidnextech\Warp
Rapid\node_modules\nex
t\dist\build\webpack\l
oaders\next-flight-cli
ent-module-loader.js!C
:\Users\pnp\Desktop\de
pliying rapidnextech\W
arpRapid\node_modules\
next\dist\build\webpac
k\loaders\next-swc-loa
der.js??ruleSet[1].rul
es[16].oneOf[5].use[1]
!C:\Users\pnp\desktop\
depliying rapidnextech
\WarpRapid\node_module
s\next\dist\client\com
ponents\router-reducer
\reducers\prefetch-red
ucer.js|app-pages-brow
ser
    Used by 4 
module(s), i. e.
    javascript/auto|C:
\Users\pnp\Desktop\dep
liying rapidnextech\Wa
rpRapid\node_modules\n
ext\dist\build\webpack
\loaders\next-flight-c
lient-module-loader.js
!C:\Users\pnp\Desktop\
depliying rapidnextech
\WarpRapid\node_module
s\next\dist\build\webp
ack\loaders\next-swc-l
oader.js??ruleSet[1].r
ules[16].oneOf[5].use[
1]!C:\Users\pnp\deskto
p\depliying rapidnexte
ch\WarpRapid\node_modu
les\next\dist\client\c
omponents\router-reduc
er\router-reducer.js|a
pp-pages-browser

Import trace for 
requested module:
./node_modules/next/di
st/client/components/r
outer-reducer/reducers
/prefetch-reducer.js
./node_modules/next/di
st/client/components/r
outer-reducer/prefetch
-cache-utils.js
./node_modules/next/di
st/client/components/r
outer-reducer/create-i
nitial-router-state.js
./node_modules/next/di
st/client/components/a
pp-router.js

./node_modules/next/di
st/client/components/r
outer-reducer/reducers
/refresh-reducer.js
There are multiple 
modules with names 
that only differ in 
casing.
This can lead to 
unexpected behavior 
when compiling on a 
filesystem with other 
case-semantic.
Use equal casing. 
Compare these module 
identifiers:
* javascript/auto|C:\U
sers\pnp\Desktop\depli
ying rapidnextech\Warp
Rapid\node_modules\nex
t\dist\build\webpack\l
oaders\next-flight-cli
ent-module-loader.js!C
:\Users\pnp\Desktop\de
pliying rapidnextech\W
arpRapid\node_modules\
next\dist\build\webpac
k\loaders\next-swc-loa
der.js??ruleSet[1].rul
es[16].oneOf[5].use[1]
!C:\Users\pnp\Desktop\
depliying rapidnextech
\WarpRapid\node_module
s\next\dist\client\com
ponents\router-reducer
\reducers\refresh-redu
cer.js|app-pages-brows
er
    Used by 2 
module(s), i. e.
    javascript/auto|C:
\Users\pnp\Desktop\dep
liying rapidnextech\Wa
rpRapid\node_modules\n
ext\dist\build\webpack
\loaders\next-flight-c
lient-module-loader.js
!C:\Users\pnp\Desktop\
depliying rapidnextech
\WarpRapid\node_module
s\next\dist\build\webp
ack\loaders\next-swc-l
oader.js??ruleSet[1].r
ules[16].oneOf[5].use[
1]!C:\Users\pnp\Deskto
p\depliying rapidnexte
ch\WarpRapid\node_modu
les\next\dist\client\c
omponents\router-reduc
er\router-reducer.js|a
pp-pages-browser
* javascript/auto|C:\U
sers\pnp\Desktop\depli
ying rapidnextech\Warp
Rapid\node_modules\nex
t\dist\build\webpack\l
oaders\next-flight-cli
ent-module-loader.js!C
:\Users\pnp\Desktop\de
pliying rapidnextech\W
arpRapid\node_modules\
next\dist\build\webpac
k\loaders\next-swc-loa
der.js??ruleSet[1].rul
es[16].oneOf[5].use[1]
!C:\Users\pnp\desktop\
depliying rapidnextech
\WarpRapid\node_module
s\next\dist\client\com
ponents\router-reducer
\reducers\refresh-redu
cer.js|app-pages-brows
er
    Used by 2 
module(s), i. e.
    javascript/auto|C:
\Users\pnp\Desktop\dep
liying rapidnextech\Wa
rpRapid\node_modules\n
ext\dist\build\webpack
\loaders\next-flight-c
lient-module-loader.js
!C:\Users\pnp\Desktop\
depliying rapidnextech
\WarpRapid\node_module
s\next\dist\build\webp
ack\loaders\next-swc-l
oader.js??ruleSet[1].r
ules[16].oneOf[5].use[
1]!C:\Users\pnp\deskto
p\depliying rapidnexte
ch\WarpRapid\node_modu
les\next\dist\client\c
omponents\router-reduc
er\router-reducer.js|a
pp-pages-browser

Import trace for 
requested module:
./node_modules/next/di
st/client/components/r
outer-reducer/reducers
/refresh-reducer.js
./node_modules/next/di
st/client/components/r
outer-reducer/router-r
educer.js
./node_modules/next/di
st/shared/lib/router/a
ction-queue.js
./node_modules/next/di
st/client/components/u
se-reducer-with-devtoo
ls.js
./node_modules/next/di
st/client/components/a
pp-router.js

./node_modules/next/di
st/client/components/r
outer-reducer/reducers
/restore-reducer.js
There are multiple 
modules with names 
that only differ in 
casing.
This can lead to 
unexpected behavior 
when compiling on a 
filesystem with other 
case-semantic.
Use equal casing. 
Compare these module 
identifiers:
* javascript/auto|C:\U
sers\pnp\Desktop\depli
ying rapidnextech\Warp
Rapid\node_modules\nex
t\dist\build\webpack\l
oaders\next-flight-cli
ent-module-loader.js!C
:\Users\pnp\Desktop\de
pliying rapidnextech\W
arpRapid\node_modules\
next\dist\build\webpac
k\loaders\next-swc-loa
der.js??ruleSet[1].rul
es[16].oneOf[5].use[1]
!C:\Users\pnp\Desktop\
depliying rapidnextech
\WarpRapid\node_module
s\next\dist\client\com
ponents\router-reducer
\reducers\restore-redu
cer.js|app-pages-brows
er
    Used by 2 
module(s), i. e.
    javascript/auto|C:
\Users\pnp\Desktop\dep
liying rapidnextech\Wa
rpRapid\node_modules\n
ext\dist\build\webpack
\loaders\next-flight-c
lient-module-loader.js
!C:\Users\pnp\Desktop\
depliying rapidnextech
\WarpRapid\node_module
s\next\dist\build\webp
ack\loaders\next-swc-l
oader.js??ruleSet[1].r
ules[16].oneOf[5].use[
1]!C:\Users\pnp\Deskto
p\depliying rapidnexte
ch\WarpRapid\node_modu
les\next\dist\client\c
omponents\router-reduc
er\router-reducer.js|a
pp-pages-browser
* javascript/auto|C:\U
sers\pnp\Desktop\depli
ying rapidnextech\Warp
Rapid\node_modules\nex
t\dist\build\webpack\l
oaders\next-flight-cli
ent-module-loader.js!C
:\Users\pnp\Desktop\de
pliying rapidnextech\W
arpRapid\node_modules\
next\dist\build\webpac
k\loaders\next-swc-loa
der.js??ruleSet[1].rul
es[16].oneOf[5].use[1]
!C:\Users\pnp\desktop\
depliying rapidnextech
\WarpRapid\node_module
s\next\dist\client\com
ponents\router-reducer
\reducers\restore-redu
cer.js|app-pages-brows
er
    Used by 2 
module(s), i. e.
    javascript/auto|C:
\Users\pnp\Desktop\dep
liying rapidnextech\Wa
rpRapid\node_modules\n
ext\dist\build\webpack
\loaders\next-flight-c
lient-module-loader.js
!C:\Users\pnp\Desktop\
depliying rapidnextech
\WarpRapid\node_module
s\next\dist\build\webp
ack\loaders\next-swc-l
oader.js??ruleSet[1].r
ules[16].oneOf[5].use[
1]!C:\Users\pnp\deskto
p\depliying rapidnexte
ch\WarpRapid\node_modu
les\next\dist\client\c
omponents\router-reduc
er\router-reducer.js|a
pp-pages-browser

Import trace for 
requested module:
./node_modules/next/di
st/client/components/r
outer-reducer/reducers
/restore-reducer.js
./node_modules/next/di
st/client/components/r
outer-reducer/router-r
educer.js
./node_modules/next/di
st/shared/lib/router/a
ction-queue.js
./node_modules/next/di
st/client/components/u
se-reducer-with-devtoo
ls.js
./node_modules/next/di
st/client/components/a
pp-router.js

./node_modules/next/di
st/client/components/r
outer-reducer/reducers
/server-action-reducer
.js
There are multiple 
modules with names 
that only differ in 
casing.
This can lead to 
unexpected behavior 
when compiling on a 
filesystem with other 
case-semantic.
Use equal casing. 
Compare these module 
identifiers:
* javascript/auto|C:\U
sers\pnp\Desktop\depli
ying rapidnextech\Warp
Rapid\node_modules\nex
t\dist\build\webpack\l
oaders\next-flight-cli
ent-module-loader.js!C
:\Users\pnp\Desktop\de
pliying rapidnextech\W
arpRapid\node_modules\
next\dist\build\webpac
k\loaders\next-swc-loa
der.js??ruleSet[1].rul
es[16].oneOf[5].use[1]
!C:\Users\pnp\Desktop\
depliying rapidnextech
\WarpRapid\node_module
s\next\dist\client\com
ponents\router-reducer
\reducers\server-actio
n-reducer.js|app-pages
-browser
    Used by 2 
module(s), i. e.
    javascript/auto|C:
\Users\pnp\Desktop\dep
liying rapidnextech\Wa
rpRapid\node_modules\n
ext\dist\build\webpack
\loaders\next-flight-c
lient-module-loader.js
!C:\Users\pnp\Desktop\
depliying rapidnextech
\WarpRapid\node_module
s\next\dist\build\webp
ack\loaders\next-swc-l
oader.js??ruleSet[1].r
ules[16].oneOf[5].use[
1]!C:\Users\pnp\Deskto
p\depliying rapidnexte
ch\WarpRapid\node_modu
les\next\dist\client\c
omponents\router-reduc
er\router-reducer.js|a
pp-pages-browser
* javascript/auto|C:\U
sers\pnp\Desktop\depli
ying rapidnextech\Warp
Rapid\node_modules\nex
t\dist\build\webpack\l
oaders\next-flight-cli
ent-module-loader.js!C
:\Users\pnp\Desktop\de
pliying rapidnextech\W
arpRapid\node_modules\
next\dist\build\webpac
k\loaders\next-swc-loa
der.js??ruleSet[1].rul
es[16].oneOf[5].use[1]
!C:\Users\pnp\desktop\
depliying rapidnextech
\WarpRapid\node_module
s\next\dist\client\com
ponents\router-reducer
\reducers\server-actio
n-reducer.js|app-pages
-browser
    Used by 2 
module(s), i. e.
    javascript/auto|C:
\Users\pnp\Desktop\dep
liying rapidnextech\Wa
rpRapid\node_modules\n
ext\dist\build\webpack
\loaders\next-flight-c
lient-module-loader.js
!C:\Users\pnp\Desktop\
depliying rapidnextech
\WarpRapid\node_module
s\next\dist\build\webp
ack\loaders\next-swc-l
oader.js??ruleSet[1].r
ules[16].oneOf[5].use[
1]!C:\Users\pnp\deskto
p\depliying rapidnexte
ch\WarpRapid\node_modu
les\next\dist\client\c
omponents\router-reduc
er\router-reducer.js|a
pp-pages-browser

Import trace for 
requested module:
./node_modules/next/di
st/client/components/r
outer-reducer/reducers
/server-action-reducer
.js
./node_modules/next/di
st/client/components/r
outer-reducer/router-r
educer.js
./node_modules/next/di
st/shared/lib/router/a
ction-queue.js
./node_modules/next/di
st/client/components/u
se-reducer-with-devtoo
ls.js
./node_modules/next/di
st/client/components/a
pp-router.js

./node_modules/next/di
st/client/components/r
outer-reducer/reducers
/server-patch-reducer.
js
There are multiple 
modules with names 
that only differ in 
casing.
This can lead to 
unexpected behavior 
when compiling on a 
filesystem with other 
case-semantic.
Use equal casing. 
Compare these module 
identifiers:
* javascript/auto|C:\U
sers\pnp\Desktop\depli
ying rapidnextech\Warp
Rapid\node_modules\nex
t\dist\build\webpack\l
oaders\next-flight-cli
ent-module-loader.js!C
:\Users\pnp\Desktop\de
pliying rapidnextech\W
arpRapid\node_modules\
next\dist\build\webpac
k\loaders\next-swc-loa
der.js??ruleSet[1].rul
es[16].oneOf[5].use[1]
!C:\Users\pnp\Desktop\
depliying rapidnextech
\WarpRapid\node_module
s\next\dist\client\com
ponents\router-reducer
\reducers\server-patch
-reducer.js|app-pages-
browser
    Used by 2 
module(s), i. e.
    javascript/auto|C:
\Users\pnp\Desktop\dep
liying rapidnextech\Wa
rpRapid\node_modules\n
ext\dist\build\webpack
\loaders\next-flight-c
lient-module-loader.js
!C:\Users\pnp\Desktop\
depliying rapidnextech
\WarpRapid\node_module
s\next\dist\build\webp
ack\loaders\next-swc-l
oader.js??ruleSet[1].r
ules[16].oneOf[5].use[
1]!C:\Users\pnp\Deskto
p\depliying rapidnexte
ch\WarpRapid\node_modu
les\next\dist\client\c
omponents\router-reduc
er\router-reducer.js|a
pp-pages-browser
* javascript/auto|C:\U
sers\pnp\Desktop\depli
ying rapidnextech\Warp
Rapid\node_modules\nex
t\dist\build\webpack\l
oaders\next-flight-cli
ent-module-loader.js!C
:\Users\pnp\Desktop\de
pliying rapidnextech\W
arpRapid\node_modules\
next\dist\build\webpac
k\loaders\next-swc-loa
der.js??ruleSet[1].rul
es[16].oneOf[5].use[1]
!C:\Users\pnp\desktop\
depliying rapidnextech
\WarpRapid\node_module
s\next\dist\client\com
ponents\router-reducer
\reducers\server-patch
-reducer.js|app-pages-
browser
    Used by 2 
module(s), i. e.
    javascript/auto|C:
\Users\pnp\Desktop\dep
liying rapidnextech\Wa
rpRapid\node_modules\n
ext\dist\build\webpack
\loaders\next-flight-c
lient-module-loader.js
!C:\Users\pnp\Desktop\
depliying rapidnextech
\WarpRapid\node_module
s\next\dist\build\webp
ack\loaders\next-swc-l
oader.js??ruleSet[1].r
ules[16].oneOf[5].use[
1]!C:\Users\pnp\deskto
p\depliying rapidnexte
ch\WarpRapid\node_modu
les\next\dist\client\c
omponents\router-reduc
er\router-reducer.js|a
pp-pages-browser

Import trace for 
requested module:
./node_modules/next/di
st/client/components/r
outer-reducer/reducers
/server-patch-reducer.
js
./node_modules/next/di
st/client/components/r
outer-reducer/router-r
educer.js
./node_modules/next/di
st/shared/lib/router/a
ction-queue.js
./node_modules/next/di
st/client/components/u
se-reducer-with-devtoo
ls.js
./node_modules/next/di
st/client/components/a
pp-router.js

./node_modules/next/di
st/client/components/r
outer-reducer/refetch-
inactive-parallel-segm
ents.js
There are multiple 
modules with names 
that only differ in 
casing.
This can lead to 
unexpected behavior 
when compiling on a 
filesystem with other 
case-semantic.
Use equal casing. 
Compare these module 
identifiers:
* javascript/auto|C:\U
sers\pnp\Desktop\depli
ying rapidnextech\Warp
Rapid\node_modules\nex
t\dist\build\webpack\l
oaders\next-flight-cli
ent-module-loader.js!C
:\Users\pnp\Desktop\de
pliying rapidnextech\W
arpRapid\node_modules\
next\dist\build\webpac
k\loaders\next-swc-loa
der.js??ruleSet[1].rul
es[16].oneOf[5].use[1]
!C:\Users\pnp\Desktop\
depliying rapidnextech
\WarpRapid\node_module
s\next\dist\client\com
ponents\router-reducer
\refetch-inactive-para
llel-segments.js|app-p
ages-browser
    Used by 5 
module(s), i. e.
    javascript/auto|C:
\Users\pnp\Desktop\dep
liying rapidnextech\Wa
rpRapid\node_modules\n
ext\dist\build\webpack
\loaders\next-flight-c
lient-module-loader.js
!C:\Users\pnp\Desktop\
depliying rapidnextech
\WarpRapid\node_module
s\next\dist\build\webp
ack\loaders\next-swc-l
oader.js??ruleSet[1].r
ules[16].oneOf[5].use[
1]!C:\Users\pnp\Deskto
p\depliying rapidnexte
ch\WarpRapid\node_modu
les\next\dist\client\c
omponents\router-reduc
er\create-initial-rout
er-state.js|app-pages-
browser
* javascript/auto|C:\U
sers\pnp\Desktop\depli
ying rapidnextech\Warp
Rapid\node_modules\nex
t\dist\build\webpack\l
oaders\next-flight-cli
ent-module-loader.js!C
:\Users\pnp\Desktop\de
pliying rapidnextech\W
arpRapid\node_modules\
next\dist\build\webpac
k\loaders\next-swc-loa
der.js??ruleSet[1].rul
es[16].oneOf[5].use[1]
!C:\Users\pnp\desktop\
depliying rapidnextech
\WarpRapid\node_module
s\next\dist\client\com
ponents\router-reducer
\refetch-inactive-para
llel-segments.js|app-p
ages-browser
    Used by 5 
module(s), i. e.
    javascript/auto|C:
\Users\pnp\Desktop\dep
liying rapidnextech\Wa
rpRapid\node_modules\n
ext\dist\build\webpack
\loaders\next-flight-c
lient-module-loader.js
!C:\Users\pnp\Desktop\
depliying rapidnextech
\WarpRapid\node_module
s\next\dist\build\webp
ack\loaders\next-swc-l
oader.js??ruleSet[1].r
ules[16].oneOf[5].use[
1]!C:\Users\pnp\deskto
p\depliying rapidnexte
ch\WarpRapid\node_modu
les\next\dist\client\c
omponents\router-reduc
er\create-initial-rout
er-state.js|app-pages-
browser

Import trace for 
requested module:
./node_modules/next/di
st/client/components/r
outer-reducer/refetch-
inactive-parallel-segm
ents.js
./node_modules/next/di
st/client/components/r
outer-reducer/create-i
nitial-router-state.js
./node_modules/next/di
st/client/components/a
pp-router.js

./node_modules/next/di
st/client/components/r
outer-reducer/router-r
educer-types.js
There are multiple 
modules with names 
that only differ in 
casing.
This can lead to 
unexpected behavior 
when compiling on a 
filesystem with other 
case-semantic.
Use equal casing. 
Compare these module 
identifiers:
* javascript/auto|C:\U
sers\pnp\Desktop\depli
ying rapidnextech\Warp
Rapid\node_modules\nex
t\dist\build\webpack\l
oaders\next-flight-cli
ent-module-loader.js!C
:\Users\pnp\Desktop\de
pliying rapidnextech\W
arpRapid\node_modules\
next\dist\build\webpac
k\loaders\next-swc-loa
der.js??ruleSet[1].rul
es[16].oneOf[5].use[1]
!C:\Users\pnp\Desktop\
depliying rapidnextech
\WarpRapid\node_module
s\next\dist\client\com
ponents\router-reducer
\router-reducer-types.
js|app-pages-browser
    Used by 11 
module(s), i. e.
    javascript/auto|C:
\Users\pnp\Desktop\dep
liying rapidnextech\Wa
rpRapid\node_modules\n
ext\dist\build\webpack
\loaders\next-flight-c
lient-module-loader.js
!C:\Users\pnp\Desktop\
depliying rapidnextech
\WarpRapid\node_module
s\next\dist\build\webp
ack\loaders\next-swc-l
oader.js??ruleSet[1].r
ules[16].oneOf[5].use[
1]!C:\Users\pnp\Deskto
p\depliying rapidnexte
ch\WarpRapid\node_modu
les\next\dist\client\c
omponents\app-router.j
s|app-pages-browser
* javascript/auto|C:\U
sers\pnp\Desktop\depli
ying rapidnextech\Warp
Rapid\node_modules\nex
t\dist\build\webpack\l
oaders\next-flight-cli
ent-module-loader.js!C
:\Users\pnp\Desktop\de
pliying rapidnextech\W
arpRapid\node_modules\
next\dist\build\webpac
k\loaders\next-swc-loa
der.js??ruleSet[1].rul
es[16].oneOf[5].use[1]
!C:\Users\pnp\desktop\
depliying rapidnextech
\WarpRapid\node_module
s\next\dist\client\com
ponents\router-reducer
\router-reducer-types.
js|app-pages-browser
    Used by 10 
module(s), i. e.
    javascript/auto|C:
\Users\pnp\Desktop\dep
liying rapidnextech\Wa
rpRapid\node_modules\n
ext\dist\build\webpack
\loaders\next-flight-c
lient-module-loader.js
!C:\Users\pnp\Desktop\
depliying rapidnextech
\WarpRapid\node_module
s\next\dist\build\webp
ack\loaders\next-swc-l
oader.js??ruleSet[1].r
ules[16].oneOf[5].use[
1]!C:\Users\pnp\deskto
p\depliying rapidnexte
ch\WarpRapid\node_modu
les\next\dist\shared\l
ib\router\action-queue
.js|app-pages-browser

Import trace for 
requested module:
./node_modules/next/di
st/client/components/r
outer-reducer/router-r
educer-types.js
./node_modules/next/di
st/client/components/a
pp-router.js

./node_modules/next/di
st/client/components/r
outer-reducer/router-r
educer.js
There are multiple 
modules with names 
that only differ in 
casing.
This can lead to 
unexpected behavior 
when compiling on a 
filesystem with other 
case-semantic.
Use equal casing. 
Compare these module 
identifiers:
* javascript/auto|C:\U
sers\pnp\Desktop\depli
ying rapidnextech\Warp
Rapid\node_modules\nex
t\dist\build\webpack\l
oaders\next-flight-cli
ent-module-loader.js!C
:\Users\pnp\Desktop\de
pliying rapidnextech\W
arpRapid\node_modules\
next\dist\build\webpac
k\loaders\next-swc-loa
der.js??ruleSet[1].rul
es[16].oneOf[5].use[1]
!C:\Users\pnp\Desktop\
depliying rapidnextech
\WarpRapid\node_module
s\next\dist\client\com
ponents\router-reducer
\router-reducer.js|app
-pages-browser
    Used by 2 
module(s), i. e.
    javascript/auto|C:
\Users\pnp\Desktop\dep
liying rapidnextech\Wa
rpRapid\node_modules\n
ext\dist\build\webpack
\loaders\next-flight-c
lient-module-loader.js
!C:\Users\pnp\Desktop\
depliying rapidnextech
\WarpRapid\node_module
s\next\dist\build\webp
ack\loaders\next-swc-l
oader.js??ruleSet[1].r
ules[16].oneOf[5].use[
1]!C:\Users\pnp\Deskto
p\depliying rapidnexte
ch\WarpRapid\node_modu
les\next\dist\shared\l
ib\router\action-queue
.js|app-pages-browser
* javascript/auto|C:\U
sers\pnp\Desktop\depli
ying rapidnextech\Warp
Rapid\node_modules\nex
t\dist\build\webpack\l
oaders\next-flight-cli
ent-module-loader.js!C
:\Users\pnp\Desktop\de
pliying rapidnextech\W
arpRapid\node_modules\
next\dist\build\webpac
k\loaders\next-swc-loa
der.js??ruleSet[1].rul
es[16].oneOf[5].use[1]
!C:\Users\pnp\desktop\
depliying rapidnextech
\WarpRapid\node_module
s\next\dist\client\com
ponents\router-reducer
\router-reducer.js|app
-pages-browser
    Used by 2 
module(s), i. e.
    javascript/auto|C:
\Users\pnp\Desktop\dep
liying rapidnextech\Wa
rpRapid\node_modules\n
ext\dist\build\webpack
\loaders\next-flight-c
lient-module-loader.js
!C:\Users\pnp\Desktop\
depliying rapidnextech
\WarpRapid\node_module
s\next\dist\build\webp
ack\loaders\next-swc-l
oader.js??ruleSet[1].r
ules[16].oneOf[5].use[
1]!C:\Users\pnp\deskto
p\depliying rapidnexte
ch\WarpRapid\node_modu
les\next\dist\shared\l
ib\router\action-queue
.js|app-pages-browser

Import trace for 
requested module:
./node_modules/next/di
st/client/components/r
outer-reducer/router-r
educer.js
./node_modules/next/di
st/shared/lib/router/a
ction-queue.js
./node_modules/next/di
st/client/components/u
se-reducer-with-devtoo
ls.js
./node_modules/next/di
st/client/components/a
pp-router.js

./node_modules/next/di
st/client/components/r
outer-reducer/should-h
ard-navigate.js
There are multiple 
modules with names 
that only differ in 
casing.
This can lead to 
unexpected behavior 
when compiling on a 
filesystem with other 
case-semantic.
Use equal casing. 
Compare these module 
identifiers:
* javascript/auto|C:\U
sers\pnp\Desktop\depli
ying rapidnextech\Warp
Rapid\node_modules\nex
t\dist\build\webpack\l
oaders\next-flight-cli
ent-module-loader.js!C
:\Users\pnp\Desktop\de
pliying rapidnextech\W
arpRapid\node_modules\
next\dist\build\webpac
k\loaders\next-swc-loa
der.js??ruleSet[1].rul
es[16].oneOf[5].use[1]
!C:\Users\pnp\Desktop\
depliying rapidnextech
\WarpRapid\node_module
s\next\dist\client\com
ponents\router-reducer
\should-hard-navigate.
js|app-pages-browser
    Used by 2 
module(s), i. e.
    javascript/auto|C:
\Users\pnp\Desktop\dep
liying rapidnextech\Wa
rpRapid\node_modules\n
ext\dist\build\webpack
\loaders\next-flight-c
lient-module-loader.js
!C:\Users\pnp\Desktop\
depliying rapidnextech
\WarpRapid\node_module
s\next\dist\build\webp
ack\loaders\next-swc-l
oader.js??ruleSet[1].r
ules[16].oneOf[5].use[
1]!C:\Users\pnp\Deskto
p\depliying rapidnexte
ch\WarpRapid\node_modu
les\next\dist\client\c
omponents\router-reduc
er\reducers\navigate-r
educer.js|app-pages-br
owser
* javascript/auto|C:\U
sers\pnp\Desktop\depli
ying rapidnextech\Warp
Rapid\node_modules\nex
t\dist\build\webpack\l
oaders\next-flight-cli
ent-module-loader.js!C
:\Users\pnp\Desktop\de
pliying rapidnextech\W
arpRapid\node_modules\
next\dist\build\webpac
k\loaders\next-swc-loa
der.js??ruleSet[1].rul
es[16].oneOf[5].use[1]
!C:\Users\pnp\desktop\
depliying rapidnextech
\WarpRapid\node_module
s\next\dist\client\com
ponents\router-reducer
\should-hard-navigate.
js|app-pages-browser
    Used by 2 
module(s), i. e.
    javascript/auto|C:
\Users\pnp\Desktop\dep
liying rapidnextech\Wa
rpRapid\node_modules\n
ext\dist\build\webpack
\loaders\next-flight-c
lient-module-loader.js
!C:\Users\pnp\Desktop\
depliying rapidnextech
\WarpRapid\node_module
s\next\dist\build\webp
ack\loaders\next-swc-l
oader.js??ruleSet[1].r
ules[16].oneOf[5].use[
1]!C:\Users\pnp\deskto
p\depliying rapidnexte
ch\WarpRapid\node_modu
les\next\dist\client\c
omponents\router-reduc
er\reducers\navigate-r
educer.js|app-pages-br
owser

Import trace for 
requested module:
./node_modules/next/di
st/client/components/r
outer-reducer/should-h
ard-navigate.js
./node_modules/next/di
st/client/components/r
outer-reducer/reducers
/navigate-reducer.js
./node_modules/next/di
st/client/components/r
outer-reducer/router-r
educer.js
./node_modules/next/di
st/shared/lib/router/a
ction-queue.js
./node_modules/next/di
st/client/components/u
se-reducer-with-devtoo
ls.js
./node_modules/next/di
st/client/components/a
pp-router.js

./node_modules/next/di
st/client/components/s
tatic-generation-async
-storage.external.js
There are multiple 
modules with names 
that only differ in 
casing.
This can lead to 
unexpected behavior 
when compiling on a 
filesystem with other 
case-semantic.
Use equal casing. 
Compare these module 
identifiers:
* javascript/auto|C:\U
sers\pnp\Desktop\depli
ying rapidnextech\Warp
Rapid\node_modules\nex
t\dist\build\webpack\l
oaders\next-flight-cli
ent-module-loader.js!C
:\Users\pnp\Desktop\de
pliying rapidnextech\W
arpRapid\node_modules\
next\dist\build\webpac
k\loaders\next-swc-loa
der.js??ruleSet[1].rul
es[16].oneOf[5].use[1]
!C:\Users\pnp\Desktop\
depliying rapidnextech
\WarpRapid\node_module
s\next\dist\client\com
ponents\static-generat
ion-async-storage.exte
rnal.js|shared
    Used by 4 
module(s), i. e.
    javascript/auto|C:
\Users\pnp\Desktop\dep
liying rapidnextech\Wa
rpRapid\node_modules\n
ext\dist\build\webpack
\loaders\next-flight-c
lient-module-loader.js
!C:\Users\pnp\Desktop\
depliying rapidnextech
\WarpRapid\node_module
s\next\dist\build\webp
ack\loaders\next-swc-l
oader.js??ruleSet[1].r
ules[16].oneOf[5].use[
1]!C:\Users\pnp\Deskto
p\depliying rapidnexte
ch\WarpRapid\node_modu
les\next\dist\client\c
omponents\error-bounda
ry.js|app-pages-browse
r
* javascript/auto|C:\U
sers\pnp\Desktop\depli
ying rapidnextech\Warp
Rapid\node_modules\nex
t\dist\build\webpack\l
oaders\next-flight-cli
ent-module-loader.js!C
:\Users\pnp\Desktop\de
pliying rapidnextech\W
arpRapid\node_modules\
next\dist\build\webpac
k\loaders\next-swc-loa
der.js??ruleSet[1].rul
es[16].oneOf[5].use[1]
!C:\Users\pnp\desktop\
depliying rapidnextech
\WarpRapid\node_module
s\next\dist\client\com
ponents\static-generat
ion-async-storage.exte
rnal.js|shared
    Used by 3 
module(s), i. e.
    javascript/auto|C:
\Users\pnp\Desktop\dep
liying rapidnextech\Wa
rpRapid\node_modules\n
ext\dist\build\webpack
\loaders\next-flight-c
lient-module-loader.js
!C:\Users\pnp\Desktop\
depliying rapidnextech
\WarpRapid\node_module
s\next\dist\build\webp
ack\loaders\next-swc-l
oader.js??ruleSet[1].r
ules[16].oneOf[5].use[
1]!C:\Users\pnp\deskto
p\depliying rapidnexte
ch\WarpRapid\node_modu
les\next\dist\client\c
omponents\error-bounda
ry.js|app-pages-browse
r

Import trace for 
requested module:
./node_modules/next/di
st/client/components/s
tatic-generation-async
-storage.external.js
./node_modules/next/di
st/client/components/e
rror-boundary.js

./node_modules/next/di
st/client/components/u
nresolved-thenable.js
There are multiple 
modules with names 
that only differ in 
casing.
This can lead to 
unexpected behavior 
when compiling on a 
filesystem with other 
case-semantic.
Use equal casing. 
Compare these module 
identifiers:
* javascript/auto|C:\U
sers\pnp\Desktop\depli
ying rapidnextech\Warp
Rapid\node_modules\nex
t\dist\build\webpack\l
oaders\next-flight-cli
ent-module-loader.js!C
:\Users\pnp\Desktop\de
pliying rapidnextech\W
arpRapid\node_modules\
next\dist\build\webpac
k\loaders\next-swc-loa
der.js??ruleSet[1].rul
es[16].oneOf[5].use[1]
!C:\Users\pnp\Desktop\
depliying rapidnextech
\WarpRapid\node_module
s\next\dist\client\com
ponents\unresolved-the
nable.js|app-pages-bro
wser
    Used by 3 
module(s), i. e.
    javascript/auto|C:
\Users\pnp\Desktop\dep
liying rapidnextech\Wa
rpRapid\node_modules\n
ext\dist\build\webpack
\loaders\next-flight-c
lient-module-loader.js
!C:\Users\pnp\Desktop\
depliying rapidnextech
\WarpRapid\node_module
s\next\dist\build\webp
ack\loaders\next-swc-l
oader.js??ruleSet[1].r
ules[16].oneOf[5].use[
1]!C:\Users\pnp\Deskto
p\depliying rapidnexte
ch\WarpRapid\node_modu
les\next\dist\client\c
omponents\app-router.j
s|app-pages-browser
* javascript/auto|C:\U
sers\pnp\Desktop\depli
ying rapidnextech\Warp
Rapid\node_modules\nex
t\dist\build\webpack\l
oaders\next-flight-cli
ent-module-loader.js!C
:\Users\pnp\Desktop\de
pliying rapidnextech\W
arpRapid\node_modules\
next\dist\build\webpac
k\loaders\next-swc-loa
der.js??ruleSet[1].rul
es[16].oneOf[5].use[1]
!C:\Users\pnp\desktop\
depliying rapidnextech
\WarpRapid\node_module
s\next\dist\client\com
ponents\unresolved-the
nable.js|app-pages-bro
wser
    Used by 2 
module(s), i. e.
    javascript/auto|C:
\Users\pnp\Desktop\dep
liying rapidnextech\Wa
rpRapid\node_modules\n
ext\dist\build\webpack
\loaders\next-flight-c
lient-module-loader.js
!C:\Users\pnp\Desktop\
depliying rapidnextech
\WarpRapid\node_module
s\next\dist\build\webp
ack\loaders\next-swc-l
oader.js??ruleSet[1].r
ules[16].oneOf[5].use[
1]!C:\Users\pnp\deskto
p\depliying rapidnexte
ch\WarpRapid\node_modu
les\next\dist\client\c
omponents\app-router.j
s|app-pages-browser

Import trace for 
requested module:
./node_modules/next/di
st/client/components/u
nresolved-thenable.js
./node_modules/next/di
st/client/components/a
pp-router.js

./node_modules/next/di
st/client/components/u
se-reducer-with-devtoo
ls.js
There are multiple 
modules with names 
that only differ in 
casing.
This can lead to 
unexpected behavior 
when compiling on a 
filesystem with other 
case-semantic.
Use equal casing. 
Compare these module 
identifiers:
* javascript/auto|C:\U
sers\pnp\Desktop\depli
ying rapidnextech\Warp
Rapid\node_modules\nex
t\dist\build\webpack\l
oaders\next-flight-cli
ent-module-loader.js!C
:\Users\pnp\Desktop\de
pliying rapidnextech\W
arpRapid\node_modules\
next\dist\build\webpac
k\loaders\next-swc-loa
der.js??ruleSet[1].rul
es[16].oneOf[5].use[1]
!C:\Users\pnp\Desktop\
depliying rapidnextech
\WarpRapid\node_module
s\next\dist\client\com
ponents\use-reducer-wi
th-devtools.js|app-pag
es-browser
    Used by 2 
module(s), i. e.
    javascript/auto|C:
\Users\pnp\Desktop\dep
liying rapidnextech\Wa
rpRapid\node_modules\n
ext\dist\build\webpack
\loaders\next-flight-c
lient-module-loader.js
!C:\Users\pnp\Desktop\
depliying rapidnextech
\WarpRapid\node_module
s\next\dist\build\webp
ack\loaders\next-swc-l
oader.js??ruleSet[1].r
ules[16].oneOf[5].use[
1]!C:\Users\pnp\Deskto
p\depliying rapidnexte
ch\WarpRapid\node_modu
les\next\dist\client\c
omponents\app-router.j
s|app-pages-browser
* javascript/auto|C:\U
sers\pnp\Desktop\depli
ying rapidnextech\Warp
Rapid\node_modules\nex
t\dist\build\webpack\l
oaders\next-flight-cli
ent-module-loader.js!C
:\Users\pnp\Desktop\de
pliying rapidnextech\W
arpRapid\node_modules\
next\dist\build\webpac
k\loaders\next-swc-loa
der.js??ruleSet[1].rul
es[16].oneOf[5].use[1]
!C:\Users\pnp\desktop\
depliying rapidnextech
\WarpRapid\node_module
s\next\dist\client\com
ponents\use-reducer-wi
th-devtools.js|app-pag
es-browser
    Used by 2 
module(s), i. e.
    javascript/auto|C:
\Users\pnp\Desktop\dep
liying rapidnextech\Wa
rpRapid\node_modules\n
ext\dist\build\webpack
\loaders\next-flight-c
lient-module-loader.js
!C:\Users\pnp\Desktop\
depliying rapidnextech
\WarpRapid\node_module
s\next\dist\build\webp
ack\loaders\next-swc-l
oader.js??ruleSet[1].r
ules[16].oneOf[5].use[
1]!C:\Users\pnp\deskto
p\depliying rapidnexte
ch\WarpRapid\node_modu
les\next\dist\client\c
omponents\app-router.j
s|app-pages-browser

Import trace for 
requested module:
./node_modules/next/di
st/client/components/u
se-reducer-with-devtoo
ls.js
./node_modules/next/di
st/client/components/a
pp-router.js

./node_modules/next/di
st/client/has-base-pat
h.js
There are multiple 
modules with names 
that only differ in 
casing.
This can lead to 
unexpected behavior 
when compiling on a 
filesystem with other 
case-semantic.
Use equal casing. 
Compare these module 
identifiers:
* javascript/auto|C:\U
sers\pnp\Desktop\depli
ying rapidnextech\Warp
Rapid\node_modules\nex
t\dist\build\webpack\l
oaders\next-flight-cli
ent-module-loader.js!C
:\Users\pnp\Desktop\de
pliying rapidnextech\W
arpRapid\node_modules\
next\dist\build\webpac
k\loaders\next-swc-loa
der.js??ruleSet[1].rul
es[16].oneOf[5].use[1]
!C:\Users\pnp\Desktop\
depliying rapidnextech
\WarpRapid\node_module
s\next\dist\client\has
-base-path.js|app-page
s-browser
    Used by 4 
module(s), i. e.
    javascript/auto|C:
\Users\pnp\Desktop\dep
liying rapidnextech\Wa
rpRapid\node_modules\n
ext\dist\build\webpack
\loaders\next-flight-c
lient-module-loader.js
!C:\Users\pnp\Desktop\
depliying rapidnextech
\WarpRapid\node_module
s\next\dist\build\webp
ack\loaders\next-swc-l
oader.js??ruleSet[1].r
ules[16].oneOf[5].use[
1]!C:\Users\pnp\Deskto
p\depliying rapidnexte
ch\WarpRapid\node_modu
les\next\dist\client\c
omponents\app-router.j
s|app-pages-browser
* javascript/auto|C:\U
sers\pnp\Desktop\depli
ying rapidnextech\Warp
Rapid\node_modules\nex
t\dist\build\webpack\l
oaders\next-flight-cli
ent-module-loader.js!C
:\Users\pnp\Desktop\de
pliying rapidnextech\W
arpRapid\node_modules\
next\dist\build\webpac
k\loaders\next-swc-loa
der.js??ruleSet[1].rul
es[16].oneOf[5].use[1]
!C:\Users\pnp\desktop\
depliying rapidnextech
\WarpRapid\node_module
s\next\dist\client\has
-base-path.js|app-page
s-browser
    Used by 3 
module(s), i. e.
    javascript/auto|C:
\Users\pnp\Desktop\dep
liying rapidnextech\Wa
rpRapid\node_modules\n
ext\dist\build\webpack
\loaders\next-flight-c
lient-module-loader.js
!C:\Users\pnp\Desktop\
depliying rapidnextech
\WarpRapid\node_module
s\next\dist\build\webp
ack\loaders\next-swc-l
oader.js??ruleSet[1].r
ules[16].oneOf[5].use[
1]!C:\Users\pnp\deskto
p\depliying rapidnexte
ch\WarpRapid\node_modu
les\next\dist\client\c
omponents\app-router.j
s|app-pages-browser

Import trace for 
requested module:
./node_modules/next/di
st/client/has-base-pat
h.js
./node_modules/next/di
st/client/components/a
pp-router.js

./node_modules/next/di
st/client/normalize-tr
ailing-slash.js
There are multiple 
modules with names 
that only differ in 
casing.
This can lead to 
unexpected behavior 
when compiling on a 
filesystem with other 
case-semantic.
Use equal casing. 
Compare these module 
identifiers:
* javascript/auto|C:\U
sers\pnp\Desktop\depli
ying rapidnextech\Warp
Rapid\node_modules\nex
t\dist\build\webpack\l
oaders\next-flight-cli
ent-module-loader.js!C
:\Users\pnp\Desktop\de
pliying rapidnextech\W
arpRapid\node_modules\
next\dist\build\webpac
k\loaders\next-swc-loa
der.js??ruleSet[1].rul
es[16].oneOf[5].use[1]
!C:\Users\pnp\Desktop\
depliying rapidnextech
\WarpRapid\node_module
s\next\dist\client\nor
malize-trailing-slash.
js|app-pages-browser
    Used by 5 
module(s), i. e.
    javascript/auto|C:
\Users\pnp\Desktop\dep
liying rapidnextech\Wa
rpRapid\node_modules\n
ext\dist\build\webpack
\loaders\next-flight-c
lient-module-loader.js
!C:\Users\pnp\Desktop\
depliying rapidnextech
\WarpRapid\node_module
s\next\dist\build\webp
ack\loaders\next-swc-l
oader.js??ruleSet[1].r
ules[16].oneOf[5].use[
1]!C:\Users\pnp\Deskto
p\depliying rapidnexte
ch\WarpRapid\node_modu
les\next\dist\client\a
dd-base-path.js|app-pa
ges-browser
* javascript/auto|C:\U
sers\pnp\Desktop\depli
ying rapidnextech\Warp
Rapid\node_modules\nex
t\dist\build\webpack\l
oaders\next-flight-cli
ent-module-loader.js!C
:\Users\pnp\Desktop\de
pliying rapidnextech\W
arpRapid\node_modules\
next\dist\build\webpac
k\loaders\next-swc-loa
der.js??ruleSet[1].rul
es[16].oneOf[5].use[1]
!C:\Users\pnp\desktop\
depliying rapidnextech
\WarpRapid\node_module
s\next\dist\client\nor
malize-trailing-slash.
js|app-pages-browser
    Used by 2 
module(s), i. e.
    javascript/auto|C:
\Users\pnp\Desktop\dep
liying rapidnextech\Wa
rpRapid\node_modules\n
ext\dist\build\webpack
\loaders\next-flight-c
lient-module-loader.js
!C:\Users\pnp\Desktop\
depliying rapidnextech
\WarpRapid\node_module
s\next\dist\build\webp
ack\loaders\next-swc-l
oader.js??ruleSet[1].r
ules[16].oneOf[5].use[
1]!C:\Users\pnp\deskto
p\depliying rapidnexte
ch\WarpRapid\node_modu
les\next\dist\client\a
dd-base-path.js|app-pa
ges-browser

Import trace for 
requested module:
./node_modules/next/di
st/client/normalize-tr
ailing-slash.js
./node_modules/next/di
st/client/add-base-pat
h.js
./node_modules/next/di
st/client/components/a
pp-router.js

./node_modules/next/di
st/client/remove-base-
path.js
There are multiple 
modules with names 
that only differ in 
casing.
This can lead to 
unexpected behavior 
when compiling on a 
filesystem with other 
case-semantic.
Use equal casing. 
Compare these module 
identifiers:
* javascript/auto|C:\U
sers\pnp\Desktop\depli
ying rapidnextech\Warp
Rapid\node_modules\nex
t\dist\build\webpack\l
oaders\next-flight-cli
ent-module-loader.js!C
:\Users\pnp\Desktop\de
pliying rapidnextech\W
arpRapid\node_modules\
next\dist\build\webpac
k\loaders\next-swc-loa
der.js??ruleSet[1].rul
es[16].oneOf[5].use[1]
!C:\Users\pnp\Desktop\
depliying rapidnextech
\WarpRapid\node_module
s\next\dist\client\rem
ove-base-path.js|app-p
ages-browser
    Used by 2 
module(s), i. e.
    javascript/auto|C:
\Users\pnp\Desktop\dep
liying rapidnextech\Wa
rpRapid\node_modules\n
ext\dist\build\webpack
\loaders\next-flight-c
lient-module-loader.js
!C:\Users\pnp\Desktop\
depliying rapidnextech
\WarpRapid\node_module
s\next\dist\build\webp
ack\loaders\next-swc-l
oader.js??ruleSet[1].r
ules[16].oneOf[5].use[
1]!C:\Users\pnp\Deskto
p\depliying rapidnexte
ch\WarpRapid\node_modu
les\next\dist\client\c
omponents\app-router.j
s|app-pages-browser
* javascript/auto|C:\U
sers\pnp\Desktop\depli
ying rapidnextech\Warp
Rapid\node_modules\nex
t\dist\build\webpack\l
oaders\next-flight-cli
ent-module-loader.js!C
:\Users\pnp\Desktop\de
pliying rapidnextech\W
arpRapid\node_modules\
next\dist\build\webpac
k\loaders\next-swc-loa
der.js??ruleSet[1].rul
es[16].oneOf[5].use[1]
!C:\Users\pnp\desktop\
depliying rapidnextech
\WarpRapid\node_module
s\next\dist\client\rem
ove-base-path.js|app-p
ages-browser
    Used by 2 
module(s), i. e.
    javascript/auto|C:
\Users\pnp\Desktop\dep
liying rapidnextech\Wa
rpRapid\node_modules\n
ext\dist\build\webpack
\loaders\next-flight-c
lient-module-loader.js
!C:\Users\pnp\Desktop\
depliying rapidnextech
\WarpRapid\node_module
s\next\dist\build\webp
ack\loaders\next-swc-l
oader.js??ruleSet[1].r
ules[16].oneOf[5].use[
1]!C:\Users\pnp\deskto
p\depliying rapidnexte
ch\WarpRapid\node_modu
les\next\dist\client\c
omponents\app-router.j
s|app-pages-browser

Import trace for 
requested module:
./node_modules/next/di
st/client/remove-base-
path.js
./node_modules/next/di
st/client/components/a
pp-router.js

./node_modules/next/di
st/server/app-render/g
et-segment-param.js
There are multiple 
modules with names 
that only differ in 
casing.
This can lead to 
unexpected behavior 
when compiling on a 
filesystem with other 
case-semantic.
Use equal casing. 
Compare these module 
identifiers:
* javascript/auto|C:\U
sers\pnp\Desktop\depli
ying rapidnextech\Warp
Rapid\node_modules\nex
t\dist\build\webpack\l
oaders\next-flight-cli
ent-module-loader.js!C
:\Users\pnp\Desktop\de
pliying rapidnextech\W
arpRapid\node_modules\
next\dist\build\webpac
k\loaders\next-swc-loa
der.js??ruleSet[1].rul
es[16].oneOf[5].use[1]
!C:\Users\pnp\Desktop\
depliying rapidnextech
\WarpRapid\node_module
s\next\dist\server\app
-render\get-segment-pa
ram.js|app-pages-brows
er
    Used by 1 
module(s), i. e.
    javascript/auto|C:
\Users\pnp\Desktop\dep
liying rapidnextech\Wa
rpRapid\node_modules\n
ext\dist\build\webpack
\loaders\next-flight-c
lient-module-loader.js
!C:\Users\pnp\Desktop\
depliying rapidnextech
\WarpRapid\node_module
s\next\dist\build\webp
ack\loaders\next-swc-l
oader.js??ruleSet[1].r
ules[16].oneOf[5].use[
1]!C:\Users\pnp\Deskto
p\depliying rapidnexte
ch\WarpRapid\node_modu
les\next\dist\client\c
omponents\match-segmen
ts.js|app-pages-browse
r
* javascript/auto|C:\U
sers\pnp\Desktop\depli
ying rapidnextech\Warp
Rapid\node_modules\nex
t\dist\build\webpack\l
oaders\next-flight-cli
ent-module-loader.js!C
:\Users\pnp\Desktop\de
pliying rapidnextech\W
arpRapid\node_modules\
next\dist\build\webpac
k\loaders\next-swc-loa
der.js??ruleSet[1].rul
es[16].oneOf[5].use[1]
!C:\Users\pnp\desktop\
depliying rapidnextech
\WarpRapid\node_module
s\next\dist\server\app
-render\get-segment-pa
ram.js|app-pages-brows
er
    Used by 1 
module(s), i. e.
    javascript/auto|C:
\Users\pnp\Desktop\dep
liying rapidnextech\Wa
rpRapid\node_modules\n
ext\dist\build\webpack
\loaders\next-flight-c
lient-module-loader.js
!C:\Users\pnp\Desktop\
depliying rapidnextech
\WarpRapid\node_module
s\next\dist\build\webp
ack\loaders\next-swc-l
oader.js??ruleSet[1].r
ules[16].oneOf[5].use[
1]!C:\Users\pnp\deskto
p\depliying rapidnexte
ch\WarpRapid\node_modu
les\next\dist\client\c
omponents\match-segmen
ts.js|app-pages-browse
r

Import trace for 
requested module:
./node_modules/next/di
st/server/app-render/g
et-segment-param.js
./node_modules/next/di
st/client/components/m
atch-segments.js
./node_modules/next/di
st/client/components/l
ayout-router.js

./node_modules/next/di
st/server/future/helpe
rs/interception-routes
.js
There are multiple 
modules with names 
that only differ in 
casing.
This can lead to 
unexpected behavior 
when compiling on a 
filesystem with other 
case-semantic.
Use equal casing. 
Compare these module 
identifiers:
* javascript/auto|C:\U
sers\pnp\Desktop\depli
ying rapidnextech\Warp
Rapid\node_modules\nex
t\dist\build\webpack\l
oaders\next-flight-cli
ent-module-loader.js!C
:\Users\pnp\Desktop\de
pliying rapidnextech\W
arpRapid\node_modules\
next\dist\build\webpac
k\loaders\next-swc-loa
der.js??ruleSet[1].rul
es[16].oneOf[5].use[1]
!C:\Users\pnp\Desktop\
depliying rapidnextech
\WarpRapid\node_module
s\next\dist\server\fut
ure\helpers\intercepti
on-routes.js|app-pages
-browser
    Used by 6 
module(s), i. e.
    javascript/auto|C:
\Users\pnp\Desktop\dep
liying rapidnextech\Wa
rpRapid\node_modules\n
ext\dist\build\webpack
\loaders\next-flight-c
lient-module-loader.js
!C:\Users\pnp\Desktop\
depliying rapidnextech
\WarpRapid\node_module
s\next\dist\build\webp
ack\loaders\next-swc-l
oader.js??ruleSet[1].r
ules[16].oneOf[5].use[
1]!C:\Users\pnp\Deskto
p\depliying rapidnexte
ch\WarpRapid\node_modu
les\next\dist\client\c
omponents\router-reduc
er\reducers\has-interc
eption-route-in-curren
t-tree.js|app-pages-br
owser
* javascript/auto|C:\U
sers\pnp\Desktop\depli
ying rapidnextech\Warp
Rapid\node_modules\nex
t\dist\build\webpack\l
oaders\next-flight-cli
ent-module-loader.js!C
:\Users\pnp\Desktop\de
pliying rapidnextech\W
arpRapid\node_modules\
next\dist\build\webpac
k\loaders\next-swc-loa
der.js??ruleSet[1].rul
es[16].oneOf[5].use[1]
!C:\Users\pnp\desktop\
depliying rapidnextech
\WarpRapid\node_module
s\next\dist\server\fut
ure\helpers\intercepti
on-routes.js|app-pages
-browser
    Used by 4 
module(s), i. e.
    javascript/auto|C:
\Users\pnp\Desktop\dep
liying rapidnextech\Wa
rpRapid\node_modules\n
ext\dist\build\webpack
\loaders\next-flight-c
lient-module-loader.js
!C:\Users\pnp\Desktop\
depliying rapidnextech
\WarpRapid\node_module
s\next\dist\build\webp
ack\loaders\next-swc-l
oader.js??ruleSet[1].r
ules[16].oneOf[5].use[
1]!C:\Users\pnp\deskto
p\depliying rapidnexte
ch\WarpRapid\node_modu
les\next\dist\client\c
omponents\router-reduc
er\compute-changed-pat
h.js|app-pages-browser

Import trace for 
requested module:
./node_modules/next/di
st/server/future/helpe
rs/interception-routes
.js
./node_modules/next/di
st/client/components/r
outer-reducer/reducers
/has-interception-rout
e-in-current-tree.js
./node_modules/next/di
st/client/components/l
ayout-router.js

./node_modules/next/di
st/shared/lib/app-rout
er-context.shared-runt
ime.js
There are multiple 
modules with names 
that only differ in 
casing.
This can lead to 
unexpected behavior 
when compiling on a 
filesystem with other 
case-semantic.
Use equal casing. 
Compare these module 
identifiers:
* javascript/auto|C:\U
sers\pnp\Desktop\depli
ying rapidnextech\Warp
Rapid\node_modules\nex
t\dist\build\webpack\l
oaders\next-flight-cli
ent-module-loader.js!C
:\Users\pnp\Desktop\de
pliying rapidnextech\W
arpRapid\node_modules\
next\dist\build\webpac
k\loaders\next-swc-loa
der.js??ruleSet[1].rul
es[16].oneOf[5].use[1]
!C:\Users\pnp\Desktop\
depliying rapidnextech
\WarpRapid\node_module
s\next\dist\shared\lib
\app-router-context.sh
ared-runtime.js|app-pa
ges-browser
    Used by 7 
module(s), i. e.
    javascript/auto|C:
\Users\pnp\Desktop\dep
liying rapidnextech\Wa
rpRapid\node_modules\n
ext\dist\build\webpack
\loaders\next-flight-c
lient-module-loader.js
!C:\Users\pnp\Desktop\
depliying rapidnextech
\WarpRapid\node_module
s\next\dist\build\webp
ack\loaders\next-swc-l
oader.js??ruleSet[1].r
ules[16].oneOf[5].use[
1]!C:\Users\pnp\Deskto
p\depliying rapidnexte
ch\WarpRapid\node_modu
les\next\dist\client\c
omponents\app-router.j
s|app-pages-browser
* javascript/auto|C:\U
sers\pnp\Desktop\depli
ying rapidnextech\Warp
Rapid\node_modules\nex
t\dist\build\webpack\l
oaders\next-flight-cli
ent-module-loader.js!C
:\Users\pnp\Desktop\de
pliying rapidnextech\W
arpRapid\node_modules\
next\dist\build\webpac
k\loaders\next-swc-loa
der.js??ruleSet[1].rul
es[16].oneOf[5].use[1]
!C:\Users\pnp\desktop\
depliying rapidnextech
\WarpRapid\node_module
s\next\dist\shared\lib
\app-router-context.sh
ared-runtime.js|app-pa
ges-browser
    Used by 3 
module(s), i. e.
    javascript/auto|C:
\Users\pnp\Desktop\dep
liying rapidnextech\Wa
rpRapid\node_modules\n
ext\dist\build\webpack
\loaders\next-flight-c
lient-module-loader.js
!C:\Users\pnp\Desktop\
depliying rapidnextech
\WarpRapid\node_module
s\next\dist\build\webp
ack\loaders\next-swc-l
oader.js??ruleSet[1].r
ules[16].oneOf[5].use[
1]!C:\Users\pnp\deskto
p\depliying rapidnexte
ch\WarpRapid\node_modu
les\next\dist\client\c
omponents\app-router.j
s|app-pages-browser

Import trace for 
requested module:
./node_modules/next/di
st/shared/lib/app-rout
er-context.shared-runt
ime.js
./node_modules/next/di
st/client/components/a
pp-router.js

./node_modules/next/di
st/shared/lib/hash.js
There are multiple 
modules with names 
that only differ in 
casing.
This can lead to 
unexpected behavior 
when compiling on a 
filesystem with other 
case-semantic.
Use equal casing. 
Compare these module 
identifiers:
* javascript/auto|C:\U
sers\pnp\Desktop\depli
ying rapidnextech\Warp
Rapid\node_modules\nex
t\dist\build\webpack\l
oaders\next-flight-cli
ent-module-loader.js!C
:\Users\pnp\Desktop\de
pliying rapidnextech\W
arpRapid\node_modules\
next\dist\build\webpac
k\loaders\next-swc-loa
der.js??ruleSet[1].rul
es[16].oneOf[5].use[1]
!C:\Users\pnp\Desktop\
depliying rapidnextech
\WarpRapid\node_module
s\next\dist\shared\lib
\hash.js|app-pages-bro
wser
    Used by 2 
module(s), i. e.
    javascript/auto|C:
\Users\pnp\Desktop\dep
liying rapidnextech\Wa
rpRapid\node_modules\n
ext\dist\build\webpack
\loaders\next-flight-c
lient-module-loader.js
!C:\Users\pnp\Desktop\
depliying rapidnextech
\WarpRapid\node_module
s\next\dist\build\webp
ack\loaders\next-swc-l
oader.js??ruleSet[1].r
ules[16].oneOf[5].use[
1]!C:\Users\pnp\Deskto
p\depliying rapidnexte
ch\WarpRapid\node_modu
les\next\dist\client\c
omponents\router-reduc
er\fetch-server-respon
se.js|app-pages-browse
r
* javascript/auto|C:\U
sers\pnp\Desktop\depli
ying rapidnextech\Warp
Rapid\node_modules\nex
t\dist\build\webpack\l
oaders\next-flight-cli
ent-module-loader.js!C
:\Users\pnp\Desktop\de
pliying rapidnextech\W
arpRapid\node_modules\
next\dist\build\webpac
k\loaders\next-swc-loa
der.js??ruleSet[1].rul
es[16].oneOf[5].use[1]
!C:\Users\pnp\desktop\
depliying rapidnextech
\WarpRapid\node_module
s\next\dist\shared\lib
\hash.js|app-pages-bro
wser
    Used by 2 
module(s), i. e.
    javascript/auto|C:
\Users\pnp\Desktop\dep
liying rapidnextech\Wa
rpRapid\node_modules\n
ext\dist\build\webpack
\loaders\next-flight-c
lient-module-loader.js
!C:\Users\pnp\Desktop\
depliying rapidnextech
\WarpRapid\node_module
s\next\dist\build\webp
ack\loaders\next-swc-l
oader.js??ruleSet[1].r
ules[16].oneOf[5].use[
1]!C:\Users\pnp\deskto
p\depliying rapidnexte
ch\WarpRapid\node_modu
les\next\dist\client\c
omponents\router-reduc
er\fetch-server-respon
se.js|app-pages-browse
r

Import trace for 
requested module:
./node_modules/next/di
st/shared/lib/hash.js
./node_modules/next/di
st/client/components/r
outer-reducer/fetch-se
rver-response.js
./node_modules/next/di
st/client/components/l
ayout-router.js

./node_modules/next/di
st/shared/lib/head-man
ager-context.shared-ru
ntime.js
There are multiple 
modules with names 
that only differ in 
casing.
This can lead to 
unexpected behavior 
when compiling on a 
filesystem with other 
case-semantic.
Use equal casing. 
Compare these module 
identifiers:
* javascript/auto|C:\U
sers\pnp\Desktop\depli
ying rapidnextech\Warp
Rapid\node_modules\nex
t\dist\build\webpack\l
oaders\next-flight-cli
ent-module-loader.js!C
:\Users\pnp\Desktop\de
pliying rapidnextech\W
arpRapid\node_modules\
next\dist\build\webpac
k\loaders\next-swc-loa
der.js??ruleSet[1].rul
es[16].oneOf[5].use[1]
!C:\Users\pnp\Desktop\
depliying rapidnextech
\WarpRapid\node_module
s\next\dist\shared\lib
\head-manager-context.
shared-runtime.js|app-
pages-browser
    Used by 2 
module(s), i. e.
    javascript/auto|C:
\Users\pnp\Desktop\dep
liying rapidnextech\Wa
rpRapid\node_modules\n
ext\dist\build\webpack
\loaders\next-flight-c
lient-module-loader.js
!C:\Users\pnp\Desktop\
depliying rapidnextech
\WarpRapid\node_module
s\next\dist\build\webp
ack\loaders\next-swc-l
oader.js??ruleSet[1].r
ules[16].oneOf[5].use[
1]!C:\Users\pnp\Deskto
p\depliying rapidnexte
ch\WarpRapid\node_modu
les\next\dist\client\s
cript.js|app-pages-bro
wser
* javascript/auto|C:\U
sers\pnp\Desktop\depli
ying rapidnextech\Warp
Rapid\node_modules\nex
t\dist\build\webpack\l
oaders\next-flight-cli
ent-module-loader.js!C
:\Users\pnp\Desktop\de
pliying rapidnextech\W
arpRapid\node_modules\
next\dist\build\webpac
k\loaders\next-swc-loa
der.js??ruleSet[1].rul
es[16].oneOf[5].use[1]
!C:\Users\pnp\desktop\
depliying rapidnextech
\WarpRapid\node_module
s\next\dist\shared\lib
\head-manager-context.
shared-runtime.js|app-
pages-browser
    Used by 1 
module(s), i. e.
    javascript/auto|C:
\Users\pnp\Desktop\dep
liying rapidnextech\Wa
rpRapid\node_modules\n
ext\dist\build\webpack
\loaders\next-flight-c
lient-module-loader.js
!C:\Users\pnp\Desktop\
depliying rapidnextech
\WarpRapid\node_module
s\next\dist\build\webp
ack\loaders\next-swc-l
oader.js??ruleSet[1].r
ules[16].oneOf[5].use[
1]!C:\Users\pnp\deskto
p\depliying rapidnexte
ch\WarpRapid\node_modu
les\next\dist\client\a
pp-index.js|app-pages-
browser

Import trace for 
requested module:
./node_modules/next/di
st/shared/lib/head-man
ager-context.shared-ru
ntime.js
./node_modules/next/di
st/client/script.js

./node_modules/next/di
st/shared/lib/hooks-cl
ient-context.shared-ru
ntime.js
There are multiple 
modules with names 
that only differ in 
casing.
This can lead to 
unexpected behavior 
when compiling on a 
filesystem with other 
case-semantic.
Use equal casing. 
Compare these module 
identifiers:
* javascript/auto|C:\U
sers\pnp\Desktop\depli
ying rapidnextech\Warp
Rapid\node_modules\nex
t\dist\build\webpack\l
oaders\next-flight-cli
ent-module-loader.js!C
:\Users\pnp\Desktop\de
pliying rapidnextech\W
arpRapid\node_modules\
next\dist\build\webpac
k\loaders\next-swc-loa
der.js??ruleSet[1].rul
es[16].oneOf[5].use[1]
!C:\Users\pnp\Desktop\
depliying rapidnextech
\WarpRapid\node_module
s\next\dist\shared\lib
\hooks-client-context.
shared-runtime.js|app-
pages-browser
    Used by 3 
module(s), i. e.
    javascript/auto|C:
\Users\pnp\Desktop\dep
liying rapidnextech\Wa
rpRapid\node_modules\n
ext\dist\build\webpack
\loaders\next-flight-c
lient-module-loader.js
!C:\Users\pnp\Desktop\
depliying rapidnextech
\WarpRapid\node_module
s\next\dist\build\webp
ack\loaders\next-swc-l
oader.js??ruleSet[1].r
ules[16].oneOf[5].use[
1]!C:\Users\pnp\Deskto
p\depliying rapidnexte
ch\WarpRapid\node_modu
les\next\dist\client\c
omponents\app-router.j
s|app-pages-browser
* javascript/auto|C:\U
sers\pnp\Desktop\depli
ying rapidnextech\Warp
Rapid\node_modules\nex
t\dist\build\webpack\l
oaders\next-flight-cli
ent-module-loader.js!C
:\Users\pnp\Desktop\de
pliying rapidnextech\W
arpRapid\node_modules\
next\dist\build\webpac
k\loaders\next-swc-loa
der.js??ruleSet[1].rul
es[16].oneOf[5].use[1]
!C:\Users\pnp\desktop\
depliying rapidnextech
\WarpRapid\node_module
s\next\dist\shared\lib
\hooks-client-context.
shared-runtime.js|app-
pages-browser
    Used by 3 
module(s), i. e.
    javascript/auto|C:
\Users\pnp\Desktop\dep
liying rapidnextech\Wa
rpRapid\node_modules\n
ext\dist\build\webpack
\loaders\next-flight-c
lient-module-loader.js
!C:\Users\pnp\Desktop\
depliying rapidnextech
\WarpRapid\node_module
s\next\dist\build\webp
ack\loaders\next-swc-l
oader.js??ruleSet[1].r
ules[16].oneOf[5].use[
1]!C:\Users\pnp\deskto
p\depliying rapidnexte
ch\WarpRapid\node_modu
les\next\dist\client\c
omponents\app-router.j
s|app-pages-browser

Import trace for 
requested module:
./node_modules/next/di
st/shared/lib/hooks-cl
ient-context.shared-ru
ntime.js
./node_modules/next/di
st/client/components/a
pp-router.js

./node_modules/next/di
st/shared/lib/lazy-dyn
amic/bailout-to-csr.js
There are multiple 
modules with names 
that only differ in 
casing.
This can lead to 
unexpected behavior 
when compiling on a 
filesystem with other 
case-semantic.
Use equal casing. 
Compare these module 
identifiers:
* javascript/auto|C:\U
sers\pnp\Desktop\depli
ying rapidnextech\Warp
Rapid\node_modules\nex
t\dist\build\webpack\l
oaders\next-flight-cli
ent-module-loader.js!C
:\Users\pnp\Desktop\de
pliying rapidnextech\W
arpRapid\node_modules\
next\dist\build\webpac
k\loaders\next-swc-loa
der.js??ruleSet[1].rul
es[16].oneOf[5].use[1]
!C:\Users\pnp\Desktop\
depliying rapidnextech
\WarpRapid\node_module
s\next\dist\shared\lib
\lazy-dynamic\bailout-
to-csr.js|app-pages-br
owser
    Used by 3 
module(s), i. e.
    javascript/auto|C:
\Users\pnp\Desktop\dep
liying rapidnextech\Wa
rpRapid\node_modules\n
ext\dist\build\webpack
\loaders\next-flight-c
lient-module-loader.js
!C:\Users\pnp\Desktop\
depliying rapidnextech
\WarpRapid\node_module
s\next\dist\build\webp
ack\loaders\next-swc-l
oader.js??ruleSet[1].r
ules[16].oneOf[5].use[
1]!C:\Users\pnp\Deskto
p\depliying rapidnexte
ch\WarpRapid\node_modu
les\next\dist\client\c
omponents\bailout-to-c
lient-rendering.js|app
-pages-browser
* javascript/auto|C:\U
sers\pnp\Desktop\depli
ying rapidnextech\Warp
Rapid\node_modules\nex
t\dist\build\webpack\l
oaders\next-flight-cli
ent-module-loader.js!C
:\Users\pnp\Desktop\de
pliying rapidnextech\W
arpRapid\node_modules\
next\dist\build\webpac
k\loaders\next-swc-loa
der.js??ruleSet[1].rul
es[16].oneOf[5].use[1]
!C:\Users\pnp\desktop\
depliying rapidnextech
\WarpRapid\node_module
s\next\dist\shared\lib
\lazy-dynamic\bailout-
to-csr.js|app-pages-br
owser
    Used by 3 
module(s), i. e.
    javascript/auto|C:
\Users\pnp\Desktop\dep
liying rapidnextech\Wa
rpRapid\node_modules\n
ext\dist\build\webpack
\loaders\next-flight-c
lient-module-loader.js
!C:\Users\pnp\Desktop\
depliying rapidnextech
\WarpRapid\node_module
s\next\dist\build\webp
ack\loaders\next-swc-l
oader.js??ruleSet[1].r
ules[16].oneOf[5].use[
1]!C:\Users\pnp\deskto
p\depliying rapidnexte
ch\WarpRapid\node_modu
les\next\dist\client\o
n-recoverable-error.js
|app-pages-browser

Import trace for 
requested module:
./node_modules/next/di
st/shared/lib/lazy-dyn
amic/bailout-to-csr.js
./node_modules/next/di
st/client/components/b
ailout-to-client-rende
ring.js
./node_modules/next/di
st/client/components/n
avigation.js
./node_modules/next/di
st/client/components/e
rror-boundary.js

./node_modules/next/di
st/shared/lib/page-pat
h/ensure-leading-slash
.js
There are multiple 
modules with names 
that only differ in 
casing.
This can lead to 
unexpected behavior 
when compiling on a 
filesystem with other 
case-semantic.
Use equal casing. 
Compare these module 
identifiers:
* javascript/auto|C:\U
sers\pnp\Desktop\depli
ying rapidnextech\Warp
Rapid\node_modules\nex
t\dist\build\webpack\l
oaders\next-flight-cli
ent-module-loader.js!C
:\Users\pnp\Desktop\de
pliying rapidnextech\W
arpRapid\node_modules\
next\dist\build\webpac
k\loaders\next-swc-loa
der.js??ruleSet[1].rul
es[16].oneOf[5].use[1]
!C:\Users\pnp\Desktop\
depliying rapidnextech
\WarpRapid\node_module
s\next\dist\shared\lib
\page-path\ensure-lead
ing-slash.js|app-pages
-browser
    Used by 1 
module(s), i. e.
    javascript/auto|C:
\Users\pnp\Desktop\dep
liying rapidnextech\Wa
rpRapid\node_modules\n
ext\dist\build\webpack
\loaders\next-flight-c
lient-module-loader.js
!C:\Users\pnp\Desktop\
depliying rapidnextech
\WarpRapid\node_module
s\next\dist\build\webp
ack\loaders\next-swc-l
oader.js??ruleSet[1].r
ules[16].oneOf[5].use[
1]!C:\Users\pnp\Deskto
p\depliying rapidnexte
ch\WarpRapid\node_modu
les\next\dist\shared\l
ib\router\utils\app-pa
ths.js|app-pages-brows
er
* javascript/auto|C:\U
sers\pnp\Desktop\depli
ying rapidnextech\Warp
Rapid\node_modules\nex
t\dist\build\webpack\l
oaders\next-flight-cli
ent-module-loader.js!C
:\Users\pnp\Desktop\de
pliying rapidnextech\W
arpRapid\node_modules\
next\dist\build\webpac
k\loaders\next-swc-loa
der.js??ruleSet[1].rul
es[16].oneOf[5].use[1]
!C:\Users\pnp\desktop\
depliying rapidnextech
\WarpRapid\node_module
s\next\dist\shared\lib
\page-path\ensure-lead
ing-slash.js|app-pages
-browser
    Used by 1 
module(s), i. e.
    javascript/auto|C:
\Users\pnp\Desktop\dep
liying rapidnextech\Wa
rpRapid\node_modules\n
ext\dist\build\webpack
\loaders\next-flight-c
lient-module-loader.js
!C:\Users\pnp\Desktop\
depliying rapidnextech
\WarpRapid\node_module
s\next\dist\build\webp
ack\loaders\next-swc-l
oader.js??ruleSet[1].r
ules[16].oneOf[5].use[
1]!C:\Users\pnp\deskto
p\depliying rapidnexte
ch\WarpRapid\node_modu
les\next\dist\shared\l
ib\router\utils\app-pa
ths.js|app-pages-brows
er

Import trace for 
requested module:
./node_modules/next/di
st/shared/lib/page-pat
h/ensure-leading-slash
.js
./node_modules/next/di
st/shared/lib/router/u
tils/app-paths.js
./node_modules/next/di
st/server/future/helpe
rs/interception-routes
.js
./node_modules/next/di
st/client/components/r
outer-reducer/reducers
/has-interception-rout
e-in-current-tree.js
./node_modules/next/di
st/client/components/l
ayout-router.js

./node_modules/next/di
st/shared/lib/router/a
ction-queue.js
There are multiple 
modules with names 
that only differ in 
casing.
This can lead to 
unexpected behavior 
when compiling on a 
filesystem with other 
case-semantic.
Use equal casing. 
Compare these module 
identifiers:
* javascript/auto|C:\U
sers\pnp\Desktop\depli
ying rapidnextech\Warp
Rapid\node_modules\nex
t\dist\build\webpack\l
oaders\next-flight-cli
ent-module-loader.js!C
:\Users\pnp\Desktop\de
pliying rapidnextech\W
arpRapid\node_modules\
next\dist\build\webpac
k\loaders\next-swc-loa
der.js??ruleSet[1].rul
es[16].oneOf[5].use[1]
!C:\Users\pnp\Desktop\
depliying rapidnextech
\WarpRapid\node_module
s\next\dist\shared\lib
\router\action-queue.j
s|app-pages-browser
    Used by 2 
module(s), i. e.
    javascript/auto|C:
\Users\pnp\Desktop\dep
liying rapidnextech\Wa
rpRapid\node_modules\n
ext\dist\build\webpack
\loaders\next-flight-c
lient-module-loader.js
!C:\Users\pnp\Desktop\
depliying rapidnextech
\WarpRapid\node_module
s\next\dist\build\webp
ack\loaders\next-swc-l
oader.js??ruleSet[1].r
ules[16].oneOf[5].use[
1]!C:\Users\pnp\Deskto
p\depliying rapidnexte
ch\WarpRapid\node_modu
les\next\dist\client\c
omponents\use-reducer-
with-devtools.js|app-p
ages-browser
* javascript/auto|C:\U
sers\pnp\Desktop\depli
ying rapidnextech\Warp
Rapid\node_modules\nex
t\dist\build\webpack\l
oaders\next-flight-cli
ent-module-loader.js!C
:\Users\pnp\Desktop\de
pliying rapidnextech\W
arpRapid\node_modules\
next\dist\build\webpac
k\loaders\next-swc-loa
der.js??ruleSet[1].rul
es[16].oneOf[5].use[1]
!C:\Users\pnp\desktop\
depliying rapidnextech
\WarpRapid\node_module
s\next\dist\shared\lib
\router\action-queue.j
s|app-pages-browser
    Used by 3 
module(s), i. e.
    javascript/auto|C:
\Users\pnp\Desktop\dep
liying rapidnextech\Wa
rpRapid\node_modules\n
ext\dist\build\webpack
\loaders\next-flight-c
lient-module-loader.js
!C:\Users\pnp\Desktop\
depliying rapidnextech
\WarpRapid\node_module
s\next\dist\build\webp
ack\loaders\next-swc-l
oader.js??ruleSet[1].r
ules[16].oneOf[5].use[
1]!C:\Users\pnp\deskto
p\depliying rapidnexte
ch\WarpRapid\node_modu
les\next\dist\client\a
pp-index.js|app-pages-
browser

Import trace for 
requested module:
./node_modules/next/di
st/shared/lib/router/a
ction-queue.js
./node_modules/next/di
st/client/components/u
se-reducer-with-devtoo
ls.js
./node_modules/next/di
st/client/components/a
pp-router.js

./node_modules/next/di
st/shared/lib/router/u
tils/add-path-prefix.j
s
There are multiple 
modules with names 
that only differ in 
casing.
This can lead to 
unexpected behavior 
when compiling on a 
filesystem with other 
case-semantic.
Use equal casing. 
Compare these module 
identifiers:
* javascript/auto|C:\U
sers\pnp\Desktop\depli
ying rapidnextech\Warp
Rapid\node_modules\nex
t\dist\build\webpack\l
oaders\next-flight-cli
ent-module-loader.js!C
:\Users\pnp\Desktop\de
pliying rapidnextech\W
arpRapid\node_modules\
next\dist\build\webpac
k\loaders\next-swc-loa
der.js??ruleSet[1].rul
es[16].oneOf[5].use[1]
!C:\Users\pnp\Desktop\
depliying rapidnextech
\WarpRapid\node_module
s\next\dist\shared\lib
\router\utils\add-path
-prefix.js|app-pages-b
rowser
    Used by 1 
module(s), i. e.
    javascript/auto|C:
\Users\pnp\Desktop\dep
liying rapidnextech\Wa
rpRapid\node_modules\n
ext\dist\build\webpack
\loaders\next-flight-c
lient-module-loader.js
!C:\Users\pnp\Desktop\
depliying rapidnextech
\WarpRapid\node_module
s\next\dist\build\webp
ack\loaders\next-swc-l
oader.js??ruleSet[1].r
ules[16].oneOf[5].use[
1]!C:\Users\pnp\Deskto
p\depliying rapidnexte
ch\WarpRapid\node_modu
les\next\dist\client\a
dd-base-path.js|app-pa
ges-browser
* javascript/auto|C:\U
sers\pnp\Desktop\depli
ying rapidnextech\Warp
Rapid\node_modules\nex
t\dist\build\webpack\l
oaders\next-flight-cli
ent-module-loader.js!C
:\Users\pnp\Desktop\de
pliying rapidnextech\W
arpRapid\node_modules\
next\dist\build\webpac
k\loaders\next-swc-loa
der.js??ruleSet[1].rul
es[16].oneOf[5].use[1]
!C:\Users\pnp\desktop\
depliying rapidnextech
\WarpRapid\node_module
s\next\dist\shared\lib
\router\utils\add-path
-prefix.js|app-pages-b
rowser
    Used by 1 
module(s), i. e.
    javascript/auto|C:
\Users\pnp\Desktop\dep
liying rapidnextech\Wa
rpRapid\node_modules\n
ext\dist\build\webpack
\loaders\next-flight-c
lient-module-loader.js
!C:\Users\pnp\Desktop\
depliying rapidnextech
\WarpRapid\node_module
s\next\dist\build\webp
ack\loaders\next-swc-l
oader.js??ruleSet[1].r
ules[16].oneOf[5].use[
1]!C:\Users\pnp\deskto
p\depliying rapidnexte
ch\WarpRapid\node_modu
les\next\dist\client\a
dd-base-path.js|app-pa
ges-browser

Import trace for 
requested module:
./node_modules/next/di
st/shared/lib/router/u
tils/add-path-prefix.j
s
./node_modules/next/di
st/client/add-base-pat
h.js
./node_modules/next/di
st/client/components/a
pp-router.js

./node_modules/next/di
st/shared/lib/router/u
tils/app-paths.js
There are multiple 
modules with names 
that only differ in 
casing.
This can lead to 
unexpected behavior 
when compiling on a 
filesystem with other 
case-semantic.
Use equal casing. 
Compare these module 
identifiers:
* javascript/auto|C:\U
sers\pnp\Desktop\depli
ying rapidnextech\Warp
Rapid\node_modules\nex
t\dist\build\webpack\l
oaders\next-flight-cli
ent-module-loader.js!C
:\Users\pnp\Desktop\de
pliying rapidnextech\W
arpRapid\node_modules\
next\dist\build\webpac
k\loaders\next-swc-loa
der.js??ruleSet[1].rul
es[16].oneOf[5].use[1]
!C:\Users\pnp\Desktop\
depliying rapidnextech
\WarpRapid\node_module
s\next\dist\shared\lib
\router\utils\app-path
s.js|app-pages-browser
    Used by 2 
module(s), i. e.
    javascript/auto|C:
\Users\pnp\Desktop\dep
liying rapidnextech\Wa
rpRapid\node_modules\n
ext\dist\build\webpack
\loaders\next-flight-c
lient-module-loader.js
!C:\Users\pnp\Desktop\
depliying rapidnextech
\WarpRapid\node_module
s\next\dist\build\webp
ack\loaders\next-swc-l
oader.js??ruleSet[1].r
ules[16].oneOf[5].use[
1]!C:\Users\pnp\Deskto
p\depliying rapidnexte
ch\WarpRapid\node_modu
les\next\dist\server\f
uture\helpers\intercep
tion-routes.js|app-pag
es-browser
* javascript/auto|C:\U
sers\pnp\Desktop\depli
ying rapidnextech\Warp
Rapid\node_modules\nex
t\dist\build\webpack\l
oaders\next-flight-cli
ent-module-loader.js!C
:\Users\pnp\Desktop\de
pliying rapidnextech\W
arpRapid\node_modules\
next\dist\build\webpac
k\loaders\next-swc-loa
der.js??ruleSet[1].rul
es[16].oneOf[5].use[1]
!C:\Users\pnp\desktop\
depliying rapidnextech
\WarpRapid\node_module
s\next\dist\shared\lib
\router\utils\app-path
s.js|app-pages-browser
    Used by 2 
module(s), i. e.
    javascript/auto|C:
\Users\pnp\Desktop\dep
liying rapidnextech\Wa
rpRapid\node_modules\n
ext\dist\build\webpack
\loaders\next-flight-c
lient-module-loader.js
!C:\Users\pnp\Desktop\
depliying rapidnextech
\WarpRapid\node_module
s\next\dist\build\webp
ack\loaders\next-swc-l
oader.js??ruleSet[1].r
ules[16].oneOf[5].use[
1]!C:\Users\pnp\deskto
p\depliying rapidnexte
ch\WarpRapid\node_modu
les\next\dist\server\f
uture\helpers\intercep
tion-routes.js|app-pag
es-browser

Import trace for 
requested module:
./node_modules/next/di
st/shared/lib/router/u
tils/app-paths.js
./node_modules/next/di
st/server/future/helpe
rs/interception-routes
.js
./node_modules/next/di
st/client/components/r
outer-reducer/reducers
/has-interception-rout
e-in-current-tree.js
./node_modules/next/di
st/client/components/l
ayout-router.js

./node_modules/next/di
st/shared/lib/router/u
tils/is-bot.js
There are multiple 
modules with names 
that only differ in 
casing.
This can lead to 
unexpected behavior 
when compiling on a 
filesystem with other 
case-semantic.
Use equal casing. 
Compare these module 
identifiers:
* javascript/auto|C:\U
sers\pnp\Desktop\depli
ying rapidnextech\Warp
Rapid\node_modules\nex
t\dist\build\webpack\l
oaders\next-flight-cli
ent-module-loader.js!C
:\Users\pnp\Desktop\de
pliying rapidnextech\W
arpRapid\node_modules\
next\dist\build\webpac
k\loaders\next-swc-loa
der.js??ruleSet[1].rul
es[16].oneOf[5].use[1]
!C:\Users\pnp\Desktop\
depliying rapidnextech
\WarpRapid\node_module
s\next\dist\shared\lib
\router\utils\is-bot.j
s|app-pages-browser
    Used by 1 
module(s), i. e.
    javascript/auto|C:
\Users\pnp\Desktop\dep
liying rapidnextech\Wa
rpRapid\node_modules\n
ext\dist\build\webpack
\loaders\next-flight-c
lient-module-loader.js
!C:\Users\pnp\Desktop\
depliying rapidnextech
\WarpRapid\node_module
s\next\dist\build\webp
ack\loaders\next-swc-l
oader.js??ruleSet[1].r
ules[16].oneOf[5].use[
1]!C:\Users\pnp\Deskto
p\depliying rapidnexte
ch\WarpRapid\node_modu
les\next\dist\client\c
omponents\app-router.j
s|app-pages-browser
* javascript/auto|C:\U
sers\pnp\Desktop\depli
ying rapidnextech\Warp
Rapid\node_modules\nex
t\dist\build\webpack\l
oaders\next-flight-cli
ent-module-loader.js!C
:\Users\pnp\Desktop\de
pliying rapidnextech\W
arpRapid\node_modules\
next\dist\build\webpac
k\loaders\next-swc-loa
der.js??ruleSet[1].rul
es[16].oneOf[5].use[1]
!C:\Users\pnp\desktop\
depliying rapidnextech
\WarpRapid\node_module
s\next\dist\shared\lib
\router\utils\is-bot.j
s|app-pages-browser
    Used by 1 
module(s), i. e.
    javascript/auto|C:
\Users\pnp\Desktop\dep
liying rapidnextech\Wa
rpRapid\node_modules\n
ext\dist\build\webpack
\loaders\next-flight-c
lient-module-loader.js
!C:\Users\pnp\Desktop\
depliying rapidnextech
\WarpRapid\node_module
s\next\dist\build\webp
ack\loaders\next-swc-l
oader.js??ruleSet[1].r
ules[16].oneOf[5].use[
1]!C:\Users\pnp\deskto
p\depliying rapidnexte
ch\WarpRapid\node_modu
les\next\dist\client\c
omponents\app-router.j
s|app-pages-browser

Import trace for 
requested module:
./node_modules/next/di
st/shared/lib/router/u
tils/is-bot.js
./node_modules/next/di
st/client/components/a
pp-router.js

./node_modules/next/di
st/shared/lib/router/u
tils/parse-path.js
There are multiple 
modules with names 
that only differ in 
casing.
This can lead to 
unexpected behavior 
when compiling on a 
filesystem with other 
case-semantic.
Use equal casing. 
Compare these module 
identifiers:
* javascript/auto|C:\U
sers\pnp\Desktop\depli
ying rapidnextech\Warp
Rapid\node_modules\nex
t\dist\build\webpack\l
oaders\next-flight-cli
ent-module-loader.js!C
:\Users\pnp\Desktop\de
pliying rapidnextech\W
arpRapid\node_modules\
next\dist\build\webpac
k\loaders\next-swc-loa
der.js??ruleSet[1].rul
es[16].oneOf[5].use[1]
!C:\Users\pnp\Desktop\
depliying rapidnextech
\WarpRapid\node_module
s\next\dist\shared\lib
\router\utils\parse-pa
th.js|app-pages-browse
r
    Used by 3 
module(s), i. e.
    javascript/auto|C:
\Users\pnp\Desktop\dep
liying rapidnextech\Wa
rpRapid\node_modules\n
ext\dist\build\webpack
\loaders\next-flight-c
lient-module-loader.js
!C:\Users\pnp\Desktop\
depliying rapidnextech
\WarpRapid\node_module
s\next\dist\build\webp
ack\loaders\next-swc-l
oader.js??ruleSet[1].r
ules[16].oneOf[5].use[
1]!C:\Users\pnp\Deskto
p\depliying rapidnexte
ch\WarpRapid\node_modu
les\next\dist\shared\l
ib\router\utils\add-pa
th-prefix.js|app-pages
-browser
* javascript/auto|C:\U
sers\pnp\Desktop\depli
ying rapidnextech\Warp
Rapid\node_modules\nex
t\dist\build\webpack\l
oaders\next-flight-cli
ent-module-loader.js!C
:\Users\pnp\Desktop\de
pliying rapidnextech\W
arpRapid\node_modules\
next\dist\build\webpac
k\loaders\next-swc-loa
der.js??ruleSet[1].rul
es[16].oneOf[5].use[1]
!C:\Users\pnp\desktop\
depliying rapidnextech
\WarpRapid\node_module
s\next\dist\shared\lib
\router\utils\parse-pa
th.js|app-pages-browse
r
    Used by 3 
module(s), i. e.
    javascript/auto|C:
\Users\pnp\Desktop\dep
liying rapidnextech\Wa
rpRapid\node_modules\n
ext\dist\build\webpack
\loaders\next-flight-c
lient-module-loader.js
!C:\Users\pnp\Desktop\
depliying rapidnextech
\WarpRapid\node_module
s\next\dist\build\webp
ack\loaders\next-swc-l
oader.js??ruleSet[1].r
ules[16].oneOf[5].use[
1]!C:\Users\pnp\deskto
p\depliying rapidnexte
ch\WarpRapid\node_modu
les\next\dist\shared\l
ib\router\utils\add-pa
th-prefix.js|app-pages
-browser

Import trace for 
requested module:
./node_modules/next/di
st/shared/lib/router/u
tils/parse-path.js
./node_modules/next/di
st/shared/lib/router/u
tils/add-path-prefix.j
s
./node_modules/next/di
st/client/add-base-pat
h.js
./node_modules/next/di
st/client/components/a
pp-router.js

./node_modules/next/di
st/shared/lib/router/u
tils/path-has-prefix.j
s
There are multiple 
modules with names 
that only differ in 
casing.
This can lead to 
unexpected behavior 
when compiling on a 
filesystem with other 
case-semantic.
Use equal casing. 
Compare these module 
identifiers:
* javascript/auto|C:\U
sers\pnp\Desktop\depli
ying rapidnextech\Warp
Rapid\node_modules\nex
t\dist\build\webpack\l
oaders\next-flight-cli
ent-module-loader.js!C
:\Users\pnp\Desktop\de
pliying rapidnextech\W
arpRapid\node_modules\
next\dist\build\webpac
k\loaders\next-swc-loa
der.js??ruleSet[1].rul
es[16].oneOf[5].use[1]
!C:\Users\pnp\Desktop\
depliying rapidnextech
\WarpRapid\node_module
s\next\dist\shared\lib
\router\utils\path-has
-prefix.js|app-pages-b
rowser
    Used by 1 
module(s), i. e.
    javascript/auto|C:
\Users\pnp\Desktop\dep
liying rapidnextech\Wa
rpRapid\node_modules\n
ext\dist\build\webpack
\loaders\next-flight-c
lient-module-loader.js
!C:\Users\pnp\Desktop\
depliying rapidnextech
\WarpRapid\node_module
s\next\dist\build\webp
ack\loaders\next-swc-l
oader.js??ruleSet[1].r
ules[16].oneOf[5].use[
1]!C:\Users\pnp\Deskto
p\depliying rapidnexte
ch\WarpRapid\node_modu
les\next\dist\client\h
as-base-path.js|app-pa
ges-browser
* javascript/auto|C:\U
sers\pnp\Desktop\depli
ying rapidnextech\Warp
Rapid\node_modules\nex
t\dist\build\webpack\l
oaders\next-flight-cli
ent-module-loader.js!C
:\Users\pnp\Desktop\de
pliying rapidnextech\W
arpRapid\node_modules\
next\dist\build\webpac
k\loaders\next-swc-loa
der.js??ruleSet[1].rul
es[16].oneOf[5].use[1]
!C:\Users\pnp\desktop\
depliying rapidnextech
\WarpRapid\node_module
s\next\dist\shared\lib
\router\utils\path-has
-prefix.js|app-pages-b
rowser
    Used by 1 
module(s), i. e.
    javascript/auto|C:
\Users\pnp\Desktop\dep
liying rapidnextech\Wa
rpRapid\node_modules\n
ext\dist\build\webpack
\loaders\next-flight-c
lient-module-loader.js
!C:\Users\pnp\Desktop\
depliying rapidnextech
\WarpRapid\node_module
s\next\dist\build\webp
ack\loaders\next-swc-l
oader.js??ruleSet[1].r
ules[16].oneOf[5].use[
1]!C:\Users\pnp\deskto
p\depliying rapidnexte
ch\WarpRapid\node_modu
les\next\dist\client\h
as-base-path.js|app-pa
ges-browser

Import trace for 
requested module:
./node_modules/next/di
st/shared/lib/router/u
tils/path-has-prefix.j
s
./node_modules/next/di
st/client/has-base-pat
h.js
./node_modules/next/di
st/client/components/a
pp-router.js

./node_modules/next/di
st/shared/lib/router/u
tils/remove-trailing-s
lash.js
There are multiple 
modules with names 
that only differ in 
casing.
This can lead to 
unexpected behavior 
when compiling on a 
filesystem with other 
case-semantic.
Use equal casing. 
Compare these module 
identifiers:
* javascript/auto|C:\U
sers\pnp\Desktop\depli
ying rapidnextech\Warp
Rapid\node_modules\nex
t\dist\build\webpack\l
oaders\next-flight-cli
ent-module-loader.js!C
:\Users\pnp\Desktop\de
pliying rapidnextech\W
arpRapid\node_modules\
next\dist\build\webpac
k\loaders\next-swc-loa
der.js??ruleSet[1].rul
es[16].oneOf[5].use[1]
!C:\Users\pnp\Desktop\
depliying rapidnextech
\WarpRapid\node_module
s\next\dist\shared\lib
\router\utils\remove-t
railing-slash.js|app-p
ages-browser
    Used by 2 
module(s), i. e.
    javascript/auto|C:
\Users\pnp\Desktop\dep
liying rapidnextech\Wa
rpRapid\node_modules\n
ext\dist\build\webpack
\loaders\next-flight-c
lient-module-loader.js
!C:\Users\pnp\Desktop\
depliying rapidnextech
\WarpRapid\node_module
s\next\dist\build\webp
ack\loaders\next-swc-l
oader.js??ruleSet[1].r
ules[16].oneOf[5].use[
1]!C:\Users\pnp\Deskto
p\depliying rapidnexte
ch\WarpRapid\node_modu
les\next\dist\client\n
ormalize-trailing-slas
h.js|app-pages-browser
* javascript/auto|C:\U
sers\pnp\Desktop\depli
ying rapidnextech\Warp
Rapid\node_modules\nex
t\dist\build\webpack\l
oaders\next-flight-cli
ent-module-loader.js!C
:\Users\pnp\Desktop\de
pliying rapidnextech\W
arpRapid\node_modules\
next\dist\build\webpac
k\loaders\next-swc-loa
der.js??ruleSet[1].rul
es[16].oneOf[5].use[1]
!C:\Users\pnp\desktop\
depliying rapidnextech
\WarpRapid\node_module
s\next\dist\shared\lib
\router\utils\remove-t
railing-slash.js|app-p
ages-browser
    Used by 1 
module(s), i. e.
    javascript/auto|C:
\Users\pnp\Desktop\dep
liying rapidnextech\Wa
rpRapid\node_modules\n
ext\dist\build\webpack
\loaders\next-flight-c
lient-module-loader.js
!C:\Users\pnp\Desktop\
depliying rapidnextech
\WarpRapid\node_module
s\next\dist\build\webp
ack\loaders\next-swc-l
oader.js??ruleSet[1].r
ules[16].oneOf[5].use[
1]!C:\Users\pnp\deskto
p\depliying rapidnexte
ch\WarpRapid\node_modu
les\next\dist\client\n
ormalize-trailing-slas
h.js|app-pages-browser

Import trace for 
requested module:
./node_modules/next/di
st/shared/lib/router/u
tils/remove-trailing-s
lash.js
./node_modules/next/di
st/client/normalize-tr
ailing-slash.js
./node_modules/next/di
st/client/add-base-pat
h.js
./node_modules/next/di
st/client/components/a
pp-router.js

./node_modules/next/di
st/shared/lib/segment.
js
There are multiple 
modules with names 
that only differ in 
casing.
This can lead to 
unexpected behavior 
when compiling on a 
filesystem with other 
case-semantic.
Use equal casing. 
Compare these module 
identifiers:
* javascript/auto|C:\U
sers\pnp\Desktop\depli
ying rapidnextech\Warp
Rapid\node_modules\nex
t\dist\build\webpack\l
oaders\next-flight-cli
ent-module-loader.js!C
:\Users\pnp\Desktop\de
pliying rapidnextech\W
arpRapid\node_modules\
next\dist\build\webpac
k\loaders\next-swc-loa
der.js??ruleSet[1].rul
es[16].oneOf[5].use[1]
!C:\Users\pnp\Desktop\
depliying rapidnextech
\WarpRapid\node_module
s\next\dist\shared\lib
\segment.js|app-pages-
browser
    Used by 10 
module(s), i. e.
    javascript/auto|C:
\Users\pnp\Desktop\dep
liying rapidnextech\Wa
rpRapid\node_modules\n
ext\dist\build\webpack
\loaders\next-flight-c
lient-module-loader.js
!C:\Users\pnp\Desktop\
depliying rapidnextech
\WarpRapid\node_module
s\next\dist\build\webp
ack\loaders\next-swc-l
oader.js??ruleSet[1].r
ules[16].oneOf[5].use[
1]!C:\Users\pnp\Deskto
p\depliying rapidnexte
ch\WarpRapid\node_modu
les\next\dist\client\c
omponents\app-router.j
s|app-pages-browser
* javascript/auto|C:\U
sers\pnp\Desktop\depli
ying rapidnextech\Warp
Rapid\node_modules\nex
t\dist\build\webpack\l
oaders\next-flight-cli
ent-module-loader.js!C
:\Users\pnp\Desktop\de
pliying rapidnextech\W
arpRapid\node_modules\
next\dist\build\webpac
k\loaders\next-swc-loa
der.js??ruleSet[1].rul
es[16].oneOf[5].use[1]
!C:\Users\pnp\desktop\
depliying rapidnextech
\WarpRapid\node_module
s\next\dist\shared\lib
\segment.js|app-pages-
browser
    Used by 10 
module(s), i. e.
    javascript/auto|C:
\Users\pnp\Desktop\dep
liying rapidnextech\Wa
rpRapid\node_modules\n
ext\dist\build\webpack
\loaders\next-flight-c
lient-module-loader.js
!C:\Users\pnp\Desktop\
depliying rapidnextech
\WarpRapid\node_module
s\next\dist\build\webp
ack\loaders\next-swc-l
oader.js??ruleSet[1].r
ules[16].oneOf[5].use[
1]!C:\Users\pnp\deskto
p\depliying rapidnexte
ch\WarpRapid\node_modu
les\next\dist\client\c
omponents\app-router.j
s|app-pages-browser

Import trace for 
requested module:
./node_modules/next/di
st/shared/lib/segment.
js
./node_modules/next/di
st/client/components/a
pp-router.js

./node_modules/next/di
st/shared/lib/server-i
nserted-html.shared-ru
ntime.js
There are multiple 
modules with names 
that only differ in 
casing.
This can lead to 
unexpected behavior 
when compiling on a 
filesystem with other 
case-semantic.
Use equal casing. 
Compare these module 
identifiers:
* javascript/auto|C:\U
sers\pnp\Desktop\depli
ying rapidnextech\Warp
Rapid\node_modules\nex
t\dist\build\webpack\l
oaders\next-flight-cli
ent-module-loader.js!C
:\Users\pnp\Desktop\de
pliying rapidnextech\W
arpRapid\node_modules\
next\dist\build\webpac
k\loaders\next-swc-loa
der.js??ruleSet[1].rul
es[16].oneOf[5].use[1]
!C:\Users\pnp\Desktop\
depliying rapidnextech
\WarpRapid\node_module
s\next\dist\shared\lib
\server-inserted-html.
shared-runtime.js|app-
pages-browser
    Used by 2 
module(s), i. e.
    javascript/auto|C:
\Users\pnp\Desktop\dep
liying rapidnextech\Wa
rpRapid\node_modules\n
ext\dist\build\webpack
\loaders\next-flight-c
lient-module-loader.js
!C:\Users\pnp\Desktop\
depliying rapidnextech
\WarpRapid\node_module
s\next\dist\build\webp
ack\loaders\next-swc-l
oader.js??ruleSet[1].r
ules[16].oneOf[5].use[
1]!C:\Users\pnp\Deskto
p\depliying rapidnexte
ch\WarpRapid\node_modu
les\next\dist\client\c
omponents\navigation.j
s|app-pages-browser
* javascript/auto|C:\U
sers\pnp\Desktop\depli
ying rapidnextech\Warp
Rapid\node_modules\nex
t\dist\build\webpack\l
oaders\next-flight-cli
ent-module-loader.js!C
:\Users\pnp\Desktop\de
pliying rapidnextech\W
arpRapid\node_modules\
next\dist\build\webpac
k\loaders\next-swc-loa
der.js??ruleSet[1].rul
es[16].oneOf[5].use[1]
!C:\Users\pnp\desktop\
depliying rapidnextech
\WarpRapid\node_module
s\next\dist\shared\lib
\server-inserted-html.
shared-runtime.js|app-
pages-browser
    Used by 2 
module(s), i. e.
    javascript/auto|C:
\Users\pnp\Desktop\dep
liying rapidnextech\Wa
rpRapid\node_modules\n
ext\dist\build\webpack
\loaders\next-flight-c
lient-module-loader.js
!C:\Users\pnp\Desktop\
depliying rapidnextech
\WarpRapid\node_module
s\next\dist\build\webp
ack\loaders\next-swc-l
oader.js??ruleSet[1].r
ules[16].oneOf[5].use[
1]!C:\Users\pnp\deskto
p\depliying rapidnexte
ch\WarpRapid\node_modu
les\next\dist\client\c
omponents\navigation.j
s|app-pages-browser

Import trace for 
requested module:
./node_modules/next/di
st/shared/lib/server-i
nserted-html.shared-ru
ntime.js
./node_modules/next/di
st/client/components/n
avigation.js
./node_modules/next/di
st/client/components/e
rror-boundary.js

./node_modules/next/di
st/client/components/a
ction-async-storage-in
stance.js
There are multiple 
modules with names 
that only differ in 
casing.
This can lead to 
unexpected behavior 
when compiling on a 
filesystem with other 
case-semantic.
Use equal casing. 
Compare these module 
identifiers:
* javascript/auto|C:\U
sers\pnp\Desktop\depli
ying rapidnextech\Warp
Rapid\node_modules\nex
t\dist\build\webpack\l
oaders\next-swc-loader
.js??ruleSet[1].rules[
16].oneOf[7].use[0]!C:
\Users\pnp\Desktop\dep
liying rapidnextech\Wa
rpRapid\node_modules\n
ext\dist\client\compon
ents\action-async-stor
age-instance.js|shared
    Used by 2 
module(s), i. e.
    javascript/auto|C:
\Users\pnp\Desktop\dep
liying rapidnextech\Wa
rpRapid\node_modules\n
ext\dist\build\webpack
\loaders\next-flight-c
lient-module-loader.js
!C:\Users\pnp\Desktop\
depliying rapidnextech
\WarpRapid\node_module
s\next\dist\build\webp
ack\loaders\next-swc-l
oader.js??ruleSet[1].r
ules[16].oneOf[5].use[
1]!C:\Users\pnp\Deskto
p\depliying rapidnexte
ch\WarpRapid\node_modu
les\next\dist\client\c
omponents\action-async
-storage.external.js|s
hared
* javascript/auto|C:\U
sers\pnp\Desktop\depli
ying rapidnextech\Warp
Rapid\node_modules\nex
t\dist\build\webpack\l
oaders\next-swc-loader
.js??ruleSet[1].rules[
16].oneOf[7].use[0]!C:
\Users\pnp\desktop\dep
liying rapidnextech\Wa
rpRapid\node_modules\n
ext\dist\client\compon
ents\action-async-stor
age-instance.js|shared
    Used by 2 
module(s), i. e.
    javascript/auto|C:
\Users\pnp\Desktop\dep
liying rapidnextech\Wa
rpRapid\node_modules\n
ext\dist\build\webpack
\loaders\next-flight-c
lient-module-loader.js
!C:\Users\pnp\Desktop\
depliying rapidnextech
\WarpRapid\node_module
s\next\dist\build\webp
ack\loaders\next-swc-l
oader.js??ruleSet[1].r
ules[16].oneOf[5].use[
1]!C:\Users\pnp\deskto
p\depliying rapidnexte
ch\WarpRapid\node_modu
les\next\dist\client\c
omponents\action-async
-storage.external.js|s
hared

Import trace for 
requested module:
./node_modules/next/di
st/client/components/a
ction-async-storage-in
stance.js
./node_modules/next/di
st/client/components/a
ction-async-storage.ex
ternal.js
./node_modules/next/di
st/client/components/r
edirect.js
./node_modules/next/di
st/client/components/r
edirect-boundary.js
./node_modules/next/di
st/client/components/a
pp-router.js

./node_modules/next/di
st/client/components/a
sync-local-storage.js
There are multiple 
modules with names 
that only differ in 
casing.
This can lead to 
unexpected behavior 
when compiling on a 
filesystem with other 
case-semantic.
Use equal casing. 
Compare these module 
identifiers:
* javascript/auto|C:\U
sers\pnp\Desktop\depli
ying rapidnextech\Warp
Rapid\node_modules\nex
t\dist\build\webpack\l
oaders\next-swc-loader
.js??ruleSet[1].rules[
16].oneOf[7].use[0]!C:
\Users\pnp\Desktop\dep
liying rapidnextech\Wa
rpRapid\node_modules\n
ext\dist\client\compon
ents\async-local-stora
ge.js|shared
    Used by 4 
module(s), i. e.
    javascript/auto|C:
\Users\pnp\Desktop\dep
liying rapidnextech\Wa
rpRapid\node_modules\n
ext\dist\build\webpack
\loaders\next-swc-load
er.js??ruleSet[1].rule
s[16].oneOf[7].use[0]!
C:\Users\pnp\Desktop\d
epliying rapidnextech\
WarpRapid\node_modules
\next\dist\client\comp
onents\static-generati
on-async-storage-insta
nce.js|shared
* javascript/auto|C:\U
sers\pnp\Desktop\depli
ying rapidnextech\Warp
Rapid\node_modules\nex
t\dist\build\webpack\l
oaders\next-swc-loader
.js??ruleSet[1].rules[
16].oneOf[7].use[0]!C:
\Users\pnp\desktop\dep
liying rapidnextech\Wa
rpRapid\node_modules\n
ext\dist\client\compon
ents\async-local-stora
ge.js|shared
    Used by 4 
module(s), i. e.
    javascript/auto|C:
\Users\pnp\Desktop\dep
liying rapidnextech\Wa
rpRapid\node_modules\n
ext\dist\build\webpack
\loaders\next-swc-load
er.js??ruleSet[1].rule
s[16].oneOf[7].use[0]!
C:\Users\pnp\desktop\d
epliying rapidnextech\
WarpRapid\node_modules
\next\dist\client\comp
onents\request-async-s
torage-instance.js|sha
red

Import trace for 
requested module:
./node_modules/next/di
st/client/components/a
sync-local-storage.js
./node_modules/next/di
st/client/components/s
tatic-generation-async
-storage-instance.js
./node_modules/next/di
st/client/components/s
tatic-generation-async
-storage.external.js
./node_modules/next/di
st/client/components/e
rror-boundary.js

./node_modules/next/di
st/client/components/r
equest-async-storage-i
nstance.js
There are multiple 
modules with names 
that only differ in 
casing.
This can lead to 
unexpected behavior 
when compiling on a 
filesystem with other 
case-semantic.
Use equal casing. 
Compare these module 
identifiers:
* javascript/auto|C:\U
sers\pnp\Desktop\depli
ying rapidnextech\Warp
Rapid\node_modules\nex
t\dist\build\webpack\l
oaders\next-swc-loader
.js??ruleSet[1].rules[
16].oneOf[7].use[0]!C:
\Users\pnp\Desktop\dep
liying rapidnextech\Wa
rpRapid\node_modules\n
ext\dist\client\compon
ents\request-async-sto
rage-instance.js|share
d
    Used by 2 
module(s), i. e.
    javascript/auto|C:
\Users\pnp\Desktop\dep
liying rapidnextech\Wa
rpRapid\node_modules\n
ext\dist\build\webpack
\loaders\next-flight-c
lient-module-loader.js
!C:\Users\pnp\Desktop\
depliying rapidnextech
\WarpRapid\node_module
s\next\dist\build\webp
ack\loaders\next-swc-l
oader.js??ruleSet[1].r
ules[16].oneOf[5].use[
1]!C:\Users\pnp\Deskto
p\depliying rapidnexte
ch\WarpRapid\node_modu
les\next\dist\client\c
omponents\request-asyn
c-storage.external.js|
shared
* javascript/auto|C:\U
sers\pnp\Desktop\depli
ying rapidnextech\Warp
Rapid\node_modules\nex
t\dist\build\webpack\l
oaders\next-swc-loader
.js??ruleSet[1].rules[
16].oneOf[7].use[0]!C:
\Users\pnp\desktop\dep
liying rapidnextech\Wa
rpRapid\node_modules\n
ext\dist\client\compon
ents\request-async-sto
rage-instance.js|share
d
    Used by 2 
module(s), i. e.
    javascript/auto|C:
\Users\pnp\Desktop\dep
liying rapidnextech\Wa
rpRapid\node_modules\n
ext\dist\build\webpack
\loaders\next-flight-c
lient-module-loader.js
!C:\Users\pnp\Desktop\
depliying rapidnextech
\WarpRapid\node_module
s\next\dist\build\webp
ack\loaders\next-swc-l
oader.js??ruleSet[1].r
ules[16].oneOf[5].use[
1]!C:\Users\pnp\deskto
p\depliying rapidnexte
ch\WarpRapid\node_modu
les\next\dist\client\c
omponents\request-asyn
c-storage.external.js|
shared

Import trace for 
requested module:
./node_modules/next/di
st/client/components/r
equest-async-storage-i
nstance.js
./node_modules/next/di
st/client/components/r
equest-async-storage.e
xternal.js
./node_modules/next/di
st/client/components/r
edirect.js
./node_modules/next/di
st/client/components/r
edirect-boundary.js
./node_modules/next/di
st/client/components/a
pp-router.js

./node_modules/next/di
st/client/components/s
tatic-generation-async
-storage-instance.js
There are multiple 
modules with names 
that only differ in 
casing.
This can lead to 
unexpected behavior 
when compiling on a 
filesystem with other 
case-semantic.
Use equal casing. 
Compare these module 
identifiers:
* javascript/auto|C:\U
sers\pnp\Desktop\depli
ying rapidnextech\Warp
Rapid\node_modules\nex
t\dist\build\webpack\l
oaders\next-swc-loader
.js??ruleSet[1].rules[
16].oneOf[7].use[0]!C:
\Users\pnp\Desktop\dep
liying rapidnextech\Wa
rpRapid\node_modules\n
ext\dist\client\compon
ents\static-generation
-async-storage-instanc
e.js|shared
    Used by 2 
module(s), i. e.
    javascript/auto|C:
\Users\pnp\Desktop\dep
liying rapidnextech\Wa
rpRapid\node_modules\n
ext\dist\build\webpack
\loaders\next-flight-c
lient-module-loader.js
!C:\Users\pnp\Desktop\
depliying rapidnextech
\WarpRapid\node_module
s\next\dist\build\webp
ack\loaders\next-swc-l
oader.js??ruleSet[1].r
ules[16].oneOf[5].use[
1]!C:\Users\pnp\Deskto
p\depliying rapidnexte
ch\WarpRapid\node_modu
les\next\dist\client\c
omponents\static-gener
ation-async-storage.ex
ternal.js|shared
* javascript/auto|C:\U
sers\pnp\Desktop\depli
ying rapidnextech\Warp
Rapid\node_modules\nex
t\dist\build\webpack\l
oaders\next-swc-loader
.js??ruleSet[1].rules[
16].oneOf[7].use[0]!C:
\Users\pnp\desktop\dep
liying rapidnextech\Wa
rpRapid\node_modules\n
ext\dist\client\compon
ents\static-generation
-async-storage-instanc
e.js|shared
    Used by 2 
module(s), i. e.
    javascript/auto|C:
\Users\pnp\Desktop\dep
liying rapidnextech\Wa
rpRapid\node_modules\n
ext\dist\build\webpack
\loaders\next-flight-c
lient-module-loader.js
!C:\Users\pnp\Desktop\
depliying rapidnextech
\WarpRapid\node_module
s\next\dist\build\webp
ack\loaders\next-swc-l
oader.js??ruleSet[1].r
ules[16].oneOf[5].use[
1]!C:\Users\pnp\deskto
p\depliying rapidnexte
ch\WarpRapid\node_modu
les\next\dist\client\c
omponents\static-gener
ation-async-storage.ex
ternal.js|shared

Import trace for 
requested module:
./node_modules/next/di
st/client/components/s
tatic-generation-async
-storage-instance.js
./node_modules/next/di
st/client/components/s
tatic-generation-async
-storage.external.js
./node_modules/next/di
st/client/components/e
rror-boundary.js

 Γ£ô Compiled successfully
   Skipping validation of types
   Skipping linting
   Collecting page data ...
   Generating static pages (0/40) ...
TypeError: Cannot 
read properties of 
null (reading 
'useContext')
    at t.useContext (C
:\Users\pnp\desktop\de
pliying rapidnextech\W
arpRapid\node_modules\
next\dist\compiled\nex
t-server\app-page.runt
ime.prod.js:12:109363)
    at d (C:\Users\pnp
\desktop\depliying rap
idnextech\WarpRapid\.n
ext\server\chunks\383.
js:1:30707)
    at p (C:\Users\pnp
\desktop\depliying rap
idnextech\WarpRapid\.n
ext\server\chunks\383.
js:1:22611)
    at nj (C:\Users\pn
p\Desktop\depliying ra
pidnextech\WarpRapid\n
ode_modules\next\dist\
compiled\next-server\a
pp-page.runtime.prod.j
s:12:46251)
    at nM (C:\Users\pn
p\Desktop\depliying ra
pidnextech\WarpRapid\n
ode_modules\next\dist\
compiled\next-server\a
pp-page.runtime.prod.j
s:12:47571)
    at nN (C:\Users\pn
p\Desktop\depliying ra
pidnextech\WarpRapid\n
ode_modules\next\dist\
compiled\next-server\a
pp-page.runtime.prod.j
s:12:64546)
    at nI (C:\Users\pn
p\Desktop\depliying ra
pidnextech\WarpRapid\n
ode_modules\next\dist\
compiled\next-server\a
pp-page.runtime.prod.j
s:12:47010)
    at nM (C:\Users\pn
p\Desktop\depliying ra
pidnextech\WarpRapid\n
ode_modules\next\dist\
compiled\next-server\a
pp-page.runtime.prod.j
s:12:47717)
    at nM (C:\Users\pn
p\Desktop\depliying ra
pidnextech\WarpRapid\n
ode_modules\next\dist\
compiled\next-server\a
pp-page.runtime.prod.j
s:12:61546)
    at nN (C:\Users\pn
p\Desktop\depliying ra
pidnextech\WarpRapid\n
ode_modules\next\dist\
compiled\next-server\a
pp-page.runtime.prod.j
s:12:64546) {
  digest: '942765202'
}
TypeError: Cannot 
read properties of 
null (reading 
'useContext')
    at t.useContext (C
:\Users\pnp\desktop\de
pliying rapidnextech\W
arpRapid\node_modules\
next\dist\compiled\nex
t-server\app-page.runt
ime.prod.js:12:109363)
    at d (C:\Users\pnp
\desktop\depliying rap
idnextech\WarpRapid\.n
ext\server\chunks\383.
js:1:30707)
    at p (C:\Users\pnp
\desktop\depliying rap
idnextech\WarpRapid\.n
ext\server\chunks\383.
js:1:22611)
    at nj (C:\Users\pn
p\Desktop\depliying ra
pidnextech\WarpRapid\n
ode_modules\next\dist\
compiled\next-server\a
pp-page.runtime.prod.j
s:12:46251)
    at nM (C:\Users\pn
p\Desktop\depliying ra
pidnextech\WarpRapid\n
ode_modules\next\dist\
compiled\next-server\a
pp-page.runtime.prod.j
s:12:47571)
    at nN (C:\Users\pn
p\Desktop\depliying ra
pidnextech\WarpRapid\n
ode_modules\next\dist\
compiled\next-server\a
pp-page.runtime.prod.j
s:12:64546)
    at nI (C:\Users\pn
p\Desktop\depliying ra
pidnextech\WarpRapid\n
ode_modules\next\dist\
compiled\next-server\a
pp-page.runtime.prod.j
s:12:47010)
    at nM (C:\Users\pn
p\Desktop\depliying ra
pidnextech\WarpRapid\n
ode_modules\next\dist\
compiled\next-server\a
pp-page.runtime.prod.j
s:12:47717)
    at nM (C:\Users\pn
p\Desktop\depliying ra
pidnextech\WarpRapid\n
ode_modules\next\dist\
compiled\next-server\a
pp-page.runtime.prod.j
s:12:61546)
    at nN (C:\Users\pn
p\Desktop\depliying ra
pidnextech\WarpRapid\n
ode_modules\next\dist\
compiled\next-server\a
pp-page.runtime.prod.j
s:12:64546)

Error occurred 
prerendering page 
"/admin". Read more: h
ttps://nextjs.org/docs
/messages/prerender-er
ror

TypeError: Cannot 
read properties of 
null (reading 
'useContext')
    at t.useContext (C
:\Users\pnp\desktop\de
pliying rapidnextech\W
arpRapid\node_modules\
next\dist\compiled\nex
t-server\app-page.runt
ime.prod.js:12:109363)
    at d (C:\Users\pnp
\desktop\depliying rap
idnextech\WarpRapid\.n
ext\server\chunks\383.
js:1:30707)
    at p (C:\Users\pnp
\desktop\depliying rap
idnextech\WarpRapid\.n
ext\server\chunks\383.
js:1:22611)
    at nj (C:\Users\pn
p\Desktop\depliying ra
pidnextech\WarpRapid\n
ode_modules\next\dist\
compiled\next-server\a
pp-page.runtime.prod.j
s:12:46251)
    at nM (C:\Users\pn
p\Desktop\depliying ra
pidnextech\WarpRapid\n
ode_modules\next\dist\
compiled\next-server\a
pp-page.runtime.prod.j
s:12:47571)
    at nN (C:\Users\pn
p\Desktop\depliying ra
pidnextech\WarpRapid\n
ode_modules\next\dist\
compiled\next-server\a
pp-page.runtime.prod.j
s:12:64546)
    at nI (C:\Users\pn
p\Desktop\depliying ra
pidnextech\WarpRapid\n
ode_modules\next\dist\
compiled\next-server\a
pp-page.runtime.prod.j
s:12:47010)
    at nM (C:\Users\pn
p\Desktop\depliying ra
pidnextech\WarpRapid\n
ode_modules\next\dist\
compiled\next-server\a
pp-page.runtime.prod.j
s:12:47717)
    at nM (C:\Users\pn
p\Desktop\depliying ra
pidnextech\WarpRapid\n
ode_modules\next\dist\
compiled\next-server\a
pp-page.runtime.prod.j
s:12:61546)
    at nN (C:\Users\pn
p\Desktop\depliying ra
pidnextech\WarpRapid\n
ode_modules\next\dist\
compiled\next-server\a
pp-page.runtime.prod.j
s:12:64546)
TypeError: Cannot 
read properties of 
null (reading 
'useContext')
    at t.useContext (C
:\Users\pnp\desktop\de
pliying rapidnextech\W
arpRapid\node_modules\
next\dist\compiled\nex
t-server\app-page.runt
ime.prod.js:12:109363)
    at d (C:\Users\pnp
\desktop\depliying rap
idnextech\WarpRapid\.n
ext\server\chunks\383.
js:1:30707)
    at p (C:\Users\pnp
\desktop\depliying rap
idnextech\WarpRapid\.n
ext\server\chunks\383.
js:1:22611)
    at nj (C:\Users\pn
p\Desktop\depliying ra
pidnextech\WarpRapid\n
ode_modules\next\dist\
compiled\next-server\a
pp-page.runtime.prod.j
s:12:46251)
    at nM (C:\Users\pn
p\Desktop\depliying ra
pidnextech\WarpRapid\n
ode_modules\next\dist\
compiled\next-server\a
pp-page.runtime.prod.j
s:12:47571)
    at nN (C:\Users\pn
p\Desktop\depliying ra
pidnextech\WarpRapid\n
ode_modules\next\dist\
compiled\next-server\a
pp-page.runtime.prod.j
s:12:64546)
    at nI (C:\Users\pn
p\Desktop\depliying ra
pidnextech\WarpRapid\n
ode_modules\next\dist\
compiled\next-server\a
pp-page.runtime.prod.j
s:12:47010)
    at nM (C:\Users\pn
p\Desktop\depliying ra
pidnextech\WarpRapid\n
ode_modules\next\dist\
compiled\next-server\a
pp-page.runtime.prod.j
s:12:47717)
    at nM (C:\Users\pn
p\Desktop\depliying ra
pidnextech\WarpRapid\n
ode_modules\next\dist\
compiled\next-server\a
pp-page.runtime.prod.j
s:12:61546)
    at nN (C:\Users\pn
p\Desktop\depliying ra
pidnextech\WarpRapid\n
ode_modules\next\dist\
compiled\next-server\a
pp-page.runtime.prod.j
s:12:64546) {
  digest: '942765202'
}
TypeError: Cannot 
read properties of 
null (reading 
'useContext')
    at t.useContext (C
:\Users\pnp\desktop\de
pliying rapidnextech\W
arpRapid\node_modules\
next\dist\compiled\nex
t-server\app-page.runt
ime.prod.js:12:109363)
    at d (C:\Users\pnp
\desktop\depliying rap
idnextech\WarpRapid\.n
ext\server\chunks\383.
js:1:30707)
    at p (C:\Users\pnp
\desktop\depliying rap
idnextech\WarpRapid\.n
ext\server\chunks\383.
js:1:22611)
    at nj (C:\Users\pn
p\Desktop\depliying ra
pidnextech\WarpRapid\n
ode_modules\next\dist\
compiled\next-server\a
pp-page.runtime.prod.j
s:12:46251)
    at nM (C:\Users\pn
p\Desktop\depliying ra
pidnextech\WarpRapid\n
ode_modules\next\dist\
compiled\next-server\a
pp-page.runtime.prod.j
s:12:47571)
    at nN (C:\Users\pn
p\Desktop\depliying ra
pidnextech\WarpRapid\n
ode_modules\next\dist\
compiled\next-server\a
pp-page.runtime.prod.j
s:12:64546)
    at nI (C:\Users\pn
p\Desktop\depliying ra
pidnextech\WarpRapid\n
ode_modules\next\dist\
compiled\next-server\a
pp-page.runtime.prod.j
s:12:47010)
    at nM (C:\Users\pn
p\Desktop\depliying ra
pidnextech\WarpRapid\n
ode_modules\next\dist\
compiled\next-server\a
pp-page.runtime.prod.j
s:12:47717)
    at nM (C:\Users\pn
p\Desktop\depliying ra
pidnextech\WarpRapid\n
ode_modules\next\dist\
compiled\next-server\a
pp-page.runtime.prod.j
s:12:61546)
    at nN (C:\Users\pn
p\Desktop\depliying ra
pidnextech\WarpRapid\n
ode_modules\next\dist\
compiled\next-server\a
pp-page.runtime.prod.j
s:12:64546)

Error occurred 
prerendering page 
"/blog". Read more: ht
tps://nextjs.org/docs/
messages/prerender-err
or

TypeError: Cannot 
read properties of 
null (reading 
'useContext')
    at t.useContext (C
:\Users\pnp\desktop\de
pliying rapidnextech\W
arpRapid\node_modules\
next\dist\compiled\nex
t-server\app-page.runt
ime.prod.js:12:109363)
    at d (C:\Users\pnp
\desktop\depliying rap
idnextech\WarpRapid\.n
ext\server\chunks\383.
js:1:30707)
    at p (C:\Users\pnp
\desktop\depliying rap
idnextech\WarpRapid\.n
ext\server\chunks\383.
js:1:22611)
    at nj (C:\Users\pn
p\Desktop\depliying ra
pidnextech\WarpRapid\n
ode_modules\next\dist\
compiled\next-server\a
pp-page.runtime.prod.j
s:12:46251)
    at nM (C:\Users\pn
p\Desktop\depliying ra
pidnextech\WarpRapid\n
ode_modules\next\dist\
compiled\next-server\a
pp-page.runtime.prod.j
s:12:47571)
    at nN (C:\Users\pn
p\Desktop\depliying ra
pidnextech\WarpRapid\n
ode_modules\next\dist\
compiled\next-server\a
pp-page.runtime.prod.j
s:12:64546)
    at nI (C:\Users\pn
p\Desktop\depliying ra
pidnextech\WarpRapid\n
ode_modules\next\dist\
compiled\next-server\a
pp-page.runtime.prod.j
s:12:47010)
    at nM (C:\Users\pn
p\Desktop\depliying ra
pidnextech\WarpRapid\n
ode_modules\next\dist\
compiled\next-server\a
pp-page.runtime.prod.j
s:12:47717)
    at nM (C:\Users\pn
p\Desktop\depliying ra
pidnextech\WarpRapid\n
ode_modules\next\dist\
compiled\next-server\a
pp-page.runtime.prod.j
s:12:61546)
    at nN (C:\Users\pn
p\Desktop\depliying ra
pidnextech\WarpRapid\n
ode_modules\next\dist\
compiled\next-server\a
pp-page.runtime.prod.j
s:12:64546)
TypeError: Cannot 
read properties of 
null (reading 
'useContext')
    at t.useContext (C
:\Users\pnp\desktop\de
pliying rapidnextech\W
arpRapid\node_modules\
next\dist\compiled\nex
t-server\app-page.runt
ime.prod.js:12:109363)
    at d (C:\Users\pnp
\desktop\depliying rap
idnextech\WarpRapid\.n
ext\server\chunks\383.
js:1:30707)
    at p (C:\Users\pnp
\desktop\depliying rap
idnextech\WarpRapid\.n
ext\server\chunks\383.
js:1:22611)
    at nj (C:\Users\pn
p\Desktop\depliying ra
pidnextech\WarpRapid\n
ode_modules\next\dist\
compiled\next-server\a
pp-page.runtime.prod.j
s:12:46251)
    at nM (C:\Users\pn
p\Desktop\depliying ra
pidnextech\WarpRapid\n
ode_modules\next\dist\
compiled\next-server\a
pp-page.runtime.prod.j
s:12:47571)
    at nN (C:\Users\pn
p\Desktop\depliying ra
pidnextech\WarpRapid\n
ode_modules\next\dist\
compiled\next-server\a
pp-page.runtime.prod.j
s:12:64546)
    at nI (C:\Users\pn
p\Desktop\depliying ra
pidnextech\WarpRapid\n
ode_modules\next\dist\
compiled\next-server\a
pp-page.runtime.prod.j
s:12:47010)
    at nM (C:\Users\pn
p\Desktop\depliying ra
pidnextech\WarpRapid\n
ode_modules\next\dist\
compiled\next-server\a
pp-page.runtime.prod.j
s:12:47717)
    at nM (C:\Users\pn
p\Desktop\depliying ra
pidnextech\WarpRapid\n
ode_modules\next\dist\
compiled\next-server\a
pp-page.runtime.prod.j
s:12:61546)
    at nN (C:\Users\pn
p\Desktop\depliying ra
pidnextech\WarpRapid\n
ode_modules\next\dist\
compiled\next-server\a
pp-page.runtime.prod.j
s:12:64546) {
  digest: '942765202'
}
TypeError: Cannot 
read properties of 
null (reading 
'useContext')
    at t.useContext (C
:\Users\pnp\desktop\de
pliying rapidnextech\W
arpRapid\node_modules\
next\dist\compiled\nex
t-server\app-page.runt
ime.prod.js:12:109363)
    at d (C:\Users\pnp
\desktop\depliying rap
idnextech\WarpRapid\.n
ext\server\chunks\383.
js:1:30707)
    at p (C:\Users\pnp
\desktop\depliying rap
idnextech\WarpRapid\.n
ext\server\chunks\383.
js:1:22611)
    at nj (C:\Users\pn
p\Desktop\depliying ra
pidnextech\WarpRapid\n
ode_modules\next\dist\
compiled\next-server\a
pp-page.runtime.prod.j
s:12:46251)
    at nM (C:\Users\pn
p\Desktop\depliying ra
pidnextech\WarpRapid\n
ode_modules\next\dist\
compiled\next-server\a
pp-page.runtime.prod.j
s:12:47571)
    at nN (C:\Users\pn
p\Desktop\depliying ra
pidnextech\WarpRapid\n
ode_modules\next\dist\
compiled\next-server\a
pp-page.runtime.prod.j
s:12:64546)
    at nI (C:\Users\pn
p\Desktop\depliying ra
pidnextech\WarpRapid\n
ode_modules\next\dist\
compiled\next-server\a
pp-page.runtime.prod.j
s:12:47010)
    at nM (C:\Users\pn
p\Desktop\depliying ra
pidnextech\WarpRapid\n
ode_modules\next\dist\
compiled\next-server\a
pp-page.runtime.prod.j
s:12:47717)
    at nM (C:\Users\pn
p\Desktop\depliying ra
pidnextech\WarpRapid\n
ode_modules\next\dist\
compiled\next-server\a
pp-page.runtime.prod.j
s:12:61546)
    at nN (C:\Users\pn
p\Desktop\depliying ra
pidnextech\WarpRapid\n
ode_modules\next\dist\
compiled\next-server\a
pp-page.runtime.prod.j
s:12:64546)

Error occurred 
prerendering page 
"/about". Read more: h
ttps://nextjs.org/docs
/messages/prerender-er
ror

TypeError: Cannot 
read properties of 
null (reading 
'useContext')
    at t.useContext (C
:\Users\pnp\desktop\de
pliying rapidnextech\W
arpRapid\node_modules\
next\dist\compiled\nex
t-server\app-page.runt
ime.prod.js:12:109363)
    at d (C:\Users\pnp
\desktop\depliying rap
idnextech\WarpRapid\.n
ext\server\chunks\383.
js:1:30707)
    at p (C:\Users\pnp
\desktop\depliying rap
idnextech\WarpRapid\.n
ext\server\chunks\383.
js:1:22611)
    at nj (C:\Users\pn
p\Desktop\depliying ra
pidnextech\WarpRapid\n
ode_modules\next\dist\
compiled\next-server\a
pp-page.runtime.prod.j
s:12:46251)
    at nM (C:\Users\pn
p\Desktop\depliying ra
pidnextech\WarpRapid\n
ode_modules\next\dist\
compiled\next-server\a
pp-page.runtime.prod.j
s:12:47571)
    at nN (C:\Users\pn
p\Desktop\depliying ra
pidnextech\WarpRapid\n
ode_modules\next\dist\
compiled\next-server\a
pp-page.runtime.prod.j
s:12:64546)
    at nI (C:\Users\pn
p\Desktop\depliying ra
pidnextech\WarpRapid\n
ode_modules\next\dist\
compiled\next-server\a
pp-page.runtime.prod.j
s:12:47010)
    at nM (C:\Users\pn
p\Desktop\depliying ra
pidnextech\WarpRapid\n
ode_modules\next\dist\
compiled\next-server\a
pp-page.runtime.prod.j
s:12:47717)
    at nM (C:\Users\pn
p\Desktop\depliying ra
pidnextech\WarpRapid\n
ode_modules\next\dist\
compiled\next-server\a
pp-page.runtime.prod.j
s:12:61546)
    at nN (C:\Users\pn
p\Desktop\depliying ra
pidnextech\WarpRapid\n
ode_modules\next\dist\
compiled\next-server\a
pp-page.runtime.prod.j
s:12:64546)
TypeError: Cannot 
read properties of 
null (reading 
'useContext')
    at t.useContext (C
:\Users\pnp\desktop\de
pliying rapidnextech\W
arpRapid\node_modules\
next\dist\compiled\nex
t-server\app-page.runt
ime.prod.js:12:109363)
    at d (C:\Users\pnp
\desktop\depliying rap
idnextech\WarpRapid\.n
ext\server\chunks\383.
js:1:30707)
    at p (C:\Users\pnp
\desktop\depliying rap
idnextech\WarpRapid\.n
ext\server\chunks\383.
js:1:22611)
    at nj (C:\Users\pn
p\Desktop\depliying ra
pidnextech\WarpRapid\n
ode_modules\next\dist\
compiled\next-server\a
pp-page.runtime.prod.j
s:12:46251)
    at nM (C:\Users\pn
p\Desktop\depliying ra
pidnextech\WarpRapid\n
ode_modules\next\dist\
compiled\next-server\a
pp-page.runtime.prod.j
s:12:47571)
    at nN (C:\Users\pn
p\Desktop\depliying ra
pidnextech\WarpRapid\n
ode_modules\next\dist\
compiled\next-server\a
pp-page.runtime.prod.j
s:12:64546)
    at nI (C:\Users\pn
p\Desktop\depliying ra
pidnextech\WarpRapid\n
ode_modules\next\dist\
compiled\next-server\a
pp-page.runtime.prod.j
s:12:47010)
    at nM (C:\Users\pn
p\Desktop\depliying ra
pidnextech\WarpRapid\n
ode_modules\next\dist\
compiled\next-server\a
pp-page.runtime.prod.j
s:12:47717)
    at nM (C:\Users\pn
p\Desktop\depliying ra
pidnextech\WarpRapid\n
ode_modules\next\dist\
compiled\next-server\a
pp-page.runtime.prod.j
s:12:61546)
    at nN (C:\Users\pn
p\Desktop\depliying ra
pidnextech\WarpRapid\n
ode_modules\next\dist\
compiled\next-server\a
pp-page.runtime.prod.j
s:12:64546) {
  digest: '942765202'
}
TypeError: Cannot 
read properties of 
null (reading 
'useContext')
    at t.useContext (C
:\Users\pnp\desktop\de
pliying rapidnextech\W
arpRapid\node_modules\
next\dist\compiled\nex
t-server\app-page.runt
ime.prod.js:12:109363)
    at d (C:\Users\pnp
\desktop\depliying rap
idnextech\WarpRapid\.n
ext\server\chunks\383.
js:1:30707)
    at p (C:\Users\pnp
\desktop\depliying rap
idnextech\WarpRapid\.n
ext\server\chunks\383.
js:1:22611)
    at nj (C:\Users\pn
p\Desktop\depliying ra
pidnextech\WarpRapid\n
ode_modules\next\dist\
compiled\next-server\a
pp-page.runtime.prod.j
s:12:46251)
    at nM (C:\Users\pn
p\Desktop\depliying ra
pidnextech\WarpRapid\n
ode_modules\next\dist\
compiled\next-server\a
pp-page.runtime.prod.j
s:12:47571)
    at nN (C:\Users\pn
p\Desktop\depliying ra
pidnextech\WarpRapid\n
ode_modules\next\dist\
compiled\next-server\a
pp-page.runtime.prod.j
s:12:64546)
    at nI (C:\Users\pn
p\Desktop\depliying ra
pidnextech\WarpRapid\n
ode_modules\next\dist\
compiled\next-server\a
pp-page.runtime.prod.j
s:12:47010)
    at nM (C:\Users\pn
p\Desktop\depliying ra
pidnextech\WarpRapid\n
ode_modules\next\dist\
compiled\next-server\a
pp-page.runtime.prod.j
s:12:47717)
    at nM (C:\Users\pn
p\Desktop\depliying ra
pidnextech\WarpRapid\n
ode_modules\next\dist\
compiled\next-server\a
pp-page.runtime.prod.j
s:12:61546)
    at nN (C:\Users\pn
p\Desktop\depliying ra
pidnextech\WarpRapid\n
ode_modules\next\dist\
compiled\next-server\a
pp-page.runtime.prod.j
s:12:64546)

Error occurred 
prerendering page 
"/". Read more: https:
//nextjs.org/docs/mess
ages/prerender-error

TypeError: Cannot 
read properties of 
null (reading 
'useContext')
    at t.useContext (C
:\Users\pnp\desktop\de
pliying rapidnextech\W
arpRapid\node_modules\
next\dist\compiled\nex
t-server\app-page.runt
ime.prod.js:12:109363)
    at d (C:\Users\pnp
\desktop\depliying rap
idnextech\WarpRapid\.n
ext\server\chunks\383.
js:1:30707)
    at p (C:\Users\pnp
\desktop\depliying rap
idnextech\WarpRapid\.n
ext\server\chunks\383.
js:1:22611)
    at nj (C:\Users\pn
p\Desktop\depliying ra
pidnextech\WarpRapid\n
ode_modules\next\dist\
compiled\next-server\a
pp-page.runtime.prod.j
s:12:46251)
    at nM (C:\Users\pn
p\Desktop\depliying ra
pidnextech\WarpRapid\n
ode_modules\next\dist\
compiled\next-server\a
pp-page.runtime.prod.j
s:12:47571)
    at nN (C:\Users\pn
p\Desktop\depliying ra
pidnextech\WarpRapid\n
ode_modules\next\dist\
compiled\next-server\a
pp-page.runtime.prod.j
s:12:64546)
    at nI (C:\Users\pn
p\Desktop\depliying ra
pidnextech\WarpRapid\n
ode_modules\next\dist\
compiled\next-server\a
pp-page.runtime.prod.j
s:12:47010)
    at nM (C:\Users\pn
p\Desktop\depliying ra
pidnextech\WarpRapid\n
ode_modules\next\dist\
compiled\next-server\a
pp-page.runtime.prod.j
s:12:47717)
    at nM (C:\Users\pn
p\Desktop\depliying ra
pidnextech\WarpRapid\n
ode_modules\next\dist\
compiled\next-server\a
pp-page.runtime.prod.j
s:12:61546)
    at nN (C:\Users\pn
p\Desktop\depliying ra
pidnextech\WarpRapid\n
ode_modules\next\dist\
compiled\next-server\a
pp-page.runtime.prod.j
s:12:64546)
TypeError: Cannot 
read properties of 
null (reading 
'useContext')
    at 
exports.useContext (C:
\Users\pnp\desktop\dep
liying rapidnextech\Wa
rpRapid\node_modules\r
eact\cjs\react.product
ion.min.js:24:495)
    at h (C:\Users\pnp
\desktop\depliying rap
idnextech\WarpRapid\.n
ext\server\pages\_erro
r.js:1:6024)
    at Wc (C:\Users\pn
p\Desktop\depliying ra
pidnextech\WarpRapid\n
ode_modules\react-dom\
cjs\react-dom-server.b
rowser.production.min.
js:68:44)
    at Zc (C:\Users\pn
p\Desktop\depliying ra
pidnextech\WarpRapid\n
ode_modules\react-dom\
cjs\react-dom-server.b
rowser.production.min.
js:70:253)
    at Z (C:\Users\pnp
\Desktop\depliying rap
idnextech\WarpRapid\no
de_modules\react-dom\c
js\react-dom-server.br
owser.production.min.j
s:76:89)
    at $c (C:\Users\pn
p\Desktop\depliying ra
pidnextech\WarpRapid\n
ode_modules\react-dom\
cjs\react-dom-server.b
rowser.production.min.
js:78:98)
    at bd (C:\Users\pn
p\Desktop\depliying ra
pidnextech\WarpRapid\n
ode_modules\react-dom\
cjs\react-dom-server.b
rowser.production.min.
js:77:404)
    at Z (C:\Users\pnp
\Desktop\depliying rap
idnextech\WarpRapid\no
de_modules\react-dom\c
js\react-dom-server.br
owser.production.min.j
s:76:217)
    at $c (C:\Users\pn
p\Desktop\depliying ra
pidnextech\WarpRapid\n
ode_modules\react-dom\
cjs\react-dom-server.b
rowser.production.min.
js:78:98)
    at Zc (C:\Users\pn
p\Desktop\depliying ra
pidnextech\WarpRapid\n
ode_modules\react-dom\
cjs\react-dom-server.b
rowser.production.min.
js:71:145)

Error occurred 
prerendering page 
"/404". Read more: htt
ps://nextjs.org/docs/m
essages/prerender-erro
r

TypeError: Cannot 
read properties of 
null (reading 
'useContext')
    at 
exports.useContext (C:
\Users\pnp\desktop\dep
liying rapidnextech\Wa
rpRapid\node_modules\r
eact\cjs\react.product
ion.min.js:24:495)
    at h (C:\Users\pnp
\desktop\depliying rap
idnextech\WarpRapid\.n
ext\server\pages\_erro
r.js:1:6024)
    at Wc (C:\Users\pn
p\Desktop\depliying ra
pidnextech\WarpRapid\n
ode_modules\react-dom\
cjs\react-dom-server.b
rowser.production.min.
js:68:44)
    at Zc (C:\Users\pn
p\Desktop\depliying ra
pidnextech\WarpRapid\n
ode_modules\react-dom\
cjs\react-dom-server.b
rowser.production.min.
js:70:253)
    at Z (C:\Users\pnp
\Desktop\depliying rap
idnextech\WarpRapid\no
de_modules\react-dom\c
js\react-dom-server.br
owser.production.min.j
s:76:89)
    at $c (C:\Users\pn
p\Desktop\depliying ra
pidnextech\WarpRapid\n
ode_modules\react-dom\
cjs\react-dom-server.b
rowser.production.min.
js:78:98)
    at bd (C:\Users\pn
p\Desktop\depliying ra
pidnextech\WarpRapid\n
ode_modules\react-dom\
cjs\react-dom-server.b
rowser.production.min.
js:77:404)
    at Z (C:\Users\pnp
\Desktop\depliying rap
idnextech\WarpRapid\no
de_modules\react-dom\c
js\react-dom-server.br
owser.production.min.j
s:76:217)
    at $c (C:\Users\pn
p\Desktop\depliying ra
pidnextech\WarpRapid\n
ode_modules\react-dom\
cjs\react-dom-server.b
rowser.production.min.
js:78:98)
    at Zc (C:\Users\pn
p\Desktop\depliying ra
pidnextech\WarpRapid\n
ode_modules\react-dom\
cjs\react-dom-server.b
rowser.production.min.
js:71:145)
TypeError: Cannot 
read properties of 
null (reading 
'useContext')
    at t.useContext (C
:\Users\pnp\desktop\de
pliying rapidnextech\W
arpRapid\node_modules\
next\dist\compiled\nex
t-server\app-page.runt
ime.prod.js:12:109363)
    at d (C:\Users\pnp
\desktop\depliying rap
idnextech\WarpRapid\.n
ext\server\chunks\383.
js:1:30707)
    at p (C:\Users\pnp
\desktop\depliying rap
idnextech\WarpRapid\.n
ext\server\chunks\383.
js:1:22611)
    at nj (C:\Users\pn
p\Desktop\depliying ra
pidnextech\WarpRapid\n
ode_modules\next\dist\
compiled\next-server\a
pp-page.runtime.prod.j
s:12:46251)
    at nM (C:\Users\pn
p\Desktop\depliying ra
pidnextech\WarpRapid\n
ode_modules\next\dist\
compiled\next-server\a
pp-page.runtime.prod.j
s:12:47571)
    at nN (C:\Users\pn
p\Desktop\depliying ra
pidnextech\WarpRapid\n
ode_modules\next\dist\
compiled\next-server\a
pp-page.runtime.prod.j
s:12:64546)
    at nI (C:\Users\pn
p\Desktop\depliying ra
pidnextech\WarpRapid\n
ode_modules\next\dist\
compiled\next-server\a
pp-page.runtime.prod.j
s:12:47010)
    at nM (C:\Users\pn
p\Desktop\depliying ra
pidnextech\WarpRapid\n
ode_modules\next\dist\
compiled\next-server\a
pp-page.runtime.prod.j
s:12:47717)
    at nM (C:\Users\pn
p\Desktop\depliying ra
pidnextech\WarpRapid\n
ode_modules\next\dist\
compiled\next-server\a
pp-page.runtime.prod.j
s:12:61546)
    at nN (C:\Users\pn
p\Desktop\depliying ra
pidnextech\WarpRapid\n
ode_modules\next\dist\
compiled\next-server\a
pp-page.runtime.prod.j
s:12:64546) {
  digest: '942765202'
}
TypeError: Cannot 
read properties of 
null (reading 
'useContext')
    at t.useContext (C
:\Users\pnp\desktop\de
pliying rapidnextech\W
arpRapid\node_modules\
next\dist\compiled\nex
t-server\app-page.runt
ime.prod.js:12:109363)
    at d (C:\Users\pnp
\desktop\depliying rap
idnextech\WarpRapid\.n
ext\server\chunks\383.
js:1:30707)
    at p (C:\Users\pnp
\desktop\depliying rap
idnextech\WarpRapid\.n
ext\server\chunks\383.
js:1:22611)
    at nj (C:\Users\pn
p\Desktop\depliying ra
pidnextech\WarpRapid\n
ode_modules\next\dist\
compiled\next-server\a
pp-page.runtime.prod.j
s:12:46251)
    at nM (C:\Users\pn
p\Desktop\depliying ra
pidnextech\WarpRapid\n
ode_modules\next\dist\
compiled\next-server\a
pp-page.runtime.prod.j
s:12:47571)
    at nN (C:\Users\pn
p\Desktop\depliying ra
pidnextech\WarpRapid\n
ode_modules\next\dist\
compiled\next-server\a
pp-page.runtime.prod.j
s:12:64546)
    at nI (C:\Users\pn
p\Desktop\depliying ra
pidnextech\WarpRapid\n
ode_modules\next\dist\
compiled\next-server\a
pp-page.runtime.prod.j
s:12:47010)
    at nM (C:\Users\pn
p\Desktop\depliying ra
pidnextech\WarpRapid\n
ode_modules\next\dist\
compiled\next-server\a
pp-page.runtime.prod.j
s:12:47717)
    at nM (C:\Users\pn
p\Desktop\depliying ra
pidnextech\WarpRapid\n
ode_modules\next\dist\
compiled\next-server\a
pp-page.runtime.prod.j
s:12:61546)
    at nN (C:\Users\pn
p\Desktop\depliying ra
pidnextech\WarpRapid\n
ode_modules\next\dist\
compiled\next-server\a
pp-page.runtime.prod.j
s:12:64546)

Error occurred 
prerendering page 
"/_not-found". Read 
more: https://nextjs.o
rg/docs/messages/prere
nder-error

TypeError: Cannot 
read properties of 
null (reading 
'useContext')
    at t.useContext (C
:\Users\pnp\desktop\de
pliying rapidnextech\W
arpRapid\node_modules\
next\dist\compiled\nex
t-server\app-page.runt
ime.prod.js:12:109363)
    at d (C:\Users\pnp
\desktop\depliying rap
idnextech\WarpRapid\.n
ext\server\chunks\383.
js:1:30707)
    at p (C:\Users\pnp
\desktop\depliying rap
idnextech\WarpRapid\.n
ext\server\chunks\383.
js:1:22611)
    at nj (C:\Users\pn
p\Desktop\depliying ra
pidnextech\WarpRapid\n
ode_modules\next\dist\
compiled\next-server\a
pp-page.runtime.prod.j
s:12:46251)
    at nM (C:\Users\pn
p\Desktop\depliying ra
pidnextech\WarpRapid\n
ode_modules\next\dist\
compiled\next-server\a
pp-page.runtime.prod.j
s:12:47571)
    at nN (C:\Users\pn
p\Desktop\depliying ra
pidnextech\WarpRapid\n
ode_modules\next\dist\
compiled\next-server\a
pp-page.runtime.prod.j
s:12:64546)
    at nI (C:\Users\pn
p\Desktop\depliying ra
pidnextech\WarpRapid\n
ode_modules\next\dist\
compiled\next-server\a
pp-page.runtime.prod.j
s:12:47010)
    at nM (C:\Users\pn
p\Desktop\depliying ra
pidnextech\WarpRapid\n
ode_modules\next\dist\
compiled\next-server\a
pp-page.runtime.prod.j
s:12:47717)
    at nM (C:\Users\pn
p\Desktop\depliying ra
pidnextech\WarpRapid\n
ode_modules\next\dist\
compiled\next-server\a
pp-page.runtime.prod.j
s:12:61546)
    at nN (C:\Users\pn
p\Desktop\depliying ra
pidnextech\WarpRapid\n
ode_modules\next\dist\
compiled\next-server\a
pp-page.runtime.prod.j
s:12:64546)
TypeError: Cannot 
read properties of 
null (reading 
'useContext')
    at t.useContext (C
:\Users\pnp\desktop\de
pliying rapidnextech\W
arpRapid\node_modules\
next\dist\compiled\nex
t-server\app-page.runt
ime.prod.js:12:109363)
    at d (C:\Users\pnp
\desktop\depliying rap
idnextech\WarpRapid\.n
ext\server\chunks\383.
js:1:30707)
    at p (C:\Users\pnp
\desktop\depliying rap
idnextech\WarpRapid\.n
ext\server\chunks\383.
js:1:22611)
    at nj (C:\Users\pn
p\Desktop\depliying ra
pidnextech\WarpRapid\n
ode_modules\next\dist\
compiled\next-server\a
pp-page.runtime.prod.j
s:12:46251)
    at nM (C:\Users\pn
p\Desktop\depliying ra
pidnextech\WarpRapid\n
ode_modules\next\dist\
compiled\next-server\a
pp-page.runtime.prod.j
s:12:47571)
    at nN (C:\Users\pn
p\Desktop\depliying ra
pidnextech\WarpRapid\n
ode_modules\next\dist\
compiled\next-server\a
pp-page.runtime.prod.j
s:12:64546)
    at nI (C:\Users\pn
p\Desktop\depliying ra
pidnextech\WarpRapid\n
ode_modules\next\dist\
compiled\next-server\a
pp-page.runtime.prod.j
s:12:47010)
    at nM (C:\Users\pn
p\Desktop\depliying ra
pidnextech\WarpRapid\n
ode_modules\next\dist\
compiled\next-server\a
pp-page.runtime.prod.j
s:12:47717)
    at nM (C:\Users\pn
p\Desktop\depliying ra
pidnextech\WarpRapid\n
ode_modules\next\dist\
compiled\next-server\a
pp-page.runtime.prod.j
s:12:61546)
    at nN (C:\Users\pn
p\Desktop\depliying ra
pidnextech\WarpRapid\n
ode_modules\next\dist\
compiled\next-server\a
pp-page.runtime.prod.j
s:12:64546) {
  digest: '942765202'
}
TypeError: Cannot 
read properties of 
null (reading 
'useContext')
    at t.useContext (C
:\Users\pnp\desktop\de
pliying rapidnextech\W
arpRapid\node_modules\
next\dist\compiled\nex
t-server\app-page.runt
ime.prod.js:12:109363)
    at d (C:\Users\pnp
\desktop\depliying rap
idnextech\WarpRapid\.n
ext\server\chunks\383.
js:1:30707)
    at p (C:\Users\pnp
\desktop\depliying rap
idnextech\WarpRapid\.n
ext\server\chunks\383.
js:1:22611)
    at nj (C:\Users\pn
p\Desktop\depliying ra
pidnextech\WarpRapid\n
ode_modules\next\dist\
compiled\next-server\a
pp-page.runtime.prod.j
s:12:46251)
    at nM (C:\Users\pn
p\Desktop\depliying ra
pidnextech\WarpRapid\n
ode_modules\next\dist\
compiled\next-server\a
pp-page.runtime.prod.j
s:12:47571)
    at nN (C:\Users\pn
p\Desktop\depliying ra
pidnextech\WarpRapid\n
ode_modules\next\dist\
compiled\next-server\a
pp-page.runtime.prod.j
s:12:64546)
    at nI (C:\Users\pn
p\Desktop\depliying ra
pidnextech\WarpRapid\n
ode_modules\next\dist\
compiled\next-server\a
pp-page.runtime.prod.j
s:12:47010)
    at nM (C:\Users\pn
p\Desktop\depliying ra
pidnextech\WarpRapid\n
ode_modules\next\dist\
compiled\next-server\a
pp-page.runtime.prod.j
s:12:47717)
    at nM (C:\Users\pn
p\Desktop\depliying ra
pidnextech\WarpRapid\n
ode_modules\next\dist\
compiled\next-server\a
pp-page.runtime.prod.j
s:12:61546)
    at nN (C:\Users\pn
p\Desktop\depliying ra
pidnextech\WarpRapid\n
ode_modules\next\dist\
compiled\next-server\a
pp-page.runtime.prod.j
s:12:64546)

Error occurred 
prerendering page 
"/services". Read 
more: https://nextjs.o
rg/docs/messages/prere
nder-error

TypeError: Cannot 
read properties of 
null (reading 
'useContext')
    at t.useContext (C
:\Users\pnp\desktop\de
pliying rapidnextech\W
arpRapid\node_modules\
next\dist\compiled\nex
t-server\app-page.runt
ime.prod.js:12:109363)
    at d (C:\Users\pnp
\desktop\depliying rap
idnextech\WarpRapid\.n
ext\server\chunks\383.
js:1:30707)
    at p (C:\Users\pnp
\desktop\depliying rap
idnextech\WarpRapid\.n
ext\server\chunks\383.
js:1:22611)
    at nj (C:\Users\pn
p\Desktop\depliying ra
pidnextech\WarpRapid\n
ode_modules\next\dist\
compiled\next-server\a
pp-page.runtime.prod.j
s:12:46251)
    at nM (C:\Users\pn
p\Desktop\depliying ra
pidnextech\WarpRapid\n
ode_modules\next\dist\
compiled\next-server\a
pp-page.runtime.prod.j
s:12:47571)
    at nN (C:\Users\pn
p\Desktop\depliying ra
pidnextech\WarpRapid\n
ode_modules\next\dist\
compiled\next-server\a
pp-page.runtime.prod.j
s:12:64546)
    at nI (C:\Users\pn
p\Desktop\depliying ra
pidnextech\WarpRapid\n
ode_modules\next\dist\
compiled\next-server\a
pp-page.runtime.prod.j
s:12:47010)
    at nM (C:\Users\pn
p\Desktop\depliying ra
pidnextech\WarpRapid\n
ode_modules\next\dist\
compiled\next-server\a
pp-page.runtime.prod.j
s:12:47717)
    at nM (C:\Users\pn
p\Desktop\depliying ra
pidnextech\WarpRapid\n
ode_modules\next\dist\
compiled\next-server\a
pp-page.runtime.prod.j
s:12:61546)
    at nN (C:\Users\pn
p\Desktop\depliying ra
pidnextech\WarpRapid\n
ode_modules\next\dist\
compiled\next-server\a
pp-page.runtime.prod.j
s:12:64546)
   Generating static pages (10/40) 
TypeError: Cannot 
read properties of 
null (reading 
'useContext')
    at t.useContext (C
:\Users\pnp\desktop\de
pliying rapidnextech\W
arpRapid\node_modules\
next\dist\compiled\nex
t-server\app-page.runt
ime.prod.js:12:109363)
    at d (C:\Users\pnp
\desktop\depliying rap
idnextech\WarpRapid\.n
ext\server\chunks\383.
js:1:30707)
    at p (C:\Users\pnp
\desktop\depliying rap
idnextech\WarpRapid\.n
ext\server\chunks\383.
js:1:22611)
    at nj (C:\Users\pn
p\Desktop\depliying ra
pidnextech\WarpRapid\n
ode_modules\next\dist\
compiled\next-server\a
pp-page.runtime.prod.j
s:12:46251)
    at nM (C:\Users\pn
p\Desktop\depliying ra
pidnextech\WarpRapid\n
ode_modules\next\dist\
compiled\next-server\a
pp-page.runtime.prod.j
s:12:47571)
    at nN (C:\Users\pn
p\Desktop\depliying ra
pidnextech\WarpRapid\n
ode_modules\next\dist\
compiled\next-server\a
pp-page.runtime.prod.j
s:12:64546)
    at nI (C:\Users\pn
p\Desktop\depliying ra
pidnextech\WarpRapid\n
ode_modules\next\dist\
compiled\next-server\a
pp-page.runtime.prod.j
s:12:47010)
    at nM (C:\Users\pn
p\Desktop\depliying ra
pidnextech\WarpRapid\n
ode_modules\next\dist\
compiled\next-server\a
pp-page.runtime.prod.j
s:12:47717)
    at nM (C:\Users\pn
p\Desktop\depliying ra
pidnextech\WarpRapid\n
ode_modules\next\dist\
compiled\next-server\a
pp-page.runtime.prod.j
s:12:61546)
    at nN (C:\Users\pn
p\Desktop\depliying ra
pidnextech\WarpRapid\n
ode_modules\next\dist\
compiled\next-server\a
pp-page.runtime.prod.j
s:12:64546) {
  digest: '942765202'
}
TypeError: Cannot 
read properties of 
null (reading 
'useContext')
    at t.useContext (C
:\Users\pnp\desktop\de
pliying rapidnextech\W
arpRapid\node_modules\
next\dist\compiled\nex
t-server\app-page.runt
ime.prod.js:12:109363)
    at d (C:\Users\pnp
\desktop\depliying rap
idnextech\WarpRapid\.n
ext\server\chunks\383.
js:1:30707)
    at p (C:\Users\pnp
\desktop\depliying rap
idnextech\WarpRapid\.n
ext\server\chunks\383.
js:1:22611)
    at nj (C:\Users\pn
p\Desktop\depliying ra
pidnextech\WarpRapid\n
ode_modules\next\dist\
compiled\next-server\a
pp-page.runtime.prod.j
s:12:46251)
    at nM (C:\Users\pn
p\Desktop\depliying ra
pidnextech\WarpRapid\n
ode_modules\next\dist\
compiled\next-server\a
pp-page.runtime.prod.j
s:12:47571)
    at nN (C:\Users\pn
p\Desktop\depliying ra
pidnextech\WarpRapid\n
ode_modules\next\dist\
compiled\next-server\a
pp-page.runtime.prod.j
s:12:64546)
    at nI (C:\Users\pn
p\Desktop\depliying ra
pidnextech\WarpRapid\n
ode_modules\next\dist\
compiled\next-server\a
pp-page.runtime.prod.j
s:12:47010)
    at nM (C:\Users\pn
p\Desktop\depliying ra
pidnextech\WarpRapid\n
ode_modules\next\dist\
compiled\next-server\a
pp-page.runtime.prod.j
s:12:47717)
    at nM (C:\Users\pn
p\Desktop\depliying ra
pidnextech\WarpRapid\n
ode_modules\next\dist\
compiled\next-server\a
pp-page.runtime.prod.j
s:12:61546)
    at nN (C:\Users\pn
p\Desktop\depliying ra
pidnextech\WarpRapid\n
ode_modules\next\dist\
compiled\next-server\a
pp-page.runtime.prod.j
s:12:64546)

Error occurred 
prerendering page 
"/admin-login". Read 
more: https://nextjs.o
rg/docs/messages/prere
nder-error

TypeError: Cannot 
read properties of 
null (reading 
'useContext')
    at t.useContext (C
:\Users\pnp\desktop\de
pliying rapidnextech\W
arpRapid\node_modules\
next\dist\compiled\nex
t-server\app-page.runt
ime.prod.js:12:109363)
    at d (C:\Users\pnp
\desktop\depliying rap
idnextech\WarpRapid\.n
ext\server\chunks\383.
js:1:30707)
    at p (C:\Users\pnp
\desktop\depliying rap
idnextech\WarpRapid\.n
ext\server\chunks\383.
js:1:22611)
    at nj (C:\Users\pn
p\Desktop\depliying ra
pidnextech\WarpRapid\n
ode_modules\next\dist\
compiled\next-server\a
pp-page.runtime.prod.j
s:12:46251)
    at nM (C:\Users\pn
p\Desktop\depliying ra
pidnextech\WarpRapid\n
ode_modules\next\dist\
compiled\next-server\a
pp-page.runtime.prod.j
s:12:47571)
    at nN (C:\Users\pn
p\Desktop\depliying ra
pidnextech\WarpRapid\n
ode_modules\next\dist\
compiled\next-server\a
pp-page.runtime.prod.j
s:12:64546)
    at nI (C:\Users\pn
p\Desktop\depliying ra
pidnextech\WarpRapid\n
ode_modules\next\dist\
compiled\next-server\a
pp-page.runtime.prod.j
s:12:47010)
    at nM (C:\Users\pn
p\Desktop\depliying ra
pidnextech\WarpRapid\n
ode_modules\next\dist\
compiled\next-server\a
pp-page.runtime.prod.j
s:12:47717)
    at nM (C:\Users\pn
p\Desktop\depliying ra
pidnextech\WarpRapid\n
ode_modules\next\dist\
compiled\next-server\a
pp-page.runtime.prod.j
s:12:61546)
    at nN (C:\Users\pn
p\Desktop\depliying ra
pidnextech\WarpRapid\n
ode_modules\next\dist\
compiled\next-server\a
pp-page.runtime.prod.j
s:12:64546)
TypeError: Cannot 
read properties of 
null (reading 
'useContext')
    at t.useContext (C
:\Users\pnp\desktop\de
pliying rapidnextech\W
arpRapid\node_modules\
next\dist\compiled\nex
t-server\app-page.runt
ime.prod.js:12:109363)
    at d (C:\Users\pnp
\desktop\depliying rap
idnextech\WarpRapid\.n
ext\server\chunks\383.
js:1:30707)
    at p (C:\Users\pnp
\desktop\depliying rap
idnextech\WarpRapid\.n
ext\server\chunks\383.
js:1:22611)
    at nj (C:\Users\pn
p\Desktop\depliying ra
pidnextech\WarpRapid\n
ode_modules\next\dist\
compiled\next-server\a
pp-page.runtime.prod.j
s:12:46251)
    at nM (C:\Users\pn
p\Desktop\depliying ra
pidnextech\WarpRapid\n
ode_modules\next\dist\
compiled\next-server\a
pp-page.runtime.prod.j
s:12:47571)
    at nN (C:\Users\pn
p\Desktop\depliying ra
pidnextech\WarpRapid\n
ode_modules\next\dist\
compiled\next-server\a
pp-page.runtime.prod.j
s:12:64546)
    at nI (C:\Users\pn
p\Desktop\depliying ra
pidnextech\WarpRapid\n
ode_modules\next\dist\
compiled\next-server\a
pp-page.runtime.prod.j
s:12:47010)
    at nM (C:\Users\pn
p\Desktop\depliying ra
pidnextech\WarpRapid\n
ode_modules\next\dist\
compiled\next-server\a
pp-page.runtime.prod.j
s:12:47717)
    at nM (C:\Users\pn
p\Desktop\depliying ra
pidnextech\WarpRapid\n
ode_modules\next\dist\
compiled\next-server\a
pp-page.runtime.prod.j
s:12:61546)
    at nN (C:\Users\pn
p\Desktop\depliying ra
pidnextech\WarpRapid\n
ode_modules\next\dist\
compiled\next-server\a
pp-page.runtime.prod.j
s:12:64546) {
  digest: '942765202'
}
TypeError: Cannot 
read properties of 
null (reading 
'useContext')
    at t.useContext (C
:\Users\pnp\desktop\de
pliying rapidnextech\W
arpRapid\node_modules\
next\dist\compiled\nex
t-server\app-page.runt
ime.prod.js:12:109363)
    at d (C:\Users\pnp
\desktop\depliying rap
idnextech\WarpRapid\.n
ext\server\chunks\383.
js:1:30707)
    at p (C:\Users\pnp
\desktop\depliying rap
idnextech\WarpRapid\.n
ext\server\chunks\383.
js:1:22611)
    at nj (C:\Users\pn
p\Desktop\depliying ra
pidnextech\WarpRapid\n
ode_modules\next\dist\
compiled\next-server\a
pp-page.runtime.prod.j
s:12:46251)
    at nM (C:\Users\pn
p\Desktop\depliying ra
pidnextech\WarpRapid\n
ode_modules\next\dist\
compiled\next-server\a
pp-page.runtime.prod.j
s:12:47571)
    at nN (C:\Users\pn
p\Desktop\depliying ra
pidnextech\WarpRapid\n
ode_modules\next\dist\
compiled\next-server\a
pp-page.runtime.prod.j
s:12:64546)
    at nI (C:\Users\pn
p\Desktop\depliying ra
pidnextech\WarpRapid\n
ode_modules\next\dist\
compiled\next-server\a
pp-page.runtime.prod.j
s:12:47010)
    at nM (C:\Users\pn
p\Desktop\depliying ra
pidnextech\WarpRapid\n
ode_modules\next\dist\
compiled\next-server\a
pp-page.runtime.prod.j
s:12:47717)
    at nM (C:\Users\pn
p\Desktop\depliying ra
pidnextech\WarpRapid\n
ode_modules\next\dist\
compiled\next-server\a
pp-page.runtime.prod.j
s:12:61546)
    at nN (C:\Users\pn
p\Desktop\depliying ra
pidnextech\WarpRapid\n
ode_modules\next\dist\
compiled\next-server\a
pp-page.runtime.prod.j
s:12:64546)

Error occurred 
prerendering page 
"/careers". Read 
more: https://nextjs.o
rg/docs/messages/prere
nder-error

TypeError: Cannot 
read properties of 
null (reading 
'useContext')
    at t.useContext (C
:\Users\pnp\desktop\de
pliying rapidnextech\W
arpRapid\node_modules\
next\dist\compiled\nex
t-server\app-page.runt
ime.prod.js:12:109363)
    at d (C:\Users\pnp
\desktop\depliying rap
idnextech\WarpRapid\.n
ext\server\chunks\383.
js:1:30707)
    at p (C:\Users\pnp
\desktop\depliying rap
idnextech\WarpRapid\.n
ext\server\chunks\383.
js:1:22611)
    at nj (C:\Users\pn
p\Desktop\depliying ra
pidnextech\WarpRapid\n
ode_modules\next\dist\
compiled\next-server\a
pp-page.runtime.prod.j
s:12:46251)
    at nM (C:\Users\pn
p\Desktop\depliying ra
pidnextech\WarpRapid\n
ode_modules\next\dist\
compiled\next-server\a
pp-page.runtime.prod.j
s:12:47571)
    at nN (C:\Users\pn
p\Desktop\depliying ra
pidnextech\WarpRapid\n
ode_modules\next\dist\
compiled\next-server\a
pp-page.runtime.prod.j
s:12:64546)
    at nI (C:\Users\pn
p\Desktop\depliying ra
pidnextech\WarpRapid\n
ode_modules\next\dist\
compiled\next-server\a
pp-page.runtime.prod.j
s:12:47010)
    at nM (C:\Users\pn
p\Desktop\depliying ra
pidnextech\WarpRapid\n
ode_modules\next\dist\
compiled\next-server\a
pp-page.runtime.prod.j
s:12:47717)
    at nM (C:\Users\pn
p\Desktop\depliying ra
pidnextech\WarpRapid\n
ode_modules\next\dist\
compiled\next-server\a
pp-page.runtime.prod.j
s:12:61546)
    at nN (C:\Users\pn
p\Desktop\depliying ra
pidnextech\WarpRapid\n
ode_modules\next\dist\
compiled\next-server\a
pp-page.runtime.prod.j
s:12:64546)
TypeError: Cannot 
read properties of 
null (reading 
'useContext')
    at 
exports.useContext (C:
\Users\pnp\desktop\dep
liying rapidnextech\Wa
rpRapid\node_modules\r
eact\cjs\react.product
ion.min.js:24:495)
    at h (C:\Users\pnp
\desktop\depliying rap
idnextech\WarpRapid\.n
ext\server\pages\_erro
r.js:1:6024)
    at Wc (C:\Users\pn
p\Desktop\depliying ra
pidnextech\WarpRapid\n
ode_modules\react-dom\
cjs\react-dom-server.b
rowser.production.min.
js:68:44)
    at Zc (C:\Users\pn
p\Desktop\depliying ra
pidnextech\WarpRapid\n
ode_modules\react-dom\
cjs\react-dom-server.b
rowser.production.min.
js:70:253)
    at Z (C:\Users\pnp
\Desktop\depliying rap
idnextech\WarpRapid\no
de_modules\react-dom\c
js\react-dom-server.br
owser.production.min.j
s:76:89)
    at $c (C:\Users\pn
p\Desktop\depliying ra
pidnextech\WarpRapid\n
ode_modules\react-dom\
cjs\react-dom-server.b
rowser.production.min.
js:78:98)
    at bd (C:\Users\pn
p\Desktop\depliying ra
pidnextech\WarpRapid\n
ode_modules\react-dom\
cjs\react-dom-server.b
rowser.production.min.
js:77:404)
    at Z (C:\Users\pnp
\Desktop\depliying rap
idnextech\WarpRapid\no
de_modules\react-dom\c
js\react-dom-server.br
owser.production.min.j
s:76:217)
    at $c (C:\Users\pn
p\Desktop\depliying ra
pidnextech\WarpRapid\n
ode_modules\react-dom\
cjs\react-dom-server.b
rowser.production.min.
js:78:98)
    at Zc (C:\Users\pn
p\Desktop\depliying ra
pidnextech\WarpRapid\n
ode_modules\react-dom\
cjs\react-dom-server.b
rowser.production.min.
js:71:145)

Error occurred 
prerendering page 
"/500". Read more: htt
ps://nextjs.org/docs/m
essages/prerender-erro
r

TypeError: Cannot 
read properties of 
null (reading 
'useContext')
    at 
exports.useContext (C:
\Users\pnp\desktop\dep
liying rapidnextech\Wa
rpRapid\node_modules\r
eact\cjs\react.product
ion.min.js:24:495)
    at h (C:\Users\pnp
\desktop\depliying rap
idnextech\WarpRapid\.n
ext\server\pages\_erro
r.js:1:6024)
    at Wc (C:\Users\pn
p\Desktop\depliying ra
pidnextech\WarpRapid\n
ode_modules\react-dom\
cjs\react-dom-server.b
rowser.production.min.
js:68:44)
    at Zc (C:\Users\pn
p\Desktop\depliying ra
pidnextech\WarpRapid\n
ode_modules\react-dom\
cjs\react-dom-server.b
rowser.production.min.
js:70:253)
    at Z (C:\Users\pnp
\Desktop\depliying rap
idnextech\WarpRapid\no
de_modules\react-dom\c
js\react-dom-server.br
owser.production.min.j
s:76:89)
    at $c (C:\Users\pn
p\Desktop\depliying ra
pidnextech\WarpRapid\n
ode_modules\react-dom\
cjs\react-dom-server.b
rowser.production.min.
js:78:98)
    at bd (C:\Users\pn
p\Desktop\depliying ra
pidnextech\WarpRapid\n
ode_modules\react-dom\
cjs\react-dom-server.b
rowser.production.min.
js:77:404)
    at Z (C:\Users\pnp
\Desktop\depliying rap
idnextech\WarpRapid\no
de_modules\react-dom\c
js\react-dom-server.br
owser.production.min.j
s:76:217)
    at $c (C:\Users\pn
p\Desktop\depliying ra
pidnextech\WarpRapid\n
ode_modules\react-dom\
cjs\react-dom-server.b
rowser.production.min.
js:78:98)
    at Zc (C:\Users\pn
p\Desktop\depliying ra
pidnextech\WarpRapid\n
ode_modules\react-dom\
cjs\react-dom-server.b
rowser.production.min.
js:71:145)
TypeError: Cannot 
read properties of 
null (reading 
'useContext')
    at t.useContext (C
:\Users\pnp\desktop\de
pliying rapidnextech\W
arpRapid\node_modules\
next\dist\compiled\nex
t-server\app-page.runt
ime.prod.js:12:109363)
    at d (C:\Users\pnp
\desktop\depliying rap
idnextech\WarpRapid\.n
ext\server\chunks\383.
js:1:30707)
    at p (C:\Users\pnp
\desktop\depliying rap
idnextech\WarpRapid\.n
ext\server\chunks\383.
js:1:22611)
    at nj (C:\Users\pn
p\Desktop\depliying ra
pidnextech\WarpRapid\n
ode_modules\next\dist\
compiled\next-server\a
pp-page.runtime.prod.j
s:12:46251)
    at nM (C:\Users\pn
p\Desktop\depliying ra
pidnextech\WarpRapid\n
ode_modules\next\dist\
compiled\next-server\a
pp-page.runtime.prod.j
s:12:47571)
    at nN (C:\Users\pn
p\Desktop\depliying ra
pidnextech\WarpRapid\n
ode_modules\next\dist\
compiled\next-server\a
pp-page.runtime.prod.j
s:12:64546)
    at nI (C:\Users\pn
p\Desktop\depliying ra
pidnextech\WarpRapid\n
ode_modules\next\dist\
compiled\next-server\a
pp-page.runtime.prod.j
s:12:47010)
    at nM (C:\Users\pn
p\Desktop\depliying ra
pidnextech\WarpRapid\n
ode_modules\next\dist\
compiled\next-server\a
pp-page.runtime.prod.j
s:12:47717)
    at nM (C:\Users\pn
p\Desktop\depliying ra
pidnextech\WarpRapid\n
ode_modules\next\dist\
compiled\next-server\a
pp-page.runtime.prod.j
s:12:61546)
    at nN (C:\Users\pn
p\Desktop\depliying ra
pidnextech\WarpRapid\n
ode_modules\next\dist\
compiled\next-server\a
pp-page.runtime.prod.j
s:12:64546) {
  digest: '942765202'
}
TypeError: Cannot 
read properties of 
null (reading 
'useContext')
    at t.useContext (C
:\Users\pnp\desktop\de
pliying rapidnextech\W
arpRapid\node_modules\
next\dist\compiled\nex
t-server\app-page.runt
ime.prod.js:12:109363)
    at d (C:\Users\pnp
\desktop\depliying rap
idnextech\WarpRapid\.n
ext\server\chunks\383.
js:1:30707)
    at p (C:\Users\pnp
\desktop\depliying rap
idnextech\WarpRapid\.n
ext\server\chunks\383.
js:1:22611)
    at nj (C:\Users\pn
p\Desktop\depliying ra
pidnextech\WarpRapid\n
ode_modules\next\dist\
compiled\next-server\a
pp-page.runtime.prod.j
s:12:46251)
    at nM (C:\Users\pn
p\Desktop\depliying ra
pidnextech\WarpRapid\n
ode_modules\next\dist\
compiled\next-server\a
pp-page.runtime.prod.j
s:12:47571)
    at nN (C:\Users\pn
p\Desktop\depliying ra
pidnextech\WarpRapid\n
ode_modules\next\dist\
compiled\next-server\a
pp-page.runtime.prod.j
s:12:64546)
    at nI (C:\Users\pn
p\Desktop\depliying ra
pidnextech\WarpRapid\n
ode_modules\next\dist\
compiled\next-server\a
pp-page.runtime.prod.j
s:12:47010)
    at nM (C:\Users\pn
p\Desktop\depliying ra
pidnextech\WarpRapid\n
ode_modules\next\dist\
compiled\next-server\a
pp-page.runtime.prod.j
s:12:47717)
    at nM (C:\Users\pn
p\Desktop\depliying ra
pidnextech\WarpRapid\n
ode_modules\next\dist\
compiled\next-server\a
pp-page.runtime.prod.j
s:12:61546)
    at nN (C:\Users\pn
p\Desktop\depliying ra
pidnextech\WarpRapid\n
ode_modules\next\dist\
compiled\next-server\a
pp-page.runtime.prod.j
s:12:64546)

Error occurred 
prerendering page 
"/contact". Read 
more: https://nextjs.o
rg/docs/messages/prere
nder-error

TypeError: Cannot 
read properties of 
null (reading 
'useContext')
    at t.useContext (C
:\Users\pnp\desktop\de
pliying rapidnextech\W
arpRapid\node_modules\
next\dist\compiled\nex
t-server\app-page.runt
ime.prod.js:12:109363)
    at d (C:\Users\pnp
\desktop\depliying rap
idnextech\WarpRapid\.n
ext\server\chunks\383.
js:1:30707)
    at p (C:\Users\pnp
\desktop\depliying rap
idnextech\WarpRapid\.n
ext\server\chunks\383.
js:1:22611)
    at nj (C:\Users\pn
p\Desktop\depliying ra
pidnextech\WarpRapid\n
ode_modules\next\dist\
compiled\next-server\a
pp-page.runtime.prod.j
s:12:46251)
    at nM (C:\Users\pn
p\Desktop\depliying ra
pidnextech\WarpRapid\n
ode_modules\next\dist\
compiled\next-server\a
pp-page.runtime.prod.j
s:12:47571)
    at nN (C:\Users\pn
p\Desktop\depliying ra
pidnextech\WarpRapid\n
ode_modules\next\dist\
compiled\next-server\a
pp-page.runtime.prod.j
s:12:64546)
    at nI (C:\Users\pn
p\Desktop\depliying ra
pidnextech\WarpRapid\n
ode_modules\next\dist\
compiled\next-server\a
pp-page.runtime.prod.j
s:12:47010)
    at nM (C:\Users\pn
p\Desktop\depliying ra
pidnextech\WarpRapid\n
ode_modules\next\dist\
compiled\next-server\a
pp-page.runtime.prod.j
s:12:47717)
    at nM (C:\Users\pn
p\Desktop\depliying ra
pidnextech\WarpRapid\n
ode_modules\next\dist\
compiled\next-server\a
pp-page.runtime.prod.j
s:12:61546)
    at nN (C:\Users\pn
p\Desktop\depliying ra
pidnextech\WarpRapid\n
ode_modules\next\dist\
compiled\next-server\a
pp-page.runtime.prod.j
s:12:64546)
TypeError: Cannot 
read properties of 
null (reading 
'useContext')
    at t.useContext (C
:\Users\pnp\desktop\de
pliying rapidnextech\W
arpRapid\node_modules\
next\dist\compiled\nex
t-server\app-page.runt
ime.prod.js:12:109363)
    at d (C:\Users\pnp
\desktop\depliying rap
idnextech\WarpRapid\.n
ext\server\chunks\383.
js:1:30707)
    at p (C:\Users\pnp
\desktop\depliying rap
idnextech\WarpRapid\.n
ext\server\chunks\383.
js:1:22611)
    at nj (C:\Users\pn
p\Desktop\depliying ra
pidnextech\WarpRapid\n
ode_modules\next\dist\
compiled\next-server\a
pp-page.runtime.prod.j
s:12:46251)
    at nM (C:\Users\pn
p\Desktop\depliying ra
pidnextech\WarpRapid\n
ode_modules\next\dist\
compiled\next-server\a
pp-page.runtime.prod.j
s:12:47571)
    at nN (C:\Users\pn
p\Desktop\depliying ra
pidnextech\WarpRapid\n
ode_modules\next\dist\
compiled\next-server\a
pp-page.runtime.prod.j
s:12:64546)
    at nI (C:\Users\pn
p\Desktop\depliying ra
pidnextech\WarpRapid\n
ode_modules\next\dist\
compiled\next-server\a
pp-page.runtime.prod.j
s:12:47010)
    at nM (C:\Users\pn
p\Desktop\depliying ra
pidnextech\WarpRapid\n
ode_modules\next\dist\
compiled\next-server\a
pp-page.runtime.prod.j
s:12:47717)
    at nM (C:\Users\pn
p\Desktop\depliying ra
pidnextech\WarpRapid\n
ode_modules\next\dist\
compiled\next-server\a
pp-page.runtime.prod.j
s:12:61546)
    at nN (C:\Users\pn
p\Desktop\depliying ra
pidnextech\WarpRapid\n
ode_modules\next\dist\
compiled\next-server\a
pp-page.runtime.prod.j
s:12:64546) {
  digest: '942765202'
}
TypeError: Cannot 
read properties of 
null (reading 
'useContext')
    at t.useContext (C
:\Users\pnp\desktop\de
pliying rapidnextech\W
arpRapid\node_modules\
next\dist\compiled\nex
t-server\app-page.runt
ime.prod.js:12:109363)
    at d (C:\Users\pnp
\desktop\depliying rap
idnextech\WarpRapid\.n
ext\server\chunks\383.
js:1:30707)
    at p (C:\Users\pnp
\desktop\depliying rap
idnextech\WarpRapid\.n
ext\server\chunks\383.
js:1:22611)
    at nj (C:\Users\pn
p\Desktop\depliying ra
pidnextech\WarpRapid\n
ode_modules\next\dist\
compiled\next-server\a
pp-page.runtime.prod.j
s:12:46251)
    at nM (C:\Users\pn
p\Desktop\depliying ra
pidnextech\WarpRapid\n
ode_modules\next\dist\
compiled\next-server\a
pp-page.runtime.prod.j
s:12:47571)
    at nN (C:\Users\pn
p\Desktop\depliying ra
pidnextech\WarpRapid\n
ode_modules\next\dist\
compiled\next-server\a
pp-page.runtime.prod.j
s:12:64546)
    at nI (C:\Users\pn
p\Desktop\depliying ra
pidnextech\WarpRapid\n
ode_modules\next\dist\
compiled\next-server\a
pp-page.runtime.prod.j
s:12:47010)
    at nM (C:\Users\pn
p\Desktop\depliying ra
pidnextech\WarpRapid\n
ode_modules\next\dist\
compiled\next-server\a
pp-page.runtime.prod.j
s:12:47717)
    at nM (C:\Users\pn
p\Desktop\depliying ra
pidnextech\WarpRapid\n
ode_modules\next\dist\
compiled\next-server\a
pp-page.runtime.prod.j
s:12:61546)
    at nN (C:\Users\pn
p\Desktop\depliying ra
pidnextech\WarpRapid\n
ode_modules\next\dist\
compiled\next-server\a
pp-page.runtime.prod.j
s:12:64546)

Error occurred 
prerendering page "/se
rvices/custom-software
-development". Read 
more: https://nextjs.o
rg/docs/messages/prere
nder-error

TypeError: Cannot 
read properties of 
null (reading 
'useContext')
    at t.useContext (C
:\Users\pnp\desktop\de
pliying rapidnextech\W
arpRapid\node_modules\
next\dist\compiled\nex
t-server\app-page.runt
ime.prod.js:12:109363)
    at d (C:\Users\pnp
\desktop\depliying rap
idnextech\WarpRapid\.n
ext\server\chunks\383.
js:1:30707)
    at p (C:\Users\pnp
\desktop\depliying rap
idnextech\WarpRapid\.n
ext\server\chunks\383.
js:1:22611)
    at nj (C:\Users\pn
p\Desktop\depliying ra
pidnextech\WarpRapid\n
ode_modules\next\dist\
compiled\next-server\a
pp-page.runtime.prod.j
s:12:46251)
    at nM (C:\Users\pn
p\Desktop\depliying ra
pidnextech\WarpRapid\n
ode_modules\next\dist\
compiled\next-server\a
pp-page.runtime.prod.j
s:12:47571)
    at nN (C:\Users\pn
p\Desktop\depliying ra
pidnextech\WarpRapid\n
ode_modules\next\dist\
compiled\next-server\a
pp-page.runtime.prod.j
s:12:64546)
    at nI (C:\Users\pn
p\Desktop\depliying ra
pidnextech\WarpRapid\n
ode_modules\next\dist\
compiled\next-server\a
pp-page.runtime.prod.j
s:12:47010)
    at nM (C:\Users\pn
p\Desktop\depliying ra
pidnextech\WarpRapid\n
ode_modules\next\dist\
compiled\next-server\a
pp-page.runtime.prod.j
s:12:47717)
    at nM (C:\Users\pn
p\Desktop\depliying ra
pidnextech\WarpRapid\n
ode_modules\next\dist\
compiled\next-server\a
pp-page.runtime.prod.j
s:12:61546)
    at nN (C:\Users\pn
p\Desktop\depliying ra
pidnextech\WarpRapid\n
ode_modules\next\dist\
compiled\next-server\a
pp-page.runtime.prod.j
s:12:64546)
TypeError: Cannot 
read properties of 
null (reading 
'useContext')
    at t.useContext (C
:\Users\pnp\desktop\de
pliying rapidnextech\W
arpRapid\node_modules\
next\dist\compiled\nex
t-server\app-page.runt
ime.prod.js:12:109363)
    at d (C:\Users\pnp
\desktop\depliying rap
idnextech\WarpRapid\.n
ext\server\chunks\383.
js:1:30707)
    at p (C:\Users\pnp
\desktop\depliying rap
idnextech\WarpRapid\.n
ext\server\chunks\383.
js:1:22611)
    at nj (C:\Users\pn
p\Desktop\depliying ra
pidnextech\WarpRapid\n
ode_modules\next\dist\
compiled\next-server\a
pp-page.runtime.prod.j
s:12:46251)
    at nM (C:\Users\pn
p\Desktop\depliying ra
pidnextech\WarpRapid\n
ode_modules\next\dist\
compiled\next-server\a
pp-page.runtime.prod.j
s:12:47571)
    at nN (C:\Users\pn
p\Desktop\depliying ra
pidnextech\WarpRapid\n
ode_modules\next\dist\
compiled\next-server\a
pp-page.runtime.prod.j
s:12:64546)
    at nI (C:\Users\pn
p\Desktop\depliying ra
pidnextech\WarpRapid\n
ode_modules\next\dist\
compiled\next-server\a
pp-page.runtime.prod.j
s:12:47010)
    at nM (C:\Users\pn
p\Desktop\depliying ra
pidnextech\WarpRapid\n
ode_modules\next\dist\
compiled\next-server\a
pp-page.runtime.prod.j
s:12:47717)
    at nM (C:\Users\pn
p\Desktop\depliying ra
pidnextech\WarpRapid\n
ode_modules\next\dist\
compiled\next-server\a
pp-page.runtime.prod.j
s:12:61546)
    at nN (C:\Users\pn
p\Desktop\depliying ra
pidnextech\WarpRapid\n
ode_modules\next\dist\
compiled\next-server\a
pp-page.runtime.prod.j
s:12:64546) {
  digest: '942765202'
}
TypeError: Cannot 
read properties of 
null (reading 
'useContext')
    at t.useContext (C
:\Users\pnp\desktop\de
pliying rapidnextech\W
arpRapid\node_modules\
next\dist\compiled\nex
t-server\app-page.runt
ime.prod.js:12:109363)
    at d (C:\Users\pnp
\desktop\depliying rap
idnextech\WarpRapid\.n
ext\server\chunks\383.
js:1:30707)
    at p (C:\Users\pnp
\desktop\depliying rap
idnextech\WarpRapid\.n
ext\server\chunks\383.
js:1:22611)
    at nj (C:\Users\pn
p\Desktop\depliying ra
pidnextech\WarpRapid\n
ode_modules\next\dist\
compiled\next-server\a
pp-page.runtime.prod.j
s:12:46251)
    at nM (C:\Users\pn
p\Desktop\depliying ra
pidnextech\WarpRapid\n
ode_modules\next\dist\
compiled\next-server\a
pp-page.runtime.prod.j
s:12:47571)
    at nN (C:\Users\pn
p\Desktop\depliying ra
pidnextech\WarpRapid\n
ode_modules\next\dist\
compiled\next-server\a
pp-page.runtime.prod.j
s:12:64546)
    at nI (C:\Users\pn
p\Desktop\depliying ra
pidnextech\WarpRapid\n
ode_modules\next\dist\
compiled\next-server\a
pp-page.runtime.prod.j
s:12:47010)
    at nM (C:\Users\pn
p\Desktop\depliying ra
pidnextech\WarpRapid\n
ode_modules\next\dist\
compiled\next-server\a
pp-page.runtime.prod.j
s:12:47717)
    at nM (C:\Users\pn
p\Desktop\depliying ra
pidnextech\WarpRapid\n
ode_modules\next\dist\
compiled\next-server\a
pp-page.runtime.prod.j
s:12:61546)
    at nN (C:\Users\pn
p\Desktop\depliying ra
pidnextech\WarpRapid\n
ode_modules\next\dist\
compiled\next-server\a
pp-page.runtime.prod.j
s:12:64546)

Error occurred 
prerendering page "/se
rvices/web-application
-development". Read 
more: https://nextjs.o
rg/docs/messages/prere
nder-error

TypeError: Cannot 
read properties of 
null (reading 
'useContext')
    at t.useContext (C
:\Users\pnp\desktop\de
pliying rapidnextech\W
arpRapid\node_modules\
next\dist\compiled\nex
t-server\app-page.runt
ime.prod.js:12:109363)
    at d (C:\Users\pnp
\desktop\depliying rap
idnextech\WarpRapid\.n
ext\server\chunks\383.
js:1:30707)
    at p (C:\Users\pnp
\desktop\depliying rap
idnextech\WarpRapid\.n
ext\server\chunks\383.
js:1:22611)
    at nj (C:\Users\pn
p\Desktop\depliying ra
pidnextech\WarpRapid\n
ode_modules\next\dist\
compiled\next-server\a
pp-page.runtime.prod.j
s:12:46251)
    at nM (C:\Users\pn
p\Desktop\depliying ra
pidnextech\WarpRapid\n
ode_modules\next\dist\
compiled\next-server\a
pp-page.runtime.prod.j
s:12:47571)
    at nN (C:\Users\pn
p\Desktop\depliying ra
pidnextech\WarpRapid\n
ode_modules\next\dist\
compiled\next-server\a
pp-page.runtime.prod.j
s:12:64546)
    at nI (C:\Users\pn
p\Desktop\depliying ra
pidnextech\WarpRapid\n
ode_modules\next\dist\
compiled\next-server\a
pp-page.runtime.prod.j
s:12:47010)
    at nM (C:\Users\pn
p\Desktop\depliying ra
pidnextech\WarpRapid\n
ode_modules\next\dist\
compiled\next-server\a
pp-page.runtime.prod.j
s:12:47717)
    at nM (C:\Users\pn
p\Desktop\depliying ra
pidnextech\WarpRapid\n
ode_modules\next\dist\
compiled\next-server\a
pp-page.runtime.prod.j
s:12:61546)
    at nN (C:\Users\pn
p\Desktop\depliying ra
pidnextech\WarpRapid\n
ode_modules\next\dist\
compiled\next-server\a
pp-page.runtime.prod.j
s:12:64546)
TypeError: Cannot 
read properties of 
null (reading 
'useContext')
    at t.useContext (C
:\Users\pnp\desktop\de
pliying rapidnextech\W
arpRapid\node_modules\
next\dist\compiled\nex
t-server\app-page.runt
ime.prod.js:12:109363)
    at d (C:\Users\pnp
\desktop\depliying rap
idnextech\WarpRapid\.n
ext\server\chunks\383.
js:1:30707)
    at p (C:\Users\pnp
\desktop\depliying rap
idnextech\WarpRapid\.n
ext\server\chunks\383.
js:1:22611)
    at nj (C:\Users\pn
p\Desktop\depliying ra
pidnextech\WarpRapid\n
ode_modules\next\dist\
compiled\next-server\a
pp-page.runtime.prod.j
s:12:46251)
    at nM (C:\Users\pn
p\Desktop\depliying ra
pidnextech\WarpRapid\n
ode_modules\next\dist\
compiled\next-server\a
pp-page.runtime.prod.j
s:12:47571)
    at nN (C:\Users\pn
p\Desktop\depliying ra
pidnextech\WarpRapid\n
ode_modules\next\dist\
compiled\next-server\a
pp-page.runtime.prod.j
s:12:64546)
    at nI (C:\Users\pn
p\Desktop\depliying ra
pidnextech\WarpRapid\n
ode_modules\next\dist\
compiled\next-server\a
pp-page.runtime.prod.j
s:12:47010)
    at nM (C:\Users\pn
p\Desktop\depliying ra
pidnextech\WarpRapid\n
ode_modules\next\dist\
compiled\next-server\a
pp-page.runtime.prod.j
s:12:47717)
    at nM (C:\Users\pn
p\Desktop\depliying ra
pidnextech\WarpRapid\n
ode_modules\next\dist\
compiled\next-server\a
pp-page.runtime.prod.j
s:12:61546)
    at nN (C:\Users\pn
p\Desktop\depliying ra
pidnextech\WarpRapid\n
ode_modules\next\dist\
compiled\next-server\a
pp-page.runtime.prod.j
s:12:64546) {
  digest: '942765202'
}
TypeError: Cannot 
read properties of 
null (reading 
'useContext')
    at t.useContext (C
:\Users\pnp\desktop\de
pliying rapidnextech\W
arpRapid\node_modules\
next\dist\compiled\nex
t-server\app-page.runt
ime.prod.js:12:109363)
    at d (C:\Users\pnp
\desktop\depliying rap
idnextech\WarpRapid\.n
ext\server\chunks\383.
js:1:30707)
    at p (C:\Users\pnp
\desktop\depliying rap
idnextech\WarpRapid\.n
ext\server\chunks\383.
js:1:22611)
    at nj (C:\Users\pn
p\Desktop\depliying ra
pidnextech\WarpRapid\n
ode_modules\next\dist\
compiled\next-server\a
pp-page.runtime.prod.j
s:12:46251)
    at nM (C:\Users\pn
p\Desktop\depliying ra
pidnextech\WarpRapid\n
ode_modules\next\dist\
compiled\next-server\a
pp-page.runtime.prod.j
s:12:47571)
    at nN (C:\Users\pn
p\Desktop\depliying ra
pidnextech\WarpRapid\n
ode_modules\next\dist\
compiled\next-server\a
pp-page.runtime.prod.j
s:12:64546)
    at nI (C:\Users\pn
p\Desktop\depliying ra
pidnextech\WarpRapid\n
ode_modules\next\dist\
compiled\next-server\a
pp-page.runtime.prod.j
s:12:47010)
    at nM (C:\Users\pn
p\Desktop\depliying ra
pidnextech\WarpRapid\n
ode_modules\next\dist\
compiled\next-server\a
pp-page.runtime.prod.j
s:12:47717)
    at nM (C:\Users\pn
p\Desktop\depliying ra
pidnextech\WarpRapid\n
ode_modules\next\dist\
compiled\next-server\a
pp-page.runtime.prod.j
s:12:61546)
    at nN (C:\Users\pn
p\Desktop\depliying ra
pidnextech\WarpRapid\n
ode_modules\next\dist\
compiled\next-server\a
pp-page.runtime.prod.j
s:12:64546)

Error occurred 
prerendering page "/se
rvices/custom-ai-integ
rations". Read more: h
ttps://nextjs.org/docs
/messages/prerender-er
ror

TypeError: Cannot 
read properties of 
null (reading 
'useContext')
    at t.useContext (C
:\Users\pnp\desktop\de
pliying rapidnextech\W
arpRapid\node_modules\
next\dist\compiled\nex
t-server\app-page.runt
ime.prod.js:12:109363)
    at d (C:\Users\pnp
\desktop\depliying rap
idnextech\WarpRapid\.n
ext\server\chunks\383.
js:1:30707)
    at p (C:\Users\pnp
\desktop\depliying rap
idnextech\WarpRapid\.n
ext\server\chunks\383.
js:1:22611)
    at nj (C:\Users\pn
p\Desktop\depliying ra
pidnextech\WarpRapid\n
ode_modules\next\dist\
compiled\next-server\a
pp-page.runtime.prod.j
s:12:46251)
    at nM (C:\Users\pn
p\Desktop\depliying ra
pidnextech\WarpRapid\n
ode_modules\next\dist\
compiled\next-server\a
pp-page.runtime.prod.j
s:12:47571)
    at nN (C:\Users\pn
p\Desktop\depliying ra
pidnextech\WarpRapid\n
ode_modules\next\dist\
compiled\next-server\a
pp-page.runtime.prod.j
s:12:64546)
    at nI (C:\Users\pn
p\Desktop\depliying ra
pidnextech\WarpRapid\n
ode_modules\next\dist\
compiled\next-server\a
pp-page.runtime.prod.j
s:12:47010)
    at nM (C:\Users\pn
p\Desktop\depliying ra
pidnextech\WarpRapid\n
ode_modules\next\dist\
compiled\next-server\a
pp-page.runtime.prod.j
s:12:47717)
    at nM (C:\Users\pn
p\Desktop\depliying ra
pidnextech\WarpRapid\n
ode_modules\next\dist\
compiled\next-server\a
pp-page.runtime.prod.j
s:12:61546)
    at nN (C:\Users\pn
p\Desktop\depliying ra
pidnextech\WarpRapid\n
ode_modules\next\dist\
compiled\next-server\a
pp-page.runtime.prod.j
s:12:64546)
TypeError: Cannot 
read properties of 
null (reading 
'useContext')
    at t.useContext (C
:\Users\pnp\desktop\de
pliying rapidnextech\W
arpRapid\node_modules\
next\dist\compiled\nex
t-server\app-page.runt
ime.prod.js:12:109363)
    at d (C:\Users\pnp
\desktop\depliying rap
idnextech\WarpRapid\.n
ext\server\chunks\383.
js:1:30707)
    at p (C:\Users\pnp
\desktop\depliying rap
idnextech\WarpRapid\.n
ext\server\chunks\383.
js:1:22611)
    at nj (C:\Users\pn
p\Desktop\depliying ra
pidnextech\WarpRapid\n
ode_modules\next\dist\
compiled\next-server\a
pp-page.runtime.prod.j
s:12:46251)
    at nM (C:\Users\pn
p\Desktop\depliying ra
pidnextech\WarpRapid\n
ode_modules\next\dist\
compiled\next-server\a
pp-page.runtime.prod.j
s:12:47571)
   Generating static pages (20/40) 
    at nN (C:\Users\pn
p\Desktop\depliying ra
pidnextech\WarpRapid\n
ode_modules\next\dist\
compiled\next-server\a
pp-page.runtime.prod.j
s:12:64546)
    at nI (C:\Users\pn
p\Desktop\depliying ra
pidnextech\WarpRapid\n
ode_modules\next\dist\
compiled\next-server\a
pp-page.runtime.prod.j
s:12:47010)
    at nM (C:\Users\pn
p\Desktop\depliying ra
pidnextech\WarpRapid\n
ode_modules\next\dist\
compiled\next-server\a
pp-page.runtime.prod.j
s:12:47717)
    at nM (C:\Users\pn
p\Desktop\depliying ra
pidnextech\WarpRapid\n
ode_modules\next\dist\
compiled\next-server\a
pp-page.runtime.prod.j
s:12:61546)
    at nN (C:\Users\pn
p\Desktop\depliying ra
pidnextech\WarpRapid\n
ode_modules\next\dist\
compiled\next-server\a
pp-page.runtime.prod.j
s:12:64546) {
  digest: '942765202'
}
TypeError: Cannot 
read properties of 
null (reading 
'useContext')
    at t.useContext (C
:\Users\pnp\desktop\de
pliying rapidnextech\W
arpRapid\node_modules\
next\dist\compiled\nex
t-server\app-page.runt
ime.prod.js:12:109363)
    at d (C:\Users\pnp
\desktop\depliying rap
idnextech\WarpRapid\.n
ext\server\chunks\383.
js:1:30707)
    at p (C:\Users\pnp
\desktop\depliying rap
idnextech\WarpRapid\.n
ext\server\chunks\383.
js:1:22611)
    at nj (C:\Users\pn
p\Desktop\depliying ra
pidnextech\WarpRapid\n
ode_modules\next\dist\
compiled\next-server\a
pp-page.runtime.prod.j
s:12:46251)
    at nM (C:\Users\pn
p\Desktop\depliying ra
pidnextech\WarpRapid\n
ode_modules\next\dist\
compiled\next-server\a
pp-page.runtime.prod.j
s:12:47571)
    at nN (C:\Users\pn
p\Desktop\depliying ra
pidnextech\WarpRapid\n
ode_modules\next\dist\
compiled\next-server\a
pp-page.runtime.prod.j
s:12:64546)
    at nI (C:\Users\pn
p\Desktop\depliying ra
pidnextech\WarpRapid\n
ode_modules\next\dist\
compiled\next-server\a
pp-page.runtime.prod.j
s:12:47010)
    at nM (C:\Users\pn
p\Desktop\depliying ra
pidnextech\WarpRapid\n
ode_modules\next\dist\
compiled\next-server\a
pp-page.runtime.prod.j
s:12:47717)
    at nM (C:\Users\pn
p\Desktop\depliying ra
pidnextech\WarpRapid\n
ode_modules\next\dist\
compiled\next-server\a
pp-page.runtime.prod.j
s:12:61546)
    at nN (C:\Users\pn
p\Desktop\depliying ra
pidnextech\WarpRapid\n
ode_modules\next\dist\
compiled\next-server\a
pp-page.runtime.prod.j
s:12:64546)

Error occurred 
prerendering page "/se
rvices/cloud-infrastru
cture". Read more: htt
ps://nextjs.org/docs/m
essages/prerender-erro
r

TypeError: Cannot 
read properties of 
null (reading 
'useContext')
    at t.useContext (C
:\Users\pnp\desktop\de
pliying rapidnextech\W
arpRapid\node_modules\
next\dist\compiled\nex
t-server\app-page.runt
ime.prod.js:12:109363)
    at d (C:\Users\pnp
\desktop\depliying rap
idnextech\WarpRapid\.n
ext\server\chunks\383.
js:1:30707)
    at p (C:\Users\pnp
\desktop\depliying rap
idnextech\WarpRapid\.n
ext\server\chunks\383.
js:1:22611)
    at nj (C:\Users\pn
p\Desktop\depliying ra
pidnextech\WarpRapid\n
ode_modules\next\dist\
compiled\next-server\a
pp-page.runtime.prod.j
s:12:46251)
    at nM (C:\Users\pn
p\Desktop\depliying ra
pidnextech\WarpRapid\n
ode_modules\next\dist\
compiled\next-server\a
pp-page.runtime.prod.j
s:12:47571)
    at nN (C:\Users\pn
p\Desktop\depliying ra
pidnextech\WarpRapid\n
ode_modules\next\dist\
compiled\next-server\a
pp-page.runtime.prod.j
s:12:64546)
    at nI (C:\Users\pn
p\Desktop\depliying ra
pidnextech\WarpRapid\n
ode_modules\next\dist\
compiled\next-server\a
pp-page.runtime.prod.j
s:12:47010)
    at nM (C:\Users\pn
p\Desktop\depliying ra
pidnextech\WarpRapid\n
ode_modules\next\dist\
compiled\next-server\a
pp-page.runtime.prod.j
s:12:47717)
    at nM (C:\Users\pn
p\Desktop\depliying ra
pidnextech\WarpRapid\n
ode_modules\next\dist\
compiled\next-server\a
pp-page.runtime.prod.j
s:12:61546)
    at nN (C:\Users\pn
p\Desktop\depliying ra
pidnextech\WarpRapid\n
ode_modules\next\dist\
compiled\next-server\a
pp-page.runtime.prod.j
s:12:64546)
TypeError: Cannot 
read properties of 
null (reading 
'useContext')
    at t.useContext (C
:\Users\pnp\desktop\de
pliying rapidnextech\W
arpRapid\node_modules\
next\dist\compiled\nex
t-server\app-page.runt
ime.prod.js:12:109363)
    at d (C:\Users\pnp
\desktop\depliying rap
idnextech\WarpRapid\.n
ext\server\chunks\383.
js:1:30707)
    at p (C:\Users\pnp
\desktop\depliying rap
idnextech\WarpRapid\.n
ext\server\chunks\383.
js:1:22611)
    at nj (C:\Users\pn
p\Desktop\depliying ra
pidnextech\WarpRapid\n
ode_modules\next\dist\
compiled\next-server\a
pp-page.runtime.prod.j
s:12:46251)
    at nM (C:\Users\pn
p\Desktop\depliying ra
pidnextech\WarpRapid\n
ode_modules\next\dist\
compiled\next-server\a
pp-page.runtime.prod.j
s:12:47571)
    at nN (C:\Users\pn
p\Desktop\depliying ra
pidnextech\WarpRapid\n
ode_modules\next\dist\
compiled\next-server\a
pp-page.runtime.prod.j
s:12:64546)
    at nI (C:\Users\pn
p\Desktop\depliying ra
pidnextech\WarpRapid\n
ode_modules\next\dist\
compiled\next-server\a
pp-page.runtime.prod.j
s:12:47010)
    at nM (C:\Users\pn
p\Desktop\depliying ra
pidnextech\WarpRapid\n
ode_modules\next\dist\
compiled\next-server\a
pp-page.runtime.prod.j
s:12:47717)
    at nM (C:\Users\pn
p\Desktop\depliying ra
pidnextech\WarpRapid\n
ode_modules\next\dist\
compiled\next-server\a
pp-page.runtime.prod.j
s:12:61546)
    at nN (C:\Users\pn
p\Desktop\depliying ra
pidnextech\WarpRapid\n
ode_modules\next\dist\
compiled\next-server\a
pp-page.runtime.prod.j
s:12:64546) {
  digest: '942765202'
}
TypeError: Cannot 
read properties of 
null (reading 
'useContext')
    at t.useContext (C
:\Users\pnp\desktop\de
pliying rapidnextech\W
arpRapid\node_modules\
next\dist\compiled\nex
t-server\app-page.runt
ime.prod.js:12:109363)
    at d (C:\Users\pnp
\desktop\depliying rap
idnextech\WarpRapid\.n
ext\server\chunks\383.
js:1:30707)
    at p (C:\Users\pnp
\desktop\depliying rap
idnextech\WarpRapid\.n
ext\server\chunks\383.
js:1:22611)
    at nj (C:\Users\pn
p\Desktop\depliying ra
pidnextech\WarpRapid\n
ode_modules\next\dist\
compiled\next-server\a
pp-page.runtime.prod.j
s:12:46251)
    at nM (C:\Users\pn
p\Desktop\depliying ra
pidnextech\WarpRapid\n
ode_modules\next\dist\
compiled\next-server\a
pp-page.runtime.prod.j
s:12:47571)
    at nN (C:\Users\pn
p\Desktop\depliying ra
pidnextech\WarpRapid\n
ode_modules\next\dist\
compiled\next-server\a
pp-page.runtime.prod.j
s:12:64546)
    at nI (C:\Users\pn
p\Desktop\depliying ra
pidnextech\WarpRapid\n
ode_modules\next\dist\
compiled\next-server\a
pp-page.runtime.prod.j
s:12:47010)
    at nM (C:\Users\pn
p\Desktop\depliying ra
pidnextech\WarpRapid\n
ode_modules\next\dist\
compiled\next-server\a
pp-page.runtime.prod.j
s:12:47717)
    at nM (C:\Users\pn
p\Desktop\depliying ra
pidnextech\WarpRapid\n
ode_modules\next\dist\
compiled\next-server\a
pp-page.runtime.prod.j
s:12:61546)
    at nN (C:\Users\pn
p\Desktop\depliying ra
pidnextech\WarpRapid\n
ode_modules\next\dist\
compiled\next-server\a
pp-page.runtime.prod.j
s:12:64546)

Error occurred 
prerendering page 
"/case-studies". Read 
more: https://nextjs.o
rg/docs/messages/prere
nder-error

TypeError: Cannot 
read properties of 
null (reading 
'useContext')
    at t.useContext (C
:\Users\pnp\desktop\de
pliying rapidnextech\W
arpRapid\node_modules\
next\dist\compiled\nex
t-server\app-page.runt
ime.prod.js:12:109363)
    at d (C:\Users\pnp
\desktop\depliying rap
idnextech\WarpRapid\.n
ext\server\chunks\383.
js:1:30707)
    at p (C:\Users\pnp
\desktop\depliying rap
idnextech\WarpRapid\.n
ext\server\chunks\383.
js:1:22611)
    at nj (C:\Users\pn
p\Desktop\depliying ra
pidnextech\WarpRapid\n
ode_modules\next\dist\
compiled\next-server\a
pp-page.runtime.prod.j
s:12:46251)
    at nM (C:\Users\pn
p\Desktop\depliying ra
pidnextech\WarpRapid\n
ode_modules\next\dist\
compiled\next-server\a
pp-page.runtime.prod.j
s:12:47571)
    at nN (C:\Users\pn
p\Desktop\depliying ra
pidnextech\WarpRapid\n
ode_modules\next\dist\
compiled\next-server\a
pp-page.runtime.prod.j
s:12:64546)
    at nI (C:\Users\pn
p\Desktop\depliying ra
pidnextech\WarpRapid\n
ode_modules\next\dist\
compiled\next-server\a
pp-page.runtime.prod.j
s:12:47010)
    at nM (C:\Users\pn
p\Desktop\depliying ra
pidnextech\WarpRapid\n
ode_modules\next\dist\
compiled\next-server\a
pp-page.runtime.prod.j
s:12:47717)
    at nM (C:\Users\pn
p\Desktop\depliying ra
pidnextech\WarpRapid\n
ode_modules\next\dist\
compiled\next-server\a
pp-page.runtime.prod.j
s:12:61546)
    at nN (C:\Users\pn
p\Desktop\depliying ra
pidnextech\WarpRapid\n
ode_modules\next\dist\
compiled\next-server\a
pp-page.runtime.prod.j
s:12:64546)
TypeError: Cannot 
read properties of 
null (reading 
'useContext')
    at t.useContext (C
:\Users\pnp\desktop\de
pliying rapidnextech\W
arpRapid\node_modules\
next\dist\compiled\nex
t-server\app-page.runt
ime.prod.js:12:109363)
    at d (C:\Users\pnp
\desktop\depliying rap
idnextech\WarpRapid\.n
ext\server\chunks\383.
js:1:30707)
    at p (C:\Users\pnp
\desktop\depliying rap
idnextech\WarpRapid\.n
ext\server\chunks\383.
js:1:22611)
    at nj (C:\Users\pn
p\Desktop\depliying ra
pidnextech\WarpRapid\n
ode_modules\next\dist\
compiled\next-server\a
pp-page.runtime.prod.j
s:12:46251)
    at nM (C:\Users\pn
p\Desktop\depliying ra
pidnextech\WarpRapid\n
ode_modules\next\dist\
compiled\next-server\a
pp-page.runtime.prod.j
s:12:47571)
    at nN (C:\Users\pn
p\Desktop\depliying ra
pidnextech\WarpRapid\n
ode_modules\next\dist\
compiled\next-server\a
pp-page.runtime.prod.j
s:12:64546)
    at nI (C:\Users\pn
p\Desktop\depliying ra
pidnextech\WarpRapid\n
ode_modules\next\dist\
compiled\next-server\a
pp-page.runtime.prod.j
s:12:47010)
    at nM (C:\Users\pn
p\Desktop\depliying ra
pidnextech\WarpRapid\n
ode_modules\next\dist\
compiled\next-server\a
pp-page.runtime.prod.j
s:12:47717)
    at nM (C:\Users\pn
p\Desktop\depliying ra
pidnextech\WarpRapid\n
ode_modules\next\dist\
compiled\next-server\a
pp-page.runtime.prod.j
s:12:61546)
    at nN (C:\Users\pn
p\Desktop\depliying ra
pidnextech\WarpRapid\n
ode_modules\next\dist\
compiled\next-server\a
pp-page.runtime.prod.j
s:12:64546) {
  digest: '942765202'
}
TypeError: Cannot 
read properties of 
null (reading 
'useContext')
    at t.useContext (C
:\Users\pnp\desktop\de
pliying rapidnextech\W
arpRapid\node_modules\
next\dist\compiled\nex
t-server\app-page.runt
ime.prod.js:12:109363)
    at d (C:\Users\pnp
\desktop\depliying rap
idnextech\WarpRapid\.n
ext\server\chunks\383.
js:1:30707)
    at p (C:\Users\pnp
\desktop\depliying rap
idnextech\WarpRapid\.n
ext\server\chunks\383.
js:1:22611)
    at nj (C:\Users\pn
p\Desktop\depliying ra
pidnextech\WarpRapid\n
ode_modules\next\dist\
compiled\next-server\a
pp-page.runtime.prod.j
s:12:46251)
    at nM (C:\Users\pn
p\Desktop\depliying ra
pidnextech\WarpRapid\n
ode_modules\next\dist\
compiled\next-server\a
pp-page.runtime.prod.j
s:12:47571)
    at nN (C:\Users\pn
p\Desktop\depliying ra
pidnextech\WarpRapid\n
ode_modules\next\dist\
compiled\next-server\a
pp-page.runtime.prod.j
s:12:64546)
    at nI (C:\Users\pn
p\Desktop\depliying ra
pidnextech\WarpRapid\n
ode_modules\next\dist\
compiled\next-server\a
pp-page.runtime.prod.j
s:12:47010)
    at nM (C:\Users\pn
p\Desktop\depliying ra
pidnextech\WarpRapid\n
ode_modules\next\dist\
compiled\next-server\a
pp-page.runtime.prod.j
s:12:47717)
    at nM (C:\Users\pn
p\Desktop\depliying ra
pidnextech\WarpRapid\n
ode_modules\next\dist\
compiled\next-server\a
pp-page.runtime.prod.j
s:12:61546)
    at nN (C:\Users\pn
p\Desktop\depliying ra
pidnextech\WarpRapid\n
ode_modules\next\dist\
compiled\next-server\a
pp-page.runtime.prod.j
s:12:64546)

Error occurred 
prerendering page "/se
rvices/security-compli
ance". Read more: http
s://nextjs.org/docs/me
ssages/prerender-error

TypeError: Cannot 
read properties of 
null (reading 
'useContext')
    at t.useContext (C
:\Users\pnp\desktop\de
pliying rapidnextech\W
arpRapid\node_modules\
next\dist\compiled\nex
t-server\app-page.runt
ime.prod.js:12:109363)
    at d (C:\Users\pnp
\desktop\depliying rap
idnextech\WarpRapid\.n
ext\server\chunks\383.
js:1:30707)
    at p (C:\Users\pnp
\desktop\depliying rap
idnextech\WarpRapid\.n
ext\server\chunks\383.
js:1:22611)
    at nj (C:\Users\pn
p\Desktop\depliying ra
pidnextech\WarpRapid\n
ode_modules\next\dist\
compiled\next-server\a
pp-page.runtime.prod.j
s:12:46251)
    at nM (C:\Users\pn
p\Desktop\depliying ra
pidnextech\WarpRapid\n
ode_modules\next\dist\
compiled\next-server\a
pp-page.runtime.prod.j
s:12:47571)
    at nN (C:\Users\pn
p\Desktop\depliying ra
pidnextech\WarpRapid\n
ode_modules\next\dist\
compiled\next-server\a
pp-page.runtime.prod.j
s:12:64546)
    at nI (C:\Users\pn
p\Desktop\depliying ra
pidnextech\WarpRapid\n
ode_modules\next\dist\
compiled\next-server\a
pp-page.runtime.prod.j
s:12:47010)
    at nM (C:\Users\pn
p\Desktop\depliying ra
pidnextech\WarpRapid\n
ode_modules\next\dist\
compiled\next-server\a
pp-page.runtime.prod.j
s:12:47717)
    at nM (C:\Users\pn
p\Desktop\depliying ra
pidnextech\WarpRapid\n
ode_modules\next\dist\
compiled\next-server\a
pp-page.runtime.prod.j
s:12:61546)
    at nN (C:\Users\pn
p\Desktop\depliying ra
pidnextech\WarpRapid\n
ode_modules\next\dist\
compiled\next-server\a
pp-page.runtime.prod.j
s:12:64546)
TypeError: Cannot 
read properties of 
null (reading 
'useContext')
    at t.useContext (C
:\Users\pnp\desktop\de
pliying rapidnextech\W
arpRapid\node_modules\
next\dist\compiled\nex
t-server\app-page.runt
ime.prod.js:12:109363)
    at d (C:\Users\pnp
\desktop\depliying rap
idnextech\WarpRapid\.n
ext\server\chunks\383.
js:1:30707)
    at p (C:\Users\pnp
\desktop\depliying rap
idnextech\WarpRapid\.n
ext\server\chunks\383.
js:1:22611)
    at nj (C:\Users\pn
p\Desktop\depliying ra
pidnextech\WarpRapid\n
ode_modules\next\dist\
compiled\next-server\a
pp-page.runtime.prod.j
s:12:46251)
    at nM (C:\Users\pn
p\Desktop\depliying ra
pidnextech\WarpRapid\n
ode_modules\next\dist\
compiled\next-server\a
pp-page.runtime.prod.j
s:12:47571)
    at nN (C:\Users\pn
p\Desktop\depliying ra
pidnextech\WarpRapid\n
ode_modules\next\dist\
compiled\next-server\a
pp-page.runtime.prod.j
s:12:64546)
    at nI (C:\Users\pn
p\Desktop\depliying ra
pidnextech\WarpRapid\n
ode_modules\next\dist\
compiled\next-server\a
pp-page.runtime.prod.j
s:12:47010)
    at nM (C:\Users\pn
p\Desktop\depliying ra
pidnextech\WarpRapid\n
ode_modules\next\dist\
compiled\next-server\a
pp-page.runtime.prod.j
s:12:47717)
    at nM (C:\Users\pn
p\Desktop\depliying ra
pidnextech\WarpRapid\n
ode_modules\next\dist\
compiled\next-server\a
pp-page.runtime.prod.j
s:12:61546)
    at nN (C:\Users\pn
p\Desktop\depliying ra
pidnextech\WarpRapid\n
ode_modules\next\dist\
compiled\next-server\a
pp-page.runtime.prod.j
s:12:64546) {
  digest: '942765202'
}
TypeError: Cannot 
read properties of 
null (reading 
'useContext')
    at t.useContext (C
:\Users\pnp\desktop\de
pliying rapidnextech\W
arpRapid\node_modules\
next\dist\compiled\nex
t-server\app-page.runt
ime.prod.js:12:109363)
    at d (C:\Users\pnp
\desktop\depliying rap
idnextech\WarpRapid\.n
ext\server\chunks\383.
js:1:30707)
    at p (C:\Users\pnp
\desktop\depliying rap
idnextech\WarpRapid\.n
ext\server\chunks\383.
js:1:22611)
    at nj (C:\Users\pn
p\Desktop\depliying ra
pidnextech\WarpRapid\n
ode_modules\next\dist\
compiled\next-server\a
pp-page.runtime.prod.j
s:12:46251)
    at nM (C:\Users\pn
p\Desktop\depliying ra
pidnextech\WarpRapid\n
ode_modules\next\dist\
compiled\next-server\a
pp-page.runtime.prod.j
s:12:47571)
    at nN (C:\Users\pn
p\Desktop\depliying ra
pidnextech\WarpRapid\n
ode_modules\next\dist\
compiled\next-server\a
pp-page.runtime.prod.j
s:12:64546)
    at nI (C:\Users\pn
p\Desktop\depliying ra
pidnextech\WarpRapid\n
ode_modules\next\dist\
compiled\next-server\a
pp-page.runtime.prod.j
s:12:47010)
    at nM (C:\Users\pn
p\Desktop\depliying ra
pidnextech\WarpRapid\n
ode_modules\next\dist\
compiled\next-server\a
pp-page.runtime.prod.j
s:12:47717)
    at nM (C:\Users\pn
p\Desktop\depliying ra
pidnextech\WarpRapid\n
ode_modules\next\dist\
compiled\next-server\a
pp-page.runtime.prod.j
s:12:61546)
    at nN (C:\Users\pn
p\Desktop\depliying ra
pidnextech\WarpRapid\n
ode_modules\next\dist\
compiled\next-server\a
pp-page.runtime.prod.j
s:12:64546)

Error occurred 
prerendering page "/se
rvices/technical-consu
lting". Read more: htt
ps://nextjs.org/docs/m
essages/prerender-erro
r

TypeError: Cannot 
read properties of 
null (reading 
'useContext')
    at t.useContext (C
:\Users\pnp\desktop\de
pliying rapidnextech\W
arpRapid\node_modules\
next\dist\compiled\nex
t-server\app-page.runt
ime.prod.js:12:109363)
    at d (C:\Users\pnp
\desktop\depliying rap
idnextech\WarpRapid\.n
ext\server\chunks\383.
js:1:30707)
    at p (C:\Users\pnp
\desktop\depliying rap
idnextech\WarpRapid\.n
ext\server\chunks\383.
js:1:22611)
    at nj (C:\Users\pn
p\Desktop\depliying ra
pidnextech\WarpRapid\n
ode_modules\next\dist\
compiled\next-server\a
pp-page.runtime.prod.j
s:12:46251)
    at nM (C:\Users\pn
p\Desktop\depliying ra
pidnextech\WarpRapid\n
ode_modules\next\dist\
compiled\next-server\a
pp-page.runtime.prod.j
s:12:47571)
    at nN (C:\Users\pn
p\Desktop\depliying ra
pidnextech\WarpRapid\n
ode_modules\next\dist\
compiled\next-server\a
pp-page.runtime.prod.j
s:12:64546)
    at nI (C:\Users\pn
p\Desktop\depliying ra
pidnextech\WarpRapid\n
ode_modules\next\dist\
compiled\next-server\a
pp-page.runtime.prod.j
s:12:47010)
    at nM (C:\Users\pn
p\Desktop\depliying ra
pidnextech\WarpRapid\n
ode_modules\next\dist\
compiled\next-server\a
pp-page.runtime.prod.j
s:12:47717)
    at nM (C:\Users\pn
p\Desktop\depliying ra
pidnextech\WarpRapid\n
ode_modules\next\dist\
compiled\next-server\a
pp-page.runtime.prod.j
s:12:61546)
    at nN (C:\Users\pn
p\Desktop\depliying ra
pidnextech\WarpRapid\n
ode_modules\next\dist\
compiled\next-server\a
pp-page.runtime.prod.j
s:12:64546)
TypeError: Cannot 
read properties of 
null (reading 
'useContext')
    at t.useContext (C
:\Users\pnp\desktop\de
pliying rapidnextech\W
arpRapid\node_modules\
next\dist\compiled\nex
t-server\app-page.runt
ime.prod.js:12:109363)
    at d (C:\Users\pnp
\desktop\depliying rap
idnextech\WarpRapid\.n
ext\server\chunks\383.
js:1:30707)
    at p (C:\Users\pnp
\desktop\depliying rap
idnextech\WarpRapid\.n
ext\server\chunks\383.
js:1:22611)
    at nj (C:\Users\pn
p\Desktop\depliying ra
pidnextech\WarpRapid\n
ode_modules\next\dist\
compiled\next-server\a
pp-page.runtime.prod.j
s:12:46251)
    at nM (C:\Users\pn
p\Desktop\depliying ra
pidnextech\WarpRapid\n
ode_modules\next\dist\
compiled\next-server\a
pp-page.runtime.prod.j
s:12:47571)
    at nN (C:\Users\pn
p\Desktop\depliying ra
pidnextech\WarpRapid\n
ode_modules\next\dist\
compiled\next-server\a
pp-page.runtime.prod.j
s:12:64546)
    at nI (C:\Users\pn
p\Desktop\depliying ra
pidnextech\WarpRapid\n
ode_modules\next\dist\
compiled\next-server\a
pp-page.runtime.prod.j
s:12:47010)
    at nM (C:\Users\pn
p\Desktop\depliying ra
pidnextech\WarpRapid\n
ode_modules\next\dist\
compiled\next-server\a
pp-page.runtime.prod.j
s:12:47717)
    at nM (C:\Users\pn
p\Desktop\depliying ra
pidnextech\WarpRapid\n
ode_modules\next\dist\
compiled\next-server\a
pp-page.runtime.prod.j
s:12:61546)
    at nN (C:\Users\pn
p\Desktop\depliying ra
pidnextech\WarpRapid\n
ode_modules\next\dist\
compiled\next-server\a
pp-page.runtime.prod.j
s:12:64546) {
  digest: '942765202'
}
TypeError: Cannot 
read properties of 
null (reading 
'useContext')
    at t.useContext (C
:\Users\pnp\desktop\de
pliying rapidnextech\W
arpRapid\node_modules\
next\dist\compiled\nex
t-server\app-page.runt
ime.prod.js:12:109363)
    at d (C:\Users\pnp
\desktop\depliying rap
idnextech\WarpRapid\.n
ext\server\chunks\383.
js:1:30707)
    at p (C:\Users\pnp
\desktop\depliying rap
idnextech\WarpRapid\.n
ext\server\chunks\383.
js:1:22611)
    at nj (C:\Users\pn
p\Desktop\depliying ra
pidnextech\WarpRapid\n
ode_modules\next\dist\
compiled\next-server\a
pp-page.runtime.prod.j
s:12:46251)
    at nM (C:\Users\pn
p\Desktop\depliying ra
pidnextech\WarpRapid\n
ode_modules\next\dist\
compiled\next-server\a
pp-page.runtime.prod.j
s:12:47571)
    at nN (C:\Users\pn
p\Desktop\depliying ra
pidnextech\WarpRapid\n
ode_modules\next\dist\
compiled\next-server\a
pp-page.runtime.prod.j
s:12:64546)
    at nI (C:\Users\pn
p\Desktop\depliying ra
pidnextech\WarpRapid\n
ode_modules\next\dist\
compiled\next-server\a
pp-page.runtime.prod.j
s:12:47010)
    at nM (C:\Users\pn
p\Desktop\depliying ra
pidnextech\WarpRapid\n
ode_modules\next\dist\
compiled\next-server\a
pp-page.runtime.prod.j
s:12:47717)
    at nM (C:\Users\pn
p\Desktop\depliying ra
pidnextech\WarpRapid\n
ode_modules\next\dist\
compiled\next-server\a
pp-page.runtime.prod.j
s:12:61546)
    at nN (C:\Users\pn
p\Desktop\depliying ra
pidnextech\WarpRapid\n
ode_modules\next\dist\
compiled\next-server\a
pp-page.runtime.prod.j
s:12:64546)

Error occurred 
prerendering page "/se
rvices/data-analytics"
. Read more: https://n
extjs.org/docs/message
s/prerender-error

TypeError: Cannot 
read properties of 
null (reading 
'useContext')
    at t.useContext (C
:\Users\pnp\desktop\de
pliying rapidnextech\W
arpRapid\node_modules\
next\dist\compiled\nex
t-server\app-page.runt
ime.prod.js:12:109363)
    at d (C:\Users\pnp
\desktop\depliying rap
idnextech\WarpRapid\.n
ext\server\chunks\383.
js:1:30707)
    at p (C:\Users\pnp
\desktop\depliying rap
idnextech\WarpRapid\.n
ext\server\chunks\383.
js:1:22611)
    at nj (C:\Users\pn
p\Desktop\depliying ra
pidnextech\WarpRapid\n
ode_modules\next\dist\
compiled\next-server\a
pp-page.runtime.prod.j
s:12:46251)
    at nM (C:\Users\pn
p\Desktop\depliying ra
pidnextech\WarpRapid\n
ode_modules\next\dist\
compiled\next-server\a
pp-page.runtime.prod.j
s:12:47571)
    at nN (C:\Users\pn
p\Desktop\depliying ra
pidnextech\WarpRapid\n
ode_modules\next\dist\
compiled\next-server\a
pp-page.runtime.prod.j
s:12:64546)
    at nI (C:\Users\pn
p\Desktop\depliying ra
pidnextech\WarpRapid\n
ode_modules\next\dist\
compiled\next-server\a
pp-page.runtime.prod.j
s:12:47010)
    at nM (C:\Users\pn
p\Desktop\depliying ra
pidnextech\WarpRapid\n
ode_modules\next\dist\
compiled\next-server\a
pp-page.runtime.prod.j
s:12:47717)
    at nM (C:\Users\pn
p\Desktop\depliying ra
pidnextech\WarpRapid\n
ode_modules\next\dist\
compiled\next-server\a
pp-page.runtime.prod.j
s:12:61546)
    at nN (C:\Users\pn
p\Desktop\depliying ra
pidnextech\WarpRapid\n
ode_modules\next\dist\
compiled\next-server\a
pp-page.runtime.prod.j
s:12:64546)
TypeError: Cannot 
read properties of 
null (reading 
'useContext')
    at t.useContext (C
:\Users\pnp\desktop\de
pliying rapidnextech\W
arpRapid\node_modules\
next\dist\compiled\nex
t-server\app-page.runt
ime.prod.js:12:109363)
    at d (C:\Users\pnp
\desktop\depliying rap
idnextech\WarpRapid\.n
ext\server\chunks\383.
js:1:30707)
    at p (C:\Users\pnp
\desktop\depliying rap
idnextech\WarpRapid\.n
ext\server\chunks\383.
js:1:22611)
    at nj (C:\Users\pn
p\Desktop\depliying ra
pidnextech\WarpRapid\n
ode_modules\next\dist\
compiled\next-server\a
pp-page.runtime.prod.j
s:12:46251)
    at nM (C:\Users\pn
p\Desktop\depliying ra
pidnextech\WarpRapid\n
ode_modules\next\dist\
compiled\next-server\a
pp-page.runtime.prod.j
s:12:47571)
    at nN (C:\Users\pn
p\Desktop\depliying ra
pidnextech\WarpRapid\n
ode_modules\next\dist\
compiled\next-server\a
pp-page.runtime.prod.j
s:12:64546)
    at nI (C:\Users\pn
p\Desktop\depliying ra
pidnextech\WarpRapid\n
ode_modules\next\dist\
compiled\next-server\a
pp-page.runtime.prod.j
s:12:47010)
    at nM (C:\Users\pn
p\Desktop\depliying ra
pidnextech\WarpRapid\n
ode_modules\next\dist\
compiled\next-server\a
pp-page.runtime.prod.j
s:12:47717)
    at nM (C:\Users\pn
p\Desktop\depliying ra
pidnextech\WarpRapid\n
ode_modules\next\dist\
compiled\next-server\a
pp-page.runtime.prod.j
s:12:61546)
    at nN (C:\Users\pn
p\Desktop\depliying ra
pidnextech\WarpRapid\n
ode_modules\next\dist\
compiled\next-server\a
pp-page.runtime.prod.j
s:12:64546) {
  digest: '942765202'
}
TypeError: Cannot 
read properties of 
null (reading 
'useContext')
    at t.useContext (C
:\Users\pnp\desktop\de
pliying rapidnextech\W
arpRapid\node_modules\
next\dist\compiled\nex
t-server\app-page.runt
ime.prod.js:12:109363)
    at d (C:\Users\pnp
\desktop\depliying rap
idnextech\WarpRapid\.n
ext\server\chunks\383.
js:1:30707)
    at p (C:\Users\pnp
\desktop\depliying rap
idnextech\WarpRapid\.n
ext\server\chunks\383.
js:1:22611)
    at nj (C:\Users\pn
p\Desktop\depliying ra
pidnextech\WarpRapid\n
ode_modules\next\dist\
compiled\next-server\a
pp-page.runtime.prod.j
s:12:46251)
    at nM (C:\Users\pn
p\Desktop\depliying ra
pidnextech\WarpRapid\n
ode_modules\next\dist\
compiled\next-server\a
pp-page.runtime.prod.j
s:12:47571)
    at nN (C:\Users\pn
p\Desktop\depliying ra
pidnextech\WarpRapid\n
ode_modules\next\dist\
compiled\next-server\a
pp-page.runtime.prod.j
s:12:64546)
    at nI (C:\Users\pn
p\Desktop\depliying ra
pidnextech\WarpRapid\n
ode_modules\next\dist\
compiled\next-server\a
pp-page.runtime.prod.j
s:12:47010)
    at nM (C:\Users\pn
p\Desktop\depliying ra
pidnextech\WarpRapid\n
ode_modules\next\dist\
compiled\next-server\a
pp-page.runtime.prod.j
s:12:47717)
    at nM (C:\Users\pn
p\Desktop\depliying ra
pidnextech\WarpRapid\n
ode_modules\next\dist\
compiled\next-server\a
pp-page.runtime.prod.j
s:12:61546)
    at nN (C:\Users\pn
p\Desktop\depliying ra
pidnextech\WarpRapid\n
ode_modules\next\dist\
compiled\next-server\a
pp-page.runtime.prod.j
s:12:64546)

Error occurred 
prerendering page "/ca
se-studies/rapidx-real
ty-crm-multi-tenant-sa
as-lead-management-sys
tem-for-real-estate-pr
ofessionals". Read 
more: https://nextjs.o
rg/docs/messages/prere
nder-error

TypeError: Cannot 
read properties of 
null (reading 
'useContext')
    at t.useContext (C
:\Users\pnp\desktop\de
pliying rapidnextech\W
arpRapid\node_modules\
next\dist\compiled\nex
t-server\app-page.runt
ime.prod.js:12:109363)
    at d (C:\Users\pnp
\desktop\depliying rap
idnextech\WarpRapid\.n
ext\server\chunks\383.
js:1:30707)
    at p (C:\Users\pnp
\desktop\depliying rap
idnextech\WarpRapid\.n
ext\server\chunks\383.
js:1:22611)
    at nj (C:\Users\pn
p\Desktop\depliying ra
pidnextech\WarpRapid\n
ode_modules\next\dist\
compiled\next-server\a
pp-page.runtime.prod.j
s:12:46251)
    at nM (C:\Users\pn
p\Desktop\depliying ra
pidnextech\WarpRapid\n
ode_modules\next\dist\
compiled\next-server\a
pp-page.runtime.prod.j
s:12:47571)
    at nN (C:\Users\pn
p\Desktop\depliying ra
pidnextech\WarpRapid\n
ode_modules\next\dist\
compiled\next-server\a
pp-page.runtime.prod.j
s:12:64546)
    at nI (C:\Users\pn
p\Desktop\depliying ra
pidnextech\WarpRapid\n
ode_modules\next\dist\
compiled\next-server\a
pp-page.runtime.prod.j
s:12:47010)
    at nM (C:\Users\pn
p\Desktop\depliying ra
pidnextech\WarpRapid\n
ode_modules\next\dist\
compiled\next-server\a
pp-page.runtime.prod.j
s:12:47717)
    at nM (C:\Users\pn
p\Desktop\depliying ra
pidnextech\WarpRapid\n
ode_modules\next\dist\
compiled\next-server\a
pp-page.runtime.prod.j
s:12:61546)
    at nN (C:\Users\pn
p\Desktop\depliying ra
pidnextech\WarpRapid\n
ode_modules\next\dist\
compiled\next-server\a
pp-page.runtime.prod.j
s:12:64546)
TypeError: Cannot 
read properties of 
null (reading 
'useContext')
    at t.useContext (C
:\Users\pnp\desktop\de
pliying rapidnextech\W
arpRapid\node_modules\
next\dist\compiled\nex
t-server\app-page.runt
ime.prod.js:12:109363)
    at d (C:\Users\pnp
\desktop\depliying rap
idnextech\WarpRapid\.n
ext\server\chunks\383.
js:1:30707)
    at p (C:\Users\pnp
\desktop\depliying rap
idnextech\WarpRapid\.n
ext\server\chunks\383.
js:1:22611)
    at nj (C:\Users\pn
p\Desktop\depliying ra
pidnextech\WarpRapid\n
ode_modules\next\dist\
compiled\next-server\a
pp-page.runtime.prod.j
s:12:46251)
    at nM (C:\Users\pn
p\Desktop\depliying ra
pidnextech\WarpRapid\n
ode_modules\next\dist\
compiled\next-server\a
pp-page.runtime.prod.j
s:12:47571)
    at nN (C:\Users\pn
p\Desktop\depliying ra
pidnextech\WarpRapid\n
ode_modules\next\dist\
compiled\next-server\a
pp-page.runtime.prod.j
s:12:64546)
    at nI (C:\Users\pn
p\Desktop\depliying ra
pidnextech\WarpRapid\n
ode_modules\next\dist\
compiled\next-server\a
pp-page.runtime.prod.j
s:12:47010)
    at nM (C:\Users\pn
p\Desktop\depliying ra
pidnextech\WarpRapid\n
ode_modules\next\dist\
compiled\next-server\a
pp-page.runtime.prod.j
s:12:47717)
    at nM (C:\Users\pn
p\Desktop\depliying ra
pidnextech\WarpRapid\n
ode_modules\next\dist\
compiled\next-server\a
pp-page.runtime.prod.j
s:12:61546)
    at nN (C:\Users\pn
p\Desktop\depliying ra
pidnextech\WarpRapid\n
ode_modules\next\dist\
compiled\next-server\a
pp-page.runtime.prod.j
s:12:64546) {
  digest: '942765202'
}
TypeError: Cannot 
read properties of 
null (reading 
'useContext')
    at t.useContext (C
:\Users\pnp\desktop\de
pliying rapidnextech\W
arpRapid\node_modules\
next\dist\compiled\nex
t-server\app-page.runt
ime.prod.js:12:109363)
    at d (C:\Users\pnp
\desktop\depliying rap
idnextech\WarpRapid\.n
ext\server\chunks\383.
js:1:30707)
    at p (C:\Users\pnp
\desktop\depliying rap
idnextech\WarpRapid\.n
ext\server\chunks\383.
js:1:22611)
    at nj (C:\Users\pn
p\Desktop\depliying ra
pidnextech\WarpRapid\n
ode_modules\next\dist\
compiled\next-server\a
pp-page.runtime.prod.j
s:12:46251)
    at nM (C:\Users\pn
p\Desktop\depliying ra
pidnextech\WarpRapid\n
ode_modules\next\dist\
compiled\next-server\a
pp-page.runtime.prod.j
s:12:47571)
    at nN (C:\Users\pn
p\Desktop\depliying ra
pidnextech\WarpRapid\n
ode_modules\next\dist\
compiled\next-server\a
pp-page.runtime.prod.j
s:12:64546)
    at nI (C:\Users\pn
p\Desktop\depliying ra
pidnextech\WarpRapid\n
ode_modules\next\dist\
compiled\next-server\a
pp-page.runtime.prod.j
s:12:47010)
    at nM (C:\Users\pn
p\Desktop\depliying ra
pidnextech\WarpRapid\n
ode_modules\next\dist\
compiled\next-server\a
pp-page.runtime.prod.j
s:12:47717)
    at nM (C:\Users\pn
p\Desktop\depliying ra
pidnextech\WarpRapid\n
ode_modules\next\dist\
compiled\next-server\a
pp-page.runtime.prod.j
s:12:61546)
    at nN (C:\Users\pn
p\Desktop\depliying ra
pidnextech\WarpRapid\n
ode_modules\next\dist\
compiled\next-server\a
pp-page.runtime.prod.j
s:12:64546) {
  digest: '942765202'
}
TypeError: Cannot 
read properties of 
null (reading 
'useContext')
    at t.useContext (C
:\Users\pnp\desktop\de
pliying rapidnextech\W
arpRapid\node_modules\
next\dist\compiled\nex
t-server\app-page.runt
ime.prod.js:12:109363)
    at d (C:\Users\pnp
\desktop\depliying rap
idnextech\WarpRapid\.n
ext\server\chunks\383.
js:1:30707)
    at p (C:\Users\pnp
\desktop\depliying rap
idnextech\WarpRapid\.n
ext\server\chunks\383.
js:1:22611)
    at nj (C:\Users\pn
p\Desktop\depliying ra
pidnextech\WarpRapid\n
ode_modules\next\dist\
compiled\next-server\a
pp-page.runtime.prod.j
s:12:46251)
    at nM (C:\Users\pn
p\Desktop\depliying ra
pidnextech\WarpRapid\n
ode_modules\next\dist\
compiled\next-server\a
pp-page.runtime.prod.j
s:12:47571)
    at nN (C:\Users\pn
p\Desktop\depliying ra
pidnextech\WarpRapid\n
ode_modules\next\dist\
compiled\next-server\a
pp-page.runtime.prod.j
s:12:64546)
    at nI (C:\Users\pn
p\Desktop\depliying ra
pidnextech\WarpRapid\n
ode_modules\next\dist\
compiled\next-server\a
pp-page.runtime.prod.j
s:12:47010)
    at nM (C:\Users\pn
p\Desktop\depliying ra
pidnextech\WarpRapid\n
ode_modules\next\dist\
compiled\next-server\a
pp-page.runtime.prod.j
s:12:47717)
    at nM (C:\Users\pn
p\Desktop\depliying ra
pidnextech\WarpRapid\n
ode_modules\next\dist\
compiled\next-server\a
pp-page.runtime.prod.j
s:12:61546)
    at nN (C:\Users\pn
p\Desktop\depliying ra
pidnextech\WarpRapid\n
ode_modules\next\dist\
compiled\next-server\a
pp-page.runtime.prod.j
s:12:64546)

Error occurred 
prerendering page "/ca
se-studies/stationary-
for-banks-website". 
Read more: https://nex
tjs.org/docs/messages/
prerender-error

TypeError: Cannot 
read properties of 
null (reading 
'useContext')
    at t.useContext (C
:\Users\pnp\desktop\de
pliying rapidnextech\W
arpRapid\node_modules\
next\dist\compiled\nex
t-server\app-page.runt
ime.prod.js:12:109363)
    at d (C:\Users\pnp
\desktop\depliying rap
idnextech\WarpRapid\.n
ext\server\chunks\383.
js:1:30707)
    at p (C:\Users\pnp
\desktop\depliying rap
idnextech\WarpRapid\.n
ext\server\chunks\383.
js:1:22611)
    at nj (C:\Users\pn
p\Desktop\depliying ra
pidnextech\WarpRapid\n
ode_modules\next\dist\
compiled\next-server\a
pp-page.runtime.prod.j
s:12:46251)
    at nM (C:\Users\pn
p\Desktop\depliying ra
pidnextech\WarpRapid\n
ode_modules\next\dist\
compiled\next-server\a
pp-page.runtime.prod.j
s:12:47571)
    at nN (C:\Users\pn
p\Desktop\depliying ra
pidnextech\WarpRapid\n
ode_modules\next\dist\
compiled\next-server\a
pp-page.runtime.prod.j
s:12:64546)
    at nI (C:\Users\pn
p\Desktop\depliying ra
pidnextech\WarpRapid\n
ode_modules\next\dist\
compiled\next-server\a
pp-page.runtime.prod.j
s:12:47010)
    at nM (C:\Users\pn
p\Desktop\depliying ra
pidnextech\WarpRapid\n
ode_modules\next\dist\
compiled\next-server\a
pp-page.runtime.prod.j
s:12:47717)
    at nM (C:\Users\pn
p\Desktop\depliying ra
pidnextech\WarpRapid\n
ode_modules\next\dist\
compiled\next-server\a
pp-page.runtime.prod.j
s:12:61546)
    at nN (C:\Users\pn
p\Desktop\depliying ra
pidnextech\WarpRapid\n
ode_modules\next\dist\
compiled\next-server\a
pp-page.runtime.prod.j
s:12:64546)
TypeError: Cannot 
read properties of 
null (reading 
'useContext')
    at t.useContext (C
:\Users\pnp\desktop\de
pliying rapidnextech\W
arpRapid\node_modules\
next\dist\compiled\nex
t-server\app-page.runt
ime.prod.js:12:109363)
    at d (C:\Users\pnp
\desktop\depliying rap
idnextech\WarpRapid\.n
ext\server\chunks\383.
js:1:30707)
    at p (C:\Users\pnp
\desktop\depliying rap
idnextech\WarpRapid\.n
ext\server\chunks\383.
js:1:22611)
    at nj (C:\Users\pn
p\Desktop\depliying ra
pidnextech\WarpRapid\n
ode_modules\next\dist\
compiled\next-server\a
pp-page.runtime.prod.j
s:12:46251)
    at nM (C:\Users\pn
p\Desktop\depliying ra
pidnextech\WarpRapid\n
ode_modules\next\dist\
compiled\next-server\a
pp-page.runtime.prod.j
s:12:47571)
    at nN (C:\Users\pn
p\Desktop\depliying ra
pidnextech\WarpRapid\n
ode_modules\next\dist\
compiled\next-server\a
pp-page.runtime.prod.j
s:12:64546)
    at nI (C:\Users\pn
p\Desktop\depliying ra
pidnextech\WarpRapid\n
ode_modules\next\dist\
compiled\next-server\a
pp-page.runtime.prod.j
s:12:47010)
    at nM (C:\Users\pn
p\Desktop\depliying ra
pidnextech\WarpRapid\n
ode_modules\next\dist\
compiled\next-server\a
pp-page.runtime.prod.j
s:12:47717)
    at nM (C:\Users\pn
p\Desktop\depliying ra
pidnextech\WarpRapid\n
ode_modules\next\dist\
compiled\next-server\a
pp-page.runtime.prod.j
s:12:61546)
    at nN (C:\Users\pn
p\Desktop\depliying ra
pidnextech\WarpRapid\n
ode_modules\next\dist\
compiled\next-server\a
pp-page.runtime.prod.j
s:12:64546)

Error occurred 
prerendering page "/ca
se-studies/eduplatform
-fullstack-elearning-m
anagement-system". 
Read more: https://nex
tjs.org/docs/messages/
prerender-error

TypeError: Cannot 
read properties of 
null (reading 
'useContext')
    at t.useContext (C
:\Users\pnp\desktop\de
pliying rapidnextech\W
arpRapid\node_modules\
next\dist\compiled\nex
t-server\app-page.runt
ime.prod.js:12:109363)
    at d (C:\Users\pnp
\desktop\depliying rap
idnextech\WarpRapid\.n
ext\server\chunks\383.
js:1:30707)
    at p (C:\Users\pnp
\desktop\depliying rap
idnextech\WarpRapid\.n
ext\server\chunks\383.
js:1:22611)
    at nj (C:\Users\pn
p\Desktop\depliying ra
pidnextech\WarpRapid\n
ode_modules\next\dist\
compiled\next-server\a
pp-page.runtime.prod.j
s:12:46251)
    at nM (C:\Users\pn
p\Desktop\depliying ra
pidnextech\WarpRapid\n
ode_modules\next\dist\
compiled\next-server\a
pp-page.runtime.prod.j
s:12:47571)
    at nN (C:\Users\pn
p\Desktop\depliying ra
pidnextech\WarpRapid\n
ode_modules\next\dist\
compiled\next-server\a
pp-page.runtime.prod.j
s:12:64546)
    at nI (C:\Users\pn
p\Desktop\depliying ra
pidnextech\WarpRapid\n
ode_modules\next\dist\
compiled\next-server\a
pp-page.runtime.prod.j
s:12:47010)
    at nM (C:\Users\pn
p\Desktop\depliying ra
pidnextech\WarpRapid\n
ode_modules\next\dist\
compiled\next-server\a
pp-page.runtime.prod.j
s:12:47717)
    at nM (C:\Users\pn
p\Desktop\depliying ra
pidnextech\WarpRapid\n
ode_modules\next\dist\
compiled\next-server\a
pp-page.runtime.prod.j
s:12:61546)
    at nN (C:\Users\pn
p\Desktop\depliying ra
pidnextech\WarpRapid\n
ode_modules\next\dist\
compiled\next-server\a
pp-page.runtime.prod.j
s:12:64546)
TypeError: Cannot 
read properties of 
null (reading 
'useContext')
    at t.useContext (C
:\Users\pnp\desktop\de
pliying rapidnextech\W
arpRapid\node_modules\
next\dist\compiled\nex
t-server\app-page.runt
ime.prod.js:12:109363)
    at d (C:\Users\pnp
\desktop\depliying rap
idnextech\WarpRapid\.n
ext\server\chunks\383.
js:1:30707)
    at p (C:\Users\pnp
\desktop\depliying rap
idnextech\WarpRapid\.n
ext\server\chunks\383.
js:1:22611)
    at nj (C:\Users\pn
p\Desktop\depliying ra
pidnextech\WarpRapid\n
ode_modules\next\dist\
compiled\next-server\a
pp-page.runtime.prod.j
s:12:46251)
    at nM (C:\Users\pn
p\Desktop\depliying ra
pidnextech\WarpRapid\n
ode_modules\next\dist\
compiled\next-server\a
pp-page.runtime.prod.j
s:12:47571)
    at nN (C:\Users\pn
p\Desktop\depliying ra
pidnextech\WarpRapid\n
ode_modules\next\dist\
compiled\next-server\a
pp-page.runtime.prod.j
s:12:64546)
    at nI (C:\Users\pn
p\Desktop\depliying ra
pidnextech\WarpRapid\n
ode_modules\next\dist\
compiled\next-server\a
pp-page.runtime.prod.j
s:12:47010)
    at nM (C:\Users\pn
p\Desktop\depliying ra
pidnextech\WarpRapid\n
ode_modules\next\dist\
compiled\next-server\a
pp-page.runtime.prod.j
s:12:47717)
    at nM (C:\Users\pn
p\Desktop\depliying ra
pidnextech\WarpRapid\n
ode_modules\next\dist\
compiled\next-server\a
pp-page.runtime.prod.j
s:12:61546)
    at nN (C:\Users\pn
p\Desktop\depliying ra
pidnextech\WarpRapid\n
ode_modules\next\dist\
compiled\next-server\a
pp-page.runtime.prod.j
s:12:64546) {
  digest: '942765202'
}
TypeError: Cannot 
read properties of 
null (reading 
'useContext')
    at t.useContext (C
:\Users\pnp\desktop\de
pliying rapidnextech\W
arpRapid\node_modules\
next\dist\compiled\nex
t-server\app-page.runt
ime.prod.js:12:109363)
    at d (C:\Users\pnp
\desktop\depliying rap
idnextech\WarpRapid\.n
ext\server\chunks\383.
js:1:30707)
    at p (C:\Users\pnp
\desktop\depliying rap
idnextech\WarpRapid\.n
ext\server\chunks\383.
js:1:22611)
    at nj (C:\Users\pn
p\Desktop\depliying ra
pidnextech\WarpRapid\n
ode_modules\next\dist\
compiled\next-server\a
pp-page.runtime.prod.j
s:12:46251)
    at nM (C:\Users\pn
p\Desktop\depliying ra
pidnextech\WarpRapid\n
ode_modules\next\dist\
compiled\next-server\a
pp-page.runtime.prod.j
s:12:47571)
    at nN (C:\Users\pn
p\Desktop\depliying ra
pidnextech\WarpRapid\n
ode_modules\next\dist\
compiled\next-server\a
pp-page.runtime.prod.j
s:12:64546)
    at nI (C:\Users\pn
p\Desktop\depliying ra
pidnextech\WarpRapid\n
ode_modules\next\dist\
compiled\next-server\a
pp-page.runtime.prod.j
s:12:47010)
    at nM (C:\Users\pn
p\Desktop\depliying ra
pidnextech\WarpRapid\n
ode_modules\next\dist\
compiled\next-server\a
pp-page.runtime.prod.j
s:12:47717)
    at nM (C:\Users\pn
p\Desktop\depliying ra
pidnextech\WarpRapid\n
ode_modules\next\dist\
compiled\next-server\a
pp-page.runtime.prod.j
s:12:61546)
    at nN (C:\Users\pn
p\Desktop\depliying ra
pidnextech\WarpRapid\n
ode_modules\next\dist\
compiled\next-server\a
pp-page.runtime.prod.j
s:12:64546)

Error occurred 
prerendering page "/ca
se-studies/nexusai-crm
-security-first-lead-m
anagement-system". 
Read more: https://nex
tjs.org/docs/messages/
prerender-error

TypeError: Cannot 
read properties of 
null (reading 
'useContext')
    at t.useContext (C
:\Users\pnp\desktop\de
pliying rapidnextech\W
arpRapid\node_modules\
next\dist\compiled\nex
t-server\app-page.runt
ime.prod.js:12:109363)
    at d (C:\Users\pnp
\desktop\depliying rap
idnextech\WarpRapid\.n
ext\server\chunks\383.
js:1:30707)
    at p (C:\Users\pnp
\desktop\depliying rap
idnextech\WarpRapid\.n
ext\server\chunks\383.
js:1:22611)
    at nj (C:\Users\pn
p\Desktop\depliying ra
pidnextech\WarpRapid\n
ode_modules\next\dist\
compiled\next-server\a
pp-page.runtime.prod.j
s:12:46251)
    at nM (C:\Users\pn
p\Desktop\depliying ra
pidnextech\WarpRapid\n
ode_modules\next\dist\
compiled\next-server\a
pp-page.runtime.prod.j
s:12:47571)
    at nN (C:\Users\pn
p\Desktop\depliying ra
pidnextech\WarpRapid\n
ode_modules\next\dist\
compiled\next-server\a
pp-page.runtime.prod.j
s:12:64546)
    at nI (C:\Users\pn
p\Desktop\depliying ra
pidnextech\WarpRapid\n
ode_modules\next\dist\
compiled\next-server\a
pp-page.runtime.prod.j
s:12:47010)
    at nM (C:\Users\pn
p\Desktop\depliying ra
pidnextech\WarpRapid\n
ode_modules\next\dist\
compiled\next-server\a
pp-page.runtime.prod.j
s:12:47717)
    at nM (C:\Users\pn
p\Desktop\depliying ra
pidnextech\WarpRapid\n
ode_modules\next\dist\
compiled\next-server\a
pp-page.runtime.prod.j
s:12:61546)
    at nN (C:\Users\pn
p\Desktop\depliying ra
pidnextech\WarpRapid\n
ode_modules\next\dist\
compiled\next-server\a
pp-page.runtime.prod.j
s:12:64546)
TypeError: Cannot 
read properties of 
null (reading 
'useContext')
    at t.useContext (C
:\Users\pnp\desktop\de
pliying rapidnextech\W
arpRapid\node_modules\
next\dist\compiled\nex
t-server\app-page.runt
ime.prod.js:12:109363)
    at d (C:\Users\pnp
\desktop\depliying rap
idnextech\WarpRapid\.n
ext\server\chunks\383.
js:1:30707)
    at p (C:\Users\pnp
\desktop\depliying rap
idnextech\WarpRapid\.n
ext\server\chunks\383.
js:1:22611)
    at nj (C:\Users\pn
p\Desktop\depliying ra
pidnextech\WarpRapid\n
ode_modules\next\dist\
compiled\next-server\a
pp-page.runtime.prod.j
s:12:46251)
    at nM (C:\Users\pn
p\Desktop\depliying ra
pidnextech\WarpRapid\n
ode_modules\next\dist\
compiled\next-server\a
pp-page.runtime.prod.j
s:12:47571)
    at nN (C:\Users\pn
p\Desktop\depliying ra
pidnextech\WarpRapid\n
ode_modules\next\dist\
compiled\next-server\a
pp-page.runtime.prod.j
s:12:64546)
    at nI (C:\Users\pn
p\Desktop\depliying ra
pidnextech\WarpRapid\n
ode_modules\next\dist\
compiled\next-server\a
pp-page.runtime.prod.j
s:12:47010)
    at nM (C:\Users\pn
p\Desktop\depliying ra
pidnextech\WarpRapid\n
ode_modules\next\dist\
compiled\next-server\a
pp-page.runtime.prod.j
s:12:47717)
    at nM (C:\Users\pn
p\Desktop\depliying ra
pidnextech\WarpRapid\n
ode_modules\next\dist\
compiled\next-server\a
pp-page.runtime.prod.j
s:12:61546)
    at nN (C:\Users\pn
p\Desktop\depliying ra
pidnextech\WarpRapid\n
ode_modules\next\dist\
compiled\next-server\a
pp-page.runtime.prod.j
s:12:64546) {
  digest: '942765202'
}
TypeError: Cannot 
read properties of 
null (reading 
'useContext')
    at t.useContext (C
:\Users\pnp\desktop\de
pliying rapidnextech\W
arpRapid\node_modules\
next\dist\compiled\nex
t-server\app-page.runt
ime.prod.js:12:109363)
    at d (C:\Users\pnp
\desktop\depliying rap
idnextech\WarpRapid\.n
ext\server\chunks\383.
js:1:30707)
    at p (C:\Users\pnp
\desktop\depliying rap
idnextech\WarpRapid\.n
ext\server\chunks\383.
js:1:22611)
    at nj (C:\Users\pn
p\Desktop\depliying ra
pidnextech\WarpRapid\n
ode_modules\next\dist\
compiled\next-server\a
pp-page.runtime.prod.j
s:12:46251)
    at nM (C:\Users\pn
p\Desktop\depliying ra
pidnextech\WarpRapid\n
ode_modules\next\dist\
compiled\next-server\a
pp-page.runtime.prod.j
s:12:47571)
    at nN (C:\Users\pn
p\Desktop\depliying ra
pidnextech\WarpRapid\n
ode_modules\next\dist\
compiled\next-server\a
pp-page.runtime.prod.j
s:12:64546)
    at nI (C:\Users\pn
p\Desktop\depliying ra
pidnextech\WarpRapid\n
ode_modules\next\dist\
compiled\next-server\a
pp-page.runtime.prod.j
s:12:47010)
    at nM (C:\Users\pn
p\Desktop\depliying ra
pidnextech\WarpRapid\n
ode_modules\next\dist\
compiled\next-server\a
pp-page.runtime.prod.j
s:12:47717)
    at nM (C:\Users\pn
p\Desktop\depliying ra
pidnextech\WarpRapid\n
ode_modules\next\dist\
compiled\next-server\a
pp-page.runtime.prod.j
s:12:61546)
    at nN (C:\Users\pn
p\Desktop\depliying ra
pidnextech\WarpRapid\n
ode_modules\next\dist\
compiled\next-server\a
pp-page.runtime.prod.j
s:12:64546)

Error occurred 
prerendering page "/se
rvices/ai-automation-w
orkflow". Read more: h
ttps://nextjs.org/docs
/messages/prerender-er
ror

TypeError: Cannot 
read properties of 
null (reading 
'useContext')
    at t.useContext (C
:\Users\pnp\desktop\de
pliying rapidnextech\W
arpRapid\node_modules\
next\dist\compiled\nex
t-server\app-page.runt
ime.prod.js:12:109363)
    at d (C:\Users\pnp
\desktop\depliying rap
idnextech\WarpRapid\.n
ext\server\chunks\383.
js:1:30707)
    at p (C:\Users\pnp
\desktop\depliying rap
idnextech\WarpRapid\.n
ext\server\chunks\383.
js:1:22611)
    at nj (C:\Users\pn
p\Desktop\depliying ra
pidnextech\WarpRapid\n
ode_modules\next\dist\
compiled\next-server\a
pp-page.runtime.prod.j
s:12:46251)
    at nM (C:\Users\pn
p\Desktop\depliying ra
pidnextech\WarpRapid\n
ode_modules\next\dist\
compiled\next-server\a
pp-page.runtime.prod.j
s:12:47571)
    at nN (C:\Users\pn
p\Desktop\depliying ra
pidnextech\WarpRapid\n
ode_modules\next\dist\
compiled\next-server\a
pp-page.runtime.prod.j
s:12:64546)
    at nI (C:\Users\pn
p\Desktop\depliying ra
pidnextech\WarpRapid\n
ode_modules\next\dist\
compiled\next-server\a
pp-page.runtime.prod.j
s:12:47010)
    at nM (C:\Users\pn
p\Desktop\depliying ra
pidnextech\WarpRapid\n
ode_modules\next\dist\
compiled\next-server\a
pp-page.runtime.prod.j
s:12:47717)
    at nM (C:\Users\pn
p\Desktop\depliying ra
pidnextech\WarpRapid\n
ode_modules\next\dist\
compiled\next-server\a
pp-page.runtime.prod.j
s:12:61546)
    at nN (C:\Users\pn
p\Desktop\depliying ra
pidnextech\WarpRapid\n
ode_modules\next\dist\
compiled\next-server\a
pp-page.runtime.prod.j
s:12:64546)
TypeError: Cannot 
read properties of 
null (reading 
'useContext')
    at t.useContext (C
:\Users\pnp\desktop\de
pliying rapidnextech\W
arpRapid\node_modules\
next\dist\compiled\nex
t-server\app-page.runt
ime.prod.js:12:109363)
    at d (C:\Users\pnp
\desktop\depliying rap
idnextech\WarpRapid\.n
ext\server\chunks\383.
js:1:30707)
    at p (C:\Users\pnp
\desktop\depliying rap
idnextech\WarpRapid\.n
ext\server\chunks\383.
js:1:22611)
    at nj (C:\Users\pn
p\Desktop\depliying ra
pidnextech\WarpRapid\n
ode_modules\next\dist\
compiled\next-server\a
pp-page.runtime.prod.j
s:12:46251)
    at nM (C:\Users\pn
p\Desktop\depliying ra
pidnextech\WarpRapid\n
ode_modules\next\dist\
compiled\next-server\a
pp-page.runtime.prod.j
s:12:47571)
    at nN (C:\Users\pn
p\Desktop\depliying ra
pidnextech\WarpRapid\n
ode_modules\next\dist\
compiled\next-server\a
pp-page.runtime.prod.j
s:12:64546)
    at nI (C:\Users\pn
p\Desktop\depliying ra
pidnextech\WarpRapid\n
ode_modules\next\dist\
compiled\next-server\a
pp-page.runtime.prod.j
s:12:47010)
    at nM (C:\Users\pn
p\Desktop\depliying ra
pidnextech\WarpRapid\n
ode_modules\next\dist\
compiled\next-server\a
pp-page.runtime.prod.j
s:12:47717)
    at nM (C:\Users\pn
p\Desktop\depliying ra
pidnextech\WarpRapid\n
ode_modules\next\dist\
compiled\next-server\a
pp-page.runtime.prod.j
s:12:61546)
    at nN (C:\Users\pn
p\Desktop\depliying ra
pidnextech\WarpRapid\n
ode_modules\next\dist\
compiled\next-server\a
pp-page.runtime.prod.j
s:12:64546) {
  digest: '942765202'
}
TypeError: Cannot 
read properties of 
null (reading 
'useContext')
    at t.useContext (C
:\Users\pnp\desktop\de
pliying rapidnextech\W
arpRapid\node_modules\
next\dist\compiled\nex
t-server\app-page.runt
ime.prod.js:12:109363)
    at d (C:\Users\pnp
\desktop\depliying rap
idnextech\WarpRapid\.n
ext\server\chunks\383.
js:1:30707)
    at p (C:\Users\pnp
\desktop\depliying rap
idnextech\WarpRapid\.n
ext\server\chunks\383.
js:1:22611)
    at nj (C:\Users\pn
p\Desktop\depliying ra
pidnextech\WarpRapid\n
ode_modules\next\dist\
compiled\next-server\a
pp-page.runtime.prod.j
s:12:46251)
    at nM (C:\Users\pn
p\Desktop\depliying ra
pidnextech\WarpRapid\n
ode_modules\next\dist\
compiled\next-server\a
pp-page.runtime.prod.j
s:12:47571)
    at nN (C:\Users\pn
p\Desktop\depliying ra
pidnextech\WarpRapid\n
ode_modules\next\dist\
compiled\next-server\a
pp-page.runtime.prod.j
s:12:64546)
    at nI (C:\Users\pn
p\Desktop\depliying ra
pidnextech\WarpRapid\n
ode_modules\next\dist\
compiled\next-server\a
pp-page.runtime.prod.j
s:12:47010)
    at nM (C:\Users\pn
p\Desktop\depliying ra
pidnextech\WarpRapid\n
ode_modules\next\dist\
compiled\next-server\a
pp-page.runtime.prod.j
s:12:47717)
    at nM (C:\Users\pn
p\Desktop\depliying ra
pidnextech\WarpRapid\n
ode_modules\next\dist\
compiled\next-server\a
pp-page.runtime.prod.j
s:12:61546)
    at nN (C:\Users\pn
p\Desktop\depliying ra
pidnextech\WarpRapid\n
ode_modules\next\dist\
compiled\next-server\a
pp-page.runtime.prod.j
s:12:64546)

Error occurred 
prerendering page "/se
rvices/mobile-app-deve
lopment". Read more: h
ttps://nextjs.org/docs
/messages/prerender-er
ror

TypeError: Cannot 
read properties of 
null (reading 
'useContext')
    at t.useContext (C
:\Users\pnp\desktop\de
pliying rapidnextech\W
arpRapid\node_modules\
next\dist\compiled\nex
t-server\app-page.runt
ime.prod.js:12:109363)
    at d (C:\Users\pnp
\desktop\depliying rap
idnextech\WarpRapid\.n
ext\server\chunks\383.
js:1:30707)
    at p (C:\Users\pnp
\desktop\depliying rap
idnextech\WarpRapid\.n
ext\server\chunks\383.
js:1:22611)
    at nj (C:\Users\pn
p\Desktop\depliying ra
pidnextech\WarpRapid\n
ode_modules\next\dist\
compiled\next-server\a
pp-page.runtime.prod.j
s:12:46251)
    at nM (C:\Users\pn
p\Desktop\depliying ra
pidnextech\WarpRapid\n
ode_modules\next\dist\
compiled\next-server\a
pp-page.runtime.prod.j
s:12:47571)
    at nN (C:\Users\pn
p\Desktop\depliying ra
pidnextech\WarpRapid\n
ode_modules\next\dist\
compiled\next-server\a
pp-page.runtime.prod.j
s:12:64546)
    at nI (C:\Users\pn
p\Desktop\depliying ra
pidnextech\WarpRapid\n
ode_modules\next\dist\
compiled\next-server\a
pp-page.runtime.prod.j
s:12:47010)
    at nM (C:\Users\pn
p\Desktop\depliying ra
pidnextech\WarpRapid\n
ode_modules\next\dist\
compiled\next-server\a
pp-page.runtime.prod.j
s:12:47717)
    at nM (C:\Users\pn
p\Desktop\depliying ra
pidnextech\WarpRapid\n
ode_modules\next\dist\
compiled\next-server\a
pp-page.runtime.prod.j
s:12:61546)
    at nN (C:\Users\pn
p\Desktop\depliying ra
pidnextech\WarpRapid\n
ode_modules\next\dist\
compiled\next-server\a
pp-page.runtime.prod.j
s:12:64546)
TypeError: Cannot 
read properties of 
null (reading 
'useContext')
    at t.useContext (C
:\Users\pnp\desktop\de
pliying rapidnextech\W
arpRapid\node_modules\
next\dist\compiled\nex
t-server\app-page.runt
ime.prod.js:12:109363)
    at d (C:\Users\pnp
\desktop\depliying rap
idnextech\WarpRapid\.n
ext\server\chunks\383.
js:1:30707)
    at p (C:\Users\pnp
\desktop\depliying rap
idnextech\WarpRapid\.n
ext\server\chunks\383.
js:1:22611)
    at nj (C:\Users\pn
p\Desktop\depliying ra
pidnextech\WarpRapid\n
ode_modules\next\dist\
compiled\next-server\a
pp-page.runtime.prod.j
s:12:46251)
    at nM (C:\Users\pn
p\Desktop\depliying ra
pidnextech\WarpRapid\n
ode_modules\next\dist\
compiled\next-server\a
pp-page.runtime.prod.j
s:12:47571)
    at nN (C:\Users\pn
p\Desktop\depliying ra
pidnextech\WarpRapid\n
ode_modules\next\dist\
compiled\next-server\a
pp-page.runtime.prod.j
s:12:64546)
    at nI (C:\Users\pn
p\Desktop\depliying ra
pidnextech\WarpRapid\n
ode_modules\next\dist\
compiled\next-server\a
pp-page.runtime.prod.j
s:12:47010)
    at nM (C:\Users\pn
p\Desktop\depliying ra
pidnextech\WarpRapid\n
ode_modules\next\dist\
compiled\next-server\a
pp-page.runtime.prod.j
s:12:47717)
    at nM (C:\Users\pn
p\Desktop\depliying ra
pidnextech\WarpRapid\n
ode_modules\next\dist\
compiled\next-server\a
pp-page.runtime.prod.j
s:12:61546)
    at nN (C:\Users\pn
p\Desktop\depliying ra
pidnextech\WarpRapid\n
ode_modules\next\dist\
compiled\next-server\a
pp-page.runtime.prod.j
s:12:64546) {
  digest: '942765202'
}
TypeError: Cannot 
read properties of 
null (reading 
'useContext')
    at t.useContext (C
:\Users\pnp\desktop\de
pliying rapidnextech\W
arpRapid\node_modules\
next\dist\compiled\nex
t-server\app-page.runt
ime.prod.js:12:109363)
    at d (C:\Users\pnp
\desktop\depliying rap
idnextech\WarpRapid\.n
ext\server\chunks\383.
js:1:30707)
    at p (C:\Users\pnp
\desktop\depliying rap
idnextech\WarpRapid\.n
ext\server\chunks\383.
js:1:22611)
    at nj (C:\Users\pn
p\Desktop\depliying ra
pidnextech\WarpRapid\n
ode_modules\next\dist\
compiled\next-server\a
pp-page.runtime.prod.j
s:12:46251)
    at nM (C:\Users\pn
p\Desktop\depliying ra
pidnextech\WarpRapid\n
ode_modules\next\dist\
compiled\next-server\a
pp-page.runtime.prod.j
s:12:47571)
    at nN (C:\Users\pn
p\Desktop\depliying ra
pidnextech\WarpRapid\n
ode_modules\next\dist\
compiled\next-server\a
pp-page.runtime.prod.j
s:12:64546)
    at nI (C:\Users\pn
p\Desktop\depliying ra
pidnextech\WarpRapid\n
ode_modules\next\dist\
compiled\next-server\a
pp-page.runtime.prod.j
s:12:47010)
    at nM (C:\Users\pn
p\Desktop\depliying ra
pidnextech\WarpRapid\n
ode_modules\next\dist\
compiled\next-server\a
pp-page.runtime.prod.j
s:12:47717)
    at nM (C:\Users\pn
p\Desktop\depliying ra
pidnextech\WarpRapid\n
ode_modules\next\dist\
compiled\next-server\a
pp-page.runtime.prod.j
s:12:61546)
    at nN (C:\Users\pn
p\Desktop\depliying ra
pidnextech\WarpRapid\n
ode_modules\next\dist\
compiled\next-server\a
pp-page.runtime.prod.j
s:12:64546)

Error occurred 
prerendering page "/ca
se-studies/lumiere-res
taurant-management-sys
tem". Read more: https
://nextjs.org/docs/mes
sages/prerender-error

TypeError: Cannot 
read properties of 
null (reading 
'useContext')
    at t.useContext (C
:\Users\pnp\desktop\de
pliying rapidnextech\W
arpRapid\node_modules\
next\dist\compiled\nex
t-server\app-page.runt
ime.prod.js:12:109363)
    at d (C:\Users\pnp
\desktop\depliying rap
idnextech\WarpRapid\.n
ext\server\chunks\383.
js:1:30707)
    at p (C:\Users\pnp
\desktop\depliying rap
idnextech\WarpRapid\.n
ext\server\chunks\383.
js:1:22611)
    at nj (C:\Users\pn
p\Desktop\depliying ra
pidnextech\WarpRapid\n
ode_modules\next\dist\
compiled\next-server\a
pp-page.runtime.prod.j
s:12:46251)
    at nM (C:\Users\pn
p\Desktop\depliying ra
pidnextech\WarpRapid\n
ode_modules\next\dist\
compiled\next-server\a
pp-page.runtime.prod.j
s:12:47571)
    at nN (C:\Users\pn
p\Desktop\depliying ra
pidnextech\WarpRapid\n
ode_modules\next\dist\
compiled\next-server\a
pp-page.runtime.prod.j
s:12:64546)
    at nI (C:\Users\pn
p\Desktop\depliying ra
pidnextech\WarpRapid\n
ode_modules\next\dist\
compiled\next-server\a
pp-page.runtime.prod.j
s:12:47010)
    at nM (C:\Users\pn
p\Desktop\depliying ra
pidnextech\WarpRapid\n
ode_modules\next\dist\
compiled\next-server\a
pp-page.runtime.prod.j
s:12:47717)
    at nM (C:\Users\pn
p\Desktop\depliying ra
pidnextech\WarpRapid\n
ode_modules\next\dist\
compiled\next-server\a
pp-page.runtime.prod.j
s:12:61546)
    at nN (C:\Users\pn
p\Desktop\depliying ra
pidnextech\WarpRapid\n
ode_modules\next\dist\
compiled\next-server\a
pp-page.runtime.prod.j
s:12:64546)
TypeError: Cannot 
read properties of 
null (reading 
'useContext')
    at t.useContext (C
:\Users\pnp\desktop\de
pliying rapidnextech\W
arpRapid\node_modules\
next\dist\compiled\nex
t-server\app-page.runt
ime.prod.js:12:109363)
    at d (C:\Users\pnp
\desktop\depliying rap
idnextech\WarpRapid\.n
ext\server\chunks\383.
js:1:30707)
    at p (C:\Users\pnp
\desktop\depliying rap
idnextech\WarpRapid\.n
ext\server\chunks\383.
js:1:22611)
    at nj (C:\Users\pn
p\Desktop\depliying ra
pidnextech\WarpRapid\n
ode_modules\next\dist\
compiled\next-server\a
pp-page.runtime.prod.j
s:12:46251)
    at nM (C:\Users\pn
p\Desktop\depliying ra
pidnextech\WarpRapid\n
ode_modules\next\dist\
compiled\next-server\a
pp-page.runtime.prod.j
s:12:47571)
    at nN (C:\Users\pn
p\Desktop\depliying ra
pidnextech\WarpRapid\n
ode_modules\next\dist\
compiled\next-server\a
pp-page.runtime.prod.j
s:12:64546)
    at nI (C:\Users\pn
p\Desktop\depliying ra
pidnextech\WarpRapid\n
ode_modules\next\dist\
compiled\next-server\a
pp-page.runtime.prod.j
s:12:47010)
    at nM (C:\Users\pn
p\Desktop\depliying ra
pidnextech\WarpRapid\n
ode_modules\next\dist\
compiled\next-server\a
pp-page.runtime.prod.j
s:12:47717)
    at nM (C:\Users\pn
p\Desktop\depliying ra
pidnextech\WarpRapid\n
ode_modules\next\dist\
compiled\next-server\a
pp-page.runtime.prod.j
s:12:61546)
    at nN (C:\Users\pn
p\Desktop\depliying ra
pidnextech\WarpRapid\n
ode_modules\next\dist\
compiled\next-server\a
pp-page.runtime.prod.j
s:12:64546) {
  digest: '942765202'
}
TypeError: Cannot 
read properties of 
null (reading 
'useContext')
    at t.useContext (C
:\Users\pnp\desktop\de
pliying rapidnextech\W
arpRapid\node_modules\
next\dist\compiled\nex
t-server\app-page.runt
ime.prod.js:12:109363)
    at d (C:\Users\pnp
\desktop\depliying rap
idnextech\WarpRapid\.n
ext\server\chunks\383.
js:1:30707)
    at p (C:\Users\pnp
\desktop\depliying rap
idnextech\WarpRapid\.n
ext\server\chunks\383.
js:1:22611)
    at nj (C:\Users\pn
p\Desktop\depliying ra
pidnextech\WarpRapid\n
ode_modules\next\dist\
compiled\next-server\a
pp-page.runtime.prod.j
s:12:46251)
    at nM (C:\Users\pn
p\Desktop\depliying ra
pidnextech\WarpRapid\n
ode_modules\next\dist\
compiled\next-server\a
pp-page.runtime.prod.j
s:12:47571)
    at nN (C:\Users\pn
p\Desktop\depliying ra
pidnextech\WarpRapid\n
ode_modules\next\dist\
compiled\next-server\a
pp-page.runtime.prod.j
s:12:64546)
    at nI (C:\Users\pn
p\Desktop\depliying ra
pidnextech\WarpRapid\n
ode_modules\next\dist\
compiled\next-server\a
pp-page.runtime.prod.j
s:12:47010)
    at nM (C:\Users\pn
p\Desktop\depliying ra
pidnextech\WarpRapid\n
ode_modules\next\dist\
compiled\next-server\a
pp-page.runtime.prod.j
s:12:47717)
    at nM (C:\Users\pn
p\Desktop\depliying ra
pidnextech\WarpRapid\n
ode_modules\next\dist\
compiled\next-server\a
pp-page.runtime.prod.j
s:12:61546)
    at nN (C:\Users\pn
p\Desktop\depliying ra
pidnextech\WarpRapid\n
ode_modules\next\dist\
compiled\next-server\a
pp-page.runtime.prod.j
s:12:64546)

Error occurred 
prerendering page "/ca
se-studies/education-l
ms". Read more: https:
//nextjs.org/docs/mess
ages/prerender-error

TypeError: Cannot 
read properties of 
null (reading 
'useContext')
    at t.useContext (C
:\Users\pnp\desktop\de
pliying rapidnextech\W
arpRapid\node_modules\
next\dist\compiled\nex
t-server\app-page.runt
ime.prod.js:12:109363)
    at d (C:\Users\pnp
\desktop\depliying rap
idnextech\WarpRapid\.n
ext\server\chunks\383.
js:1:30707)
    at p (C:\Users\pnp
\desktop\depliying rap
idnextech\WarpRapid\.n
ext\server\chunks\383.
js:1:22611)
    at nj (C:\Users\pn
p\Desktop\depliying ra
pidnextech\WarpRapid\n
ode_modules\next\dist\
compiled\next-server\a
pp-page.runtime.prod.j
s:12:46251)
    at nM (C:\Users\pn
p\Desktop\depliying ra
pidnextech\WarpRapid\n
ode_modules\next\dist\
compiled\next-server\a
pp-page.runtime.prod.j
s:12:47571)
    at nN (C:\Users\pn
p\Desktop\depliying ra
pidnextech\WarpRapid\n
ode_modules\next\dist\
compiled\next-server\a
pp-page.runtime.prod.j
s:12:64546)
    at nI (C:\Users\pn
p\Desktop\depliying ra
pidnextech\WarpRapid\n
ode_modules\next\dist\
compiled\next-server\a
pp-page.runtime.prod.j
s:12:47010)
    at nM (C:\Users\pn
p\Desktop\depliying ra
pidnextech\WarpRapid\n
ode_modules\next\dist\
compiled\next-server\a
pp-page.runtime.prod.j
s:12:47717)
    at nM (C:\Users\pn
p\Desktop\depliying ra
pidnextech\WarpRapid\n
ode_modules\next\dist\
compiled\next-server\a
pp-page.runtime.prod.j
s:12:61546)
    at nN (C:\Users\pn
p\Desktop\depliying ra
pidnextech\WarpRapid\n
ode_modules\next\dist\
compiled\next-server\a
pp-page.runtime.prod.j
s:12:64546)
TypeError: Cannot 
read properties of 
null (reading 
'useContext')
    at t.useContext (C
:\Users\pnp\desktop\de
pliying rapidnextech\W
arpRapid\node_modules\
next\dist\compiled\nex
t-server\app-page.runt
ime.prod.js:12:109363)
    at d (C:\Users\pnp
\desktop\depliying rap
idnextech\WarpRapid\.n
ext\server\chunks\383.
js:1:30707)
    at p (C:\Users\pnp
\desktop\depliying rap
idnextech\WarpRapid\.n
ext\server\chunks\383.
js:1:22611)
    at nj (C:\Users\pn
p\Desktop\depliying ra
pidnextech\WarpRapid\n
ode_modules\next\dist\
compiled\next-server\a
pp-page.runtime.prod.j
s:12:46251)
    at nM (C:\Users\pn
p\Desktop\depliying ra
pidnextech\WarpRapid\n
ode_modules\next\dist\
compiled\next-server\a
pp-page.runtime.prod.j
s:12:47571)
    at nN (C:\Users\pn
p\Desktop\depliying ra
pidnextech\WarpRapid\n
ode_modules\next\dist\
compiled\next-server\a
pp-page.runtime.prod.j
s:12:64546)
    at nI (C:\Users\pn
p\Desktop\depliying ra
pidnextech\WarpRapid\n
ode_modules\next\dist\
compiled\next-server\a
pp-page.runtime.prod.j
s:12:47010)
    at nM (C:\Users\pn
p\Desktop\depliying ra
pidnextech\WarpRapid\n
ode_modules\next\dist\
compiled\next-server\a
pp-page.runtime.prod.j
s:12:47717)
    at nM (C:\Users\pn
p\Desktop\depliying ra
pidnextech\WarpRapid\n
ode_modules\next\dist\
compiled\next-server\a
pp-page.runtime.prod.j
s:12:61546)
    at nN (C:\Users\pn
p\Desktop\depliying ra
pidnextech\WarpRapid\n
ode_modules\next\dist\
compiled\next-server\a
pp-page.runtime.prod.j
s:12:64546) {
  digest: '942765202'
}
TypeError: Cannot 
read properties of 
null (reading 
'useContext')
    at t.useContext (C
:\Users\pnp\desktop\de
pliying rapidnextech\W
arpRapid\node_modules\
next\dist\compiled\nex
t-server\app-page.runt
ime.prod.js:12:109363)
    at d (C:\Users\pnp
\desktop\depliying rap
idnextech\WarpRapid\.n
ext\server\chunks\383.
js:1:30707)
    at p (C:\Users\pnp
\desktop\depliying rap
idnextech\WarpRapid\.n
ext\server\chunks\383.
js:1:22611)
    at nj (C:\Users\pn
p\Desktop\depliying ra
pidnextech\WarpRapid\n
ode_modules\next\dist\
compiled\next-server\a
pp-page.runtime.prod.j
s:12:46251)
    at nM (C:\Users\pn
p\Desktop\depliying ra
pidnextech\WarpRapid\n
ode_modules\next\dist\
compiled\next-server\a
pp-page.runtime.prod.j
s:12:47571)
    at nN (C:\Users\pn
p\Desktop\depliying ra
pidnextech\WarpRapid\n
ode_modules\next\dist\
compiled\next-server\a
pp-page.runtime.prod.j
s:12:64546)
    at nI (C:\Users\pn
p\Desktop\depliying ra
pidnextech\WarpRapid\n
ode_modules\next\dist\
compiled\next-server\a
pp-page.runtime.prod.j
s:12:47010)
    at nM (C:\Users\pn
p\Desktop\depliying ra
pidnextech\WarpRapid\n
ode_modules\next\dist\
compiled\next-server\a
pp-page.runtime.prod.j
s:12:47717)
    at nM (C:\Users\pn
p\Desktop\depliying ra
pidnextech\WarpRapid\n
ode_modules\next\dist\
compiled\next-server\a
pp-page.runtime.prod.j
s:12:61546)
    at nN (C:\Users\pn
p\Desktop\depliying ra
pidnextech\WarpRapid\n
ode_modules\next\dist\
compiled\next-server\a
pp-page.runtime.prod.j
s:12:64546)

Error occurred 
prerendering page "/bl
og/mvp-development-for
-startups-step-by-step
-guide". Read more: ht
tps://nextjs.org/docs/
messages/prerender-err
or

TypeError: Cannot 
read properties of 
null (reading 
'useContext')
    at t.useContext (C
:\Users\pnp\desktop\de
pliying rapidnextech\W
arpRapid\node_modules\
next\dist\compiled\nex
t-server\app-page.runt
ime.prod.js:12:109363)
    at d (C:\Users\pnp
\desktop\depliying rap
idnextech\WarpRapid\.n
ext\server\chunks\383.
js:1:30707)
    at p (C:\Users\pnp
\desktop\depliying rap
idnextech\WarpRapid\.n
ext\server\chunks\383.
js:1:22611)
    at nj (C:\Users\pn
p\Desktop\depliying ra
pidnextech\WarpRapid\n
ode_modules\next\dist\
compiled\next-server\a
pp-page.runtime.prod.j
s:12:46251)
    at nM (C:\Users\pn
p\Desktop\depliying ra
pidnextech\WarpRapid\n
ode_modules\next\dist\
compiled\next-server\a
pp-page.runtime.prod.j
s:12:47571)
    at nN (C:\Users\pn
p\Desktop\depliying ra
pidnextech\WarpRapid\n
ode_modules\next\dist\
compiled\next-server\a
pp-page.runtime.prod.j
s:12:64546)
    at nI (C:\Users\pn
p\Desktop\depliying ra
pidnextech\WarpRapid\n
ode_modules\next\dist\
compiled\next-server\a
pp-page.runtime.prod.j
s:12:47010)
    at nM (C:\Users\pn
p\Desktop\depliying ra
pidnextech\WarpRapid\n
ode_modules\next\dist\
compiled\next-server\a
pp-page.runtime.prod.j
s:12:47717)
    at nM (C:\Users\pn
p\Desktop\depliying ra
pidnextech\WarpRapid\n
ode_modules\next\dist\
compiled\next-server\a
pp-page.runtime.prod.j
s:12:61546)
    at nN (C:\Users\pn
p\Desktop\depliying ra
pidnextech\WarpRapid\n
ode_modules\next\dist\
compiled\next-server\a
pp-page.runtime.prod.j
s:12:64546)
   Generating static pages (30/40) 
TypeError: Cannot 
read properties of 
null (reading 
'useContext')
    at t.useContext (C
:\Users\pnp\desktop\de
pliying rapidnextech\W
arpRapid\node_modules\
next\dist\compiled\nex
t-server\app-page.runt
ime.prod.js:12:109363)
    at d (C:\Users\pnp
\desktop\depliying rap
idnextech\WarpRapid\.n
ext\server\chunks\383.
js:1:30707)
    at p (C:\Users\pnp
\desktop\depliying rap
idnextech\WarpRapid\.n
ext\server\chunks\383.
js:1:22611)
    at nj (C:\Users\pn
p\Desktop\depliying ra
pidnextech\WarpRapid\n
ode_modules\next\dist\
compiled\next-server\a
pp-page.runtime.prod.j
s:12:46251)
    at nM (C:\Users\pn
p\Desktop\depliying ra
pidnextech\WarpRapid\n
ode_modules\next\dist\
compiled\next-server\a
pp-page.runtime.prod.j
s:12:47571)
    at nN (C:\Users\pn
p\Desktop\depliying ra
pidnextech\WarpRapid\n
ode_modules\next\dist\
compiled\next-server\a
pp-page.runtime.prod.j
s:12:64546)
    at nI (C:\Users\pn
p\Desktop\depliying ra
pidnextech\WarpRapid\n
ode_modules\next\dist\
compiled\next-server\a
pp-page.runtime.prod.j
s:12:47010)
    at nM (C:\Users\pn
p\Desktop\depliying ra
pidnextech\WarpRapid\n
ode_modules\next\dist\
compiled\next-server\a
pp-page.runtime.prod.j
s:12:47717)
    at nM (C:\Users\pn
p\Desktop\depliying ra
pidnextech\WarpRapid\n
ode_modules\next\dist\
compiled\next-server\a
pp-page.runtime.prod.j
s:12:61546)
    at nN (C:\Users\pn
p\Desktop\depliying ra
pidnextech\WarpRapid\n
ode_modules\next\dist\
compiled\next-server\a
pp-page.runtime.prod.j
s:12:64546) {
  digest: '942765202'
}
TypeError: Cannot 
read properties of 
null (reading 
'useContext')
    at t.useContext (C
:\Users\pnp\desktop\de
pliying rapidnextech\W
arpRapid\node_modules\
next\dist\compiled\nex
t-server\app-page.runt
ime.prod.js:12:109363)
    at d (C:\Users\pnp
\desktop\depliying rap
idnextech\WarpRapid\.n
ext\server\chunks\383.
js:1:30707)
    at p (C:\Users\pnp
\desktop\depliying rap
idnextech\WarpRapid\.n
ext\server\chunks\383.
js:1:22611)
    at nj (C:\Users\pn
p\Desktop\depliying ra
pidnextech\WarpRapid\n
ode_modules\next\dist\
compiled\next-server\a
pp-page.runtime.prod.j
s:12:46251)
    at nM (C:\Users\pn
p\Desktop\depliying ra
pidnextech\WarpRapid\n
ode_modules\next\dist\
compiled\next-server\a
pp-page.runtime.prod.j
s:12:47571)
    at nN (C:\Users\pn
p\Desktop\depliying ra
pidnextech\WarpRapid\n
ode_modules\next\dist\
compiled\next-server\a
pp-page.runtime.prod.j
s:12:64546)
    at nI (C:\Users\pn
p\Desktop\depliying ra
pidnextech\WarpRapid\n
ode_modules\next\dist\
compiled\next-server\a
pp-page.runtime.prod.j
s:12:47010)
    at nM (C:\Users\pn
p\Desktop\depliying ra
pidnextech\WarpRapid\n
ode_modules\next\dist\
compiled\next-server\a
pp-page.runtime.prod.j
s:12:47717)
    at nM (C:\Users\pn
p\Desktop\depliying ra
pidnextech\WarpRapid\n
ode_modules\next\dist\
compiled\next-server\a
pp-page.runtime.prod.j
s:12:61546)
    at nN (C:\Users\pn
p\Desktop\depliying ra
pidnextech\WarpRapid\n
ode_modules\next\dist\
compiled\next-server\a
pp-page.runtime.prod.j
s:12:64546)

Error occurred 
prerendering page "/bl
og/custom-crm-vs-off-t
he-shelf-crm". Read 
more: https://nextjs.o
rg/docs/messages/prere
nder-error

TypeError: Cannot 
read properties of 
null (reading 
'useContext')
    at t.useContext (C
:\Users\pnp\desktop\de
pliying rapidnextech\W
arpRapid\node_modules\
next\dist\compiled\nex
t-server\app-page.runt
ime.prod.js:12:109363)
    at d (C:\Users\pnp
\desktop\depliying rap
idnextech\WarpRapid\.n
ext\server\chunks\383.
js:1:30707)
    at p (C:\Users\pnp
\desktop\depliying rap
idnextech\WarpRapid\.n
ext\server\chunks\383.
js:1:22611)
    at nj (C:\Users\pn
p\Desktop\depliying ra
pidnextech\WarpRapid\n
ode_modules\next\dist\
compiled\next-server\a
pp-page.runtime.prod.j
s:12:46251)
    at nM (C:\Users\pn
p\Desktop\depliying ra
pidnextech\WarpRapid\n
ode_modules\next\dist\
compiled\next-server\a
pp-page.runtime.prod.j
s:12:47571)
    at nN (C:\Users\pn
p\Desktop\depliying ra
pidnextech\WarpRapid\n
ode_modules\next\dist\
compiled\next-server\a
pp-page.runtime.prod.j
s:12:64546)
    at nI (C:\Users\pn
p\Desktop\depliying ra
pidnextech\WarpRapid\n
ode_modules\next\dist\
compiled\next-server\a
pp-page.runtime.prod.j
s:12:47010)
    at nM (C:\Users\pn
p\Desktop\depliying ra
pidnextech\WarpRapid\n
ode_modules\next\dist\
compiled\next-server\a
pp-page.runtime.prod.j
s:12:47717)
    at nM (C:\Users\pn
p\Desktop\depliying ra
pidnextech\WarpRapid\n
ode_modules\next\dist\
compiled\next-server\a
pp-page.runtime.prod.j
s:12:61546)
    at nN (C:\Users\pn
p\Desktop\depliying ra
pidnextech\WarpRapid\n
ode_modules\next\dist\
compiled\next-server\a
pp-page.runtime.prod.j
s:12:64546)
TypeError: Cannot 
read properties of 
null (reading 
'useContext')
    at t.useContext (C
:\Users\pnp\desktop\de
pliying rapidnextech\W
arpRapid\node_modules\
next\dist\compiled\nex
t-server\app-page.runt
ime.prod.js:12:109363)
    at d (C:\Users\pnp
\desktop\depliying rap
idnextech\WarpRapid\.n
ext\server\chunks\383.
js:1:30707)
    at p (C:\Users\pnp
\desktop\depliying rap
idnextech\WarpRapid\.n
ext\server\chunks\383.
js:1:22611)
    at nj (C:\Users\pn
p\Desktop\depliying ra
pidnextech\WarpRapid\n
ode_modules\next\dist\
compiled\next-server\a
pp-page.runtime.prod.j
s:12:46251)
    at nM (C:\Users\pn
p\Desktop\depliying ra
pidnextech\WarpRapid\n
ode_modules\next\dist\
compiled\next-server\a
pp-page.runtime.prod.j
s:12:47571)
    at nN (C:\Users\pn
p\Desktop\depliying ra
pidnextech\WarpRapid\n
ode_modules\next\dist\
compiled\next-server\a
pp-page.runtime.prod.j
s:12:64546)
    at nI (C:\Users\pn
p\Desktop\depliying ra
pidnextech\WarpRapid\n
ode_modules\next\dist\
compiled\next-server\a
pp-page.runtime.prod.j
s:12:47010)
    at nM (C:\Users\pn
p\Desktop\depliying ra
pidnextech\WarpRapid\n
ode_modules\next\dist\
compiled\next-server\a
pp-page.runtime.prod.j
s:12:47717)
    at nM (C:\Users\pn
p\Desktop\depliying ra
pidnextech\WarpRapid\n
ode_modules\next\dist\
compiled\next-server\a
pp-page.runtime.prod.j
s:12:61546)
    at nN (C:\Users\pn
p\Desktop\depliying ra
pidnextech\WarpRapid\n
ode_modules\next\dist\
compiled\next-server\a
pp-page.runtime.prod.j
s:12:64546) {
  digest: '942765202'
}
TypeError: Cannot 
read properties of 
null (reading 
'useContext')
    at t.useContext (C
:\Users\pnp\desktop\de
pliying rapidnextech\W
arpRapid\node_modules\
next\dist\compiled\nex
t-server\app-page.runt
ime.prod.js:12:109363)
    at d (C:\Users\pnp
\desktop\depliying rap
idnextech\WarpRapid\.n
ext\server\chunks\383.
js:1:30707)
    at p (C:\Users\pnp
\desktop\depliying rap
idnextech\WarpRapid\.n
ext\server\chunks\383.
js:1:22611)
    at nj (C:\Users\pn
p\Desktop\depliying ra
pidnextech\WarpRapid\n
ode_modules\next\dist\
compiled\next-server\a
pp-page.runtime.prod.j
s:12:46251)
    at nM (C:\Users\pn
p\Desktop\depliying ra
pidnextech\WarpRapid\n
ode_modules\next\dist\
compiled\next-server\a
pp-page.runtime.prod.j
s:12:47571)
    at nN (C:\Users\pn
p\Desktop\depliying ra
pidnextech\WarpRapid\n
ode_modules\next\dist\
compiled\next-server\a
pp-page.runtime.prod.j
s:12:64546)
    at nI (C:\Users\pn
p\Desktop\depliying ra
pidnextech\WarpRapid\n
ode_modules\next\dist\
compiled\next-server\a
pp-page.runtime.prod.j
s:12:47010)
    at nM (C:\Users\pn
p\Desktop\depliying ra
pidnextech\WarpRapid\n
ode_modules\next\dist\
compiled\next-server\a
pp-page.runtime.prod.j
s:12:47717)
    at nM (C:\Users\pn
p\Desktop\depliying ra
pidnextech\WarpRapid\n
ode_modules\next\dist\
compiled\next-server\a
pp-page.runtime.prod.j
s:12:61546)
    at nN (C:\Users\pn
p\Desktop\depliying ra
pidnextech\WarpRapid\n
ode_modules\next\dist\
compiled\next-server\a
pp-page.runtime.prod.j
s:12:64546)

Error occurred 
prerendering page "/bl
og/why-real-estate-age
ncies-outgrow-generic-
crms". Read more: http
s://nextjs.org/docs/me
ssages/prerender-error

TypeError: Cannot 
read properties of 
null (reading 
'useContext')
    at t.useContext (C
:\Users\pnp\desktop\de
pliying rapidnextech\W
arpRapid\node_modules\
next\dist\compiled\nex
t-server\app-page.runt
ime.prod.js:12:109363)
    at d (C:\Users\pnp
\desktop\depliying rap
idnextech\WarpRapid\.n
ext\server\chunks\383.
js:1:30707)
    at p (C:\Users\pnp
\desktop\depliying rap
idnextech\WarpRapid\.n
ext\server\chunks\383.
js:1:22611)
    at nj (C:\Users\pn
p\Desktop\depliying ra
pidnextech\WarpRapid\n
ode_modules\next\dist\
compiled\next-server\a
pp-page.runtime.prod.j
s:12:46251)
    at nM (C:\Users\pn
p\Desktop\depliying ra
pidnextech\WarpRapid\n
ode_modules\next\dist\
compiled\next-server\a
pp-page.runtime.prod.j
s:12:47571)
    at nN (C:\Users\pn
p\Desktop\depliying ra
pidnextech\WarpRapid\n
ode_modules\next\dist\
compiled\next-server\a
pp-page.runtime.prod.j
s:12:64546)
    at nI (C:\Users\pn
p\Desktop\depliying ra
pidnextech\WarpRapid\n
ode_modules\next\dist\
compiled\next-server\a
pp-page.runtime.prod.j
s:12:47010)
    at nM (C:\Users\pn
p\Desktop\depliying ra
pidnextech\WarpRapid\n
ode_modules\next\dist\
compiled\next-server\a
pp-page.runtime.prod.j
s:12:47717)
    at nM (C:\Users\pn
p\Desktop\depliying ra
pidnextech\WarpRapid\n
ode_modules\next\dist\
compiled\next-server\a
pp-page.runtime.prod.j
s:12:61546)
    at nN (C:\Users\pn
p\Desktop\depliying ra
pidnextech\WarpRapid\n
ode_modules\next\dist\
compiled\next-server\a
pp-page.runtime.prod.j
s:12:64546)
TypeError: Cannot 
read properties of 
null (reading 
'useContext')
    at t.useContext (C
:\Users\pnp\desktop\de
pliying rapidnextech\W
arpRapid\node_modules\
next\dist\compiled\nex
t-server\app-page.runt
ime.prod.js:12:109363)
    at d (C:\Users\pnp
\desktop\depliying rap
idnextech\WarpRapid\.n
ext\server\chunks\383.
js:1:30707)
    at p (C:\Users\pnp
\desktop\depliying rap
idnextech\WarpRapid\.n
ext\server\chunks\383.
js:1:22611)
    at nj (C:\Users\pn
p\Desktop\depliying ra
pidnextech\WarpRapid\n
ode_modules\next\dist\
compiled\next-server\a
pp-page.runtime.prod.j
s:12:46251)
    at nM (C:\Users\pn
p\Desktop\depliying ra
pidnextech\WarpRapid\n
ode_modules\next\dist\
compiled\next-server\a
pp-page.runtime.prod.j
s:12:47571)
    at nN (C:\Users\pn
p\Desktop\depliying ra
pidnextech\WarpRapid\n
ode_modules\next\dist\
compiled\next-server\a
pp-page.runtime.prod.j
s:12:64546)
    at nI (C:\Users\pn
p\Desktop\depliying ra
pidnextech\WarpRapid\n
ode_modules\next\dist\
compiled\next-server\a
pp-page.runtime.prod.j
s:12:47010)
    at nM (C:\Users\pn
p\Desktop\depliying ra
pidnextech\WarpRapid\n
ode_modules\next\dist\
compiled\next-server\a
pp-page.runtime.prod.j
s:12:47717)
    at nM (C:\Users\pn
p\Desktop\depliying ra
pidnextech\WarpRapid\n
ode_modules\next\dist\
compiled\next-server\a
pp-page.runtime.prod.j
s:12:61546)
    at nN (C:\Users\pn
p\Desktop\depliying ra
pidnextech\WarpRapid\n
ode_modules\next\dist\
compiled\next-server\a
pp-page.runtime.prod.j
s:12:64546) {
  digest: '942765202'
}
TypeError: Cannot 
read properties of 
null (reading 
'useContext')
    at t.useContext (C
:\Users\pnp\desktop\de
pliying rapidnextech\W
arpRapid\node_modules\
next\dist\compiled\nex
t-server\app-page.runt
ime.prod.js:12:109363)
    at d (C:\Users\pnp
\desktop\depliying rap
idnextech\WarpRapid\.n
ext\server\chunks\383.
js:1:30707)
    at p (C:\Users\pnp
\desktop\depliying rap
idnextech\WarpRapid\.n
ext\server\chunks\383.
js:1:22611)
    at nj (C:\Users\pn
p\Desktop\depliying ra
pidnextech\WarpRapid\n
ode_modules\next\dist\
compiled\next-server\a
pp-page.runtime.prod.j
s:12:46251)
    at nM (C:\Users\pn
p\Desktop\depliying ra
pidnextech\WarpRapid\n
ode_modules\next\dist\
compiled\next-server\a
pp-page.runtime.prod.j
s:12:47571)
    at nN (C:\Users\pn
p\Desktop\depliying ra
pidnextech\WarpRapid\n
ode_modules\next\dist\
compiled\next-server\a
pp-page.runtime.prod.j
s:12:64546)
    at nI (C:\Users\pn
p\Desktop\depliying ra
pidnextech\WarpRapid\n
ode_modules\next\dist\
compiled\next-server\a
pp-page.runtime.prod.j
s:12:47010)
    at nM (C:\Users\pn
p\Desktop\depliying ra
pidnextech\WarpRapid\n
ode_modules\next\dist\
compiled\next-server\a
pp-page.runtime.prod.j
s:12:47717)
    at nM (C:\Users\pn
p\Desktop\depliying ra
pidnextech\WarpRapid\n
ode_modules\next\dist\
compiled\next-server\a
pp-page.runtime.prod.j
s:12:61546)
    at nN (C:\Users\pn
p\Desktop\depliying ra
pidnextech\WarpRapid\n
ode_modules\next\dist\
compiled\next-server\a
pp-page.runtime.prod.j
s:12:64546)

Error occurred 
prerendering page "/bl
og/custom-software-dev
elopment-for-startups-
from-idea-to-scalable-
product". Read more: h
ttps://nextjs.org/docs
/messages/prerender-er
ror

TypeError: Cannot 
read properties of 
null (reading 
'useContext')
    at t.useContext (C
:\Users\pnp\desktop\de
pliying rapidnextech\W
arpRapid\node_modules\
next\dist\compiled\nex
t-server\app-page.runt
ime.prod.js:12:109363)
    at d (C:\Users\pnp
\desktop\depliying rap
idnextech\WarpRapid\.n
ext\server\chunks\383.
js:1:30707)
    at p (C:\Users\pnp
\desktop\depliying rap
idnextech\WarpRapid\.n
ext\server\chunks\383.
js:1:22611)
    at nj (C:\Users\pn
p\Desktop\depliying ra
pidnextech\WarpRapid\n
ode_modules\next\dist\
compiled\next-server\a
pp-page.runtime.prod.j
s:12:46251)
    at nM (C:\Users\pn
p\Desktop\depliying ra
pidnextech\WarpRapid\n
ode_modules\next\dist\
compiled\next-server\a
pp-page.runtime.prod.j
s:12:47571)
    at nN (C:\Users\pn
p\Desktop\depliying ra
pidnextech\WarpRapid\n
ode_modules\next\dist\
compiled\next-server\a
pp-page.runtime.prod.j
s:12:64546)
    at nI (C:\Users\pn
p\Desktop\depliying ra
pidnextech\WarpRapid\n
ode_modules\next\dist\
compiled\next-server\a
pp-page.runtime.prod.j
s:12:47010)
    at nM (C:\Users\pn
p\Desktop\depliying ra
pidnextech\WarpRapid\n
ode_modules\next\dist\
compiled\next-server\a
pp-page.runtime.prod.j
s:12:47717)
    at nM (C:\Users\pn
p\Desktop\depliying ra
pidnextech\WarpRapid\n
ode_modules\next\dist\
compiled\next-server\a
pp-page.runtime.prod.j
s:12:61546)
    at nN (C:\Users\pn
p\Desktop\depliying ra
pidnextech\WarpRapid\n
ode_modules\next\dist\
compiled\next-server\a
pp-page.runtime.prod.j
s:12:64546)
TypeError: Cannot 
read properties of 
null (reading 
'useContext')
    at t.useContext (C
:\Users\pnp\desktop\de
pliying rapidnextech\W
arpRapid\node_modules\
next\dist\compiled\nex
t-server\app-page.runt
ime.prod.js:12:109363)
    at d (C:\Users\pnp
\desktop\depliying rap
idnextech\WarpRapid\.n
ext\server\chunks\383.
js:1:30707)
    at p (C:\Users\pnp
\desktop\depliying rap
idnextech\WarpRapid\.n
ext\server\chunks\383.
js:1:22611)
    at nj (C:\Users\pn
p\Desktop\depliying ra
pidnextech\WarpRapid\n
ode_modules\next\dist\
compiled\next-server\a
pp-page.runtime.prod.j
s:12:46251)
    at nM (C:\Users\pn
p\Desktop\depliying ra
pidnextech\WarpRapid\n
ode_modules\next\dist\
compiled\next-server\a
pp-page.runtime.prod.j
s:12:47571)
    at nN (C:\Users\pn
p\Desktop\depliying ra
pidnextech\WarpRapid\n
ode_modules\next\dist\
compiled\next-server\a
pp-page.runtime.prod.j
s:12:64546)
    at nI (C:\Users\pn
p\Desktop\depliying ra
pidnextech\WarpRapid\n
ode_modules\next\dist\
compiled\next-server\a
pp-page.runtime.prod.j
s:12:47010)
    at nM (C:\Users\pn
p\Desktop\depliying ra
pidnextech\WarpRapid\n
ode_modules\next\dist\
compiled\next-server\a
pp-page.runtime.prod.j
s:12:47717)
    at nM (C:\Users\pn
p\Desktop\depliying ra
pidnextech\WarpRapid\n
ode_modules\next\dist\
compiled\next-server\a
pp-page.runtime.prod.j
s:12:61546)
    at nN (C:\Users\pn
p\Desktop\depliying ra
pidnextech\WarpRapid\n
ode_modules\next\dist\
compiled\next-server\a
pp-page.runtime.prod.j
s:12:64546) {
  digest: '942765202'
}
TypeError: Cannot 
read properties of 
null (reading 
'useContext')
    at t.useContext (C
:\Users\pnp\desktop\de
pliying rapidnextech\W
arpRapid\node_modules\
next\dist\compiled\nex
t-server\app-page.runt
ime.prod.js:12:109363)
    at d (C:\Users\pnp
\desktop\depliying rap
idnextech\WarpRapid\.n
ext\server\chunks\383.
js:1:30707)
    at p (C:\Users\pnp
\desktop\depliying rap
idnextech\WarpRapid\.n
ext\server\chunks\383.
js:1:22611)
    at nj (C:\Users\pn
p\Desktop\depliying ra
pidnextech\WarpRapid\n
ode_modules\next\dist\
compiled\next-server\a
pp-page.runtime.prod.j
s:12:46251)
    at nM (C:\Users\pn
p\Desktop\depliying ra
pidnextech\WarpRapid\n
ode_modules\next\dist\
compiled\next-server\a
pp-page.runtime.prod.j
s:12:47571)
    at nN (C:\Users\pn
p\Desktop\depliying ra
pidnextech\WarpRapid\n
ode_modules\next\dist\
compiled\next-server\a
pp-page.runtime.prod.j
s:12:64546)
    at nI (C:\Users\pn
p\Desktop\depliying ra
pidnextech\WarpRapid\n
ode_modules\next\dist\
compiled\next-server\a
pp-page.runtime.prod.j
s:12:47010)
    at nM (C:\Users\pn
p\Desktop\depliying ra
pidnextech\WarpRapid\n
ode_modules\next\dist\
compiled\next-server\a
pp-page.runtime.prod.j
s:12:47717)
    at nM (C:\Users\pn
p\Desktop\depliying ra
pidnextech\WarpRapid\n
ode_modules\next\dist\
compiled\next-server\a
pp-page.runtime.prod.j
s:12:61546)
    at nN (C:\Users\pn
p\Desktop\depliying ra
pidnextech\WarpRapid\n
ode_modules\next\dist\
compiled\next-server\a
pp-page.runtime.prod.j
s:12:64546)

Error occurred 
prerendering page "/bl
og/workflow-automation
-services-how-startups
-can-save-time-and-sca
le-faster". Read 
more: https://nextjs.o
rg/docs/messages/prere
nder-error

TypeError: Cannot 
read properties of 
null (reading 
'useContext')
    at t.useContext (C
:\Users\pnp\desktop\de
pliying rapidnextech\W
arpRapid\node_modules\
next\dist\compiled\nex
t-server\app-page.runt
ime.prod.js:12:109363)
    at d (C:\Users\pnp
\desktop\depliying rap
idnextech\WarpRapid\.n
ext\server\chunks\383.
js:1:30707)
    at p (C:\Users\pnp
\desktop\depliying rap
idnextech\WarpRapid\.n
ext\server\chunks\383.
js:1:22611)
    at nj (C:\Users\pn
p\Desktop\depliying ra
pidnextech\WarpRapid\n
ode_modules\next\dist\
compiled\next-server\a
pp-page.runtime.prod.j
s:12:46251)
    at nM (C:\Users\pn
p\Desktop\depliying ra
pidnextech\WarpRapid\n
ode_modules\next\dist\
compiled\next-server\a
pp-page.runtime.prod.j
s:12:47571)
    at nN (C:\Users\pn
p\Desktop\depliying ra
pidnextech\WarpRapid\n
ode_modules\next\dist\
compiled\next-server\a
pp-page.runtime.prod.j
s:12:64546)
    at nI (C:\Users\pn
p\Desktop\depliying ra
pidnextech\WarpRapid\n
ode_modules\next\dist\
compiled\next-server\a
pp-page.runtime.prod.j
s:12:47010)
    at nM (C:\Users\pn
p\Desktop\depliying ra
pidnextech\WarpRapid\n
ode_modules\next\dist\
compiled\next-server\a
pp-page.runtime.prod.j
s:12:47717)
    at nM (C:\Users\pn
p\Desktop\depliying ra
pidnextech\WarpRapid\n
ode_modules\next\dist\
compiled\next-server\a
pp-page.runtime.prod.j
s:12:61546)
    at nN (C:\Users\pn
p\Desktop\depliying ra
pidnextech\WarpRapid\n
ode_modules\next\dist\
compiled\next-server\a
pp-page.runtime.prod.j
s:12:64546)
TypeError: Cannot 
read properties of 
null (reading 
'useContext')
    at t.useContext (C
:\Users\pnp\desktop\de
pliying rapidnextech\W
arpRapid\node_modules\
next\dist\compiled\nex
t-server\app-page.runt
ime.prod.js:12:109363)
    at d (C:\Users\pnp
\desktop\depliying rap
idnextech\WarpRapid\.n
ext\server\chunks\383.
js:1:30707)
    at p (C:\Users\pnp
\desktop\depliying rap
idnextech\WarpRapid\.n
ext\server\chunks\383.
js:1:22611)
    at nj (C:\Users\pn
p\Desktop\depliying ra
pidnextech\WarpRapid\n
ode_modules\next\dist\
compiled\next-server\a
pp-page.runtime.prod.j
s:12:46251)
    at nM (C:\Users\pn
p\Desktop\depliying ra
pidnextech\WarpRapid\n
ode_modules\next\dist\
compiled\next-server\a
pp-page.runtime.prod.j
s:12:47571)
    at nN (C:\Users\pn
p\Desktop\depliying ra
pidnextech\WarpRapid\n
ode_modules\next\dist\
compiled\next-server\a
pp-page.runtime.prod.j
s:12:64546)
    at nI (C:\Users\pn
p\Desktop\depliying ra
pidnextech\WarpRapid\n
ode_modules\next\dist\
compiled\next-server\a
pp-page.runtime.prod.j
s:12:47010)
    at nM (C:\Users\pn
p\Desktop\depliying ra
pidnextech\WarpRapid\n
ode_modules\next\dist\
compiled\next-server\a
pp-page.runtime.prod.j
s:12:47717)
    at nM (C:\Users\pn
p\Desktop\depliying ra
pidnextech\WarpRapid\n
ode_modules\next\dist\
compiled\next-server\a
pp-page.runtime.prod.j
s:12:61546)
    at nN (C:\Users\pn
p\Desktop\depliying ra
pidnextech\WarpRapid\n
ode_modules\next\dist\
compiled\next-server\a
pp-page.runtime.prod.j
s:12:64546) {
  digest: '942765202'
}
TypeError: Cannot 
read properties of 
null (reading 
'useContext')
    at t.useContext (C
:\Users\pnp\desktop\de
pliying rapidnextech\W
arpRapid\node_modules\
next\dist\compiled\nex
t-server\app-page.runt
ime.prod.js:12:109363)
    at d (C:\Users\pnp
\desktop\depliying rap
idnextech\WarpRapid\.n
ext\server\chunks\383.
js:1:30707)
    at p (C:\Users\pnp
\desktop\depliying rap
idnextech\WarpRapid\.n
ext\server\chunks\383.
js:1:22611)
    at nj (C:\Users\pn
p\Desktop\depliying ra
pidnextech\WarpRapid\n
ode_modules\next\dist\
compiled\next-server\a
pp-page.runtime.prod.j
s:12:46251)
    at nM (C:\Users\pn
p\Desktop\depliying ra
pidnextech\WarpRapid\n
ode_modules\next\dist\
compiled\next-server\a
pp-page.runtime.prod.j
s:12:47571)
    at nN (C:\Users\pn
p\Desktop\depliying ra
pidnextech\WarpRapid\n
ode_modules\next\dist\
compiled\next-server\a
pp-page.runtime.prod.j
s:12:64546)
    at nI (C:\Users\pn
p\Desktop\depliying ra
pidnextech\WarpRapid\n
ode_modules\next\dist\
compiled\next-server\a
pp-page.runtime.prod.j
s:12:47010)
    at nM (C:\Users\pn
p\Desktop\depliying ra
pidnextech\WarpRapid\n
ode_modules\next\dist\
compiled\next-server\a
pp-page.runtime.prod.j
s:12:47717)
    at nM (C:\Users\pn
p\Desktop\depliying ra
pidnextech\WarpRapid\n
ode_modules\next\dist\
compiled\next-server\a
pp-page.runtime.prod.j
s:12:61546)
    at nN (C:\Users\pn
p\Desktop\depliying ra
pidnextech\WarpRapid\n
ode_modules\next\dist\
compiled\next-server\a
pp-page.runtime.prod.j
s:12:64546)

Error occurred 
prerendering page "/bl
og/the-future-of-ai-in
-custom-software-devel
opment-trends-and-oppo
rtunities-for-2026". 
Read more: https://nex
tjs.org/docs/messages/
prerender-error

TypeError: Cannot 
read properties of 
null (reading 
'useContext')
    at t.useContext (C
:\Users\pnp\desktop\de
pliying rapidnextech\W
arpRapid\node_modules\
next\dist\compiled\nex
t-server\app-page.runt
ime.prod.js:12:109363)
    at d (C:\Users\pnp
\desktop\depliying rap
idnextech\WarpRapid\.n
ext\server\chunks\383.
js:1:30707)
    at p (C:\Users\pnp
\desktop\depliying rap
idnextech\WarpRapid\.n
ext\server\chunks\383.
js:1:22611)
    at nj (C:\Users\pn
p\Desktop\depliying ra
pidnextech\WarpRapid\n
ode_modules\next\dist\
compiled\next-server\a
pp-page.runtime.prod.j
s:12:46251)
    at nM (C:\Users\pn
p\Desktop\depliying ra
pidnextech\WarpRapid\n
ode_modules\next\dist\
compiled\next-server\a
pp-page.runtime.prod.j
s:12:47571)
    at nN (C:\Users\pn
p\Desktop\depliying ra
pidnextech\WarpRapid\n
ode_modules\next\dist\
compiled\next-server\a
pp-page.runtime.prod.j
s:12:64546)
    at nI (C:\Users\pn
p\Desktop\depliying ra
pidnextech\WarpRapid\n
ode_modules\next\dist\
compiled\next-server\a
pp-page.runtime.prod.j
s:12:47010)
    at nM (C:\Users\pn
p\Desktop\depliying ra
pidnextech\WarpRapid\n
ode_modules\next\dist\
compiled\next-server\a
pp-page.runtime.prod.j
s:12:47717)
    at nM (C:\Users\pn
p\Desktop\depliying ra
pidnextech\WarpRapid\n
ode_modules\next\dist\
compiled\next-server\a
pp-page.runtime.prod.j
s:12:61546)
    at nN (C:\Users\pn
p\Desktop\depliying ra
pidnextech\WarpRapid\n
ode_modules\next\dist\
compiled\next-server\a
pp-page.runtime.prod.j
s:12:64546)
TypeError: Cannot 
read properties of 
null (reading 
'useContext')
    at t.useContext (C
:\Users\pnp\desktop\de
pliying rapidnextech\W
arpRapid\node_modules\
next\dist\compiled\nex
t-server\app-page.runt
ime.prod.js:12:109363)
    at d (C:\Users\pnp
\desktop\depliying rap
idnextech\WarpRapid\.n
ext\server\chunks\383.
js:1:30707)
    at p (C:\Users\pnp
\desktop\depliying rap
idnextech\WarpRapid\.n
ext\server\chunks\383.
js:1:22611)
    at nj (C:\Users\pn
p\Desktop\depliying ra
pidnextech\WarpRapid\n
ode_modules\next\dist\
compiled\next-server\a
pp-page.runtime.prod.j
s:12:46251)
    at nM (C:\Users\pn
p\Desktop\depliying ra
pidnextech\WarpRapid\n
ode_modules\next\dist\
compiled\next-server\a
pp-page.runtime.prod.j
s:12:47571)
    at nN (C:\Users\pn
p\Desktop\depliying ra
pidnextech\WarpRapid\n
ode_modules\next\dist\
compiled\next-server\a
pp-page.runtime.prod.j
s:12:64546)
    at nI (C:\Users\pn
p\Desktop\depliying ra
pidnextech\WarpRapid\n
ode_modules\next\dist\
compiled\next-server\a
pp-page.runtime.prod.j
s:12:47010)
    at nM (C:\Users\pn
p\Desktop\depliying ra
pidnextech\WarpRapid\n
ode_modules\next\dist\
compiled\next-server\a
pp-page.runtime.prod.j
s:12:47717)
    at nM (C:\Users\pn
p\Desktop\depliying ra
pidnextech\WarpRapid\n
ode_modules\next\dist\
compiled\next-server\a
pp-page.runtime.prod.j
s:12:61546)
    at nN (C:\Users\pn
p\Desktop\depliying ra
pidnextech\WarpRapid\n
ode_modules\next\dist\
compiled\next-server\a
pp-page.runtime.prod.j
s:12:64546) {
  digest: '942765202'
}
TypeError: Cannot 
read properties of 
null (reading 
'useContext')
    at t.useContext (C
:\Users\pnp\desktop\de
pliying rapidnextech\W
arpRapid\node_modules\
next\dist\compiled\nex
t-server\app-page.runt
ime.prod.js:12:109363)
    at d (C:\Users\pnp
\desktop\depliying rap
idnextech\WarpRapid\.n
ext\server\chunks\383.
js:1:30707)
    at p (C:\Users\pnp
\desktop\depliying rap
idnextech\WarpRapid\.n
ext\server\chunks\383.
js:1:22611)
    at nj (C:\Users\pn
p\Desktop\depliying ra
pidnextech\WarpRapid\n
ode_modules\next\dist\
compiled\next-server\a
pp-page.runtime.prod.j
s:12:46251)
    at nM (C:\Users\pn
p\Desktop\depliying ra
pidnextech\WarpRapid\n
ode_modules\next\dist\
compiled\next-server\a
pp-page.runtime.prod.j
s:12:47571)
    at nN (C:\Users\pn
p\Desktop\depliying ra
pidnextech\WarpRapid\n
ode_modules\next\dist\
compiled\next-server\a
pp-page.runtime.prod.j
s:12:64546)
    at nI (C:\Users\pn
p\Desktop\depliying ra
pidnextech\WarpRapid\n
ode_modules\next\dist\
compiled\next-server\a
pp-page.runtime.prod.j
s:12:47010)
    at nM (C:\Users\pn
p\Desktop\depliying ra
pidnextech\WarpRapid\n
ode_modules\next\dist\
compiled\next-server\a
pp-page.runtime.prod.j
s:12:47717)
    at nM (C:\Users\pn
p\Desktop\depliying ra
pidnextech\WarpRapid\n
ode_modules\next\dist\
compiled\next-server\a
pp-page.runtime.prod.j
s:12:61546)
    at nN (C:\Users\pn
p\Desktop\depliying ra
pidnextech\WarpRapid\n
ode_modules\next\dist\
compiled\next-server\a
pp-page.runtime.prod.j
s:12:64546)

Error occurred 
prerendering page "/bl
og/beyond-the-hype-top
-technology-trends-sha
ping-2026". Read 
more: https://nextjs.o
rg/docs/messages/prere
nder-error

TypeError: Cannot 
read properties of 
null (reading 
'useContext')
    at t.useContext (C
:\Users\pnp\desktop\de
pliying rapidnextech\W
arpRapid\node_modules\
next\dist\compiled\nex
t-server\app-page.runt
ime.prod.js:12:109363)
    at d (C:\Users\pnp
\desktop\depliying rap
idnextech\WarpRapid\.n
ext\server\chunks\383.
js:1:30707)
    at p (C:\Users\pnp
\desktop\depliying rap
idnextech\WarpRapid\.n
ext\server\chunks\383.
js:1:22611)
    at nj (C:\Users\pn
p\Desktop\depliying ra
pidnextech\WarpRapid\n
ode_modules\next\dist\
compiled\next-server\a
pp-page.runtime.prod.j
s:12:46251)
    at nM (C:\Users\pn
p\Desktop\depliying ra
pidnextech\WarpRapid\n
ode_modules\next\dist\
compiled\next-server\a
pp-page.runtime.prod.j
s:12:47571)
    at nN (C:\Users\pn
p\Desktop\depliying ra
pidnextech\WarpRapid\n
ode_modules\next\dist\
compiled\next-server\a
pp-page.runtime.prod.j
s:12:64546)
    at nI (C:\Users\pn
p\Desktop\depliying ra
pidnextech\WarpRapid\n
ode_modules\next\dist\
compiled\next-server\a
pp-page.runtime.prod.j
s:12:47010)
    at nM (C:\Users\pn
p\Desktop\depliying ra
pidnextech\WarpRapid\n
ode_modules\next\dist\
compiled\next-server\a
pp-page.runtime.prod.j
s:12:47717)
    at nM (C:\Users\pn
p\Desktop\depliying ra
pidnextech\WarpRapid\n
ode_modules\next\dist\
compiled\next-server\a
pp-page.runtime.prod.j
s:12:61546)
    at nN (C:\Users\pn
p\Desktop\depliying ra
pidnextech\WarpRapid\n
ode_modules\next\dist\
compiled\next-server\a
pp-page.runtime.prod.j
s:12:64546)
 Γ£ô Generating static pages (40/40)

> Export encountered 
errors on following 
paths:
	/_error: /404
	/_error: /500
	/_not-found/page: 
/_not-found
	/about/page: /about
	/admin-login/page: 
/admin-login
	/admin/page: /admin
	/blog/[slug]/page: /b
log/beyond-the-hype-to
p-technology-trends-sh
aping-2026
	/blog/[slug]/page: /b
log/custom-crm-vs-off-
the-shelf-crm
	/blog/[slug]/page: /b
log/custom-software-de
velopment-for-startups
-from-idea-to-scalable
-product
	/blog/[slug]/page: /b
log/mvp-development-fo
r-startups-step-by-ste
p-guide
	/blog/[slug]/page: /b
log/the-future-of-ai-i
n-custom-software-deve
lopment-trends-and-opp
ortunities-for-2026
	/blog/[slug]/page: /b
log/why-real-estate-ag
encies-outgrow-generic
-crms
	/blog/[slug]/page: /b
log/workflow-automatio
n-services-how-startup
s-can-save-time-and-sc
ale-faster
	/blog/page: /blog
	/careers/page: 
/careers
	/case-studies/[slug]/
page: /case-studies/ed
ucation-lms
	/case-studies/[slug]/
page: /case-studies/ed
uplatform-fullstack-el
earning-management-sys
tem
	/case-studies/[slug]/
page: /case-studies/lu
miere-restaurant-manag
ement-system
	/case-studies/[slug]/
page: /case-studies/ne
xusai-crm-security-fir
st-lead-management-sys
tem
	/case-studies/[slug]/
page: /case-studies/ra
pidx-realty-crm-multi-
tenant-saas-lead-manag
ement-system-for-real-
estate-professionals
	/case-studies/[slug]/
page: /case-studies/st
ationary-for-banks-web
site
	/case-studies/page: 
/case-studies
	/contact/page: 
/contact
	/page: /
	/services/[slug]/page
: /services/ai-automat
ion-workflow
	/services/[slug]/page
: /services/cloud-infr
astructure
	/services/[slug]/page
: /services/custom-ai-
integrations
	/services/[slug]/page
: /services/custom-sof
tware-development
	/services/[slug]/page
: /services/data-analy
tics
	/services/[slug]/page
: /services/mobile-app
-development
	/services/[slug]/page
: /services/security-c
ompliance
	/services/[slug]/page
: /services/technical-
consulting
	/services/[slug]/page
: /services/web-applic
ation-development
	/services/page: 
/services
